Traceback (most recent call last):
  File "/home/runner/work/9to1/9to1/.github/scripts/astra-joint-native-sdk01-owning.py", line 570, in <module>
    if __name__ == '__main__': main()
                               ^^^^^^
  File "/home/runner/work/9to1/9to1/.github/scripts/astra-joint-native-sdk01-owning.py", line 567, in main
    fail(primary, cleanup)
  File "/home/runner/work/9to1/9to1/.github/scripts/astra-joint-native-sdk01-owning.py", line 40, in fail
    if all_errors: raise all_errors[0]
                   ^^^^^^^^^^^^^^^^^^^
  File "/home/runner/work/9to1/9to1/.github/scripts/astra-joint-native-sdk01-owning.py", line 446, in main
    command(phase + '-build-' + suite['name'], ['dotnet', 'build', suite['project'], '--no-restore', '--disable-build-servers', *managed_props, '-p:TargetFramework=net10.0'])
  File "/home/runner/work/9to1/9to1/.github/scripts/astra-joint-native-sdk01-owning.py", line 186, in command
    fail(primary, cleanup)
  File "/home/runner/work/9to1/9to1/.github/scripts/astra-joint-native-sdk01-owning.py", line 40, in fail
    if all_errors: raise all_errors[0]
                   ^^^^^^^^^^^^^^^^^^^
  File "/home/runner/work/9to1/9to1/.github/scripts/astra-joint-native-sdk01-owning.py", line 156, in command
    if process.wait() != 0: raise RuntimeError('Original whole command failed: ' + name)
                            ^^^^^^^^^^^^^^^^^^^^^^^^^^^^^^^^^^^^^^^^^^^^^^^^^^^^^^^^^^^^
RuntimeError: Original whole command failed: debug-build-entry-00
