docker-default (enforce)
wpcom (unconfined)
wike (unconfined)
vpnns (unconfined)
virtiofsd (unconfined)
vivaldi-bin (unconfined)
rsyslogd (enforce)
vdens (unconfined)
/usr/sbin/mysqld (enforce)
uwsgi-core (unconfined)
/usr/lib/snapd/snap-confine (enforce)
/usr/sbin/haveged (enforce)
/usr/sbin/chronyd (enforce)
transmission-qt (complain)
transmission-gtk (complain)
transmission-daemon (complain)
transmission-cli (complain)
tcpdump (enforce)
passt (enforce)
ubuntu_pro_esm_cache_systemd_detect_virt (enforce)
ubuntu_pro_esm_cache_systemctl (enforce)
ubuntu_pro_esm_cache (enforce)
ubuntu_pro_esm_cache//ubuntu_distro_info (enforce)
ubuntu_pro_esm_cache//ps (enforce)
ubuntu_pro_esm_cache//dpkg (enforce)
ubuntu_pro_esm_cache//cloud_id (enforce)
ubuntu_pro_esm_cache//apt_methods_gpgv (enforce)
ubuntu_pro_esm_cache//apt_methods (enforce)
man_groff (enforce)
man_filter (enforce)
/usr/bin/man (enforce)
userbindmount (unconfined)
unix-chkpwd (enforce)
unprivileged_userns (enforce)
ubuntu_pro_apt_news (enforce)
trinity (unconfined)
tuxedo-control-center (unconfined)
tup (unconfined)
toybox (unconfined)
systemd-coredump (unconfined)
thunderbird (unconfined)
slirp4netns (unconfined)
surfshark (unconfined)
steam (unconfined)
stress-ng (unconfined)
signal-desktop (unconfined)
slack (unconfined)
scide (unconfined)
sbuild-upgrade (unconfined)
sbuild-update (unconfined)
sbuild-unhold (unconfined)
sbuild-shell (unconfined)
sbuild-destroychroot (unconfined)
sbuild-hold (unconfined)
sbuild-distupgrade (unconfined)
sbuild-createchroot (unconfined)
sbuild-clean (unconfined)
sbuild-checkpackages (unconfined)
sbuild-apt (unconfined)
sbuild-adduser (unconfined)
sbuild (unconfined)
sbuild-abort (unconfined)
rssguard (unconfined)
runc (unconfined)
rpm (unconfined)
qutebrowser (unconfined)
rootlesskit (unconfined)
qcam (unconfined)
qmapshack (unconfined)
plasmashell (enforce)
plasmashell//QtWebEngineProcess (enforce)
privacybrowser (unconfined)
polypane (unconfined)
podman (unconfined)
pageedit (unconfined)
opam (unconfined)
opera (unconfined)
nvidia_modprobe (enforce)
nvidia_modprobe//kmod (enforce)
nautilus (unconfined)
obsidian (unconfined)
notepadqq (unconfined)
msedge (unconfined)
mmdebstrap (unconfined)
microsoft-edge-stable (unconfined)
lxc-usernsexec (unconfined)
lxc-unshare (unconfined)
lsb_release (enforce)
lxc-destroy (unconfined)
lxc-execute (unconfined)
lxc-stop (unconfined)
lxc-create (unconfined)
lxc-attach (unconfined)
loupe (unconfined)
libcamerify (unconfined)
linux-sandbox (unconfined)
lc-compliance (unconfined)
keybase (unconfined)
ipa_verify (unconfined)
kchmviewer (unconfined)
goldendict (unconfined)
github-desktop (unconfined)
geary (unconfined)
foliate (unconfined)
flatpak (unconfined)
firefox (unconfined)
evolution (unconfined)
epiphany (unconfined)
element-desktop (unconfined)
devhelp (unconfined)
crun (unconfined)
ch-run (unconfined)
vscode (unconfined)
chrome (unconfined)
ch-checkns (unconfined)
cam (unconfined)
buildah (unconfined)
balena-etcher (unconfined)
brave (unconfined)
QtWebEngineProcess (unconfined)
Discord (unconfined)
MongoDB Compass (unconfined)
1password (unconfined)
