✔ public preflight accepts exact inventories only; no browser or issuer execution (247.684436ms)
✔ credential-bearing PW debug/preload inheritance is disabled before browser launch (0.352501ms)
✔ invalid explicit candidate refuses before even reading public binding (0.576613ms)
✔ actual CLI invalid candidate redacts errors and precedes private read/PW import/listener (38.833242ms)
✔ mismatched candidate and publication receipt hash refuse (255.32067ms)
✔ unreviewed runner or source contract refuses (0.664433ms)
✔ separate actual test and fixture HEADs refuse a caller-invented label (59.948262ms)
✔ all exact105 source bodies remain required despite separate source identities (1.206834ms)
✔ actual Git body check refuses rehashed working-tree edits (4.169394ms)
✔ redirected selected source refuses before any target contents are read (2.257833ms)
✔ form errors produce fixed categories only, even with credential-bearing text or getters (0.2227ms)
✔ fetch receiver probe uses only an invalid absolute URL and redacts both error boundaries (1.903715ms)
✔ fetch receiver probe refuses a supposedly parseable URL before calling any fetch (0.677051ms)
✔ read-only public status observer excludes unknown text and bounds its history (1.165344ms)
✔ changed receiving critical source refuses even if caller rehashes both catalogs (0.659866ms)
✔ before/after source mismatch and recorded source mutation refuse (0.87905ms)
✔ actual full asset body mutation and unlisted asset refuse (527.690318ms)
✔ public asset symlink refuses even if its target bytes match (249.337479ms)
✔ fixture source missing body or caller-rehashed alternate implementation refuses (110.884618ms)
✔ owned private-file contract reads only exact restrictive run, without authenticating (1.138653ms)
✔ foreign path and permissive private mode refuse (0.289067ms)
✔ wrong port, external discovery and non-fictional account refuse (0.731792ms)
✔ private mutation remains an observable failure after read (0.51343ms)
ℹ tests 23
ℹ suites 0
ℹ pass 23
ℹ fail 0
ℹ cancelled 0
ℹ skipped 0
ℹ todo 0
ℹ duration_ms 1651.454077
