✔ public preflight accepts exact inventories only; no browser or issuer execution (305.440427ms)
✔ credential-bearing PW debug/preload inheritance is disabled before browser launch (0.178263ms)
✔ invalid explicit candidate refuses before even reading public binding (0.28459ms)
✔ actual CLI invalid candidate redacts errors and precedes private read/PW import/listener (38.902079ms)
✔ mismatched candidate and publication receipt hash refuse (252.743261ms)
✔ unreviewed runner or source contract refuses (0.692374ms)
✔ separate actual test and fixture HEADs refuse a caller-invented label (62.474443ms)
✔ all exact105 source bodies remain required despite separate source identities (1.294603ms)
✔ actual Git body check refuses rehashed working-tree edits (4.407053ms)
✔ form errors produce fixed categories only, even with credential-bearing text or getters (0.362846ms)
✔ read-only public status observer excludes unknown text and bounds its history (1.89489ms)
✔ changed receiving critical source refuses even if caller rehashes both catalogs (0.62925ms)
✔ before/after source mismatch and recorded source mutation refuse (0.725923ms)
✔ actual full asset body mutation and unlisted asset refuse (503.010272ms)
✔ public asset symlink refuses even if its target bytes match (239.684406ms)
✔ fixture source missing body or caller-rehashed alternate implementation refuses (104.318014ms)
✔ owned private-file contract reads only exact restrictive run, without authenticating (1.080567ms)
✔ foreign path and permissive private mode refuse (0.34518ms)
✔ wrong port, external discovery and non-fictional account refuse (0.847663ms)
✔ private mutation remains an observable failure after read (0.367493ms)
ℹ tests 20
ℹ suites 0
ℹ pass 20
ℹ fail 0
ℹ cancelled 0
ℹ skipped 0
ℹ todo 0
ℹ duration_ms 1667.330447
