file:///workspace/team-c/c3-billing-hosted/cloud/billing/test/run-workerd.mjs:50
if(primary||cleanup||recording.length)throw new AggregateError([primary,cleanup,...recording].filter(Boolean),`Billing fixture refused; evidence retained ${dir}`);
                                            ^

AggregateError: Billing fixture refused; evidence retained /workspace/team-c/evidence/c3/billing-recording-control-1xWjsi/billing-workerd-UigMRX
    at file:///workspace/team-c/c3-billing-hosted/cloud/billing/test/run-workerd.mjs:50:45
    at process.processTicksAndRejections (node:internal/process/task_queues:104:5) {
  [errors]: [
    Error: EEXIST: file already exists, open '/workspace/team-c/evidence/c3/billing-recording-control-1xWjsi/billing-workerd-UigMRX/stdout.log'
        at Object.openSync (node:fs:622:18)
        at writeFileSync (node:fs:2497:35)
        at file:///workspace/team-c/c3-billing-hosted/cloud/billing/test/run-workerd.mjs:48:6
        at process.processTicksAndRejections (node:internal/process/task_queues:104:5) {
      errno: -17,
      code: 'EEXIST',
      syscall: 'open',
      path: '/workspace/team-c/evidence/c3/billing-recording-control-1xWjsi/billing-workerd-UigMRX/stdout.log'
    }
  ]
}

Node.js v24.19.0
