  Haven.Core -> /home/runner/work/9to1/9to1/artifacts/root14-managed-build/bin/Haven.Core/release_linux-x64/Haven.Core.dll
  NineToOne.Cui.AI -> /home/runner/work/9to1/9to1/artifacts/root14-managed-build/bin/NineToOne.Cui.AI/release_linux-x64/NineToOne.Cui.AI.dll
  Haven.Application -> /home/runner/work/9to1/9to1/artifacts/root14-managed-build/bin/Haven.Application/release_linux-x64/Haven.Application.dll
  CakeOS.Cui.Language -> /home/runner/work/9to1/9to1/artifacts/root14-managed-build/bin/CakeOS.Cui.Language/release_linux-x64/CakeOS.Cui.Language.dll
  CakeOS.Cui.Core -> /home/runner/work/9to1/9to1/artifacts/root14-managed-build/bin/CakeOS.Cui.Core/release_linux-x64/CakeOS.Cui.Core.dll
  Dulche.Runtime -> /home/runner/work/9to1/9to1/artifacts/root14-managed-build/bin/Dulche.Runtime/release_linux-x64/Dulche.Runtime.dll
  Den -> /home/runner/work/9to1/9to1/artifacts/root14-managed-build/bin/Den/release_linux-x64/Den.dll
/home/runner/work/9to1/9to1/9to1 Workspace/Home/Source/Home/Core/HomeAgentExecutionHost.cs(17,69): error CS9124: Parameter 'IHomeAgentExecutionSessionComposer composer' is captured into the state of the enclosing type and its value is also used to initialize a field, property, or event. [/home/runner/work/9to1/9to1/9to1 Workspace/Home/HavenOS.Home.csproj]
/home/runner/work/9to1/9to1/9to1 Workspace/Home/Source/Home/Core/HomeAgentExecutionAdmissions.cs(641,31): error CS0019: Operator '??' cannot be applied to operands of type 'IReadOnlySet<string>' and 'collection expression' [/home/runner/work/9to1/9to1/9to1 Workspace/Home/HavenOS.Home.csproj]
/home/runner/work/9to1/9to1/9to1 Workspace/Home/Source/Home/Core/HomeNativeCoreApiSessions.cs(54,30): error CS0246: The type or namespace name 'IHomeNativeInstalledPeerOriginalActorVerifier' could not be found (are you missing a using directive or an assembly reference?) [/home/runner/work/9to1/9to1/9to1 Workspace/Home/HavenOS.Home.csproj]
/home/runner/work/9to1/9to1/9to1 Workspace/Home/Source/Home/Core/HomeNativeCoreApiSessions.cs(126,30): error CS0246: The type or namespace name 'IHomeNativeInstalledPeerOriginalActorVerifier' could not be found (are you missing a using directive or an assembly reference?) [/home/runner/work/9to1/9to1/9to1 Workspace/Home/HavenOS.Home.csproj]
/home/runner/work/9to1/9to1/9to1 Models/Dulche Alpha/AgentAdapters/DenAgentRuntimeValidator.cs(57,35): error CS0019: Operator '??' cannot be applied to operands of type 'IReadOnlySet<string>' and 'collection expression' [/home/runner/work/9to1/9to1/9to1 Models/Dulche Alpha/Dulche.Agents.csproj]

Build FAILED.

/home/runner/work/9to1/9to1/9to1 Workspace/Home/Source/Home/Core/HomeAgentExecutionHost.cs(17,69): error CS9124: Parameter 'IHomeAgentExecutionSessionComposer composer' is captured into the state of the enclosing type and its value is also used to initialize a field, property, or event. [/home/runner/work/9to1/9to1/9to1 Workspace/Home/HavenOS.Home.csproj]
/home/runner/work/9to1/9to1/9to1 Workspace/Home/Source/Home/Core/HomeAgentExecutionAdmissions.cs(641,31): error CS0019: Operator '??' cannot be applied to operands of type 'IReadOnlySet<string>' and 'collection expression' [/home/runner/work/9to1/9to1/9to1 Workspace/Home/HavenOS.Home.csproj]
/home/runner/work/9to1/9to1/9to1 Workspace/Home/Source/Home/Core/HomeNativeCoreApiSessions.cs(54,30): error CS0246: The type or namespace name 'IHomeNativeInstalledPeerOriginalActorVerifier' could not be found (are you missing a using directive or an assembly reference?) [/home/runner/work/9to1/9to1/9to1 Workspace/Home/HavenOS.Home.csproj]
/home/runner/work/9to1/9to1/9to1 Workspace/Home/Source/Home/Core/HomeNativeCoreApiSessions.cs(126,30): error CS0246: The type or namespace name 'IHomeNativeInstalledPeerOriginalActorVerifier' could not be found (are you missing a using directive or an assembly reference?) [/home/runner/work/9to1/9to1/9to1 Workspace/Home/HavenOS.Home.csproj]
/home/runner/work/9to1/9to1/9to1 Models/Dulche Alpha/AgentAdapters/DenAgentRuntimeValidator.cs(57,35): error CS0019: Operator '??' cannot be applied to operands of type 'IReadOnlySet<string>' and 'collection expression' [/home/runner/work/9to1/9to1/9to1 Models/Dulche Alpha/Dulche.Agents.csproj]
    0 Warning(s)
    5 Error(s)

Time Elapsed 00:00:24.39
