
Welcome to .NET 10.0!
---------------------
SDK Version: 10.0.401

----------------
Installed an ASP.NET Core HTTPS development certificate.
To trust the certificate, run 'dotnet dev-certs https --trust'
Learn about HTTPS: https://aka.ms/dotnet-https

----------------
Write your first app: https://aka.ms/dotnet-hello-world
Find out what's new: https://aka.ms/dotnet-whats-new
Explore documentation: https://aka.ms/dotnet-docs
Report issues and find source on GitHub: https://github.com/dotnet/core
Use 'dotnet --help' to see available commands or visit: https://aka.ms/dotnet-cli
--------------------------------------------------------------------------------------
  Determining projects to restore...
  Restored /workspace/team-c-c5-owner-read/framework/CUI/Core/CakeOS.Cui.Core.csproj (in 122 ms).
  Restored /workspace/team-c-c5-owner-read/framework/CUI/Language/CakeOS.Cui.Language.csproj (in 103 ms).
  Restored /workspace/team-c-c5-owner-read/framework/CUI/AI/NineToOne.Cui.AI.csproj (in 103 ms).
  Restored /workspace/team-c-c5-owner-read/9to1 Workspace/shared/src/Haven.Core/Haven.Core.csproj (in 16 ms).
  Restored /workspace/team-c-c5-owner-read/9to1 Models/Dulche Alpha/Dulche.Runtime.csproj (in 26 ms).
  Restored /workspace/team-c-c5-owner-read/9to1 Models/Dulche Alpha/Den.csproj (in 1 ms).
  Restored /workspace/team-c-c5-owner-read/9to1 Workspace/shared/src/Haven.Application/Haven.Application.csproj (in 2 ms).
  Restored /workspace/team-c-c5-owner-read/9to1 Workspace/Home/HavenOS.Home.csproj (in 7 ms).
  Restored /workspace/team-c-c5-owner-read/9to1 Workspace/shared/src/Haven.Infrastructure/Haven.Infrastructure.csproj (in 4.13 sec).
  Restored /workspace/team-c-c5-runtime/C5.DurableJob.Tests.csproj (in 4.32 sec).
  CakeOS.Cui.Language -> /workspace/team-c-c5-runtime/artifacts/bin/CakeOS.Cui.Language/debug/CakeOS.Cui.Language.dll
  Den -> /workspace/team-c-c5-runtime/artifacts/bin/Den/debug/Den.dll
  Haven.Core -> /workspace/team-c-c5-runtime/artifacts/bin/Haven.Core/debug/Haven.Core.dll
  NineToOne.Cui.AI -> /workspace/team-c-c5-runtime/artifacts/bin/NineToOne.Cui.AI/debug/NineToOne.Cui.AI.dll
  CakeOS.Cui.Core -> /workspace/team-c-c5-runtime/artifacts/bin/CakeOS.Cui.Core/debug/CakeOS.Cui.Core.dll
  Haven.Application -> /workspace/team-c-c5-runtime/artifacts/bin/Haven.Application/debug/Haven.Application.dll
  Dulche.Runtime -> /workspace/team-c-c5-runtime/artifacts/bin/Dulche.Runtime/debug/Dulche.Runtime.dll
  HavenOS.Home -> /workspace/team-c-c5-runtime/artifacts/bin/HavenOS.Home/debug/HavenOS.Home.dll
  Haven.Infrastructure -> /workspace/team-c-c5-runtime/artifacts/bin/Haven.Infrastructure/debug/Haven.Infrastructure.dll
  C5.DurableJob.Tests -> /workspace/team-c-c5-runtime/artifacts/bin/C5.DurableJob.Tests/debug/Haven.Infrastructure.Tests.dll
Test run for /workspace/team-c-c5-runtime/artifacts/bin/C5.DurableJob.Tests/debug/Haven.Infrastructure.Tests.dll (.NETCoreApp,Version=v10.0)
A total of 1 test files matched the specified pattern.
[xUnit.net 00:00:00.44]     Haven.Infrastructure.Tests.ExternalAgentDurableCancellationTests.Completion_committed_after_cancel_read_cannot_be_overwritten_by_stale_cancel [FAIL]
  Failed Haven.Infrastructure.Tests.ExternalAgentDurableCancellationTests.Completion_committed_after_cancel_read_cannot_be_overwritten_by_stale_cancel [57 ms]
  Error Message:
   Assert.Equal() Failure: Values differ
Expected: Completed
Actual:   Cancelled
  Stack Trace:
     at Haven.Infrastructure.Tests.ExternalAgentDurableCancellationTests.Completion_committed_after_cancel_read_cannot_be_overwritten_by_stale_cancel() in /workspace/team-c-release/9to1 Workspace/shared/tests/Haven.Infrastructure.Tests/ExternalAgentDurableCancellationTests.cs:line 47
--- End of stack trace from previous location ---
  Standard Output Messages:
 Actual retained database=/workspace/team-c-c5-runtime/Debug/databases/actual-task-d20462fd471d4eabbdbf5481e98e301b/tasks.db; cancelReturned=True; restoredStatus=Cancelled; result=<null>; idempotency=<null>


Results File: /workspace/team-c-c5-runtime/Debug/results/durable-cancel.trx

Failed!  - Failed:     1, Passed:     2, Skipped:     0, Total:     3, Duration: 343 ms - Haven.Infrastructure.Tests.dll (net10.0)
