  Haven.Core -> /workspace/team-c-resume-evidence/c4-browser-receiving/emoji-carrier-3b0b-run/artifacts/bin/Haven.Core/release/Haven.Core.dll
  NineToOne.Cui.AI -> /workspace/team-c-resume-evidence/c4-browser-receiving/emoji-carrier-3b0b-run/artifacts/bin/NineToOne.Cui.AI/release/NineToOne.Cui.AI.dll
  Haven.Application -> /workspace/team-c-resume-evidence/c4-browser-receiving/emoji-carrier-3b0b-run/artifacts/bin/Haven.Application/release/Haven.Application.dll
  Haven.UI -> /workspace/team-c-resume-evidence/c4-browser-receiving/emoji-carrier-3b0b-run/artifacts/bin/Haven.UI/release/Haven.UI.dll
  DevAnalyzers -> /workspace/team-c-resume-evidence/c4-browser-receiving/emoji-carrier-3b0b-run/artifacts/bin/DevAnalyzers/release/DevAnalyzers.dll
  Avalonia.Analyzers.CSharp -> /workspace/team-c-resume-evidence/c4-browser-receiving/emoji-carrier-3b0b-run/artifacts/bin/Avalonia.Analyzers.CSharp/release/Avalonia.Analyzers.CSharp.dll
  Avalonia.Analyzers.CodeFixes.CSharp -> /workspace/team-c-resume-evidence/c4-browser-receiving/emoji-carrier-3b0b-run/artifacts/bin/Avalonia.Analyzers.CodeFixes.CSharp/release/Avalonia.Analyzers.CodeFixes.CSharp.dll
  Avalonia.Analyzers.VisualBasic -> /workspace/team-c-resume-evidence/c4-browser-receiving/emoji-carrier-3b0b-run/artifacts/bin/Avalonia.Analyzers.VisualBasic/release/Avalonia.Analyzers.VisualBasic.dll
  DevGenerators -> /workspace/team-c-resume-evidence/c4-browser-receiving/emoji-carrier-3b0b-run/artifacts/bin/DevGenerators/release/DevGenerators.dll
  Avalonia.Base -> /workspace/team-c-resume-evidence/c4-browser-receiving/emoji-carrier-3b0b-run/artifacts/bin/Avalonia.Base/release_net10.0/Avalonia.Base.dll
  Avalonia.Remote.Protocol -> /workspace/team-c-resume-evidence/c4-browser-receiving/emoji-carrier-3b0b-run/artifacts/bin/Avalonia.Remote.Protocol/release_net10.0/Avalonia.Remote.Protocol.dll
  Avalonia.Controls -> /workspace/team-c-resume-evidence/c4-browser-receiving/emoji-carrier-3b0b-run/artifacts/bin/Avalonia.Controls/release_net10.0/Avalonia.Controls.dll
  Avalonia.Build.Tasks -> /workspace/team-c-resume-evidence/c4-browser-receiving/emoji-carrier-3b0b-run/artifacts/bin/Avalonia.Build.Tasks/release/Avalonia.Build.Tasks.dll
  Avalonia.MicroCom -> /workspace/team-c-resume-evidence/c4-browser-receiving/emoji-carrier-3b0b-run/artifacts/bin/Avalonia.MicroCom/release_net10.0/Avalonia.MicroCom.dll
  Avalonia.OpenGL -> /workspace/team-c-resume-evidence/c4-browser-receiving/emoji-carrier-3b0b-run/artifacts/bin/Avalonia.OpenGL/release_net10.0/Avalonia.OpenGL.dll
  Avalonia.Vulkan -> /workspace/team-c-resume-evidence/c4-browser-receiving/emoji-carrier-3b0b-run/artifacts/bin/Avalonia.Vulkan/release_net10.0/Avalonia.Vulkan.dll
  Avalonia.Metal -> /workspace/team-c-resume-evidence/c4-browser-receiving/emoji-carrier-3b0b-run/artifacts/bin/Avalonia.Metal/release_net10.0/Avalonia.Metal.dll
  Avalonia.Skia -> /workspace/team-c-resume-evidence/c4-browser-receiving/emoji-carrier-3b0b-run/artifacts/bin/Avalonia.Skia/release_net10.0/Avalonia.Skia.dll
  Avalonia.Win32.Automation -> /workspace/team-c-resume-evidence/c4-browser-receiving/emoji-carrier-3b0b-run/artifacts/bin/Avalonia.Win32.Automation/release_net10.0/Avalonia.Win32.Automation.dll
  Avalonia.Win32 -> /workspace/team-c-resume-evidence/c4-browser-receiving/emoji-carrier-3b0b-run/artifacts/bin/Avalonia.Win32/release_net10.0/Avalonia.Win32.dll
  Avalonia.Markup -> /workspace/team-c-resume-evidence/c4-browser-receiving/emoji-carrier-3b0b-run/artifacts/bin/Avalonia.Markup/release_net10.0/Avalonia.Markup.dll
  Avalonia.Markup.Xaml -> /workspace/team-c-resume-evidence/c4-browser-receiving/emoji-carrier-3b0b-run/artifacts/bin/Avalonia.Markup.Xaml/release_net10.0/Avalonia.Markup.Xaml.dll
  Avalonia.DesignerSupport -> /workspace/team-c-resume-evidence/c4-browser-receiving/emoji-carrier-3b0b-run/artifacts/bin/Avalonia.DesignerSupport/release_net10.0/Avalonia.DesignerSupport.dll
  Avalonia.Dialogs -> /workspace/team-c-resume-evidence/c4-browser-receiving/emoji-carrier-3b0b-run/artifacts/bin/Avalonia.Dialogs/release_net10.0/Avalonia.Dialogs.dll
  Avalonia.Generators -> /workspace/team-c-resume-evidence/c4-browser-receiving/emoji-carrier-3b0b-run/artifacts/bin/Avalonia.Generators/release/Avalonia.Generators.dll
  Avalonia -> /workspace/team-c-resume-evidence/c4-browser-receiving/emoji-carrier-3b0b-run/artifacts/bin/Avalonia/release_net10.0/Avalonia.dll
  Avalonia.Native -> /workspace/team-c-resume-evidence/c4-browser-receiving/emoji-carrier-3b0b-run/artifacts/bin/Avalonia.Native/release_net10.0/Avalonia.Native.dll
  Avalonia.FreeDesktop -> /workspace/team-c-resume-evidence/c4-browser-receiving/emoji-carrier-3b0b-run/artifacts/bin/Avalonia.FreeDesktop/release_net10.0/Avalonia.FreeDesktop.dll
  Avalonia.DBus.Generators -> /workspace/team-c-resume-evidence/c4-browser-receiving/emoji-carrier-3b0b-run/artifacts/bin/Avalonia.DBus.Generators/release/Avalonia.DBus.Generators.dll
  Avalonia.FreeDesktop.AtSpi -> /workspace/team-c-resume-evidence/c4-browser-receiving/emoji-carrier-3b0b-run/artifacts/bin/Avalonia.FreeDesktop.AtSpi/release_net10.0/Avalonia.FreeDesktop.AtSpi.dll
  Avalonia.X11 -> /workspace/team-c-resume-evidence/c4-browser-receiving/emoji-carrier-3b0b-run/artifacts/bin/Avalonia.X11/release_net10.0/Avalonia.X11.dll
  Avalonia.HarfBuzz -> /workspace/team-c-resume-evidence/c4-browser-receiving/emoji-carrier-3b0b-run/artifacts/bin/Avalonia.HarfBuzz/release_net10.0/Avalonia.HarfBuzz.dll
  Avalonia.Desktop -> /workspace/team-c-resume-evidence/c4-browser-receiving/emoji-carrier-3b0b-run/artifacts/bin/Avalonia.Desktop/release_net10.0/Avalonia.Desktop.dll
  Avalonia.Themes.Fluent -> /workspace/team-c-resume-evidence/c4-browser-receiving/emoji-carrier-3b0b-run/artifacts/bin/Avalonia.Themes.Fluent/release_net10.0/Avalonia.Themes.Fluent.dll
  Avalonia.Fonts.Inter -> /workspace/team-c-resume-evidence/c4-browser-receiving/emoji-carrier-3b0b-run/artifacts/bin/Avalonia.Fonts.Inter/release_net10.0/Avalonia.Fonts.Inter.dll
  Avalonia.Headless -> /workspace/team-c-resume-evidence/c4-browser-receiving/emoji-carrier-3b0b-run/artifacts/bin/Avalonia.Headless/release_net10.0/Avalonia.Headless.dll
  CakeOS.Cui.Language -> /workspace/team-c-resume-evidence/c4-browser-receiving/emoji-carrier-3b0b-run/artifacts/bin/CakeOS.Cui.Language/release/CakeOS.Cui.Language.dll
  CakeOS.Cui.Core -> /workspace/team-c-resume-evidence/c4-browser-receiving/emoji-carrier-3b0b-run/artifacts/bin/CakeOS.Cui.Core/release/CakeOS.Cui.Core.dll
  CakeOS.Cui.Themes -> /workspace/team-c-resume-evidence/c4-browser-receiving/emoji-carrier-3b0b-run/artifacts/bin/CakeOS.Cui.Themes/release/CakeOS.Cui.Themes.dll
  CakeOS.Cui.Runtime -> /workspace/team-c-resume-evidence/c4-browser-receiving/emoji-carrier-3b0b-run/artifacts/bin/CakeOS.Cui.Runtime/release/CakeOS.Cui.Runtime.dll
  Haven.WriteBrowser.Scene -> /workspace/team-c-resume-evidence/c4-browser-receiving/emoji-carrier-3b0b-run/artifacts/bin/Haven.WriteBrowser.Scene/release/Haven.dll
  CanonicalEmojiCarrier -> /workspace/team-c-resume-evidence/c4-browser-receiving/emoji-carrier-3b0b-run/artifacts/bin/CanonicalEmojiCarrier/release_linux-x64/CanonicalEmojiCarrier.dll

Build succeeded.
    0 Warning(s)
    0 Error(s)

Time Elapsed 00:02:21.32
