
Welcome to .NET 10.0!
---------------------
SDK Version: 10.0.401

----------------
Installed an ASP.NET Core HTTPS development certificate.
To trust the certificate, run 'dotnet dev-certs https --trust'
Learn about HTTPS: https://aka.ms/dotnet-https

----------------
Write your first app: https://aka.ms/dotnet-hello-world
Find out what's new: https://aka.ms/dotnet-whats-new
Explore documentation: https://aka.ms/dotnet-docs
Report issues and find source on GitHub: https://github.com/dotnet/core
Use 'dotnet --help' to see available commands or visit: https://aka.ms/dotnet-cli
--------------------------------------------------------------------------------------
Checking the state of installed workloads...
Pack Microsoft.NET.Runtime.WebAssembly.Sdk version 10.0.12 is already installed.
Writing workload pack installation record for Microsoft.NET.Runtime.WebAssembly.Sdk version 10.0.12...
Pack Microsoft.NET.Sdk.WebAssembly.Pack version 10.0.12 is already installed.
Writing workload pack installation record for Microsoft.NET.Sdk.WebAssembly.Pack version 10.0.12...
Pack Microsoft.NETCore.App.Runtime.Mono.browser-wasm version 10.0.12 is already installed.
Writing workload pack installation record for Microsoft.NETCore.App.Runtime.Mono.browser-wasm version 10.0.12...
Pack Microsoft.NETCore.App.Runtime.AOT.linux-x64.Cross.browser-wasm version 10.0.12 is already installed.
Writing workload pack installation record for Microsoft.NETCore.App.Runtime.AOT.linux-x64.Cross.browser-wasm version 10.0.12...
Pack Microsoft.NET.Runtime.MonoAOTCompiler.Task version 10.0.12 is already installed.
Writing workload pack installation record for Microsoft.NET.Runtime.MonoAOTCompiler.Task version 10.0.12...
Pack Microsoft.NET.Runtime.MonoTargets.Sdk version 10.0.12 is already installed.
Writing workload pack installation record for Microsoft.NET.Runtime.MonoTargets.Sdk version 10.0.12...
Pack Microsoft.NET.Runtime.Emscripten.3.1.56.Node.linux-x64 version 10.0.12 is already installed.
Writing workload pack installation record for Microsoft.NET.Runtime.Emscripten.3.1.56.Node.linux-x64 version 10.0.12...
Pack Microsoft.NET.Runtime.Emscripten.3.1.56.Cache.linux-x64 version 10.0.12 is already installed.
Writing workload pack installation record for Microsoft.NET.Runtime.Emscripten.3.1.56.Cache.linux-x64 version 10.0.12...
Pack Microsoft.NET.Runtime.Emscripten.3.1.56.Sdk.linux-x64 version 10.0.12 is already installed.
Writing workload pack installation record for Microsoft.NET.Runtime.Emscripten.3.1.56.Sdk.linux-x64 version 10.0.12...
----------------
ResetReceipt CallbackCalls=1 CallerCancelled=True AfterResetContinuation=0 PrivateEmpty=True
FAIL actual canonical signin Button keeps selected broker caller alive across its own view reset Type=InvalidOperationException
PASS actual canonical Refresh Button remains view-cancellable and true drain waits ignored reply
PASS direct explicit caller cancellation still cancels transferred selected signin
Discovered=3 Executed=3 Passed=2 Failed=1 Skipped=0 Scope=NATIVE_UNIT_ACTUAL_LOADER_BUTTON_NO_BROWSER_PROVIDER_AUTHORITY
