{
  "Properties": {
    "TargetPath": "/home/runner/work/_temp/team-c-mail72-37229860186-1/artifacts/bin/HavenOS.Mail.Tests/release_linux-x64/HavenOS.Mail.Tests.dll",
    "TargetFramework": "net10.0"
  },
  "Items": {
    "Compile": [
      {
        "Identity": "MailDomainRegressionTests.cs",
        "FullPath": "/home/runner/work/9to1/9to1/9to1 Workspace/Mail/Tests/MailDomainRegressionTests.cs",
        "RootDir": "/",
        "Filename": "MailDomainRegressionTests",
        "Extension": ".cs",
        "RelativeDir": "",
        "Directory": "home/runner/work/9to1/9to1/9to1 Workspace/Mail/Tests/",
        "RecursiveDir": "",
        "ModifiedTime": "",
        "CreatedTime": "",
        "AccessedTime": "",
        "DefiningProjectFullPath": "/usr/share/dotnet/sdk/10.0.401/Sdks/Microsoft.NET.Sdk/targets/Microsoft.NET.Sdk.DefaultItems.props",
        "DefiningProjectDirectory": "/usr/share/dotnet/sdk/10.0.401/Sdks/Microsoft.NET.Sdk/targets/",
        "DefiningProjectName": "Microsoft.NET.Sdk.DefaultItems",
        "DefiningProjectExtension": ".props"
      },
      {
        "Identity": "MailFoundationTests.cs",
        "FullPath": "/home/runner/work/9to1/9to1/9to1 Workspace/Mail/Tests/MailFoundationTests.cs",
        "RootDir": "/",
        "Filename": "MailFoundationTests",
        "Extension": ".cs",
        "RelativeDir": "",
        "Directory": "home/runner/work/9to1/9to1/9to1 Workspace/Mail/Tests/",
        "RecursiveDir": "",
        "ModifiedTime": "",
        "CreatedTime": "",
        "AccessedTime": "",
        "DefiningProjectFullPath": "/usr/share/dotnet/sdk/10.0.401/Sdks/Microsoft.NET.Sdk/targets/Microsoft.NET.Sdk.DefaultItems.props",
        "DefiningProjectDirectory": "/usr/share/dotnet/sdk/10.0.401/Sdks/Microsoft.NET.Sdk/targets/",
        "DefiningProjectName": "Microsoft.NET.Sdk.DefaultItems",
        "DefiningProjectExtension": ".props"
      },
      {
        "Identity": "MailKitInboxReconciliationTests.cs",
        "FullPath": "/home/runner/work/9to1/9to1/9to1 Workspace/Mail/Tests/MailKitInboxReconciliationTests.cs",
        "RootDir": "/",
        "Filename": "MailKitInboxReconciliationTests",
        "Extension": ".cs",
        "RelativeDir": "",
        "Directory": "home/runner/work/9to1/9to1/9to1 Workspace/Mail/Tests/",
        "RecursiveDir": "",
        "ModifiedTime": "",
        "CreatedTime": "",
        "AccessedTime": "",
        "DefiningProjectFullPath": "/usr/share/dotnet/sdk/10.0.401/Sdks/Microsoft.NET.Sdk/targets/Microsoft.NET.Sdk.DefaultItems.props",
        "DefiningProjectDirectory": "/usr/share/dotnet/sdk/10.0.401/Sdks/Microsoft.NET.Sdk/targets/",
        "DefiningProjectName": "Microsoft.NET.Sdk.DefaultItems",
        "DefiningProjectExtension": ".props"
      },
      {
        "Identity": "MailKitTransportTests.cs",
        "FullPath": "/home/runner/work/9to1/9to1/9to1 Workspace/Mail/Tests/MailKitTransportTests.cs",
        "RootDir": "/",
        "Filename": "MailKitTransportTests",
        "Extension": ".cs",
        "RelativeDir": "",
        "Directory": "home/runner/work/9to1/9to1/9to1 Workspace/Mail/Tests/",
        "RecursiveDir": "",
        "ModifiedTime": "",
        "CreatedTime": "",
        "AccessedTime": "",
        "DefiningProjectFullPath": "/usr/share/dotnet/sdk/10.0.401/Sdks/Microsoft.NET.Sdk/targets/Microsoft.NET.Sdk.DefaultItems.props",
        "DefiningProjectDirectory": "/usr/share/dotnet/sdk/10.0.401/Sdks/Microsoft.NET.Sdk/targets/",
        "DefiningProjectName": "Microsoft.NET.Sdk.DefaultItems",
        "DefiningProjectExtension": ".props"
      },
      {
        "Identity": "MailStoreRegressionTests.cs",
        "FullPath": "/home/runner/work/9to1/9to1/9to1 Workspace/Mail/Tests/MailStoreRegressionTests.cs",
        "RootDir": "/",
        "Filename": "MailStoreRegressionTests",
        "Extension": ".cs",
        "RelativeDir": "",
        "Directory": "home/runner/work/9to1/9to1/9to1 Workspace/Mail/Tests/",
        "RecursiveDir": "",
        "ModifiedTime": "",
        "CreatedTime": "",
        "AccessedTime": "",
        "DefiningProjectFullPath": "/usr/share/dotnet/sdk/10.0.401/Sdks/Microsoft.NET.Sdk/targets/Microsoft.NET.Sdk.DefaultItems.props",
        "DefiningProjectDirectory": "/usr/share/dotnet/sdk/10.0.401/Sdks/Microsoft.NET.Sdk/targets/",
        "DefiningProjectName": "Microsoft.NET.Sdk.DefaultItems",
        "DefiningProjectExtension": ".props"
      }
    ],
    "EmbeddedResource": [],
    "Content": [],
    "AdditionalFiles": []
  }
}
