{
  "Properties": {
    "TargetPath": "/home/runner/work/_temp/team-c-mail72-37229860186-1/artifacts/bin/HavenOS.Mail/release_linux-x64/HavenOS.Mail.dll",
    "TargetFramework": "net10.0"
  },
  "Items": {
    "Compile": [
      {
        "Identity": "Contracts/MailModels.cs",
        "FullPath": "/home/runner/work/9to1/9to1/9to1 Workspace/Mail/Contracts/MailModels.cs",
        "RootDir": "/",
        "Filename": "MailModels",
        "Extension": ".cs",
        "RelativeDir": "Contracts/",
        "Directory": "home/runner/work/9to1/9to1/9to1 Workspace/Mail/Contracts/",
        "RecursiveDir": "Contracts/",
        "ModifiedTime": "",
        "CreatedTime": "",
        "AccessedTime": "",
        "DefiningProjectFullPath": "/usr/share/dotnet/sdk/10.0.401/Sdks/Microsoft.NET.Sdk/targets/Microsoft.NET.Sdk.DefaultItems.props",
        "DefiningProjectDirectory": "/usr/share/dotnet/sdk/10.0.401/Sdks/Microsoft.NET.Sdk/targets/",
        "DefiningProjectName": "Microsoft.NET.Sdk.DefaultItems",
        "DefiningProjectExtension": ".props"
      },
      {
        "Identity": "Contracts/MailResults.cs",
        "FullPath": "/home/runner/work/9to1/9to1/9to1 Workspace/Mail/Contracts/MailResults.cs",
        "RootDir": "/",
        "Filename": "MailResults",
        "Extension": ".cs",
        "RelativeDir": "Contracts/",
        "Directory": "home/runner/work/9to1/9to1/9to1 Workspace/Mail/Contracts/",
        "RecursiveDir": "Contracts/",
        "ModifiedTime": "",
        "CreatedTime": "",
        "AccessedTime": "",
        "DefiningProjectFullPath": "/usr/share/dotnet/sdk/10.0.401/Sdks/Microsoft.NET.Sdk/targets/Microsoft.NET.Sdk.DefaultItems.props",
        "DefiningProjectDirectory": "/usr/share/dotnet/sdk/10.0.401/Sdks/Microsoft.NET.Sdk/targets/",
        "DefiningProjectName": "Microsoft.NET.Sdk.DefaultItems",
        "DefiningProjectExtension": ".props"
      },
      {
        "Identity": "Providers/MailAttachmentContentSource.cs",
        "FullPath": "/home/runner/work/9to1/9to1/9to1 Workspace/Mail/Providers/MailAttachmentContentSource.cs",
        "RootDir": "/",
        "Filename": "MailAttachmentContentSource",
        "Extension": ".cs",
        "RelativeDir": "Providers/",
        "Directory": "home/runner/work/9to1/9to1/9to1 Workspace/Mail/Providers/",
        "RecursiveDir": "Providers/",
        "ModifiedTime": "",
        "CreatedTime": "",
        "AccessedTime": "",
        "DefiningProjectFullPath": "/usr/share/dotnet/sdk/10.0.401/Sdks/Microsoft.NET.Sdk/targets/Microsoft.NET.Sdk.DefaultItems.props",
        "DefiningProjectDirectory": "/usr/share/dotnet/sdk/10.0.401/Sdks/Microsoft.NET.Sdk/targets/",
        "DefiningProjectName": "Microsoft.NET.Sdk.DefaultItems",
        "DefiningProjectExtension": ".props"
      },
      {
        "Identity": "Providers/MailKitImapSmtpProvider.cs",
        "FullPath": "/home/runner/work/9to1/9to1/9to1 Workspace/Mail/Providers/MailKitImapSmtpProvider.cs",
        "RootDir": "/",
        "Filename": "MailKitImapSmtpProvider",
        "Extension": ".cs",
        "RelativeDir": "Providers/",
        "Directory": "home/runner/work/9to1/9to1/9to1 Workspace/Mail/Providers/",
        "RecursiveDir": "Providers/",
        "ModifiedTime": "",
        "CreatedTime": "",
        "AccessedTime": "",
        "DefiningProjectFullPath": "/usr/share/dotnet/sdk/10.0.401/Sdks/Microsoft.NET.Sdk/targets/Microsoft.NET.Sdk.DefaultItems.props",
        "DefiningProjectDirectory": "/usr/share/dotnet/sdk/10.0.401/Sdks/Microsoft.NET.Sdk/targets/",
        "DefiningProjectName": "Microsoft.NET.Sdk.DefaultItems",
        "DefiningProjectExtension": ".props"
      },
      {
        "Identity": "Providers/MailProviderContracts.cs",
        "FullPath": "/home/runner/work/9to1/9to1/9to1 Workspace/Mail/Providers/MailProviderContracts.cs",
        "RootDir": "/",
        "Filename": "MailProviderContracts",
        "Extension": ".cs",
        "RelativeDir": "Providers/",
        "Directory": "home/runner/work/9to1/9to1/9to1 Workspace/Mail/Providers/",
        "RecursiveDir": "Providers/",
        "ModifiedTime": "",
        "CreatedTime": "",
        "AccessedTime": "",
        "DefiningProjectFullPath": "/usr/share/dotnet/sdk/10.0.401/Sdks/Microsoft.NET.Sdk/targets/Microsoft.NET.Sdk.DefaultItems.props",
        "DefiningProjectDirectory": "/usr/share/dotnet/sdk/10.0.401/Sdks/Microsoft.NET.Sdk/targets/",
        "DefiningProjectName": "Microsoft.NET.Sdk.DefaultItems",
        "DefiningProjectExtension": ".props"
      },
      {
        "Identity": "Services/MailDomainService.cs",
        "FullPath": "/home/runner/work/9to1/9to1/9to1 Workspace/Mail/Services/MailDomainService.cs",
        "RootDir": "/",
        "Filename": "MailDomainService",
        "Extension": ".cs",
        "RelativeDir": "Services/",
        "Directory": "home/runner/work/9to1/9to1/9to1 Workspace/Mail/Services/",
        "RecursiveDir": "Services/",
        "ModifiedTime": "",
        "CreatedTime": "",
        "AccessedTime": "",
        "DefiningProjectFullPath": "/usr/share/dotnet/sdk/10.0.401/Sdks/Microsoft.NET.Sdk/targets/Microsoft.NET.Sdk.DefaultItems.props",
        "DefiningProjectDirectory": "/usr/share/dotnet/sdk/10.0.401/Sdks/Microsoft.NET.Sdk/targets/",
        "DefiningProjectName": "Microsoft.NET.Sdk.DefaultItems",
        "DefiningProjectExtension": ".props"
      },
      {
        "Identity": "Services/MailHtmlSanitizer.cs",
        "FullPath": "/home/runner/work/9to1/9to1/9to1 Workspace/Mail/Services/MailHtmlSanitizer.cs",
        "RootDir": "/",
        "Filename": "MailHtmlSanitizer",
        "Extension": ".cs",
        "RelativeDir": "Services/",
        "Directory": "home/runner/work/9to1/9to1/9to1 Workspace/Mail/Services/",
        "RecursiveDir": "Services/",
        "ModifiedTime": "",
        "CreatedTime": "",
        "AccessedTime": "",
        "DefiningProjectFullPath": "/usr/share/dotnet/sdk/10.0.401/Sdks/Microsoft.NET.Sdk/targets/Microsoft.NET.Sdk.DefaultItems.props",
        "DefiningProjectDirectory": "/usr/share/dotnet/sdk/10.0.401/Sdks/Microsoft.NET.Sdk/targets/",
        "DefiningProjectName": "Microsoft.NET.Sdk.DefaultItems",
        "DefiningProjectExtension": ".props"
      },
      {
        "Identity": "Services/MailSearchEngine.cs",
        "FullPath": "/home/runner/work/9to1/9to1/9to1 Workspace/Mail/Services/MailSearchEngine.cs",
        "RootDir": "/",
        "Filename": "MailSearchEngine",
        "Extension": ".cs",
        "RelativeDir": "Services/",
        "Directory": "home/runner/work/9to1/9to1/9to1 Workspace/Mail/Services/",
        "RecursiveDir": "Services/",
        "ModifiedTime": "",
        "CreatedTime": "",
        "AccessedTime": "",
        "DefiningProjectFullPath": "/usr/share/dotnet/sdk/10.0.401/Sdks/Microsoft.NET.Sdk/targets/Microsoft.NET.Sdk.DefaultItems.props",
        "DefiningProjectDirectory": "/usr/share/dotnet/sdk/10.0.401/Sdks/Microsoft.NET.Sdk/targets/",
        "DefiningProjectName": "Microsoft.NET.Sdk.DefaultItems",
        "DefiningProjectExtension": ".props"
      },
      {
        "Identity": "Storage/EncryptedJsonMailStateStore.cs",
        "FullPath": "/home/runner/work/9to1/9to1/9to1 Workspace/Mail/Storage/EncryptedJsonMailStateStore.cs",
        "RootDir": "/",
        "Filename": "EncryptedJsonMailStateStore",
        "Extension": ".cs",
        "RelativeDir": "Storage/",
        "Directory": "home/runner/work/9to1/9to1/9to1 Workspace/Mail/Storage/",
        "RecursiveDir": "Storage/",
        "ModifiedTime": "",
        "CreatedTime": "",
        "AccessedTime": "",
        "DefiningProjectFullPath": "/usr/share/dotnet/sdk/10.0.401/Sdks/Microsoft.NET.Sdk/targets/Microsoft.NET.Sdk.DefaultItems.props",
        "DefiningProjectDirectory": "/usr/share/dotnet/sdk/10.0.401/Sdks/Microsoft.NET.Sdk/targets/",
        "DefiningProjectName": "Microsoft.NET.Sdk.DefaultItems",
        "DefiningProjectExtension": ".props"
      },
      {
        "Identity": "Storage/MailStoreContracts.cs",
        "FullPath": "/home/runner/work/9to1/9to1/9to1 Workspace/Mail/Storage/MailStoreContracts.cs",
        "RootDir": "/",
        "Filename": "MailStoreContracts",
        "Extension": ".cs",
        "RelativeDir": "Storage/",
        "Directory": "home/runner/work/9to1/9to1/9to1 Workspace/Mail/Storage/",
        "RecursiveDir": "Storage/",
        "ModifiedTime": "",
        "CreatedTime": "",
        "AccessedTime": "",
        "DefiningProjectFullPath": "/usr/share/dotnet/sdk/10.0.401/Sdks/Microsoft.NET.Sdk/targets/Microsoft.NET.Sdk.DefaultItems.props",
        "DefiningProjectDirectory": "/usr/share/dotnet/sdk/10.0.401/Sdks/Microsoft.NET.Sdk/targets/",
        "DefiningProjectName": "Microsoft.NET.Sdk.DefaultItems",
        "DefiningProjectExtension": ".props"
      }
    ],
    "EmbeddedResource": [],
    "Content": [
      {
        "Identity": "UI\\MailWorkspace.cui",
        "CopyToOutputDirectory": "PreserveNewest",
        "FullPath": "/home/runner/work/9to1/9to1/9to1 Workspace/Mail/UI/MailWorkspace.cui",
        "RootDir": "/",
        "Filename": "MailWorkspace",
        "Extension": ".cui",
        "RelativeDir": "UI/",
        "Directory": "home/runner/work/9to1/9to1/9to1 Workspace/Mail/UI/",
        "RecursiveDir": "",
        "ModifiedTime": "",
        "CreatedTime": "",
        "AccessedTime": "",
        "DefiningProjectFullPath": "/home/runner/work/9to1/9to1/9to1 Workspace/Mail/HavenOS.Mail.csproj",
        "DefiningProjectDirectory": "/home/runner/work/9to1/9to1/9to1 Workspace/Mail/",
        "DefiningProjectName": "HavenOS.Mail",
        "DefiningProjectExtension": ".csproj"
      }
    ],
    "AdditionalFiles": []
  }
}
