Test run for /home/runner/work/9to1/9to1/artifacts/canvas65-managed-build/bin/HavenOS.Canvas.Tests/release_linux-x64/HavenOS.Canvas.Tests.dll (.NETCoreApp,Version=v10.0)
A total of 1 test files matched the specified pattern.
[xUnit.net 00:00:01.64]     HavenOS.Apps.Canvas.Tests.CanvasFilesFinalAuthorityTests.Actual_Files_publication_retains_final_authority_until_acknowledgement_or_denial(allow: False) [FAIL]
[xUnit.net 00:00:01.67]     HavenOS.Apps.Canvas.Tests.CanvasFilesFinalAuthorityTests.Actual_Files_publication_retains_final_authority_until_acknowledgement_or_denial(allow: True) [FAIL]
  Failed HavenOS.Apps.Canvas.Tests.CanvasFilesFinalAuthorityTests.Actual_Files_publication_retains_final_authority_until_acknowledgement_or_denial(allow: False) [34 ms]
  Error Message:
   System.NotSupportedException : Original Canvas read requires the registered owner-issued context.
  Stack Trace:
     at HavenOS.Apps.Canvas.CanvasFilesArtifactBridge.OpenForDisplayAsync(HostedItemId fileId, Guid expectedStoreId, AuthenticatedResourceActor originalActor, CancellationToken cancellationToken) in /_/9to1 Workspace/Canvas/CanvasFilesArtifactBridge.OriginalDisplay.cs:line 52
   at HavenOS.Apps.Canvas.Tests.CanvasFilesFinalAuthorityTests.Actual_Files_publication_retains_final_authority_until_acknowledgement_or_denial(Boolean allow) in /_/9to1 Workspace/Canvas/Tests/CanvasFilesFinalAuthorityTests.cs:line 28
--- End of stack trace from previous location ---
  Failed HavenOS.Apps.Canvas.Tests.CanvasFilesFinalAuthorityTests.Actual_Files_publication_retains_final_authority_until_acknowledgement_or_denial(allow: True) [27 ms]
  Error Message:
   System.NotSupportedException : Original Canvas read requires the registered owner-issued context.
  Stack Trace:
     at HavenOS.Apps.Canvas.CanvasFilesArtifactBridge.OpenForDisplayAsync(HostedItemId fileId, Guid expectedStoreId, AuthenticatedResourceActor originalActor, CancellationToken cancellationToken) in /_/9to1 Workspace/Canvas/CanvasFilesArtifactBridge.OriginalDisplay.cs:line 52
   at HavenOS.Apps.Canvas.Tests.CanvasFilesFinalAuthorityTests.Actual_Files_publication_retains_final_authority_until_acknowledgement_or_denial(Boolean allow) in /_/9to1 Workspace/Canvas/Tests/CanvasFilesFinalAuthorityTests.cs:line 28
--- End of stack trace from previous location ---
[xUnit.net 00:00:02.28]     HavenOS.Apps.Canvas.Tests.NativeRnoteStrokeMutationTests.Keyed_edits_preserve_other_native_entities_and_reject_invalid_edits_without_changes [FAIL]
  Failed HavenOS.Apps.Canvas.Tests.NativeRnoteStrokeMutationTests.Keyed_edits_preserve_other_native_entities_and_reject_invalid_edits_without_changes [5 ms]
  Error Message:
   Assert.True() Failure
Expected: True
Actual:   False
  Stack Trace:
     at HavenOS.Apps.Canvas.Tests.NativeRnoteStrokeMutationTests.Keyed_edits_preserve_other_native_entities_and_reject_invalid_edits_without_changes() in /_/9to1 Workspace/Canvas/Tests/NativeRnoteStrokeMutationTests.cs:line 24
   at System.Reflection.MethodBaseInvoker.InterpretedInvoke_Method(Object obj, IntPtr* args)
   at System.Reflection.MethodBaseInvoker.InvokeWithNoArgs(Object obj, BindingFlags invokeAttr)
[xUnit.net 00:00:02.61]     HavenOS.Apps.Canvas.Tests.NativeRnoteJourneyTests.Caller_list_is_enumerated_once_and_canonical_and_native_strokes_use_the_same_snapshot [FAIL]
  Failed HavenOS.Apps.Canvas.Tests.NativeRnoteJourneyTests.Caller_list_is_enumerated_once_and_canonical_and_native_strokes_use_the_same_snapshot [10 ms]
  Error Message:
   Assert.Equal() Failure: Values differ
Expected: 0.69999999999999996
Actual:   0.69991099232683596
  Stack Trace:
     at HavenOS.Apps.Canvas.Tests.NativeRnoteJourneyTests.AssertDonorCapturedEndpoints(Byte[] rnote, RnotePointerSample[] expected) in /_/9to1 Workspace/Canvas/Tests/NativeRnoteJourneyTests.cs:line 177
   at HavenOS.Apps.Canvas.Tests.NativeRnoteJourneyTests.Caller_list_is_enumerated_once_and_canonical_and_native_strokes_use_the_same_snapshot() in /_/9to1 Workspace/Canvas/Tests/NativeRnoteJourneyTests.cs:line 86
   at System.Reflection.MethodBaseInvoker.InterpretedInvoke_Method(Object obj, IntPtr* args)
   at System.Reflection.MethodBaseInvoker.InvokeWithNoArgs(Object obj, BindingFlags invokeAttr)
[xUnit.net 00:00:04.13]     HavenOS.Apps.Canvas.Tests.NativeRnoteUserLayerDocumentTests.Forged_retained_layer_rank_is_rejected_on_actual_native_reopen_and_original_copy_still_renders [FAIL]
  Failed HavenOS.Apps.Canvas.Tests.NativeRnoteUserLayerDocumentTests.Forged_retained_layer_rank_is_rejected_on_actual_native_reopen_and_original_copy_still_renders [14 ms]
  Error Message:
   Assert.Throws() Failure: Exception type was not an exact match
Expected: typeof(System.IO.InvalidDataException)
Actual:   typeof(Haven.Application.CanvasArtifactFormatException)
---- Haven.Application.CanvasArtifactFormatException : Canvas semantic history is invalid; original data must be preserved for recovery.
-------- System.IO.InvalidDataException : History schema, current document binding, or retention state is invalid.
  Stack Trace:
     at HavenOS.Apps.Canvas.Tests.NativeRnoteUserLayerDocumentTests.Forged_retained_layer_rank_is_rejected_on_actual_native_reopen_and_original_copy_still_renders() in /_/9to1 Workspace/Canvas/Tests/NativeRnoteUserLayerDocumentTests.cs:line 55
   at System.Reflection.MethodBaseInvoker.InterpretedInvoke_Method(Object obj, IntPtr* args)
   at System.Reflection.MethodBaseInvoker.InvokeWithNoArgs(Object obj, BindingFlags invokeAttr)
----- Inner Stack Trace -----
   at Haven.Application.CanvasArtifactCodec.ValidateHistory(CanvasArtifact artifact) in /_/9to1 Workspace/shared/src/Haven.Application/Canvas/CanvasArtifactCodec.cs:line 140
   at Haven.Application.CanvasArtifactCodec.SerializeCore(CanvasArtifact artifact, Boolean includeHistory) in /_/9to1 Workspace/shared/src/Haven.Application/Canvas/CanvasArtifactCodec.cs:line 70
   at Haven.Application.CanvasArtifactCodec.Serialize(CanvasArtifact artifact) in /_/9to1 Workspace/shared/src/Haven.Application/Canvas/CanvasArtifactCodec.cs:line 62
   at HavenOS.Apps.Canvas.Tests.NativeRnoteUserLayerDocumentTests.<>c__DisplayClass1_0.<Forged_retained_layer_rank_is_rejected_on_actual_native_reopen_and_original_copy_still_renders>b__0() in /_/9to1 Workspace/Canvas/Tests/NativeRnoteUserLayerDocumentTests.cs:line 55
----- Inner Stack Trace -----
   at Haven.Application.ProductivitySnapshotHistory.Validate(String ownerFormat, Guid artifactId, String revision, ReadOnlySpan`1 currentSnapshot, Func`2 validateOwnerSnapshot) in /_/9to1 Workspace/shared/src/Haven.Application/Productivity/ProductivitySnapshotHistory.cs:line 42
   at Haven.Application.CanvasArtifactCodec.ValidateHistory(CanvasArtifact artifact) in /_/9to1 Workspace/shared/src/Haven.Application/Canvas/CanvasArtifactCodec.cs:line 127
Results File: /home/runner/work/9to1/9to1/artifacts/canvas65-managed/trx/canvas.trx

Failed!  - Failed:     5, Passed:    91, Skipped:     0, Total:    96, Duration: 7 s - HavenOS.Canvas.Tests.dll (net10.0)
