✔ C3-PR-01: real signed durable receipt recovers current invoice after restart with three bounded GETs and no effect (39.895517ms)
✔ C3-PR-02: delayed subscription event reads current subscription in explicit live mode without changing receipts (4.594213ms)
✔ C3-PR-03: wrong, expired, failed or completed lease cannot trigger provider reads (4.49806ms)
✖ C3-PR-04: provider reads returning after lease expiry/reclaim cannot return stale ownership (3.999584ms)
✔ C3-PR-05: authenticated merchant mismatch refuses before event fetch (4.286218ms)
✔ C3-PR-06: event identity/type/creation/mode/connected-account mismatches and unsupported context cannot fetch current state (5.408877ms)
✔ C3-PR-07: object identity/path injection and wrong current object/mode fail without state changes (5.043537ms)
✔ C3-PR-08: provider unavailability/rate limit and secret-containing faults are redacted with no retry or completion (4.259748ms)
✔ C3-PR-09: streamed response byte ceiling, invalid UTF-8/JSON and content type fail closed (3.994266ms)
✔ C3-PR-10: cancellation and timeout abort bounded transport, preserve claim and never complete (23.716206ms)
✔ C3-PR-11: unsupported receipt/configuration refuses without requests; body/read failures do not expose diagnostics (3.775693ms)
✔ C3-PR-12: captured configuration cannot change merchant/version/transport across awaits (2.388651ms)
✔ C3-PR-13: timeout releases a stalled body read even when stream cancellation never settles (21.94067ms)
✖ C3-PR-14: changed immutable receipt facts during provider fetch refuse without overwriting them (3.122817ms)
✔ C3-PR-15: redirected/unexpected response origin and non-Response transport result fail before event fetch (2.961709ms)
ℹ tests 15
ℹ suites 0
ℹ pass 13
ℹ fail 2
ℹ cancelled 0
ℹ skipped 0
ℹ todo 0
ℹ duration_ms 200.188515

✖ failing tests:

test at test/provider-reconciliation.test.mjs:106:1
✖ C3-PR-04: provider reads returning after lease expiry/reclaim cannot return stale ownership (3.999584ms)
  AssertionError [ERR_ASSERTION]: Missing expected rejection.
      at async rejectsCode (file:///workspace/scratch/team-c-continuation-c3/final-lease-guard-omission-control/test/provider-reconciliation.test.mjs:61:3)
      at async TestContext.<anonymous> (file:///workspace/scratch/team-c-continuation-c3/final-lease-guard-omission-control/test/provider-reconciliation.test.mjs:118:3)
      at async Test.run (node:internal/test_runner/test:1389:7)
      at async Test.processPendingSubtests (node:internal/test_runner/test:960:7) {
    generatedMessage: false,
    code: 'ERR_ASSERTION',
    actual: undefined,
    operator: 'rejects',
    diff: 'simple'
  }

test at test/provider-reconciliation.test.mjs:237:1
✖ C3-PR-14: changed immutable receipt facts during provider fetch refuse without overwriting them (3.122817ms)
  AssertionError [ERR_ASSERTION]: Missing expected rejection.
      at async rejectsCode (file:///workspace/scratch/team-c-continuation-c3/final-lease-guard-omission-control/test/provider-reconciliation.test.mjs:61:3)
      at async TestContext.<anonymous> (file:///workspace/scratch/team-c-continuation-c3/final-lease-guard-omission-control/test/provider-reconciliation.test.mjs:246:3)
      at async Test.run (node:internal/test_runner/test:1389:7)
      at async Test.processPendingSubtests (node:internal/test_runner/test:960:7) {
    generatedMessage: false,
    code: 'ERR_ASSERTION',
    actual: undefined,
    operator: 'rejects',
    diff: 'simple'
  }
