✖ C3-PR-20: externally constructed ProviderReadError while reading configuration is redacted (30.931103ms)
ℹ tests 1
ℹ suites 0
ℹ pass 0
ℹ fail 1
ℹ cancelled 0
ℹ skipped 0
ℹ todo 0
ℹ duration_ms 100.452944

✖ failing tests:

test at cloud/billing/test/provider-reconciliation.test.mjs:291:1
✖ C3-PR-20: externally constructed ProviderReadError while reading configuration is redacted (30.931103ms)
  AssertionError [ERR_ASSERTION]: The validation function is expected to return "true". Received false
  
  Caught error:
  
  ProviderReadError: CONTROLLED_PRIVATE_DIAGNOSTIC_SENTINEL
      at async rejectsCode (file:///workspace/team-c-c3-provider-read-recovery/cloud/billing/test/provider-reconciliation.test.mjs:61:3)
      at async TestContext.<anonymous> (file:///workspace/team-c-c3-provider-read-recovery/cloud/billing/test/provider-reconciliation.test.mjs:294:3)
      at async Test.run (node:internal/test_runner/test:1389:7)
      at async startSubtestAfterBootstrap (node:internal/test_runner/harness:387:3) {
    generatedMessage: true,
    code: 'ERR_ASSERTION',
    actual: ProviderReadError: CONTROLLED_PRIVATE_DIAGNOSTIC_SENTINEL
        at Object.get [as apiVersion] (file:///workspace/team-c-c3-provider-read-recovery/cloud/billing/test/provider-reconciliation.test.mjs:293:65)
        at validateConfiguration (file:///workspace/team-c-c3-provider-read-recovery/cloud/billing/src/provider-reconciliation.mjs:18:64)
        at readClaimedStripeState (file:///workspace/team-c-c3-provider-read-recovery/cloud/billing/src/provider-reconciliation.mjs:48:3)
        at Object.read (file:///workspace/team-c-c3-provider-read-recovery/cloud/billing/test/provider-reconciliation.test.mjs:57:28)
        at file:///workspace/team-c-c3-provider-read-recovery/cloud/billing/test/provider-reconciliation.test.mjs:294:29
        at waitForActual (node:assert:632:21)
        at strict.rejects (node:assert:769:31)
        at rejectsCode (file:///workspace/team-c-c3-provider-read-recovery/cloud/billing/test/provider-reconciliation.test.mjs:61:16)
        at TestContext.<anonymous> (file:///workspace/team-c-c3-provider-read-recovery/cloud/billing/test/provider-reconciliation.test.mjs:294:9)
        at async Test.run (node:internal/test_runner/test:1389:7),
    operator: 'rejects',
    diff: 'simple'
  }
