<?xml version="1.0" encoding="utf-8"?>
<TestRun id="ba3d7d9b-9ef7-4270-a3aa-fa63f4e167b4" name="@5f26f397bc73 2026-10-04 10:08:43" xmlns="http://microsoft.com/schemas/VisualStudio/TeamTest/2010">
  <Times creation="2026-10-04T10:08:43.8306192+00:00" queuing="2026-10-04T10:08:43.8306192+00:00" start="2026-10-04T10:08:43.1917219+00:00" finish="2026-10-04T10:08:43.9205264+00:00" />
  <TestSettings name="default" id="8b363716-ecf8-46b2-a27a-6f3a293950ca">
    <Deployment runDeploymentRoot="_5f26f397bc73_2026-10-04_10_08_43" />
  </TestSettings>
  <Results>
    <UnitTestResult executionId="0e6d1263-0966-40f1-a015-eaf4b3a335cb" testId="175386e2-baa8-460e-767e-8767cbc467cc" testName="Haven.Infrastructure.Tests.CloudflareWorkersAiMetadataTests.Cancellation_and_disabled_configuration_prevent_transport" computerName="5f26f397bc73" duration="00:00:00.0034716" startTime="2026-10-04T10:08:43.8005743+00:00" endTime="2026-10-04T10:08:43.8006116+00:00" testType="13cdc9d9-ddb5-4fa4-a97d-d965ccfc6d4b" outcome="Passed" testListId="8c84fa94-04c1-424b-9868-57a2d4851a1d" relativeResultsDirectory="0e6d1263-0966-40f1-a015-eaf4b3a335cb" />
    <UnitTestResult executionId="628bee36-95c5-42db-b3cf-6b55a91c70c2" testId="41170caf-cd4f-4e48-f558-14cc022db2ca" testName="Haven.Infrastructure.Tests.ProviderEndpointSecurityTests.Ollama_locality_uses_actual_transport_not_configuration_claim(endpoint: &quot;ftp://localhost/&quot;, expected: False)" computerName="5f26f397bc73" duration="00:00:00.0111658" startTime="2026-10-04T10:08:43.7255140+00:00" endTime="2026-10-04T10:08:43.7403451+00:00" testType="13cdc9d9-ddb5-4fa4-a97d-d965ccfc6d4b" outcome="Passed" testListId="8c84fa94-04c1-424b-9868-57a2d4851a1d" relativeResultsDirectory="628bee36-95c5-42db-b3cf-6b55a91c70c2" />
    <UnitTestResult executionId="ea9ecc8a-9514-4c19-9244-a9bea7f5ca80" testId="25bac481-3fe8-2866-eea1-607e99067f6c" testName="Haven.Infrastructure.Tests.CloudflareWorkersAiMetadataTests.Pagination_uses_actual_page_length_and_deduplicates_stable_names" computerName="5f26f397bc73" duration="00:00:00.0017009" startTime="2026-10-04T10:08:43.8042284+00:00" endTime="2026-10-04T10:08:43.8059910+00:00" testType="13cdc9d9-ddb5-4fa4-a97d-d965ccfc6d4b" outcome="Passed" testListId="8c84fa94-04c1-424b-9868-57a2d4851a1d" relativeResultsDirectory="ea9ecc8a-9514-4c19-9244-a9bea7f5ca80" />
    <UnitTestResult executionId="14c1ba23-7baa-461a-8d7c-dc5e44731de6" testId="904c5f86-634b-3fef-4a0e-76f14e224a9d" testName="Haven.Infrastructure.Tests.ProviderEndpointSecurityTests.Ollama_locality_uses_actual_transport_not_configuration_claim(endpoint: &quot;http://localhost:11434/&quot;, expected: True)" computerName="5f26f397bc73" duration="00:00:00.0001655" startTime="2026-10-04T10:08:43.7624630+00:00" endTime="2026-10-04T10:08:43.7624988+00:00" testType="13cdc9d9-ddb5-4fa4-a97d-d965ccfc6d4b" outcome="Passed" testListId="8c84fa94-04c1-424b-9868-57a2d4851a1d" relativeResultsDirectory="14c1ba23-7baa-461a-8d7c-dc5e44731de6" />
    <UnitTestResult executionId="67a13522-b6f5-4919-a296-adf6b82ba48f" testId="7c4b0acb-b79f-aafc-a154-67741c5decf2" testName="Haven.Infrastructure.Tests.ProviderEndpointSecurityTests.Ollama_locality_uses_actual_transport_not_configuration_claim(endpoint: &quot;http://127.0.0.1:11434/&quot;, expected: True)" computerName="5f26f397bc73" duration="00:00:00.0000245" startTime="2026-10-04T10:08:43.7625594+00:00" endTime="2026-10-04T10:08:43.7626081+00:00" testType="13cdc9d9-ddb5-4fa4-a97d-d965ccfc6d4b" outcome="Passed" testListId="8c84fa94-04c1-424b-9868-57a2d4851a1d" relativeResultsDirectory="67a13522-b6f5-4919-a296-adf6b82ba48f" />
    <UnitTestResult executionId="d161bbfc-edd5-42cd-8916-5e919a3304cd" testId="2f007757-0eab-622c-818b-8111983dc6e7" testName="Haven.Infrastructure.Tests.CloudflareWorkersAiMetadataTests.Other_endpoints_keep_original_OpenAI_discovery(endpoint: &quot;https://api.cloudflare.com/client/v4/accounts/not-&quot;···)" computerName="5f26f397bc73" duration="00:00:00.0222375" startTime="2026-10-04T10:08:43.7239372+00:00" endTime="2026-10-04T10:08:43.7645278+00:00" testType="13cdc9d9-ddb5-4fa4-a97d-d965ccfc6d4b" outcome="Passed" testListId="8c84fa94-04c1-424b-9868-57a2d4851a1d" relativeResultsDirectory="d161bbfc-edd5-42cd-8916-5e919a3304cd" />
    <UnitTestResult executionId="c65ea6de-c7e9-4e64-8526-278f3a2eb3cc" testId="d611cc4e-3ebb-128c-2bc1-b66de244620d" testName="Haven.Infrastructure.Tests.CloudflareWorkersAiMetadataTests.Unconfirmed_or_invalid_native_catalogue_is_not_healthy(body: &quot;{\&quot;success\&quot;:true,\&quot;result\&quot;:{}}&quot;)" computerName="5f26f397bc73" duration="00:00:00.0000816" startTime="2026-10-04T10:08:43.8003910+00:00" endTime="2026-10-04T10:08:43.8004768+00:00" testType="13cdc9d9-ddb5-4fa4-a97d-d965ccfc6d4b" outcome="Passed" testListId="8c84fa94-04c1-424b-9868-57a2d4851a1d" relativeResultsDirectory="c65ea6de-c7e9-4e64-8526-278f3a2eb3cc" />
    <UnitTestResult executionId="966dd436-a77c-4e7d-af34-47cc34e79df4" testId="bb8f0037-4198-ff0b-bc66-27e39392a94a" testName="Haven.Infrastructure.Tests.ProviderEndpointSecurityTests.Loopback_http_and_remote_https_are_allowed(endpoint: &quot;http://127.0.0.1:11434/v1&quot;)" computerName="5f26f397bc73" duration="00:00:00.0005238" startTime="2026-10-04T10:08:43.8688022+00:00" endTime="2026-10-04T10:08:43.8688583+00:00" testType="13cdc9d9-ddb5-4fa4-a97d-d965ccfc6d4b" outcome="Passed" testListId="8c84fa94-04c1-424b-9868-57a2d4851a1d" relativeResultsDirectory="966dd436-a77c-4e7d-af34-47cc34e79df4" />
    <UnitTestResult executionId="cb12ed4d-e408-4444-962c-833c6a6cc654" testId="8dc242f4-b062-83cc-f027-9ce8733633d2" testName="Haven.Infrastructure.Tests.ProviderEndpointSecurityTests.Remote_or_invalid_insecure_endpoints_are_rejected_at_transport_boundary(endpoint: &quot;ftp://example.com/v1&quot;)" computerName="5f26f397bc73" duration="00:00:00.0047494" startTime="2026-10-04T10:08:43.7644626+00:00" endTime="2026-10-04T10:08:43.7976185+00:00" testType="13cdc9d9-ddb5-4fa4-a97d-d965ccfc6d4b" outcome="Passed" testListId="8c84fa94-04c1-424b-9868-57a2d4851a1d" relativeResultsDirectory="cb12ed4d-e408-4444-962c-833c6a6cc654" />
    <UnitTestResult executionId="3ed3f3d3-6c5f-40ab-a870-5d19f98d2dd4" testId="170cb053-21bb-9f93-2bbd-3f941b4e4481" testName="Haven.Infrastructure.Tests.ProviderEndpointSecurityTests.Ollama_locality_uses_actual_transport_not_configuration_claim(endpoint: &quot;http://user@localhost/&quot;, expected: False)" computerName="5f26f397bc73" duration="00:00:00.0000044" startTime="2026-10-04T10:08:43.7623650+00:00" endTime="2026-10-04T10:08:43.7624052+00:00" testType="13cdc9d9-ddb5-4fa4-a97d-d965ccfc6d4b" outcome="Passed" testListId="8c84fa94-04c1-424b-9868-57a2d4851a1d" relativeResultsDirectory="3ed3f3d3-6c5f-40ab-a870-5d19f98d2dd4" />
    <UnitTestResult executionId="476106bc-9efc-4a85-97ba-0877ea61592f" testId="28c4ad3d-ba46-9f33-623a-11fd0812596b" testName="Haven.Infrastructure.Tests.ProviderEndpointSecurityTests.Ollama_locality_uses_actual_transport_not_configuration_claim(endpoint: &quot;http://[::1]:11434/&quot;, expected: True)" computerName="5f26f397bc73" duration="00:00:00.0059694" startTime="2026-10-04T10:08:43.7615539+00:00" endTime="2026-10-04T10:08:43.7616192+00:00" testType="13cdc9d9-ddb5-4fa4-a97d-d965ccfc6d4b" outcome="Passed" testListId="8c84fa94-04c1-424b-9868-57a2d4851a1d" relativeResultsDirectory="476106bc-9efc-4a85-97ba-0877ea61592f" />
    <UnitTestResult executionId="69ac7bef-d325-4d06-8b77-d8380ab85289" testId="0a844c25-5a6a-1282-4e15-124d0f3a3c59" testName="Haven.Infrastructure.Tests.CloudflareWorkersAiMetadataTests.Oversized_provider_page_refuses_catalogue_and_health_without_followup_requests" computerName="5f26f397bc73" duration="00:00:00.0015898" startTime="2026-10-04T10:08:43.8080723+00:00" endTime="2026-10-04T10:08:43.8095436+00:00" testType="13cdc9d9-ddb5-4fa4-a97d-d965ccfc6d4b" outcome="Passed" testListId="8c84fa94-04c1-424b-9868-57a2d4851a1d" relativeResultsDirectory="69ac7bef-d325-4d06-8b77-d8380ab85289" />
    <UnitTestResult executionId="8e717659-52bf-4416-9122-e2a81c7e6831" testId="76cabdee-9976-acb3-f371-4592c022221c" testName="Haven.Infrastructure.Tests.CloudflareWorkersAiMetadataTests.Other_endpoints_keep_original_OpenAI_discovery(endpoint: &quot;https://example.com/client/v4/accounts/8aea00ca3c4&quot;···)" computerName="5f26f397bc73" duration="00:00:00.0000258" startTime="2026-10-04T10:08:43.7971543+00:00" endTime="2026-10-04T10:08:43.7971921+00:00" testType="13cdc9d9-ddb5-4fa4-a97d-d965ccfc6d4b" outcome="Passed" testListId="8c84fa94-04c1-424b-9868-57a2d4851a1d" relativeResultsDirectory="8e717659-52bf-4416-9122-e2a81c7e6831" />
    <UnitTestResult executionId="4632b052-0c3a-41ec-9d7d-acfdea2fac45" testId="57a88364-bef0-1e3d-c538-3b4c6c5c98a4" testName="Haven.Infrastructure.Tests.ProviderEndpointSecurityTests.Ollama_locality_uses_actual_transport_not_configuration_claim(endpoint: &quot;http://127.0.0.1.remote.example/&quot;, expected: False)" computerName="5f26f397bc73" duration="00:00:00.0000066" startTime="2026-10-04T10:08:43.7626868+00:00" endTime="2026-10-04T10:08:43.7627237+00:00" testType="13cdc9d9-ddb5-4fa4-a97d-d965ccfc6d4b" outcome="Passed" testListId="8c84fa94-04c1-424b-9868-57a2d4851a1d" relativeResultsDirectory="4632b052-0c3a-41ec-9d7d-acfdea2fac45" />
    <UnitTestResult executionId="f8bd3667-07e5-422b-b6d5-5ddf060c84e2" testId="ddedfb6a-6e96-dcb4-a16e-0c72d0777496" testName="Haven.Infrastructure.Tests.ProviderEndpointSecurityTests.Loopback_http_and_remote_https_are_allowed(endpoint: &quot;https://example.com/v1&quot;)" computerName="5f26f397bc73" duration="00:00:00.0000052" startTime="2026-10-04T10:08:43.8690370+00:00" endTime="2026-10-04T10:08:43.8690891+00:00" testType="13cdc9d9-ddb5-4fa4-a97d-d965ccfc6d4b" outcome="Passed" testListId="8c84fa94-04c1-424b-9868-57a2d4851a1d" relativeResultsDirectory="f8bd3667-07e5-422b-b6d5-5ddf060c84e2" />
    <UnitTestResult executionId="d014f238-0eb7-4f30-b43f-e2e84c99e7b8" testId="a6b593bb-c806-aa51-69aa-b581196a616b" testName="Haven.Infrastructure.Tests.ProviderEndpointSecurityTests.Ollama_locality_uses_actual_transport_not_configuration_claim(endpoint: &quot;https://remote.example/&quot;, expected: False)" computerName="5f26f397bc73" duration="00:00:00.0000227" startTime="2026-10-04T10:08:43.7622025+00:00" endTime="2026-10-04T10:08:43.7622841+00:00" testType="13cdc9d9-ddb5-4fa4-a97d-d965ccfc6d4b" outcome="Passed" testListId="8c84fa94-04c1-424b-9868-57a2d4851a1d" relativeResultsDirectory="d014f238-0eb7-4f30-b43f-e2e84c99e7b8" />
    <UnitTestResult executionId="64e16101-ebbc-4ce7-a1ed-50f27629a77a" testId="fc507b57-58e7-65ca-0217-cbe6d3f6f155" testName="Haven.Infrastructure.Tests.CloudflareWorkersAiMetadataTests.Unconfirmed_or_invalid_native_catalogue_is_not_healthy(body: &quot;{\&quot;success\&quot;:true,\&quot;result\&quot;:[{\&quot;id\&quot;:\&quot;wrong-iden&quot;···)" computerName="5f26f397bc73" duration="00:00:00.0000803" startTime="2026-10-04T10:08:43.8002234+00:00" endTime="2026-10-04T10:08:43.8003119+00:00" testType="13cdc9d9-ddb5-4fa4-a97d-d965ccfc6d4b" outcome="Passed" testListId="8c84fa94-04c1-424b-9868-57a2d4851a1d" relativeResultsDirectory="64e16101-ebbc-4ce7-a1ed-50f27629a77a" />
    <UnitTestResult executionId="c354b2eb-66fa-491e-bf03-779be02b1f1a" testId="f59dfa84-3913-8474-ce79-c63a561a03a7" testName="Haven.Infrastructure.Tests.CloudflareWorkersAiMetadataTests.Unknown_context_is_not_fabricated_and_price_does_not_grant_routing_capabilities" computerName="5f26f397bc73" duration="00:00:00.0061750" startTime="2026-10-04T10:08:43.7998333+00:00" endTime="2026-10-04T10:08:43.7998998+00:00" testType="13cdc9d9-ddb5-4fa4-a97d-d965ccfc6d4b" outcome="Passed" testListId="8c84fa94-04c1-424b-9868-57a2d4851a1d" relativeResultsDirectory="c354b2eb-66fa-491e-bf03-779be02b1f1a" />
    <UnitTestResult executionId="c37c1a6a-e131-458e-b3a5-cb44e7e3ff7e" testId="97c29b79-f14b-e3e3-6836-3eebb7afc808" testName="Haven.Infrastructure.Tests.CloudflareWorkersAiMetadataTests.Unconfirmed_or_invalid_native_catalogue_is_not_healthy(body: &quot;{\&quot;data\&quot;:[]}&quot;)" computerName="5f26f397bc73" duration="00:00:00.0002877" startTime="2026-10-04T10:08:43.8001150+00:00" endTime="2026-10-04T10:08:43.8001580+00:00" testType="13cdc9d9-ddb5-4fa4-a97d-d965ccfc6d4b" outcome="Passed" testListId="8c84fa94-04c1-424b-9868-57a2d4851a1d" relativeResultsDirectory="c37c1a6a-e131-458e-b3a5-cb44e7e3ff7e" />
    <UnitTestResult executionId="b2ded798-8f79-49d8-91e6-42d283706210" testId="35ad3dc5-747e-c365-b7bc-38f3fd3a8c9e" testName="Haven.Infrastructure.Tests.CloudflareWorkersAiMetadataTests.HTTP_denial_and_malformed_JSON_do_not_become_healthy" computerName="5f26f397bc73" duration="00:00:00.0018426" startTime="2026-10-04T10:08:43.8067684+00:00" endTime="2026-10-04T10:08:43.8078713+00:00" testType="13cdc9d9-ddb5-4fa4-a97d-d965ccfc6d4b" outcome="Passed" testListId="8c84fa94-04c1-424b-9868-57a2d4851a1d" relativeResultsDirectory="b2ded798-8f79-49d8-91e6-42d283706210" />
    <UnitTestResult executionId="565d425d-ed22-429f-83ac-b021b972d4b3" testId="1748c40a-e81a-0299-cd55-04980450e1ad" testName="Haven.Infrastructure.Tests.CloudflareWorkersAiMetadataTests.Actual_catalogue_health_is_read_only_metadata_not_inference" computerName="5f26f397bc73" duration="00:00:00.0066037" startTime="2026-10-04T10:08:43.7975754+00:00" endTime="2026-10-04T10:08:43.7997001+00:00" testType="13cdc9d9-ddb5-4fa4-a97d-d965ccfc6d4b" outcome="Passed" testListId="8c84fa94-04c1-424b-9868-57a2d4851a1d" relativeResultsDirectory="565d425d-ed22-429f-83ac-b021b972d4b3" />
    <UnitTestResult executionId="e94c6bb5-765c-4896-a4cb-108a3b2b575b" testId="35e59432-3bb6-2ac3-4d9f-6b81b2f0a43e" testName="Haven.Infrastructure.Tests.CloudflareWorkersAiMetadataTests.Repeated_full_pages_refuse_partial_catalogue_at_bound" computerName="5f26f397bc73" duration="00:00:00.0370623" startTime="2026-10-04T10:08:43.8007053+00:00" endTime="2026-10-04T10:08:43.8040859+00:00" testType="13cdc9d9-ddb5-4fa4-a97d-d965ccfc6d4b" outcome="Passed" testListId="8c84fa94-04c1-424b-9868-57a2d4851a1d" relativeResultsDirectory="e94c6bb5-765c-4896-a4cb-108a3b2b575b" />
    <UnitTestResult executionId="fdadaf42-4ed3-4915-9964-8be9da317bf5" testId="7a945f43-8095-c204-de12-c316b4ef5aa0" testName="Haven.Infrastructure.Tests.CloudflareWorkersAiMetadataTests.Other_endpoints_keep_original_OpenAI_discovery(endpoint: &quot;https://api.cloudflare.com/client/v4/accounts/8aea&quot;···)" computerName="5f26f397bc73" duration="00:00:00.0000265" startTime="2026-10-04T10:08:43.7972934+00:00" endTime="2026-10-04T10:08:43.7973364+00:00" testType="13cdc9d9-ddb5-4fa4-a97d-d965ccfc6d4b" outcome="Passed" testListId="8c84fa94-04c1-424b-9868-57a2d4851a1d" relativeResultsDirectory="fdadaf42-4ed3-4915-9964-8be9da317bf5" />
    <UnitTestResult executionId="511b114a-ea2e-47ad-b8dc-b2086185e062" testId="f8796df5-de92-6426-81ca-ea14910ca1d0" testName="Haven.Infrastructure.Tests.CloudflareWorkersAiMetadataTests.Other_endpoints_keep_original_OpenAI_discovery(endpoint: &quot;https://api.cloudflare.com:8443/client/v4/accounts&quot;···)" computerName="5f26f397bc73" duration="00:00:00.0002509" startTime="2026-10-04T10:08:43.7974013+00:00" endTime="2026-10-04T10:08:43.7974402+00:00" testType="13cdc9d9-ddb5-4fa4-a97d-d965ccfc6d4b" outcome="Passed" testListId="8c84fa94-04c1-424b-9868-57a2d4851a1d" relativeResultsDirectory="511b114a-ea2e-47ad-b8dc-b2086185e062" />
    <UnitTestResult executionId="e412296d-8e3c-4b12-ba37-4b2bc286e862" testId="4c7c7c06-0136-bdc9-9307-5211705a8142" testName="Haven.Infrastructure.Tests.CloudflareWorkersAiMetadataTests.Actual_catalogue_preserves_provider_model_identity_and_context_without_granting_capabilities" computerName="5f26f397bc73" duration="00:00:00.0035674" startTime="2026-10-04T10:08:43.8096675+00:00" endTime="2026-10-04T10:08:43.8131942+00:00" testType="13cdc9d9-ddb5-4fa4-a97d-d965ccfc6d4b" outcome="Passed" testListId="8c84fa94-04c1-424b-9868-57a2d4851a1d" relativeResultsDirectory="e412296d-8e3c-4b12-ba37-4b2bc286e862" />
    <UnitTestResult executionId="1058465c-7225-404b-8f6c-eb21cf009a4d" testId="eeba2120-7767-350c-feea-0f89218ad84b" testName="Haven.Infrastructure.Tests.ProviderEndpointSecurityTests.Actual_pinned_transport_does_not_follow_redirect_to_another_origin" computerName="5f26f397bc73" duration="00:00:00.1110275" startTime="2026-10-04T10:08:43.7996473+00:00" endTime="2026-10-04T10:08:43.8685810+00:00" testType="13cdc9d9-ddb5-4fa4-a97d-d965ccfc6d4b" outcome="Passed" testListId="8c84fa94-04c1-424b-9868-57a2d4851a1d" relativeResultsDirectory="1058465c-7225-404b-8f6c-eb21cf009a4d" />
    <UnitTestResult executionId="2b23b8e4-7f47-418c-93aa-052ca67eea3e" testId="35dc5252-4bfb-8201-3c8e-a1bbcf89a146" testName="Haven.Infrastructure.Tests.ProviderEndpointSecurityTests.Remote_or_invalid_insecure_endpoints_are_rejected_at_transport_boundary(endpoint: &quot;relative/path&quot;)" computerName="5f26f397bc73" duration="00:00:00.0002396" startTime="2026-10-04T10:08:43.7976995+00:00" endTime="2026-10-04T10:08:43.7977621+00:00" testType="13cdc9d9-ddb5-4fa4-a97d-d965ccfc6d4b" outcome="Passed" testListId="8c84fa94-04c1-424b-9868-57a2d4851a1d" relativeResultsDirectory="2b23b8e4-7f47-418c-93aa-052ca67eea3e" />
    <UnitTestResult executionId="e748adcb-2d55-463e-be21-78463d8569b0" testId="bed9f673-a86d-0bca-6e35-d8c925f7bf59" testName="Haven.Infrastructure.Tests.CloudflareWorkersAiMetadataTests.Unconfirmed_or_invalid_native_catalogue_is_not_healthy(body: &quot;{\&quot;success\&quot;:false,\&quot;result\&quot;:[]}&quot;)" computerName="5f26f397bc73" duration="00:00:00.0007821" startTime="2026-10-04T10:08:43.7999992+00:00" endTime="2026-10-04T10:08:43.8000384+00:00" testType="13cdc9d9-ddb5-4fa4-a97d-d965ccfc6d4b" outcome="Passed" testListId="8c84fa94-04c1-424b-9868-57a2d4851a1d" relativeResultsDirectory="e748adcb-2d55-463e-be21-78463d8569b0" />
    <UnitTestResult executionId="cbf0761b-98ae-45c6-b3f1-ae87800b9729" testId="b052d823-33dd-7b07-03ec-b532efd767a2" testName="Haven.Infrastructure.Tests.CloudflareWorkersAiMetadataTests.Other_endpoints_keep_original_OpenAI_discovery(endpoint: &quot;https://api.cloudflare.com/client/v4/accounts/8aea&quot;···)" computerName="5f26f397bc73" duration="00:00:00.0007087" startTime="2026-10-04T10:08:43.7965745+00:00" endTime="2026-10-04T10:08:43.7966512+00:00" testType="13cdc9d9-ddb5-4fa4-a97d-d965ccfc6d4b" outcome="Passed" testListId="8c84fa94-04c1-424b-9868-57a2d4851a1d" relativeResultsDirectory="cbf0761b-98ae-45c6-b3f1-ae87800b9729" />
    <UnitTestResult executionId="ec655d5d-087f-4369-aafd-83848afc12ef" testId="e05b734c-e889-ce0e-7a04-b58992a52f1e" testName="Haven.Infrastructure.Tests.ProviderEndpointSecurityTests.Loopback_http_and_remote_https_are_allowed(endpoint: &quot;http://localhost:11434/v1&quot;)" computerName="5f26f397bc73" duration="00:00:00.0002028" startTime="2026-10-04T10:08:43.8689375+00:00" endTime="2026-10-04T10:08:43.8689732+00:00" testType="13cdc9d9-ddb5-4fa4-a97d-d965ccfc6d4b" outcome="Passed" testListId="8c84fa94-04c1-424b-9868-57a2d4851a1d" relativeResultsDirectory="ec655d5d-087f-4369-aafd-83848afc12ef" />
    <UnitTestResult executionId="7d8e5101-3b1c-4426-8141-b3e177937826" testId="8f1437f5-fca6-532b-285b-448ed8b71769" testName="Haven.Infrastructure.Tests.ProviderEndpointSecurityTests.Remote_or_invalid_insecure_endpoints_are_rejected_at_transport_boundary(endpoint: &quot;http://example.com/v1&quot;)" computerName="5f26f397bc73" duration="00:00:00.0000363" startTime="2026-10-04T10:08:43.7978460+00:00" endTime="2026-10-04T10:08:43.7978923+00:00" testType="13cdc9d9-ddb5-4fa4-a97d-d965ccfc6d4b" outcome="Passed" testListId="8c84fa94-04c1-424b-9868-57a2d4851a1d" relativeResultsDirectory="7d8e5101-3b1c-4426-8141-b3e177937826" />
    <UnitTestResult executionId="90bd0b1b-90ec-4bbc-adf2-fdc094b31dd9" testId="35a5bf44-518c-829b-4965-048c0e7c17f8" testName="Haven.Infrastructure.Tests.CloudflareWorkersAiMetadataTests.Other_endpoints_keep_original_OpenAI_discovery(endpoint: &quot;https://api.cloudflare.com.evil.example/client/v4/&quot;···)" computerName="5f26f397bc73" duration="00:00:00.0000598" startTime="2026-10-04T10:08:43.7970271+00:00" endTime="2026-10-04T10:08:43.7970686+00:00" testType="13cdc9d9-ddb5-4fa4-a97d-d965ccfc6d4b" outcome="Passed" testListId="8c84fa94-04c1-424b-9868-57a2d4851a1d" relativeResultsDirectory="90bd0b1b-90ec-4bbc-adf2-fdc094b31dd9" />
  </Results>
  <TestDefinitions>
    <UnitTest name="Haven.Infrastructure.Tests.CloudflareWorkersAiMetadataTests.Other_endpoints_keep_original_OpenAI_discovery(endpoint: &quot;https://api.cloudflare.com.evil.example/client/v4/&quot;···)" storage="/workspace/team-c/evidence/c6/ai-65f/artifacts/bin/c5.provider.tests/release/haven.infrastructure.tests.dll" id="35a5bf44-518c-829b-4965-048c0e7c17f8">
      <Execution id="90bd0b1b-90ec-4bbc-adf2-fdc094b31dd9" />
      <TestMethod codeBase="/workspace/team-c/evidence/c6/ai-65f/artifacts/bin/C5.Provider.Tests/release/Haven.Infrastructure.Tests.dll" adapterTypeName="executor://xunit/VsTestRunner3/netcore/" className="Haven.Infrastructure.Tests.CloudflareWorkersAiMetadataTests" name="Other_endpoints_keep_original_OpenAI_discovery" />
    </UnitTest>
    <UnitTest name="Haven.Infrastructure.Tests.CloudflareWorkersAiMetadataTests.Other_endpoints_keep_original_OpenAI_discovery(endpoint: &quot;https://api.cloudflare.com:8443/client/v4/accounts&quot;···)" storage="/workspace/team-c/evidence/c6/ai-65f/artifacts/bin/c5.provider.tests/release/haven.infrastructure.tests.dll" id="f8796df5-de92-6426-81ca-ea14910ca1d0">
      <Execution id="511b114a-ea2e-47ad-b8dc-b2086185e062" />
      <TestMethod codeBase="/workspace/team-c/evidence/c6/ai-65f/artifacts/bin/C5.Provider.Tests/release/Haven.Infrastructure.Tests.dll" adapterTypeName="executor://xunit/VsTestRunner3/netcore/" className="Haven.Infrastructure.Tests.CloudflareWorkersAiMetadataTests" name="Other_endpoints_keep_original_OpenAI_discovery" />
    </UnitTest>
    <UnitTest name="Haven.Infrastructure.Tests.ProviderEndpointSecurityTests.Actual_pinned_transport_does_not_follow_redirect_to_another_origin" storage="/workspace/team-c/evidence/c6/ai-65f/artifacts/bin/c5.provider.tests/release/haven.infrastructure.tests.dll" id="eeba2120-7767-350c-feea-0f89218ad84b">
      <Execution id="1058465c-7225-404b-8f6c-eb21cf009a4d" />
      <TestMethod codeBase="/workspace/team-c/evidence/c6/ai-65f/artifacts/bin/C5.Provider.Tests/release/Haven.Infrastructure.Tests.dll" adapterTypeName="executor://xunit/VsTestRunner3/netcore/" className="Haven.Infrastructure.Tests.ProviderEndpointSecurityTests" name="Actual_pinned_transport_does_not_follow_redirect_to_another_origin" />
    </UnitTest>
    <UnitTest name="Haven.Infrastructure.Tests.CloudflareWorkersAiMetadataTests.Oversized_provider_page_refuses_catalogue_and_health_without_followup_requests" storage="/workspace/team-c/evidence/c6/ai-65f/artifacts/bin/c5.provider.tests/release/haven.infrastructure.tests.dll" id="0a844c25-5a6a-1282-4e15-124d0f3a3c59">
      <Execution id="69ac7bef-d325-4d06-8b77-d8380ab85289" />
      <TestMethod codeBase="/workspace/team-c/evidence/c6/ai-65f/artifacts/bin/C5.Provider.Tests/release/Haven.Infrastructure.Tests.dll" adapterTypeName="executor://xunit/VsTestRunner3/netcore/" className="Haven.Infrastructure.Tests.CloudflareWorkersAiMetadataTests" name="Oversized_provider_page_refuses_catalogue_and_health_without_followup_requests" />
    </UnitTest>
    <UnitTest name="Haven.Infrastructure.Tests.CloudflareWorkersAiMetadataTests.Unconfirmed_or_invalid_native_catalogue_is_not_healthy(body: &quot;{\&quot;success\&quot;:false,\&quot;result\&quot;:[]}&quot;)" storage="/workspace/team-c/evidence/c6/ai-65f/artifacts/bin/c5.provider.tests/release/haven.infrastructure.tests.dll" id="bed9f673-a86d-0bca-6e35-d8c925f7bf59">
      <Execution id="e748adcb-2d55-463e-be21-78463d8569b0" />
      <TestMethod codeBase="/workspace/team-c/evidence/c6/ai-65f/artifacts/bin/C5.Provider.Tests/release/Haven.Infrastructure.Tests.dll" adapterTypeName="executor://xunit/VsTestRunner3/netcore/" className="Haven.Infrastructure.Tests.CloudflareWorkersAiMetadataTests" name="Unconfirmed_or_invalid_native_catalogue_is_not_healthy" />
    </UnitTest>
    <UnitTest name="Haven.Infrastructure.Tests.ProviderEndpointSecurityTests.Loopback_http_and_remote_https_are_allowed(endpoint: &quot;http://localhost:11434/v1&quot;)" storage="/workspace/team-c/evidence/c6/ai-65f/artifacts/bin/c5.provider.tests/release/haven.infrastructure.tests.dll" id="e05b734c-e889-ce0e-7a04-b58992a52f1e">
      <Execution id="ec655d5d-087f-4369-aafd-83848afc12ef" />
      <TestMethod codeBase="/workspace/team-c/evidence/c6/ai-65f/artifacts/bin/C5.Provider.Tests/release/Haven.Infrastructure.Tests.dll" adapterTypeName="executor://xunit/VsTestRunner3/netcore/" className="Haven.Infrastructure.Tests.ProviderEndpointSecurityTests" name="Loopback_http_and_remote_https_are_allowed" />
    </UnitTest>
    <UnitTest name="Haven.Infrastructure.Tests.ProviderEndpointSecurityTests.Remote_or_invalid_insecure_endpoints_are_rejected_at_transport_boundary(endpoint: &quot;relative/path&quot;)" storage="/workspace/team-c/evidence/c6/ai-65f/artifacts/bin/c5.provider.tests/release/haven.infrastructure.tests.dll" id="35dc5252-4bfb-8201-3c8e-a1bbcf89a146">
      <Execution id="2b23b8e4-7f47-418c-93aa-052ca67eea3e" />
      <TestMethod codeBase="/workspace/team-c/evidence/c6/ai-65f/artifacts/bin/C5.Provider.Tests/release/Haven.Infrastructure.Tests.dll" adapterTypeName="executor://xunit/VsTestRunner3/netcore/" className="Haven.Infrastructure.Tests.ProviderEndpointSecurityTests" name="Remote_or_invalid_insecure_endpoints_are_rejected_at_transport_boundary" />
    </UnitTest>
    <UnitTest name="Haven.Infrastructure.Tests.CloudflareWorkersAiMetadataTests.Other_endpoints_keep_original_OpenAI_discovery(endpoint: &quot;https://api.cloudflare.com/client/v4/accounts/8aea&quot;···)" storage="/workspace/team-c/evidence/c6/ai-65f/artifacts/bin/c5.provider.tests/release/haven.infrastructure.tests.dll" id="b052d823-33dd-7b07-03ec-b532efd767a2">
      <Execution id="cbf0761b-98ae-45c6-b3f1-ae87800b9729" />
      <TestMethod codeBase="/workspace/team-c/evidence/c6/ai-65f/artifacts/bin/C5.Provider.Tests/release/Haven.Infrastructure.Tests.dll" adapterTypeName="executor://xunit/VsTestRunner3/netcore/" className="Haven.Infrastructure.Tests.CloudflareWorkersAiMetadataTests" name="Other_endpoints_keep_original_OpenAI_discovery" />
    </UnitTest>
    <UnitTest name="Haven.Infrastructure.Tests.ProviderEndpointSecurityTests.Ollama_locality_uses_actual_transport_not_configuration_claim(endpoint: &quot;http://localhost:11434/&quot;, expected: True)" storage="/workspace/team-c/evidence/c6/ai-65f/artifacts/bin/c5.provider.tests/release/haven.infrastructure.tests.dll" id="904c5f86-634b-3fef-4a0e-76f14e224a9d">
      <Execution id="14c1ba23-7baa-461a-8d7c-dc5e44731de6" />
      <TestMethod codeBase="/workspace/team-c/evidence/c6/ai-65f/artifacts/bin/C5.Provider.Tests/release/Haven.Infrastructure.Tests.dll" adapterTypeName="executor://xunit/VsTestRunner3/netcore/" className="Haven.Infrastructure.Tests.ProviderEndpointSecurityTests" name="Ollama_locality_uses_actual_transport_not_configuration_claim" />
    </UnitTest>
    <UnitTest name="Haven.Infrastructure.Tests.ProviderEndpointSecurityTests.Loopback_http_and_remote_https_are_allowed(endpoint: &quot;http://127.0.0.1:11434/v1&quot;)" storage="/workspace/team-c/evidence/c6/ai-65f/artifacts/bin/c5.provider.tests/release/haven.infrastructure.tests.dll" id="bb8f0037-4198-ff0b-bc66-27e39392a94a">
      <Execution id="966dd436-a77c-4e7d-af34-47cc34e79df4" />
      <TestMethod codeBase="/workspace/team-c/evidence/c6/ai-65f/artifacts/bin/C5.Provider.Tests/release/Haven.Infrastructure.Tests.dll" adapterTypeName="executor://xunit/VsTestRunner3/netcore/" className="Haven.Infrastructure.Tests.ProviderEndpointSecurityTests" name="Loopback_http_and_remote_https_are_allowed" />
    </UnitTest>
    <UnitTest name="Haven.Infrastructure.Tests.ProviderEndpointSecurityTests.Ollama_locality_uses_actual_transport_not_configuration_claim(endpoint: &quot;http://127.0.0.1.remote.example/&quot;, expected: False)" storage="/workspace/team-c/evidence/c6/ai-65f/artifacts/bin/c5.provider.tests/release/haven.infrastructure.tests.dll" id="57a88364-bef0-1e3d-c538-3b4c6c5c98a4">
      <Execution id="4632b052-0c3a-41ec-9d7d-acfdea2fac45" />
      <TestMethod codeBase="/workspace/team-c/evidence/c6/ai-65f/artifacts/bin/C5.Provider.Tests/release/Haven.Infrastructure.Tests.dll" adapterTypeName="executor://xunit/VsTestRunner3/netcore/" className="Haven.Infrastructure.Tests.ProviderEndpointSecurityTests" name="Ollama_locality_uses_actual_transport_not_configuration_claim" />
    </UnitTest>
    <UnitTest name="Haven.Infrastructure.Tests.ProviderEndpointSecurityTests.Ollama_locality_uses_actual_transport_not_configuration_claim(endpoint: &quot;http://user@localhost/&quot;, expected: False)" storage="/workspace/team-c/evidence/c6/ai-65f/artifacts/bin/c5.provider.tests/release/haven.infrastructure.tests.dll" id="170cb053-21bb-9f93-2bbd-3f941b4e4481">
      <Execution id="3ed3f3d3-6c5f-40ab-a870-5d19f98d2dd4" />
      <TestMethod codeBase="/workspace/team-c/evidence/c6/ai-65f/artifacts/bin/C5.Provider.Tests/release/Haven.Infrastructure.Tests.dll" adapterTypeName="executor://xunit/VsTestRunner3/netcore/" className="Haven.Infrastructure.Tests.ProviderEndpointSecurityTests" name="Ollama_locality_uses_actual_transport_not_configuration_claim" />
    </UnitTest>
    <UnitTest name="Haven.Infrastructure.Tests.CloudflareWorkersAiMetadataTests.Actual_catalogue_preserves_provider_model_identity_and_context_without_granting_capabilities" storage="/workspace/team-c/evidence/c6/ai-65f/artifacts/bin/c5.provider.tests/release/haven.infrastructure.tests.dll" id="4c7c7c06-0136-bdc9-9307-5211705a8142">
      <Execution id="e412296d-8e3c-4b12-ba37-4b2bc286e862" />
      <TestMethod codeBase="/workspace/team-c/evidence/c6/ai-65f/artifacts/bin/C5.Provider.Tests/release/Haven.Infrastructure.Tests.dll" adapterTypeName="executor://xunit/VsTestRunner3/netcore/" className="Haven.Infrastructure.Tests.CloudflareWorkersAiMetadataTests" name="Actual_catalogue_preserves_provider_model_identity_and_context_without_granting_capabilities" />
    </UnitTest>
    <UnitTest name="Haven.Infrastructure.Tests.CloudflareWorkersAiMetadataTests.Cancellation_and_disabled_configuration_prevent_transport" storage="/workspace/team-c/evidence/c6/ai-65f/artifacts/bin/c5.provider.tests/release/haven.infrastructure.tests.dll" id="175386e2-baa8-460e-767e-8767cbc467cc">
      <Execution id="0e6d1263-0966-40f1-a015-eaf4b3a335cb" />
      <TestMethod codeBase="/workspace/team-c/evidence/c6/ai-65f/artifacts/bin/C5.Provider.Tests/release/Haven.Infrastructure.Tests.dll" adapterTypeName="executor://xunit/VsTestRunner3/netcore/" className="Haven.Infrastructure.Tests.CloudflareWorkersAiMetadataTests" name="Cancellation_and_disabled_configuration_prevent_transport" />
    </UnitTest>
    <UnitTest name="Haven.Infrastructure.Tests.ProviderEndpointSecurityTests.Remote_or_invalid_insecure_endpoints_are_rejected_at_transport_boundary(endpoint: &quot;ftp://example.com/v1&quot;)" storage="/workspace/team-c/evidence/c6/ai-65f/artifacts/bin/c5.provider.tests/release/haven.infrastructure.tests.dll" id="8dc242f4-b062-83cc-f027-9ce8733633d2">
      <Execution id="cb12ed4d-e408-4444-962c-833c6a6cc654" />
      <TestMethod codeBase="/workspace/team-c/evidence/c6/ai-65f/artifacts/bin/C5.Provider.Tests/release/Haven.Infrastructure.Tests.dll" adapterTypeName="executor://xunit/VsTestRunner3/netcore/" className="Haven.Infrastructure.Tests.ProviderEndpointSecurityTests" name="Remote_or_invalid_insecure_endpoints_are_rejected_at_transport_boundary" />
    </UnitTest>
    <UnitTest name="Haven.Infrastructure.Tests.ProviderEndpointSecurityTests.Loopback_http_and_remote_https_are_allowed(endpoint: &quot;https://example.com/v1&quot;)" storage="/workspace/team-c/evidence/c6/ai-65f/artifacts/bin/c5.provider.tests/release/haven.infrastructure.tests.dll" id="ddedfb6a-6e96-dcb4-a16e-0c72d0777496">
      <Execution id="f8bd3667-07e5-422b-b6d5-5ddf060c84e2" />
      <TestMethod codeBase="/workspace/team-c/evidence/c6/ai-65f/artifacts/bin/C5.Provider.Tests/release/Haven.Infrastructure.Tests.dll" adapterTypeName="executor://xunit/VsTestRunner3/netcore/" className="Haven.Infrastructure.Tests.ProviderEndpointSecurityTests" name="Loopback_http_and_remote_https_are_allowed" />
    </UnitTest>
    <UnitTest name="Haven.Infrastructure.Tests.CloudflareWorkersAiMetadataTests.Pagination_uses_actual_page_length_and_deduplicates_stable_names" storage="/workspace/team-c/evidence/c6/ai-65f/artifacts/bin/c5.provider.tests/release/haven.infrastructure.tests.dll" id="25bac481-3fe8-2866-eea1-607e99067f6c">
      <Execution id="ea9ecc8a-9514-4c19-9244-a9bea7f5ca80" />
      <TestMethod codeBase="/workspace/team-c/evidence/c6/ai-65f/artifacts/bin/C5.Provider.Tests/release/Haven.Infrastructure.Tests.dll" adapterTypeName="executor://xunit/VsTestRunner3/netcore/" className="Haven.Infrastructure.Tests.CloudflareWorkersAiMetadataTests" name="Pagination_uses_actual_page_length_and_deduplicates_stable_names" />
    </UnitTest>
    <UnitTest name="Haven.Infrastructure.Tests.ProviderEndpointSecurityTests.Remote_or_invalid_insecure_endpoints_are_rejected_at_transport_boundary(endpoint: &quot;http://example.com/v1&quot;)" storage="/workspace/team-c/evidence/c6/ai-65f/artifacts/bin/c5.provider.tests/release/haven.infrastructure.tests.dll" id="8f1437f5-fca6-532b-285b-448ed8b71769">
      <Execution id="7d8e5101-3b1c-4426-8141-b3e177937826" />
      <TestMethod codeBase="/workspace/team-c/evidence/c6/ai-65f/artifacts/bin/C5.Provider.Tests/release/Haven.Infrastructure.Tests.dll" adapterTypeName="executor://xunit/VsTestRunner3/netcore/" className="Haven.Infrastructure.Tests.ProviderEndpointSecurityTests" name="Remote_or_invalid_insecure_endpoints_are_rejected_at_transport_boundary" />
    </UnitTest>
    <UnitTest name="Haven.Infrastructure.Tests.CloudflareWorkersAiMetadataTests.Actual_catalogue_health_is_read_only_metadata_not_inference" storage="/workspace/team-c/evidence/c6/ai-65f/artifacts/bin/c5.provider.tests/release/haven.infrastructure.tests.dll" id="1748c40a-e81a-0299-cd55-04980450e1ad">
      <Execution id="565d425d-ed22-429f-83ac-b021b972d4b3" />
      <TestMethod codeBase="/workspace/team-c/evidence/c6/ai-65f/artifacts/bin/C5.Provider.Tests/release/Haven.Infrastructure.Tests.dll" adapterTypeName="executor://xunit/VsTestRunner3/netcore/" className="Haven.Infrastructure.Tests.CloudflareWorkersAiMetadataTests" name="Actual_catalogue_health_is_read_only_metadata_not_inference" />
    </UnitTest>
    <UnitTest name="Haven.Infrastructure.Tests.CloudflareWorkersAiMetadataTests.Unconfirmed_or_invalid_native_catalogue_is_not_healthy(body: &quot;{\&quot;success\&quot;:true,\&quot;result\&quot;:[{\&quot;id\&quot;:\&quot;wrong-iden&quot;···)" storage="/workspace/team-c/evidence/c6/ai-65f/artifacts/bin/c5.provider.tests/release/haven.infrastructure.tests.dll" id="fc507b57-58e7-65ca-0217-cbe6d3f6f155">
      <Execution id="64e16101-ebbc-4ce7-a1ed-50f27629a77a" />
      <TestMethod codeBase="/workspace/team-c/evidence/c6/ai-65f/artifacts/bin/C5.Provider.Tests/release/Haven.Infrastructure.Tests.dll" adapterTypeName="executor://xunit/VsTestRunner3/netcore/" className="Haven.Infrastructure.Tests.CloudflareWorkersAiMetadataTests" name="Unconfirmed_or_invalid_native_catalogue_is_not_healthy" />
    </UnitTest>
    <UnitTest name="Haven.Infrastructure.Tests.ProviderEndpointSecurityTests.Ollama_locality_uses_actual_transport_not_configuration_claim(endpoint: &quot;http://127.0.0.1:11434/&quot;, expected: True)" storage="/workspace/team-c/evidence/c6/ai-65f/artifacts/bin/c5.provider.tests/release/haven.infrastructure.tests.dll" id="7c4b0acb-b79f-aafc-a154-67741c5decf2">
      <Execution id="67a13522-b6f5-4919-a296-adf6b82ba48f" />
      <TestMethod codeBase="/workspace/team-c/evidence/c6/ai-65f/artifacts/bin/C5.Provider.Tests/release/Haven.Infrastructure.Tests.dll" adapterTypeName="executor://xunit/VsTestRunner3/netcore/" className="Haven.Infrastructure.Tests.ProviderEndpointSecurityTests" name="Ollama_locality_uses_actual_transport_not_configuration_claim" />
    </UnitTest>
    <UnitTest name="Haven.Infrastructure.Tests.ProviderEndpointSecurityTests.Ollama_locality_uses_actual_transport_not_configuration_claim(endpoint: &quot;http://[::1]:11434/&quot;, expected: True)" storage="/workspace/team-c/evidence/c6/ai-65f/artifacts/bin/c5.provider.tests/release/haven.infrastructure.tests.dll" id="28c4ad3d-ba46-9f33-623a-11fd0812596b">
      <Execution id="476106bc-9efc-4a85-97ba-0877ea61592f" />
      <TestMethod codeBase="/workspace/team-c/evidence/c6/ai-65f/artifacts/bin/C5.Provider.Tests/release/Haven.Infrastructure.Tests.dll" adapterTypeName="executor://xunit/VsTestRunner3/netcore/" className="Haven.Infrastructure.Tests.ProviderEndpointSecurityTests" name="Ollama_locality_uses_actual_transport_not_configuration_claim" />
    </UnitTest>
    <UnitTest name="Haven.Infrastructure.Tests.CloudflareWorkersAiMetadataTests.Unconfirmed_or_invalid_native_catalogue_is_not_healthy(body: &quot;{\&quot;success\&quot;:true,\&quot;result\&quot;:{}}&quot;)" storage="/workspace/team-c/evidence/c6/ai-65f/artifacts/bin/c5.provider.tests/release/haven.infrastructure.tests.dll" id="d611cc4e-3ebb-128c-2bc1-b66de244620d">
      <Execution id="c65ea6de-c7e9-4e64-8526-278f3a2eb3cc" />
      <TestMethod codeBase="/workspace/team-c/evidence/c6/ai-65f/artifacts/bin/C5.Provider.Tests/release/Haven.Infrastructure.Tests.dll" adapterTypeName="executor://xunit/VsTestRunner3/netcore/" className="Haven.Infrastructure.Tests.CloudflareWorkersAiMetadataTests" name="Unconfirmed_or_invalid_native_catalogue_is_not_healthy" />
    </UnitTest>
    <UnitTest name="Haven.Infrastructure.Tests.CloudflareWorkersAiMetadataTests.Repeated_full_pages_refuse_partial_catalogue_at_bound" storage="/workspace/team-c/evidence/c6/ai-65f/artifacts/bin/c5.provider.tests/release/haven.infrastructure.tests.dll" id="35e59432-3bb6-2ac3-4d9f-6b81b2f0a43e">
      <Execution id="e94c6bb5-765c-4896-a4cb-108a3b2b575b" />
      <TestMethod codeBase="/workspace/team-c/evidence/c6/ai-65f/artifacts/bin/C5.Provider.Tests/release/Haven.Infrastructure.Tests.dll" adapterTypeName="executor://xunit/VsTestRunner3/netcore/" className="Haven.Infrastructure.Tests.CloudflareWorkersAiMetadataTests" name="Repeated_full_pages_refuse_partial_catalogue_at_bound" />
    </UnitTest>
    <UnitTest name="Haven.Infrastructure.Tests.CloudflareWorkersAiMetadataTests.HTTP_denial_and_malformed_JSON_do_not_become_healthy" storage="/workspace/team-c/evidence/c6/ai-65f/artifacts/bin/c5.provider.tests/release/haven.infrastructure.tests.dll" id="35ad3dc5-747e-c365-b7bc-38f3fd3a8c9e">
      <Execution id="b2ded798-8f79-49d8-91e6-42d283706210" />
      <TestMethod codeBase="/workspace/team-c/evidence/c6/ai-65f/artifacts/bin/C5.Provider.Tests/release/Haven.Infrastructure.Tests.dll" adapterTypeName="executor://xunit/VsTestRunner3/netcore/" className="Haven.Infrastructure.Tests.CloudflareWorkersAiMetadataTests" name="HTTP_denial_and_malformed_JSON_do_not_become_healthy" />
    </UnitTest>
    <UnitTest name="Haven.Infrastructure.Tests.CloudflareWorkersAiMetadataTests.Unconfirmed_or_invalid_native_catalogue_is_not_healthy(body: &quot;{\&quot;data\&quot;:[]}&quot;)" storage="/workspace/team-c/evidence/c6/ai-65f/artifacts/bin/c5.provider.tests/release/haven.infrastructure.tests.dll" id="97c29b79-f14b-e3e3-6836-3eebb7afc808">
      <Execution id="c37c1a6a-e131-458e-b3a5-cb44e7e3ff7e" />
      <TestMethod codeBase="/workspace/team-c/evidence/c6/ai-65f/artifacts/bin/C5.Provider.Tests/release/Haven.Infrastructure.Tests.dll" adapterTypeName="executor://xunit/VsTestRunner3/netcore/" className="Haven.Infrastructure.Tests.CloudflareWorkersAiMetadataTests" name="Unconfirmed_or_invalid_native_catalogue_is_not_healthy" />
    </UnitTest>
    <UnitTest name="Haven.Infrastructure.Tests.ProviderEndpointSecurityTests.Ollama_locality_uses_actual_transport_not_configuration_claim(endpoint: &quot;https://remote.example/&quot;, expected: False)" storage="/workspace/team-c/evidence/c6/ai-65f/artifacts/bin/c5.provider.tests/release/haven.infrastructure.tests.dll" id="a6b593bb-c806-aa51-69aa-b581196a616b">
      <Execution id="d014f238-0eb7-4f30-b43f-e2e84c99e7b8" />
      <TestMethod codeBase="/workspace/team-c/evidence/c6/ai-65f/artifacts/bin/C5.Provider.Tests/release/Haven.Infrastructure.Tests.dll" adapterTypeName="executor://xunit/VsTestRunner3/netcore/" className="Haven.Infrastructure.Tests.ProviderEndpointSecurityTests" name="Ollama_locality_uses_actual_transport_not_configuration_claim" />
    </UnitTest>
    <UnitTest name="Haven.Infrastructure.Tests.CloudflareWorkersAiMetadataTests.Other_endpoints_keep_original_OpenAI_discovery(endpoint: &quot;https://example.com/client/v4/accounts/8aea00ca3c4&quot;···)" storage="/workspace/team-c/evidence/c6/ai-65f/artifacts/bin/c5.provider.tests/release/haven.infrastructure.tests.dll" id="76cabdee-9976-acb3-f371-4592c022221c">
      <Execution id="8e717659-52bf-4416-9122-e2a81c7e6831" />
      <TestMethod codeBase="/workspace/team-c/evidence/c6/ai-65f/artifacts/bin/C5.Provider.Tests/release/Haven.Infrastructure.Tests.dll" adapterTypeName="executor://xunit/VsTestRunner3/netcore/" className="Haven.Infrastructure.Tests.CloudflareWorkersAiMetadataTests" name="Other_endpoints_keep_original_OpenAI_discovery" />
    </UnitTest>
    <UnitTest name="Haven.Infrastructure.Tests.CloudflareWorkersAiMetadataTests.Other_endpoints_keep_original_OpenAI_discovery(endpoint: &quot;https://api.cloudflare.com/client/v4/accounts/8aea&quot;···)" storage="/workspace/team-c/evidence/c6/ai-65f/artifacts/bin/c5.provider.tests/release/haven.infrastructure.tests.dll" id="7a945f43-8095-c204-de12-c316b4ef5aa0">
      <Execution id="fdadaf42-4ed3-4915-9964-8be9da317bf5" />
      <TestMethod codeBase="/workspace/team-c/evidence/c6/ai-65f/artifacts/bin/C5.Provider.Tests/release/Haven.Infrastructure.Tests.dll" adapterTypeName="executor://xunit/VsTestRunner3/netcore/" className="Haven.Infrastructure.Tests.CloudflareWorkersAiMetadataTests" name="Other_endpoints_keep_original_OpenAI_discovery" />
    </UnitTest>
    <UnitTest name="Haven.Infrastructure.Tests.CloudflareWorkersAiMetadataTests.Unknown_context_is_not_fabricated_and_price_does_not_grant_routing_capabilities" storage="/workspace/team-c/evidence/c6/ai-65f/artifacts/bin/c5.provider.tests/release/haven.infrastructure.tests.dll" id="f59dfa84-3913-8474-ce79-c63a561a03a7">
      <Execution id="c354b2eb-66fa-491e-bf03-779be02b1f1a" />
      <TestMethod codeBase="/workspace/team-c/evidence/c6/ai-65f/artifacts/bin/C5.Provider.Tests/release/Haven.Infrastructure.Tests.dll" adapterTypeName="executor://xunit/VsTestRunner3/netcore/" className="Haven.Infrastructure.Tests.CloudflareWorkersAiMetadataTests" name="Unknown_context_is_not_fabricated_and_price_does_not_grant_routing_capabilities" />
    </UnitTest>
    <UnitTest name="Haven.Infrastructure.Tests.CloudflareWorkersAiMetadataTests.Other_endpoints_keep_original_OpenAI_discovery(endpoint: &quot;https://api.cloudflare.com/client/v4/accounts/not-&quot;···)" storage="/workspace/team-c/evidence/c6/ai-65f/artifacts/bin/c5.provider.tests/release/haven.infrastructure.tests.dll" id="2f007757-0eab-622c-818b-8111983dc6e7">
      <Execution id="d161bbfc-edd5-42cd-8916-5e919a3304cd" />
      <TestMethod codeBase="/workspace/team-c/evidence/c6/ai-65f/artifacts/bin/C5.Provider.Tests/release/Haven.Infrastructure.Tests.dll" adapterTypeName="executor://xunit/VsTestRunner3/netcore/" className="Haven.Infrastructure.Tests.CloudflareWorkersAiMetadataTests" name="Other_endpoints_keep_original_OpenAI_discovery" />
    </UnitTest>
    <UnitTest name="Haven.Infrastructure.Tests.ProviderEndpointSecurityTests.Ollama_locality_uses_actual_transport_not_configuration_claim(endpoint: &quot;ftp://localhost/&quot;, expected: False)" storage="/workspace/team-c/evidence/c6/ai-65f/artifacts/bin/c5.provider.tests/release/haven.infrastructure.tests.dll" id="41170caf-cd4f-4e48-f558-14cc022db2ca">
      <Execution id="628bee36-95c5-42db-b3cf-6b55a91c70c2" />
      <TestMethod codeBase="/workspace/team-c/evidence/c6/ai-65f/artifacts/bin/C5.Provider.Tests/release/Haven.Infrastructure.Tests.dll" adapterTypeName="executor://xunit/VsTestRunner3/netcore/" className="Haven.Infrastructure.Tests.ProviderEndpointSecurityTests" name="Ollama_locality_uses_actual_transport_not_configuration_claim" />
    </UnitTest>
  </TestDefinitions>
  <TestEntries>
    <TestEntry testId="175386e2-baa8-460e-767e-8767cbc467cc" executionId="0e6d1263-0966-40f1-a015-eaf4b3a335cb" testListId="8c84fa94-04c1-424b-9868-57a2d4851a1d" />
    <TestEntry testId="41170caf-cd4f-4e48-f558-14cc022db2ca" executionId="628bee36-95c5-42db-b3cf-6b55a91c70c2" testListId="8c84fa94-04c1-424b-9868-57a2d4851a1d" />
    <TestEntry testId="25bac481-3fe8-2866-eea1-607e99067f6c" executionId="ea9ecc8a-9514-4c19-9244-a9bea7f5ca80" testListId="8c84fa94-04c1-424b-9868-57a2d4851a1d" />
    <TestEntry testId="904c5f86-634b-3fef-4a0e-76f14e224a9d" executionId="14c1ba23-7baa-461a-8d7c-dc5e44731de6" testListId="8c84fa94-04c1-424b-9868-57a2d4851a1d" />
    <TestEntry testId="7c4b0acb-b79f-aafc-a154-67741c5decf2" executionId="67a13522-b6f5-4919-a296-adf6b82ba48f" testListId="8c84fa94-04c1-424b-9868-57a2d4851a1d" />
    <TestEntry testId="2f007757-0eab-622c-818b-8111983dc6e7" executionId="d161bbfc-edd5-42cd-8916-5e919a3304cd" testListId="8c84fa94-04c1-424b-9868-57a2d4851a1d" />
    <TestEntry testId="d611cc4e-3ebb-128c-2bc1-b66de244620d" executionId="c65ea6de-c7e9-4e64-8526-278f3a2eb3cc" testListId="8c84fa94-04c1-424b-9868-57a2d4851a1d" />
    <TestEntry testId="bb8f0037-4198-ff0b-bc66-27e39392a94a" executionId="966dd436-a77c-4e7d-af34-47cc34e79df4" testListId="8c84fa94-04c1-424b-9868-57a2d4851a1d" />
    <TestEntry testId="8dc242f4-b062-83cc-f027-9ce8733633d2" executionId="cb12ed4d-e408-4444-962c-833c6a6cc654" testListId="8c84fa94-04c1-424b-9868-57a2d4851a1d" />
    <TestEntry testId="170cb053-21bb-9f93-2bbd-3f941b4e4481" executionId="3ed3f3d3-6c5f-40ab-a870-5d19f98d2dd4" testListId="8c84fa94-04c1-424b-9868-57a2d4851a1d" />
    <TestEntry testId="28c4ad3d-ba46-9f33-623a-11fd0812596b" executionId="476106bc-9efc-4a85-97ba-0877ea61592f" testListId="8c84fa94-04c1-424b-9868-57a2d4851a1d" />
    <TestEntry testId="0a844c25-5a6a-1282-4e15-124d0f3a3c59" executionId="69ac7bef-d325-4d06-8b77-d8380ab85289" testListId="8c84fa94-04c1-424b-9868-57a2d4851a1d" />
    <TestEntry testId="76cabdee-9976-acb3-f371-4592c022221c" executionId="8e717659-52bf-4416-9122-e2a81c7e6831" testListId="8c84fa94-04c1-424b-9868-57a2d4851a1d" />
    <TestEntry testId="57a88364-bef0-1e3d-c538-3b4c6c5c98a4" executionId="4632b052-0c3a-41ec-9d7d-acfdea2fac45" testListId="8c84fa94-04c1-424b-9868-57a2d4851a1d" />
    <TestEntry testId="ddedfb6a-6e96-dcb4-a16e-0c72d0777496" executionId="f8bd3667-07e5-422b-b6d5-5ddf060c84e2" testListId="8c84fa94-04c1-424b-9868-57a2d4851a1d" />
    <TestEntry testId="a6b593bb-c806-aa51-69aa-b581196a616b" executionId="d014f238-0eb7-4f30-b43f-e2e84c99e7b8" testListId="8c84fa94-04c1-424b-9868-57a2d4851a1d" />
    <TestEntry testId="fc507b57-58e7-65ca-0217-cbe6d3f6f155" executionId="64e16101-ebbc-4ce7-a1ed-50f27629a77a" testListId="8c84fa94-04c1-424b-9868-57a2d4851a1d" />
    <TestEntry testId="f59dfa84-3913-8474-ce79-c63a561a03a7" executionId="c354b2eb-66fa-491e-bf03-779be02b1f1a" testListId="8c84fa94-04c1-424b-9868-57a2d4851a1d" />
    <TestEntry testId="97c29b79-f14b-e3e3-6836-3eebb7afc808" executionId="c37c1a6a-e131-458e-b3a5-cb44e7e3ff7e" testListId="8c84fa94-04c1-424b-9868-57a2d4851a1d" />
    <TestEntry testId="35ad3dc5-747e-c365-b7bc-38f3fd3a8c9e" executionId="b2ded798-8f79-49d8-91e6-42d283706210" testListId="8c84fa94-04c1-424b-9868-57a2d4851a1d" />
    <TestEntry testId="1748c40a-e81a-0299-cd55-04980450e1ad" executionId="565d425d-ed22-429f-83ac-b021b972d4b3" testListId="8c84fa94-04c1-424b-9868-57a2d4851a1d" />
    <TestEntry testId="35e59432-3bb6-2ac3-4d9f-6b81b2f0a43e" executionId="e94c6bb5-765c-4896-a4cb-108a3b2b575b" testListId="8c84fa94-04c1-424b-9868-57a2d4851a1d" />
    <TestEntry testId="7a945f43-8095-c204-de12-c316b4ef5aa0" executionId="fdadaf42-4ed3-4915-9964-8be9da317bf5" testListId="8c84fa94-04c1-424b-9868-57a2d4851a1d" />
    <TestEntry testId="f8796df5-de92-6426-81ca-ea14910ca1d0" executionId="511b114a-ea2e-47ad-b8dc-b2086185e062" testListId="8c84fa94-04c1-424b-9868-57a2d4851a1d" />
    <TestEntry testId="4c7c7c06-0136-bdc9-9307-5211705a8142" executionId="e412296d-8e3c-4b12-ba37-4b2bc286e862" testListId="8c84fa94-04c1-424b-9868-57a2d4851a1d" />
    <TestEntry testId="eeba2120-7767-350c-feea-0f89218ad84b" executionId="1058465c-7225-404b-8f6c-eb21cf009a4d" testListId="8c84fa94-04c1-424b-9868-57a2d4851a1d" />
    <TestEntry testId="35dc5252-4bfb-8201-3c8e-a1bbcf89a146" executionId="2b23b8e4-7f47-418c-93aa-052ca67eea3e" testListId="8c84fa94-04c1-424b-9868-57a2d4851a1d" />
    <TestEntry testId="bed9f673-a86d-0bca-6e35-d8c925f7bf59" executionId="e748adcb-2d55-463e-be21-78463d8569b0" testListId="8c84fa94-04c1-424b-9868-57a2d4851a1d" />
    <TestEntry testId="b052d823-33dd-7b07-03ec-b532efd767a2" executionId="cbf0761b-98ae-45c6-b3f1-ae87800b9729" testListId="8c84fa94-04c1-424b-9868-57a2d4851a1d" />
    <TestEntry testId="e05b734c-e889-ce0e-7a04-b58992a52f1e" executionId="ec655d5d-087f-4369-aafd-83848afc12ef" testListId="8c84fa94-04c1-424b-9868-57a2d4851a1d" />
    <TestEntry testId="8f1437f5-fca6-532b-285b-448ed8b71769" executionId="7d8e5101-3b1c-4426-8141-b3e177937826" testListId="8c84fa94-04c1-424b-9868-57a2d4851a1d" />
    <TestEntry testId="35a5bf44-518c-829b-4965-048c0e7c17f8" executionId="90bd0b1b-90ec-4bbc-adf2-fdc094b31dd9" testListId="8c84fa94-04c1-424b-9868-57a2d4851a1d" />
  </TestEntries>
  <TestLists>
    <TestList name="Results Not in a List" id="8c84fa94-04c1-424b-9868-57a2d4851a1d" />
    <TestList name="All Loaded Results" id="19431567-8539-422a-85d7-44ee4e166bda" />
  </TestLists>
  <ResultSummary outcome="Completed">
    <Counters total="32" executed="32" passed="32" failed="0" error="0" timeout="0" aborted="0" inconclusive="0" passedButRunAborted="0" notRunnable="0" notExecuted="0" disconnected="0" warning="0" completed="0" inProgress="0" pending="0" />
    <Output>
      <StdOut>[xUnit.net 00:00:00.00] xUnit.net VSTest Adapter v3.1.5+1b188a7b0a (64-bit .NET 10.0.12)
[xUnit.net 00:00:00.07]   Discovering: Haven.Infrastructure.Tests
[xUnit.net 00:00:00.12]   Discovered:  Haven.Infrastructure.Tests
[xUnit.net 00:00:00.15]   Starting:    Haven.Infrastructure.Tests
[xUnit.net 00:00:00.33]   Finished:    Haven.Infrastructure.Tests
</StdOut>
    </Output>
  </ResultSummary>
</TestRun>