  Determining projects to restore...
  Restored /workspace/team-c/c5-workers-ai-owner-rebase/9to1 Workspace/shared/src/Haven.Core/Haven.Core.csproj (in 72 ms).
  Restored /workspace/team-c/evidence/c6/ai-65f/negative/C5.Provider.Tests.csproj (in 180 ms).
  Haven.Core -> /workspace/team-c/evidence/c6/ai-65f/negative-artifacts/bin/Haven.Core/debug/Haven.Core.dll
  C5.Provider.Tests -> /workspace/team-c/evidence/c6/ai-65f/negative-artifacts/bin/C5.Provider.Tests/debug/C5.Provider.Tests.dll
Test run for /workspace/team-c/evidence/c6/ai-65f/negative-artifacts/bin/C5.Provider.Tests/debug/C5.Provider.Tests.dll (.NETCoreApp,Version=v10.0)
A total of 1 test files matched the specified pattern.
[xUnit.net 00:00:00.26]     Haven.Infrastructure.Tests.CloudflareWorkersAiMetadataTests.Unknown_context_is_not_fabricated_and_price_does_not_grant_routing_capabilities [FAIL]
[xUnit.net 00:00:00.26]     Haven.Infrastructure.Tests.CloudflareWorkersAiMetadataTests.Pagination_uses_actual_page_length_and_deduplicates_stable_names [FAIL]
[xUnit.net 00:00:00.26]     Haven.Infrastructure.Tests.CloudflareWorkersAiMetadataTests.Unconfirmed_or_invalid_native_catalogue_is_not_healthy(body: "{\"data\":[]}") [FAIL]
[xUnit.net 00:00:00.26]     Haven.Infrastructure.Tests.CloudflareWorkersAiMetadataTests.Unconfirmed_or_invalid_native_catalogue_is_not_healthy(body: "{\"success\":false,\"result\":[]}") [FAIL]
[xUnit.net 00:00:00.26]     Haven.Infrastructure.Tests.CloudflareWorkersAiMetadataTests.Unconfirmed_or_invalid_native_catalogue_is_not_healthy(body: "{\"success\":true,\"result\":[{\"id\":\"wrong-iden"···) [FAIL]
[xUnit.net 00:00:00.26]     Haven.Infrastructure.Tests.CloudflareWorkersAiMetadataTests.Unconfirmed_or_invalid_native_catalogue_is_not_healthy(body: "{\"success\":true,\"result\":{}}") [FAIL]
  Failed Haven.Infrastructure.Tests.CloudflareWorkersAiMetadataTests.Unknown_context_is_not_fabricated_and_price_does_not_grant_routing_capabilities [2 ms]
  Error Message:
   Assert.Single() Failure: The collection was empty
  Stack Trace:
     at Haven.Infrastructure.Tests.CloudflareWorkersAiMetadataTests.Unknown_context_is_not_fabricated_and_price_does_not_grant_routing_capabilities() in /workspace/team-c/c5-workers-ai-owner-rebase/9to1 Workspace/shared/tests/Haven.Infrastructure.Tests/CloudflareWorkersAiMetadataTests.cs:line 130
--- End of stack trace from previous location ---
  Failed Haven.Infrastructure.Tests.CloudflareWorkersAiMetadataTests.Pagination_uses_actual_page_length_and_deduplicates_stable_names [28 ms]
  Error Message:
   Assert.Equal() Failure: Values differ
Expected: 100
Actual:   0
  Stack Trace:
     at Haven.Infrastructure.Tests.CloudflareWorkersAiMetadataTests.Pagination_uses_actual_page_length_and_deduplicates_stable_names() in /workspace/team-c/c5-workers-ai-owner-rebase/9to1 Workspace/shared/tests/Haven.Infrastructure.Tests/CloudflareWorkersAiMetadataTests.cs:line 86
--- End of stack trace from previous location ---
  Failed Haven.Infrastructure.Tests.CloudflareWorkersAiMetadataTests.Unconfirmed_or_invalid_native_catalogue_is_not_healthy(body: "{\"data\":[]}") [1 ms]
  Error Message:
   Assert.Throws() Failure: No exception was thrown
Expected: typeof(System.InvalidOperationException)
  Stack Trace:
     at Haven.Infrastructure.Tests.CloudflareWorkersAiMetadataTests.Unconfirmed_or_invalid_native_catalogue_is_not_healthy(String body) in /workspace/team-c/c5-workers-ai-owner-rebase/9to1 Workspace/shared/tests/Haven.Infrastructure.Tests/CloudflareWorkersAiMetadataTests.cs:line 69
--- End of stack trace from previous location ---
  Failed Haven.Infrastructure.Tests.CloudflareWorkersAiMetadataTests.Unconfirmed_or_invalid_native_catalogue_is_not_healthy(body: "{\"success\":false,\"result\":[]}") [< 1 ms]
  Error Message:
   Assert.Throws() Failure: No exception was thrown
Expected: typeof(System.InvalidOperationException)
  Stack Trace:
     at Haven.Infrastructure.Tests.CloudflareWorkersAiMetadataTests.Unconfirmed_or_invalid_native_catalogue_is_not_healthy(String body) in /workspace/team-c/c5-workers-ai-owner-rebase/9to1 Workspace/shared/tests/Haven.Infrastructure.Tests/CloudflareWorkersAiMetadataTests.cs:line 69
--- End of stack trace from previous location ---
  Failed Haven.Infrastructure.Tests.CloudflareWorkersAiMetadataTests.Unconfirmed_or_invalid_native_catalogue_is_not_healthy(body: "{\"success\":true,\"result\":[{\"id\":\"wrong-iden"···) [< 1 ms]
  Error Message:
   Assert.Throws() Failure: No exception was thrown
Expected: typeof(System.InvalidOperationException)
  Stack Trace:
     at Haven.Infrastructure.Tests.CloudflareWorkersAiMetadataTests.Unconfirmed_or_invalid_native_catalogue_is_not_healthy(String body) in /workspace/team-c/c5-workers-ai-owner-rebase/9to1 Workspace/shared/tests/Haven.Infrastructure.Tests/CloudflareWorkersAiMetadataTests.cs:line 69
--- End of stack trace from previous location ---
  Failed Haven.Infrastructure.Tests.CloudflareWorkersAiMetadataTests.Unconfirmed_or_invalid_native_catalogue_is_not_healthy(body: "{\"success\":true,\"result\":{}}") [< 1 ms]
  Error Message:
   Assert.Throws() Failure: No exception was thrown
Expected: typeof(System.InvalidOperationException)
  Stack Trace:
     at Haven.Infrastructure.Tests.CloudflareWorkersAiMetadataTests.Unconfirmed_or_invalid_native_catalogue_is_not_healthy(String body) in /workspace/team-c/c5-workers-ai-owner-rebase/9to1 Workspace/shared/tests/Haven.Infrastructure.Tests/CloudflareWorkersAiMetadataTests.cs:line 69
--- End of stack trace from previous location ---
[xUnit.net 00:00:00.26]     Haven.Infrastructure.Tests.CloudflareWorkersAiMetadataTests.Oversized_provider_page_refuses_catalogue_and_health_without_followup_requests [FAIL]
[xUnit.net 00:00:00.26]     Haven.Infrastructure.Tests.CloudflareWorkersAiMetadataTests.Actual_catalogue_health_is_read_only_metadata_not_inference [FAIL]
[xUnit.net 00:00:00.26]     Haven.Infrastructure.Tests.CloudflareWorkersAiMetadataTests.Actual_catalogue_preserves_provider_model_identity_and_context_without_granting_capabilities [FAIL]
[xUnit.net 00:00:00.26]     Haven.Infrastructure.Tests.CloudflareWorkersAiMetadataTests.Repeated_full_pages_refuse_partial_catalogue_at_bound [FAIL]
[xUnit.net 00:00:00.26]     Haven.Infrastructure.Tests.CloudflareWorkersAiMetadataTests.HTTP_denial_and_malformed_JSON_do_not_become_healthy [FAIL]
  Failed Haven.Infrastructure.Tests.CloudflareWorkersAiMetadataTests.Oversized_provider_page_refuses_catalogue_and_health_without_followup_requests [1 ms]
  Error Message:
   Assert.Throws() Failure: No exception was thrown
Expected: typeof(System.InvalidOperationException)
  Stack Trace:
     at Haven.Infrastructure.Tests.CloudflareWorkersAiMetadataTests.Oversized_provider_page_refuses_catalogue_and_health_without_followup_requests() in /workspace/team-c/c5-workers-ai-owner-rebase/9to1 Workspace/shared/tests/Haven.Infrastructure.Tests/CloudflareWorkersAiMetadataTests.cs:line 96
--- End of stack trace from previous location ---
  Failed Haven.Infrastructure.Tests.CloudflareWorkersAiMetadataTests.Actual_catalogue_health_is_read_only_metadata_not_inference [2 ms]
  Error Message:
   Assert.Equal() Failure: Strings differ
                                          ↓ (pos 82)
Expected: ···"3c4635410861efcc6a5f593b/ai/models/search"
Actual:   ···"00ca3c4635410861efcc6a5f593b/ai/v1/models"
                                              ↑ (pos 82)
  Stack Trace:
     at Haven.Infrastructure.Tests.CloudflareWorkersAiMetadataTests.AssertMetadataRequest(Call call, Int32 page) in /workspace/team-c/c5-workers-ai-owner-rebase/9to1 Workspace/shared/tests/Haven.Infrastructure.Tests/CloudflareWorkersAiMetadataTests.cs:line 138
   at Haven.Infrastructure.Tests.CloudflareWorkersAiMetadataTests.Actual_catalogue_health_is_read_only_metadata_not_inference() in /workspace/team-c/c5-workers-ai-owner-rebase/9to1 Workspace/shared/tests/Haven.Infrastructure.Tests/CloudflareWorkersAiMetadataTests.cs:line 43
--- End of stack trace from previous location ---
  Failed Haven.Infrastructure.Tests.CloudflareWorkersAiMetadataTests.Actual_catalogue_preserves_provider_model_identity_and_context_without_granting_capabilities [< 1 ms]
  Error Message:
   Assert.Single() Failure: The collection was empty
  Stack Trace:
     at Haven.Infrastructure.Tests.CloudflareWorkersAiMetadataTests.Actual_catalogue_preserves_provider_model_identity_and_context_without_granting_capabilities() in /workspace/team-c/c5-workers-ai-owner-rebase/9to1 Workspace/shared/tests/Haven.Infrastructure.Tests/CloudflareWorkersAiMetadataTests.cs:line 28
--- End of stack trace from previous location ---
  Failed Haven.Infrastructure.Tests.CloudflareWorkersAiMetadataTests.Repeated_full_pages_refuse_partial_catalogue_at_bound [< 1 ms]
  Error Message:
   Assert.Throws() Failure: No exception was thrown
Expected: typeof(System.InvalidOperationException)
  Stack Trace:
     at Haven.Infrastructure.Tests.CloudflareWorkersAiMetadataTests.Repeated_full_pages_refuse_partial_catalogue_at_bound() in /workspace/team-c/c5-workers-ai-owner-rebase/9to1 Workspace/shared/tests/Haven.Infrastructure.Tests/CloudflareWorkersAiMetadataTests.cs:line 109
--- End of stack trace from previous location ---
  Failed Haven.Infrastructure.Tests.CloudflareWorkersAiMetadataTests.HTTP_denial_and_malformed_JSON_do_not_become_healthy [< 1 ms]
  Error Message:
   Assert.False() Failure
Expected: False
Actual:   True
  Stack Trace:
     at Haven.Infrastructure.Tests.CloudflareWorkersAiMetadataTests.HTTP_denial_and_malformed_JSON_do_not_become_healthy() in /workspace/team-c/c5-workers-ai-owner-rebase/9to1 Workspace/shared/tests/Haven.Infrastructure.Tests/CloudflareWorkersAiMetadataTests.cs:line 78
--- End of stack trace from previous location ---
Results File: /workspace/team-c/evidence/c6/ai-65f/results/independent-negative.trx

Failed!  - Failed:    11, Passed:    20, Skipped:     0, Total:    31, Duration: 83 ms - C5.Provider.Tests.dll (net10.0)
