<?xml version="1.0" encoding="utf-8"?>
<TestRun id="d1674fec-0875-4615-bb9d-f5a768054526" name="@5f26f397bc73 2026-10-04 08:21:26" xmlns="http://microsoft.com/schemas/VisualStudio/TeamTest/2010">
  <Times creation="2026-10-04T08:21:26.0742926+00:00" queuing="2026-10-04T08:21:26.0742926+00:00" start="2026-10-04T08:21:25.4469283+00:00" finish="2026-10-04T08:21:26.1211622+00:00" />
  <TestSettings name="default" id="4d737aa3-5e59-43d9-86f8-c932e258fe0b">
    <Deployment runDeploymentRoot="_5f26f397bc73_2026-10-04_08_21_26" />
  </TestSettings>
  <Results>
    <UnitTestResult executionId="fa7c1a92-0b04-43d0-8c61-56b706b48aeb" testId="325a18d0-e2ea-67da-318c-4d6ceb8fa290" testName="Haven.Infrastructure.Tests.CloudflareWorkersAiMetadataTests.Other_endpoints_keep_original_OpenAI_discovery(endpoint: &quot;https://api.cloudflare.com/client/v4/accounts/8aea&quot;···)" computerName="5f26f397bc73" duration="00:00:00.0000457" startTime="2026-10-04T08:21:26.0476925+00:00" endTime="2026-10-04T08:21:26.0477632+00:00" testType="13cdc9d9-ddb5-4fa4-a97d-d965ccfc6d4b" outcome="Passed" testListId="8c84fa94-04c1-424b-9868-57a2d4851a1d" relativeResultsDirectory="fa7c1a92-0b04-43d0-8c61-56b706b48aeb" />
    <UnitTestResult executionId="3ffa8e48-d1a6-45bb-9560-1d578ca50e87" testId="897e301e-6e2e-b7b9-9dfe-b5a4310171cc" testName="Haven.Infrastructure.Tests.CloudflareWorkersAiMetadataTests.Other_endpoints_keep_original_OpenAI_discovery(endpoint: &quot;https://example.com/client/v4/accounts/8aea00ca3c4&quot;···)" computerName="5f26f397bc73" duration="00:00:00.0000812" startTime="2026-10-04T08:21:26.0472273+00:00" endTime="2026-10-04T08:21:26.0473721+00:00" testType="13cdc9d9-ddb5-4fa4-a97d-d965ccfc6d4b" outcome="Passed" testListId="8c84fa94-04c1-424b-9868-57a2d4851a1d" relativeResultsDirectory="3ffa8e48-d1a6-45bb-9560-1d578ca50e87" />
    <UnitTestResult executionId="20cefe81-d098-4441-bdf2-91aa00061389" testId="42b8d80c-8e3c-aeb0-fddc-e6cff6b77587" testName="Haven.Infrastructure.Tests.CloudflareWorkersAiMetadataTests.Actual_catalogue_preserves_provider_model_identity_and_context_without_granting_capabilities" computerName="5f26f397bc73" duration="00:00:00.0024354" startTime="2026-10-04T08:21:26.0588408+00:00" endTime="2026-10-04T08:21:26.0611629+00:00" testType="13cdc9d9-ddb5-4fa4-a97d-d965ccfc6d4b" outcome="Passed" testListId="8c84fa94-04c1-424b-9868-57a2d4851a1d" relativeResultsDirectory="20cefe81-d098-4441-bdf2-91aa00061389" />
    <UnitTestResult executionId="bd8d8c1f-1b94-4e7a-9ec0-225cb8ff9a05" testId="c89c5d16-b186-c9b7-5626-d69fb17bbf00" testName="Haven.Infrastructure.Tests.CloudflareWorkersAiMetadataTests.Unconfirmed_or_invalid_native_catalogue_is_not_healthy(body: &quot;{\&quot;success\&quot;:false,\&quot;result\&quot;:[]}&quot;)" computerName="5f26f397bc73" duration="00:00:00.0003975" startTime="2026-10-04T08:21:26.0531686+00:00" endTime="2026-10-04T08:21:26.0534273+00:00" testType="13cdc9d9-ddb5-4fa4-a97d-d965ccfc6d4b" outcome="Passed" testListId="8c84fa94-04c1-424b-9868-57a2d4851a1d" relativeResultsDirectory="bd8d8c1f-1b94-4e7a-9ec0-225cb8ff9a05" />
    <UnitTestResult executionId="cb9272c3-886b-42ce-b331-b30e035ade45" testId="b80bbb0b-80f0-a35b-e08b-8ac4f88c3229" testName="Haven.Infrastructure.Tests.ProviderEndpointSecurityTests.Loopback_http_and_remote_https_are_allowed(endpoint: &quot;http://127.0.0.1:11434/v1&quot;)" computerName="5f26f397bc73" duration="00:00:00.0000453" startTime="2026-10-04T08:21:26.0063601+00:00" endTime="2026-10-04T08:21:26.0064317+00:00" testType="13cdc9d9-ddb5-4fa4-a97d-d965ccfc6d4b" outcome="Passed" testListId="8c84fa94-04c1-424b-9868-57a2d4851a1d" relativeResultsDirectory="cb9272c3-886b-42ce-b331-b30e035ade45" />
    <UnitTestResult executionId="05e12ca1-2c45-4998-b0ab-36c365de5631" testId="ae4417ce-9f61-7140-3b91-afc7217e2f79" testName="Haven.Infrastructure.Tests.ProviderEndpointSecurityTests.Remote_or_invalid_insecure_endpoints_are_rejected_at_transport_boundary(endpoint: &quot;ftp://example.com/v1&quot;)" computerName="5f26f397bc73" duration="00:00:00.0003663" startTime="2026-10-04T08:21:26.0076677+00:00" endTime="2026-10-04T08:21:26.0077382+00:00" testType="13cdc9d9-ddb5-4fa4-a97d-d965ccfc6d4b" outcome="Passed" testListId="8c84fa94-04c1-424b-9868-57a2d4851a1d" relativeResultsDirectory="05e12ca1-2c45-4998-b0ab-36c365de5631" />
    <UnitTestResult executionId="f505d4d4-5c7f-410a-b4d6-03d17092cb1d" testId="def9a8d4-a7ab-d01e-b2c0-4baed7f3f1bb" testName="Haven.Infrastructure.Tests.CloudflareWorkersAiMetadataTests.Repeated_full_pages_refuse_partial_catalogue_at_bound" computerName="5f26f397bc73" duration="00:00:00.0031010" startTime="2026-10-04T08:21:26.0613965+00:00" endTime="2026-10-04T08:21:26.0643331+00:00" testType="13cdc9d9-ddb5-4fa4-a97d-d965ccfc6d4b" outcome="Passed" testListId="8c84fa94-04c1-424b-9868-57a2d4851a1d" relativeResultsDirectory="f505d4d4-5c7f-410a-b4d6-03d17092cb1d" />
    <UnitTestResult executionId="edce5fa2-cce7-4f99-80f9-4f60bc1124da" testId="ec36f226-e99f-aa54-43c0-c305bf32cf33" testName="Haven.Infrastructure.Tests.CloudflareWorkersAiMetadataTests.Actual_catalogue_health_is_read_only_metadata_not_inference" computerName="5f26f397bc73" duration="00:00:00.0012761" startTime="2026-10-04T08:21:26.0575096+00:00" endTime="2026-10-04T08:21:26.0586415+00:00" testType="13cdc9d9-ddb5-4fa4-a97d-d965ccfc6d4b" outcome="Passed" testListId="8c84fa94-04c1-424b-9868-57a2d4851a1d" relativeResultsDirectory="edce5fa2-cce7-4f99-80f9-4f60bc1124da" />
    <UnitTestResult executionId="5008d4ce-6da6-4e66-8851-53ca1b978e6a" testId="7962d873-64eb-a031-1bf7-eab7eb6345ca" testName="Haven.Infrastructure.Tests.CloudflareWorkersAiMetadataTests.Unconfirmed_or_invalid_native_catalogue_is_not_healthy(body: &quot;{\&quot;success\&quot;:true,\&quot;result\&quot;:{}}&quot;)" computerName="5f26f397bc73" duration="00:00:00.0001381" startTime="2026-10-04T08:21:26.0537608+00:00" endTime="2026-10-04T08:21:26.0538282+00:00" testType="13cdc9d9-ddb5-4fa4-a97d-d965ccfc6d4b" outcome="Passed" testListId="8c84fa94-04c1-424b-9868-57a2d4851a1d" relativeResultsDirectory="5008d4ce-6da6-4e66-8851-53ca1b978e6a" />
    <UnitTestResult executionId="e2898b7d-9783-499e-8f1d-b8e4416e05dc" testId="44c8a429-005d-95bc-4033-fcd00dadbfb1" testName="Haven.Infrastructure.Tests.CloudflareWorkersAiMetadataTests.Other_endpoints_keep_original_OpenAI_discovery(endpoint: &quot;https://api.cloudflare.com.evil.example/client/v4/&quot;···)" computerName="5f26f397bc73" duration="00:00:00.0000654" startTime="2026-10-04T08:21:26.0478932+00:00" endTime="2026-10-04T08:21:26.0479511+00:00" testType="13cdc9d9-ddb5-4fa4-a97d-d965ccfc6d4b" outcome="Passed" testListId="8c84fa94-04c1-424b-9868-57a2d4851a1d" relativeResultsDirectory="e2898b7d-9783-499e-8f1d-b8e4416e05dc" />
    <UnitTestResult executionId="1c6128d3-2c76-4e59-aa99-ad0cbb5c0b1c" testId="73ade372-1117-3ef5-e509-bd3ceed6e123" testName="Haven.Infrastructure.Tests.CloudflareWorkersAiMetadataTests.Pagination_uses_actual_page_length_and_deduplicates_stable_names" computerName="5f26f397bc73" duration="00:00:00.0391173" startTime="2026-10-04T08:21:26.0483695+00:00" endTime="2026-10-04T08:21:26.0508008+00:00" testType="13cdc9d9-ddb5-4fa4-a97d-d965ccfc6d4b" outcome="Passed" testListId="8c84fa94-04c1-424b-9868-57a2d4851a1d" relativeResultsDirectory="1c6128d3-2c76-4e59-aa99-ad0cbb5c0b1c" />
    <UnitTestResult executionId="f3669ca5-8d24-490a-aad0-0c5c0ce4f648" testId="f90ba24b-f841-7eeb-abe1-c3d22cab78bf" testName="Haven.Infrastructure.Tests.CloudflareWorkersAiMetadataTests.Unconfirmed_or_invalid_native_catalogue_is_not_healthy(body: &quot;{\&quot;success\&quot;:true,\&quot;result\&quot;:[{\&quot;id\&quot;:\&quot;wrong-iden&quot;···)" computerName="5f26f397bc73" duration="00:00:00.0001536" startTime="2026-10-04T08:21:26.0535662+00:00" endTime="2026-10-04T08:21:26.0536319+00:00" testType="13cdc9d9-ddb5-4fa4-a97d-d965ccfc6d4b" outcome="Passed" testListId="8c84fa94-04c1-424b-9868-57a2d4851a1d" relativeResultsDirectory="f3669ca5-8d24-490a-aad0-0c5c0ce4f648" />
    <UnitTestResult executionId="417ad406-4846-4954-bd2d-7c66db27c2a0" testId="4bf5262e-2689-e91e-7748-8c69789a0980" testName="Haven.Infrastructure.Tests.CloudflareWorkersAiMetadataTests.Unknown_context_is_not_fabricated_and_price_does_not_grant_routing_capabilities" computerName="5f26f397bc73" duration="00:00:00.0111420" startTime="2026-10-04T08:21:26.0481110+00:00" endTime="2026-10-04T08:21:26.0481748+00:00" testType="13cdc9d9-ddb5-4fa4-a97d-d965ccfc6d4b" outcome="Passed" testListId="8c84fa94-04c1-424b-9868-57a2d4851a1d" relativeResultsDirectory="417ad406-4846-4954-bd2d-7c66db27c2a0" />
    <UnitTestResult executionId="d591ade3-8d02-42fd-bf5a-18816d753698" testId="871e9313-e696-d179-439d-907b9ab7795c" testName="Haven.Infrastructure.Tests.CloudflareWorkersAiMetadataTests.Cancellation_and_disabled_configuration_prevent_transport" computerName="5f26f397bc73" duration="00:00:00.0033936" startTime="2026-10-04T08:21:26.0562398+00:00" endTime="2026-10-04T08:21:26.0573029+00:00" testType="13cdc9d9-ddb5-4fa4-a97d-d965ccfc6d4b" outcome="Passed" testListId="8c84fa94-04c1-424b-9868-57a2d4851a1d" relativeResultsDirectory="d591ade3-8d02-42fd-bf5a-18816d753698" />
    <UnitTestResult executionId="5b58821b-180a-49ed-b63a-6f4513f3ade7" testId="6b700072-ac71-296d-2bfa-7b625b235ba3" testName="Haven.Infrastructure.Tests.CloudflareWorkersAiMetadataTests.Other_endpoints_keep_original_OpenAI_discovery(endpoint: &quot;https://api.cloudflare.com:8443/client/v4/accounts&quot;···)" computerName="5f26f397bc73" duration="00:00:00.0002499" startTime="2026-10-04T08:21:26.0101325+00:00" endTime="2026-10-04T08:21:26.0102105+00:00" testType="13cdc9d9-ddb5-4fa4-a97d-d965ccfc6d4b" outcome="Passed" testListId="8c84fa94-04c1-424b-9868-57a2d4851a1d" relativeResultsDirectory="5b58821b-180a-49ed-b63a-6f4513f3ade7" />
    <UnitTestResult executionId="0accee56-d575-433a-a5f0-2b0a412eb288" testId="d5edf3e7-d242-662e-7c34-2c03806f11d3" testName="Haven.Infrastructure.Tests.ProviderEndpointSecurityTests.Loopback_http_and_remote_https_are_allowed(endpoint: &quot;http://localhost:11434/v1&quot;)" computerName="5f26f397bc73" duration="00:00:00.0067695" startTime="2026-10-04T08:21:25.9688525+00:00" endTime="2026-10-04T08:21:25.9859237+00:00" testType="13cdc9d9-ddb5-4fa4-a97d-d965ccfc6d4b" outcome="Passed" testListId="8c84fa94-04c1-424b-9868-57a2d4851a1d" relativeResultsDirectory="0accee56-d575-433a-a5f0-2b0a412eb288" />
    <UnitTestResult executionId="41757f85-0cc6-4b2c-a104-1794436f4e7d" testId="b3dfa174-7996-44a3-067a-8147544e66d0" testName="Haven.Infrastructure.Tests.CloudflareWorkersAiMetadataTests.Other_endpoints_keep_original_OpenAI_discovery(endpoint: &quot;https://api.cloudflare.com/client/v4/accounts/not-&quot;···)" computerName="5f26f397bc73" duration="00:00:00.0008894" startTime="2026-10-04T08:21:26.0090916+00:00" endTime="2026-10-04T08:21:26.0099995+00:00" testType="13cdc9d9-ddb5-4fa4-a97d-d965ccfc6d4b" outcome="Passed" testListId="8c84fa94-04c1-424b-9868-57a2d4851a1d" relativeResultsDirectory="41757f85-0cc6-4b2c-a104-1794436f4e7d" />
    <UnitTestResult executionId="78fcbc5f-5b97-46f9-9c21-8440a6902df0" testId="02a32fba-2895-b7c5-7af3-99f6f5d4cd76" testName="Haven.Infrastructure.Tests.CloudflareWorkersAiMetadataTests.Unconfirmed_or_invalid_native_catalogue_is_not_healthy(body: &quot;{\&quot;data\&quot;:[]}&quot;)" computerName="5f26f397bc73" duration="00:00:00.0020646" startTime="2026-10-04T08:21:26.0510032+00:00" endTime="2026-10-04T08:21:26.0529732+00:00" testType="13cdc9d9-ddb5-4fa4-a97d-d965ccfc6d4b" outcome="Passed" testListId="8c84fa94-04c1-424b-9868-57a2d4851a1d" relativeResultsDirectory="78fcbc5f-5b97-46f9-9c21-8440a6902df0" />
    <UnitTestResult executionId="49602564-646e-4fca-915d-3d2e751a968d" testId="1b9d3524-04e7-a869-3e17-42cfeed734df" testName="Haven.Infrastructure.Tests.CloudflareWorkersAiMetadataTests.Other_endpoints_keep_original_OpenAI_discovery(endpoint: &quot;https://api.cloudflare.com/client/v4/accounts/8aea&quot;···)" computerName="5f26f397bc73" duration="00:00:00.0242655" startTime="2026-10-04T08:21:25.9672440+00:00" endTime="2026-10-04T08:21:26.0088653+00:00" testType="13cdc9d9-ddb5-4fa4-a97d-d965ccfc6d4b" outcome="Passed" testListId="8c84fa94-04c1-424b-9868-57a2d4851a1d" relativeResultsDirectory="49602564-646e-4fca-915d-3d2e751a968d" />
    <UnitTestResult executionId="8c0b7d2e-dceb-4d77-9e4c-9747e0cfdf50" testId="1030a14a-f807-e6d9-d86c-8f0c567132ba" testName="Haven.Infrastructure.Tests.ProviderEndpointSecurityTests.Remote_or_invalid_insecure_endpoints_are_rejected_at_transport_boundary(endpoint: &quot;relative/path&quot;)" computerName="5f26f397bc73" duration="00:00:00.0046311" startTime="2026-10-04T08:21:26.0074606+00:00" endTime="2026-10-04T08:21:26.0075264+00:00" testType="13cdc9d9-ddb5-4fa4-a97d-d965ccfc6d4b" outcome="Passed" testListId="8c84fa94-04c1-424b-9868-57a2d4851a1d" relativeResultsDirectory="8c0b7d2e-dceb-4d77-9e4c-9747e0cfdf50" />
    <UnitTestResult executionId="df7ae490-2d10-40db-aa27-56dd3b666191" testId="48893136-9274-84f0-e5a7-ef31c3680fb1" testName="Haven.Infrastructure.Tests.CloudflareWorkersAiMetadataTests.HTTP_denial_and_malformed_JSON_do_not_become_healthy" computerName="5f26f397bc73" duration="00:00:00.0014393" startTime="2026-10-04T08:21:26.0645738+00:00" endTime="2026-10-04T08:21:26.0658514+00:00" testType="13cdc9d9-ddb5-4fa4-a97d-d965ccfc6d4b" outcome="Passed" testListId="8c84fa94-04c1-424b-9868-57a2d4851a1d" relativeResultsDirectory="df7ae490-2d10-40db-aa27-56dd3b666191" />
    <UnitTestResult executionId="085da0c3-a131-43d7-98a7-62cf2296eada" testId="584eb04e-0054-c5d6-2d57-0919ff92ccb5" testName="Haven.Infrastructure.Tests.ProviderEndpointSecurityTests.Remote_or_invalid_insecure_endpoints_are_rejected_at_transport_boundary(endpoint: &quot;http://example.com/v1&quot;)" computerName="5f26f397bc73" duration="00:00:00.0000431" startTime="2026-10-04T08:21:26.0078797+00:00" endTime="2026-10-04T08:21:26.0079609+00:00" testType="13cdc9d9-ddb5-4fa4-a97d-d965ccfc6d4b" outcome="Passed" testListId="8c84fa94-04c1-424b-9868-57a2d4851a1d" relativeResultsDirectory="085da0c3-a131-43d7-98a7-62cf2296eada" />
    <UnitTestResult executionId="e87ec518-561b-4d3e-a390-dc79a979ea23" testId="119be01a-db36-5a44-00f1-a176f0e5e0ce" testName="Haven.Infrastructure.Tests.ProviderEndpointSecurityTests.Loopback_http_and_remote_https_are_allowed(endpoint: &quot;https://example.com/v1&quot;)" computerName="5f26f397bc73" duration="00:00:00.0003059" startTime="2026-10-04T08:21:26.0053856+00:00" endTime="2026-10-04T08:21:26.0055012+00:00" testType="13cdc9d9-ddb5-4fa4-a97d-d965ccfc6d4b" outcome="Passed" testListId="8c84fa94-04c1-424b-9868-57a2d4851a1d" relativeResultsDirectory="e87ec518-561b-4d3e-a390-dc79a979ea23" />
  </Results>
  <TestDefinitions>
    <UnitTest name="Haven.Infrastructure.Tests.CloudflareWorkersAiMetadataTests.Actual_catalogue_health_is_read_only_metadata_not_inference" storage="/workspace/team-c/evidence/c5/workers-ai/final-source-linked/bin/debug/net10.0/c5.provider.tests.dll" id="ec36f226-e99f-aa54-43c0-c305bf32cf33">
      <Execution id="edce5fa2-cce7-4f99-80f9-4f60bc1124da" />
      <TestMethod codeBase="/workspace/team-c/evidence/c5/workers-ai/final-source-linked/bin/Debug/net10.0/C5.Provider.Tests.dll" adapterTypeName="executor://xunit/VsTestRunner3/netcore/" className="Haven.Infrastructure.Tests.CloudflareWorkersAiMetadataTests" name="Actual_catalogue_health_is_read_only_metadata_not_inference" />
    </UnitTest>
    <UnitTest name="Haven.Infrastructure.Tests.ProviderEndpointSecurityTests.Loopback_http_and_remote_https_are_allowed(endpoint: &quot;http://localhost:11434/v1&quot;)" storage="/workspace/team-c/evidence/c5/workers-ai/final-source-linked/bin/debug/net10.0/c5.provider.tests.dll" id="d5edf3e7-d242-662e-7c34-2c03806f11d3">
      <Execution id="0accee56-d575-433a-a5f0-2b0a412eb288" />
      <TestMethod codeBase="/workspace/team-c/evidence/c5/workers-ai/final-source-linked/bin/Debug/net10.0/C5.Provider.Tests.dll" adapterTypeName="executor://xunit/VsTestRunner3/netcore/" className="Haven.Infrastructure.Tests.ProviderEndpointSecurityTests" name="Loopback_http_and_remote_https_are_allowed" />
    </UnitTest>
    <UnitTest name="Haven.Infrastructure.Tests.CloudflareWorkersAiMetadataTests.Other_endpoints_keep_original_OpenAI_discovery(endpoint: &quot;https://example.com/client/v4/accounts/8aea00ca3c4&quot;···)" storage="/workspace/team-c/evidence/c5/workers-ai/final-source-linked/bin/debug/net10.0/c5.provider.tests.dll" id="897e301e-6e2e-b7b9-9dfe-b5a4310171cc">
      <Execution id="3ffa8e48-d1a6-45bb-9560-1d578ca50e87" />
      <TestMethod codeBase="/workspace/team-c/evidence/c5/workers-ai/final-source-linked/bin/Debug/net10.0/C5.Provider.Tests.dll" adapterTypeName="executor://xunit/VsTestRunner3/netcore/" className="Haven.Infrastructure.Tests.CloudflareWorkersAiMetadataTests" name="Other_endpoints_keep_original_OpenAI_discovery" />
    </UnitTest>
    <UnitTest name="Haven.Infrastructure.Tests.CloudflareWorkersAiMetadataTests.Unconfirmed_or_invalid_native_catalogue_is_not_healthy(body: &quot;{\&quot;success\&quot;:true,\&quot;result\&quot;:{}}&quot;)" storage="/workspace/team-c/evidence/c5/workers-ai/final-source-linked/bin/debug/net10.0/c5.provider.tests.dll" id="7962d873-64eb-a031-1bf7-eab7eb6345ca">
      <Execution id="5008d4ce-6da6-4e66-8851-53ca1b978e6a" />
      <TestMethod codeBase="/workspace/team-c/evidence/c5/workers-ai/final-source-linked/bin/Debug/net10.0/C5.Provider.Tests.dll" adapterTypeName="executor://xunit/VsTestRunner3/netcore/" className="Haven.Infrastructure.Tests.CloudflareWorkersAiMetadataTests" name="Unconfirmed_or_invalid_native_catalogue_is_not_healthy" />
    </UnitTest>
    <UnitTest name="Haven.Infrastructure.Tests.ProviderEndpointSecurityTests.Loopback_http_and_remote_https_are_allowed(endpoint: &quot;http://127.0.0.1:11434/v1&quot;)" storage="/workspace/team-c/evidence/c5/workers-ai/final-source-linked/bin/debug/net10.0/c5.provider.tests.dll" id="b80bbb0b-80f0-a35b-e08b-8ac4f88c3229">
      <Execution id="cb9272c3-886b-42ce-b331-b30e035ade45" />
      <TestMethod codeBase="/workspace/team-c/evidence/c5/workers-ai/final-source-linked/bin/Debug/net10.0/C5.Provider.Tests.dll" adapterTypeName="executor://xunit/VsTestRunner3/netcore/" className="Haven.Infrastructure.Tests.ProviderEndpointSecurityTests" name="Loopback_http_and_remote_https_are_allowed" />
    </UnitTest>
    <UnitTest name="Haven.Infrastructure.Tests.CloudflareWorkersAiMetadataTests.Unconfirmed_or_invalid_native_catalogue_is_not_healthy(body: &quot;{\&quot;data\&quot;:[]}&quot;)" storage="/workspace/team-c/evidence/c5/workers-ai/final-source-linked/bin/debug/net10.0/c5.provider.tests.dll" id="02a32fba-2895-b7c5-7af3-99f6f5d4cd76">
      <Execution id="78fcbc5f-5b97-46f9-9c21-8440a6902df0" />
      <TestMethod codeBase="/workspace/team-c/evidence/c5/workers-ai/final-source-linked/bin/Debug/net10.0/C5.Provider.Tests.dll" adapterTypeName="executor://xunit/VsTestRunner3/netcore/" className="Haven.Infrastructure.Tests.CloudflareWorkersAiMetadataTests" name="Unconfirmed_or_invalid_native_catalogue_is_not_healthy" />
    </UnitTest>
    <UnitTest name="Haven.Infrastructure.Tests.ProviderEndpointSecurityTests.Loopback_http_and_remote_https_are_allowed(endpoint: &quot;https://example.com/v1&quot;)" storage="/workspace/team-c/evidence/c5/workers-ai/final-source-linked/bin/debug/net10.0/c5.provider.tests.dll" id="119be01a-db36-5a44-00f1-a176f0e5e0ce">
      <Execution id="e87ec518-561b-4d3e-a390-dc79a979ea23" />
      <TestMethod codeBase="/workspace/team-c/evidence/c5/workers-ai/final-source-linked/bin/Debug/net10.0/C5.Provider.Tests.dll" adapterTypeName="executor://xunit/VsTestRunner3/netcore/" className="Haven.Infrastructure.Tests.ProviderEndpointSecurityTests" name="Loopback_http_and_remote_https_are_allowed" />
    </UnitTest>
    <UnitTest name="Haven.Infrastructure.Tests.CloudflareWorkersAiMetadataTests.Other_endpoints_keep_original_OpenAI_discovery(endpoint: &quot;https://api.cloudflare.com/client/v4/accounts/not-&quot;···)" storage="/workspace/team-c/evidence/c5/workers-ai/final-source-linked/bin/debug/net10.0/c5.provider.tests.dll" id="b3dfa174-7996-44a3-067a-8147544e66d0">
      <Execution id="41757f85-0cc6-4b2c-a104-1794436f4e7d" />
      <TestMethod codeBase="/workspace/team-c/evidence/c5/workers-ai/final-source-linked/bin/Debug/net10.0/C5.Provider.Tests.dll" adapterTypeName="executor://xunit/VsTestRunner3/netcore/" className="Haven.Infrastructure.Tests.CloudflareWorkersAiMetadataTests" name="Other_endpoints_keep_original_OpenAI_discovery" />
    </UnitTest>
    <UnitTest name="Haven.Infrastructure.Tests.CloudflareWorkersAiMetadataTests.Pagination_uses_actual_page_length_and_deduplicates_stable_names" storage="/workspace/team-c/evidence/c5/workers-ai/final-source-linked/bin/debug/net10.0/c5.provider.tests.dll" id="73ade372-1117-3ef5-e509-bd3ceed6e123">
      <Execution id="1c6128d3-2c76-4e59-aa99-ad0cbb5c0b1c" />
      <TestMethod codeBase="/workspace/team-c/evidence/c5/workers-ai/final-source-linked/bin/Debug/net10.0/C5.Provider.Tests.dll" adapterTypeName="executor://xunit/VsTestRunner3/netcore/" className="Haven.Infrastructure.Tests.CloudflareWorkersAiMetadataTests" name="Pagination_uses_actual_page_length_and_deduplicates_stable_names" />
    </UnitTest>
    <UnitTest name="Haven.Infrastructure.Tests.ProviderEndpointSecurityTests.Remote_or_invalid_insecure_endpoints_are_rejected_at_transport_boundary(endpoint: &quot;relative/path&quot;)" storage="/workspace/team-c/evidence/c5/workers-ai/final-source-linked/bin/debug/net10.0/c5.provider.tests.dll" id="1030a14a-f807-e6d9-d86c-8f0c567132ba">
      <Execution id="8c0b7d2e-dceb-4d77-9e4c-9747e0cfdf50" />
      <TestMethod codeBase="/workspace/team-c/evidence/c5/workers-ai/final-source-linked/bin/Debug/net10.0/C5.Provider.Tests.dll" adapterTypeName="executor://xunit/VsTestRunner3/netcore/" className="Haven.Infrastructure.Tests.ProviderEndpointSecurityTests" name="Remote_or_invalid_insecure_endpoints_are_rejected_at_transport_boundary" />
    </UnitTest>
    <UnitTest name="Haven.Infrastructure.Tests.CloudflareWorkersAiMetadataTests.Unknown_context_is_not_fabricated_and_price_does_not_grant_routing_capabilities" storage="/workspace/team-c/evidence/c5/workers-ai/final-source-linked/bin/debug/net10.0/c5.provider.tests.dll" id="4bf5262e-2689-e91e-7748-8c69789a0980">
      <Execution id="417ad406-4846-4954-bd2d-7c66db27c2a0" />
      <TestMethod codeBase="/workspace/team-c/evidence/c5/workers-ai/final-source-linked/bin/Debug/net10.0/C5.Provider.Tests.dll" adapterTypeName="executor://xunit/VsTestRunner3/netcore/" className="Haven.Infrastructure.Tests.CloudflareWorkersAiMetadataTests" name="Unknown_context_is_not_fabricated_and_price_does_not_grant_routing_capabilities" />
    </UnitTest>
    <UnitTest name="Haven.Infrastructure.Tests.CloudflareWorkersAiMetadataTests.Other_endpoints_keep_original_OpenAI_discovery(endpoint: &quot;https://api.cloudflare.com/client/v4/accounts/8aea&quot;···)" storage="/workspace/team-c/evidence/c5/workers-ai/final-source-linked/bin/debug/net10.0/c5.provider.tests.dll" id="325a18d0-e2ea-67da-318c-4d6ceb8fa290">
      <Execution id="fa7c1a92-0b04-43d0-8c61-56b706b48aeb" />
      <TestMethod codeBase="/workspace/team-c/evidence/c5/workers-ai/final-source-linked/bin/Debug/net10.0/C5.Provider.Tests.dll" adapterTypeName="executor://xunit/VsTestRunner3/netcore/" className="Haven.Infrastructure.Tests.CloudflareWorkersAiMetadataTests" name="Other_endpoints_keep_original_OpenAI_discovery" />
    </UnitTest>
    <UnitTest name="Haven.Infrastructure.Tests.CloudflareWorkersAiMetadataTests.Unconfirmed_or_invalid_native_catalogue_is_not_healthy(body: &quot;{\&quot;success\&quot;:false,\&quot;result\&quot;:[]}&quot;)" storage="/workspace/team-c/evidence/c5/workers-ai/final-source-linked/bin/debug/net10.0/c5.provider.tests.dll" id="c89c5d16-b186-c9b7-5626-d69fb17bbf00">
      <Execution id="bd8d8c1f-1b94-4e7a-9ec0-225cb8ff9a05" />
      <TestMethod codeBase="/workspace/team-c/evidence/c5/workers-ai/final-source-linked/bin/Debug/net10.0/C5.Provider.Tests.dll" adapterTypeName="executor://xunit/VsTestRunner3/netcore/" className="Haven.Infrastructure.Tests.CloudflareWorkersAiMetadataTests" name="Unconfirmed_or_invalid_native_catalogue_is_not_healthy" />
    </UnitTest>
    <UnitTest name="Haven.Infrastructure.Tests.CloudflareWorkersAiMetadataTests.Other_endpoints_keep_original_OpenAI_discovery(endpoint: &quot;https://api.cloudflare.com/client/v4/accounts/8aea&quot;···)" storage="/workspace/team-c/evidence/c5/workers-ai/final-source-linked/bin/debug/net10.0/c5.provider.tests.dll" id="1b9d3524-04e7-a869-3e17-42cfeed734df">
      <Execution id="49602564-646e-4fca-915d-3d2e751a968d" />
      <TestMethod codeBase="/workspace/team-c/evidence/c5/workers-ai/final-source-linked/bin/Debug/net10.0/C5.Provider.Tests.dll" adapterTypeName="executor://xunit/VsTestRunner3/netcore/" className="Haven.Infrastructure.Tests.CloudflareWorkersAiMetadataTests" name="Other_endpoints_keep_original_OpenAI_discovery" />
    </UnitTest>
    <UnitTest name="Haven.Infrastructure.Tests.CloudflareWorkersAiMetadataTests.Actual_catalogue_preserves_provider_model_identity_and_context_without_granting_capabilities" storage="/workspace/team-c/evidence/c5/workers-ai/final-source-linked/bin/debug/net10.0/c5.provider.tests.dll" id="42b8d80c-8e3c-aeb0-fddc-e6cff6b77587">
      <Execution id="20cefe81-d098-4441-bdf2-91aa00061389" />
      <TestMethod codeBase="/workspace/team-c/evidence/c5/workers-ai/final-source-linked/bin/Debug/net10.0/C5.Provider.Tests.dll" adapterTypeName="executor://xunit/VsTestRunner3/netcore/" className="Haven.Infrastructure.Tests.CloudflareWorkersAiMetadataTests" name="Actual_catalogue_preserves_provider_model_identity_and_context_without_granting_capabilities" />
    </UnitTest>
    <UnitTest name="Haven.Infrastructure.Tests.CloudflareWorkersAiMetadataTests.HTTP_denial_and_malformed_JSON_do_not_become_healthy" storage="/workspace/team-c/evidence/c5/workers-ai/final-source-linked/bin/debug/net10.0/c5.provider.tests.dll" id="48893136-9274-84f0-e5a7-ef31c3680fb1">
      <Execution id="df7ae490-2d10-40db-aa27-56dd3b666191" />
      <TestMethod codeBase="/workspace/team-c/evidence/c5/workers-ai/final-source-linked/bin/Debug/net10.0/C5.Provider.Tests.dll" adapterTypeName="executor://xunit/VsTestRunner3/netcore/" className="Haven.Infrastructure.Tests.CloudflareWorkersAiMetadataTests" name="HTTP_denial_and_malformed_JSON_do_not_become_healthy" />
    </UnitTest>
    <UnitTest name="Haven.Infrastructure.Tests.CloudflareWorkersAiMetadataTests.Repeated_full_pages_refuse_partial_catalogue_at_bound" storage="/workspace/team-c/evidence/c5/workers-ai/final-source-linked/bin/debug/net10.0/c5.provider.tests.dll" id="def9a8d4-a7ab-d01e-b2c0-4baed7f3f1bb">
      <Execution id="f505d4d4-5c7f-410a-b4d6-03d17092cb1d" />
      <TestMethod codeBase="/workspace/team-c/evidence/c5/workers-ai/final-source-linked/bin/Debug/net10.0/C5.Provider.Tests.dll" adapterTypeName="executor://xunit/VsTestRunner3/netcore/" className="Haven.Infrastructure.Tests.CloudflareWorkersAiMetadataTests" name="Repeated_full_pages_refuse_partial_catalogue_at_bound" />
    </UnitTest>
    <UnitTest name="Haven.Infrastructure.Tests.CloudflareWorkersAiMetadataTests.Other_endpoints_keep_original_OpenAI_discovery(endpoint: &quot;https://api.cloudflare.com.evil.example/client/v4/&quot;···)" storage="/workspace/team-c/evidence/c5/workers-ai/final-source-linked/bin/debug/net10.0/c5.provider.tests.dll" id="44c8a429-005d-95bc-4033-fcd00dadbfb1">
      <Execution id="e2898b7d-9783-499e-8f1d-b8e4416e05dc" />
      <TestMethod codeBase="/workspace/team-c/evidence/c5/workers-ai/final-source-linked/bin/Debug/net10.0/C5.Provider.Tests.dll" adapterTypeName="executor://xunit/VsTestRunner3/netcore/" className="Haven.Infrastructure.Tests.CloudflareWorkersAiMetadataTests" name="Other_endpoints_keep_original_OpenAI_discovery" />
    </UnitTest>
    <UnitTest name="Haven.Infrastructure.Tests.ProviderEndpointSecurityTests.Remote_or_invalid_insecure_endpoints_are_rejected_at_transport_boundary(endpoint: &quot;http://example.com/v1&quot;)" storage="/workspace/team-c/evidence/c5/workers-ai/final-source-linked/bin/debug/net10.0/c5.provider.tests.dll" id="584eb04e-0054-c5d6-2d57-0919ff92ccb5">
      <Execution id="085da0c3-a131-43d7-98a7-62cf2296eada" />
      <TestMethod codeBase="/workspace/team-c/evidence/c5/workers-ai/final-source-linked/bin/Debug/net10.0/C5.Provider.Tests.dll" adapterTypeName="executor://xunit/VsTestRunner3/netcore/" className="Haven.Infrastructure.Tests.ProviderEndpointSecurityTests" name="Remote_or_invalid_insecure_endpoints_are_rejected_at_transport_boundary" />
    </UnitTest>
    <UnitTest name="Haven.Infrastructure.Tests.CloudflareWorkersAiMetadataTests.Cancellation_and_disabled_configuration_prevent_transport" storage="/workspace/team-c/evidence/c5/workers-ai/final-source-linked/bin/debug/net10.0/c5.provider.tests.dll" id="871e9313-e696-d179-439d-907b9ab7795c">
      <Execution id="d591ade3-8d02-42fd-bf5a-18816d753698" />
      <TestMethod codeBase="/workspace/team-c/evidence/c5/workers-ai/final-source-linked/bin/Debug/net10.0/C5.Provider.Tests.dll" adapterTypeName="executor://xunit/VsTestRunner3/netcore/" className="Haven.Infrastructure.Tests.CloudflareWorkersAiMetadataTests" name="Cancellation_and_disabled_configuration_prevent_transport" />
    </UnitTest>
    <UnitTest name="Haven.Infrastructure.Tests.CloudflareWorkersAiMetadataTests.Other_endpoints_keep_original_OpenAI_discovery(endpoint: &quot;https://api.cloudflare.com:8443/client/v4/accounts&quot;···)" storage="/workspace/team-c/evidence/c5/workers-ai/final-source-linked/bin/debug/net10.0/c5.provider.tests.dll" id="6b700072-ac71-296d-2bfa-7b625b235ba3">
      <Execution id="5b58821b-180a-49ed-b63a-6f4513f3ade7" />
      <TestMethod codeBase="/workspace/team-c/evidence/c5/workers-ai/final-source-linked/bin/Debug/net10.0/C5.Provider.Tests.dll" adapterTypeName="executor://xunit/VsTestRunner3/netcore/" className="Haven.Infrastructure.Tests.CloudflareWorkersAiMetadataTests" name="Other_endpoints_keep_original_OpenAI_discovery" />
    </UnitTest>
    <UnitTest name="Haven.Infrastructure.Tests.ProviderEndpointSecurityTests.Remote_or_invalid_insecure_endpoints_are_rejected_at_transport_boundary(endpoint: &quot;ftp://example.com/v1&quot;)" storage="/workspace/team-c/evidence/c5/workers-ai/final-source-linked/bin/debug/net10.0/c5.provider.tests.dll" id="ae4417ce-9f61-7140-3b91-afc7217e2f79">
      <Execution id="05e12ca1-2c45-4998-b0ab-36c365de5631" />
      <TestMethod codeBase="/workspace/team-c/evidence/c5/workers-ai/final-source-linked/bin/Debug/net10.0/C5.Provider.Tests.dll" adapterTypeName="executor://xunit/VsTestRunner3/netcore/" className="Haven.Infrastructure.Tests.ProviderEndpointSecurityTests" name="Remote_or_invalid_insecure_endpoints_are_rejected_at_transport_boundary" />
    </UnitTest>
    <UnitTest name="Haven.Infrastructure.Tests.CloudflareWorkersAiMetadataTests.Unconfirmed_or_invalid_native_catalogue_is_not_healthy(body: &quot;{\&quot;success\&quot;:true,\&quot;result\&quot;:[{\&quot;id\&quot;:\&quot;wrong-iden&quot;···)" storage="/workspace/team-c/evidence/c5/workers-ai/final-source-linked/bin/debug/net10.0/c5.provider.tests.dll" id="f90ba24b-f841-7eeb-abe1-c3d22cab78bf">
      <Execution id="f3669ca5-8d24-490a-aad0-0c5c0ce4f648" />
      <TestMethod codeBase="/workspace/team-c/evidence/c5/workers-ai/final-source-linked/bin/Debug/net10.0/C5.Provider.Tests.dll" adapterTypeName="executor://xunit/VsTestRunner3/netcore/" className="Haven.Infrastructure.Tests.CloudflareWorkersAiMetadataTests" name="Unconfirmed_or_invalid_native_catalogue_is_not_healthy" />
    </UnitTest>
  </TestDefinitions>
  <TestEntries>
    <TestEntry testId="325a18d0-e2ea-67da-318c-4d6ceb8fa290" executionId="fa7c1a92-0b04-43d0-8c61-56b706b48aeb" testListId="8c84fa94-04c1-424b-9868-57a2d4851a1d" />
    <TestEntry testId="897e301e-6e2e-b7b9-9dfe-b5a4310171cc" executionId="3ffa8e48-d1a6-45bb-9560-1d578ca50e87" testListId="8c84fa94-04c1-424b-9868-57a2d4851a1d" />
    <TestEntry testId="42b8d80c-8e3c-aeb0-fddc-e6cff6b77587" executionId="20cefe81-d098-4441-bdf2-91aa00061389" testListId="8c84fa94-04c1-424b-9868-57a2d4851a1d" />
    <TestEntry testId="c89c5d16-b186-c9b7-5626-d69fb17bbf00" executionId="bd8d8c1f-1b94-4e7a-9ec0-225cb8ff9a05" testListId="8c84fa94-04c1-424b-9868-57a2d4851a1d" />
    <TestEntry testId="b80bbb0b-80f0-a35b-e08b-8ac4f88c3229" executionId="cb9272c3-886b-42ce-b331-b30e035ade45" testListId="8c84fa94-04c1-424b-9868-57a2d4851a1d" />
    <TestEntry testId="ae4417ce-9f61-7140-3b91-afc7217e2f79" executionId="05e12ca1-2c45-4998-b0ab-36c365de5631" testListId="8c84fa94-04c1-424b-9868-57a2d4851a1d" />
    <TestEntry testId="def9a8d4-a7ab-d01e-b2c0-4baed7f3f1bb" executionId="f505d4d4-5c7f-410a-b4d6-03d17092cb1d" testListId="8c84fa94-04c1-424b-9868-57a2d4851a1d" />
    <TestEntry testId="ec36f226-e99f-aa54-43c0-c305bf32cf33" executionId="edce5fa2-cce7-4f99-80f9-4f60bc1124da" testListId="8c84fa94-04c1-424b-9868-57a2d4851a1d" />
    <TestEntry testId="7962d873-64eb-a031-1bf7-eab7eb6345ca" executionId="5008d4ce-6da6-4e66-8851-53ca1b978e6a" testListId="8c84fa94-04c1-424b-9868-57a2d4851a1d" />
    <TestEntry testId="44c8a429-005d-95bc-4033-fcd00dadbfb1" executionId="e2898b7d-9783-499e-8f1d-b8e4416e05dc" testListId="8c84fa94-04c1-424b-9868-57a2d4851a1d" />
    <TestEntry testId="73ade372-1117-3ef5-e509-bd3ceed6e123" executionId="1c6128d3-2c76-4e59-aa99-ad0cbb5c0b1c" testListId="8c84fa94-04c1-424b-9868-57a2d4851a1d" />
    <TestEntry testId="f90ba24b-f841-7eeb-abe1-c3d22cab78bf" executionId="f3669ca5-8d24-490a-aad0-0c5c0ce4f648" testListId="8c84fa94-04c1-424b-9868-57a2d4851a1d" />
    <TestEntry testId="4bf5262e-2689-e91e-7748-8c69789a0980" executionId="417ad406-4846-4954-bd2d-7c66db27c2a0" testListId="8c84fa94-04c1-424b-9868-57a2d4851a1d" />
    <TestEntry testId="871e9313-e696-d179-439d-907b9ab7795c" executionId="d591ade3-8d02-42fd-bf5a-18816d753698" testListId="8c84fa94-04c1-424b-9868-57a2d4851a1d" />
    <TestEntry testId="6b700072-ac71-296d-2bfa-7b625b235ba3" executionId="5b58821b-180a-49ed-b63a-6f4513f3ade7" testListId="8c84fa94-04c1-424b-9868-57a2d4851a1d" />
    <TestEntry testId="d5edf3e7-d242-662e-7c34-2c03806f11d3" executionId="0accee56-d575-433a-a5f0-2b0a412eb288" testListId="8c84fa94-04c1-424b-9868-57a2d4851a1d" />
    <TestEntry testId="b3dfa174-7996-44a3-067a-8147544e66d0" executionId="41757f85-0cc6-4b2c-a104-1794436f4e7d" testListId="8c84fa94-04c1-424b-9868-57a2d4851a1d" />
    <TestEntry testId="02a32fba-2895-b7c5-7af3-99f6f5d4cd76" executionId="78fcbc5f-5b97-46f9-9c21-8440a6902df0" testListId="8c84fa94-04c1-424b-9868-57a2d4851a1d" />
    <TestEntry testId="1b9d3524-04e7-a869-3e17-42cfeed734df" executionId="49602564-646e-4fca-915d-3d2e751a968d" testListId="8c84fa94-04c1-424b-9868-57a2d4851a1d" />
    <TestEntry testId="1030a14a-f807-e6d9-d86c-8f0c567132ba" executionId="8c0b7d2e-dceb-4d77-9e4c-9747e0cfdf50" testListId="8c84fa94-04c1-424b-9868-57a2d4851a1d" />
    <TestEntry testId="48893136-9274-84f0-e5a7-ef31c3680fb1" executionId="df7ae490-2d10-40db-aa27-56dd3b666191" testListId="8c84fa94-04c1-424b-9868-57a2d4851a1d" />
    <TestEntry testId="584eb04e-0054-c5d6-2d57-0919ff92ccb5" executionId="085da0c3-a131-43d7-98a7-62cf2296eada" testListId="8c84fa94-04c1-424b-9868-57a2d4851a1d" />
    <TestEntry testId="119be01a-db36-5a44-00f1-a176f0e5e0ce" executionId="e87ec518-561b-4d3e-a390-dc79a979ea23" testListId="8c84fa94-04c1-424b-9868-57a2d4851a1d" />
  </TestEntries>
  <TestLists>
    <TestList name="Results Not in a List" id="8c84fa94-04c1-424b-9868-57a2d4851a1d" />
    <TestList name="All Loaded Results" id="19431567-8539-422a-85d7-44ee4e166bda" />
  </TestLists>
  <ResultSummary outcome="Completed">
    <Counters total="23" executed="23" passed="23" failed="0" error="0" timeout="0" aborted="0" inconclusive="0" passedButRunAborted="0" notRunnable="0" notExecuted="0" disconnected="0" warning="0" completed="0" inProgress="0" pending="0" />
    <Output>
      <StdOut>[xUnit.net 00:00:00.00] xUnit.net VSTest Adapter v3.1.5+1b188a7b0a (64-bit .NET 10.0.12)
[xUnit.net 00:00:00.07]   Discovering: C5.Provider.Tests
[xUnit.net 00:00:00.12]   Discovered:  C5.Provider.Tests
[xUnit.net 00:00:00.15]   Starting:    C5.Provider.Tests
[xUnit.net 00:00:00.28]   Finished:    C5.Provider.Tests
</StdOut>
    </Output>
  </ResultSummary>
</TestRun>