<?xml version="1.0" encoding="utf-8"?>
<TestRun id="85daf95d-cd6f-4828-bae2-5afbd6e5dad8" name="@5f26f397bc73 2026-10-04 08:17:13" xmlns="http://microsoft.com/schemas/VisualStudio/TeamTest/2010">
  <Times creation="2026-10-04T08:17:13.1203134+00:00" queuing="2026-10-04T08:17:13.1203135+00:00" start="2026-10-04T08:17:12.5337068+00:00" finish="2026-10-04T08:17:13.1779326+00:00" />
  <TestSettings name="default" id="db211bc6-9c2c-4e81-9f23-6d119b6529a6">
    <Deployment runDeploymentRoot="_5f26f397bc73_2026-10-04_08_17_13" />
  </TestSettings>
  <Results>
    <UnitTestResult executionId="5248f061-ba24-4109-9ef4-89c2eff714be" testId="48893136-9274-84f0-e5a7-ef31c3680fb1" testName="Haven.Infrastructure.Tests.CloudflareWorkersAiMetadataTests.HTTP_denial_and_malformed_JSON_do_not_become_healthy" computerName="5f26f397bc73" duration="00:00:00.0008565" startTime="2026-10-04T08:17:13.1119562+00:00" endTime="2026-10-04T08:17:13.1125997+00:00" testType="13cdc9d9-ddb5-4fa4-a97d-d965ccfc6d4b" outcome="Failed" testListId="8c84fa94-04c1-424b-9868-57a2d4851a1d" relativeResultsDirectory="5248f061-ba24-4109-9ef4-89c2eff714be">
      <Output>
        <ErrorInfo>
          <Message>Assert.False() Failure
Expected: False
Actual:   True</Message>
          <StackTrace>   at Haven.Infrastructure.Tests.CloudflareWorkersAiMetadataTests.HTTP_denial_and_malformed_JSON_do_not_become_healthy() in /workspace/team-c/c5-workers-ai-metadata/9to1 Workspace/shared/tests/Haven.Infrastructure.Tests/CloudflareWorkersAiMetadataTests.cs:line 78
--- End of stack trace from previous location ---</StackTrace>
        </ErrorInfo>
      </Output>
    </UnitTestResult>
    <UnitTestResult executionId="7d3a0bfc-489a-43f0-9595-cf9b929c5cab" testId="c89c5d16-b186-c9b7-5626-d69fb17bbf00" testName="Haven.Infrastructure.Tests.CloudflareWorkersAiMetadataTests.Unconfirmed_or_invalid_native_catalogue_is_not_healthy(body: &quot;{\&quot;success\&quot;:false,\&quot;result\&quot;:[]}&quot;)" computerName="5f26f397bc73" duration="00:00:00.0002495" startTime="2026-10-04T08:17:13.1008791+00:00" endTime="2026-10-04T08:17:13.1009878+00:00" testType="13cdc9d9-ddb5-4fa4-a97d-d965ccfc6d4b" outcome="Failed" testListId="8c84fa94-04c1-424b-9868-57a2d4851a1d" relativeResultsDirectory="7d3a0bfc-489a-43f0-9595-cf9b929c5cab">
      <Output>
        <ErrorInfo>
          <Message>Assert.Throws() Failure: No exception was thrown
Expected: typeof(System.InvalidOperationException)</Message>
          <StackTrace>   at Haven.Infrastructure.Tests.CloudflareWorkersAiMetadataTests.Unconfirmed_or_invalid_native_catalogue_is_not_healthy(String body) in /workspace/team-c/c5-workers-ai-metadata/9to1 Workspace/shared/tests/Haven.Infrastructure.Tests/CloudflareWorkersAiMetadataTests.cs:line 69
--- End of stack trace from previous location ---</StackTrace>
        </ErrorInfo>
      </Output>
    </UnitTestResult>
    <UnitTestResult executionId="cf09e249-a21d-4ec9-9379-850ff89c0bb9" testId="1030a14a-f807-e6d9-d86c-8f0c567132ba" testName="Haven.Infrastructure.Tests.ProviderEndpointSecurityTests.Remote_or_invalid_insecure_endpoints_are_rejected_at_transport_boundary(endpoint: &quot;relative/path&quot;)" computerName="5f26f397bc73" duration="00:00:00.0026802" startTime="2026-10-04T08:17:13.0635833+00:00" endTime="2026-10-04T08:17:13.0636304+00:00" testType="13cdc9d9-ddb5-4fa4-a97d-d965ccfc6d4b" outcome="Passed" testListId="8c84fa94-04c1-424b-9868-57a2d4851a1d" relativeResultsDirectory="cf09e249-a21d-4ec9-9379-850ff89c0bb9" />
    <UnitTestResult executionId="3d3225a8-21ed-4236-9453-be694a0d7034" testId="def9a8d4-a7ab-d01e-b2c0-4baed7f3f1bb" testName="Haven.Infrastructure.Tests.CloudflareWorkersAiMetadataTests.Repeated_full_pages_refuse_partial_catalogue_at_bound" computerName="5f26f397bc73" duration="00:00:00.0008991" startTime="2026-10-04T08:17:13.1107273+00:00" endTime="2026-10-04T08:17:13.1115411+00:00" testType="13cdc9d9-ddb5-4fa4-a97d-d965ccfc6d4b" outcome="Failed" testListId="8c84fa94-04c1-424b-9868-57a2d4851a1d" relativeResultsDirectory="3d3225a8-21ed-4236-9453-be694a0d7034">
      <Output>
        <ErrorInfo>
          <Message>Assert.Throws() Failure: No exception was thrown
Expected: typeof(System.InvalidOperationException)</Message>
          <StackTrace>   at Haven.Infrastructure.Tests.CloudflareWorkersAiMetadataTests.Repeated_full_pages_refuse_partial_catalogue_at_bound() in /workspace/team-c/c5-workers-ai-metadata/9to1 Workspace/shared/tests/Haven.Infrastructure.Tests/CloudflareWorkersAiMetadataTests.cs:line 96
--- End of stack trace from previous location ---</StackTrace>
        </ErrorInfo>
      </Output>
    </UnitTestResult>
    <UnitTestResult executionId="ad63bc65-b00b-4c6e-acfe-b99ea9f943b3" testId="ec36f226-e99f-aa54-43c0-c305bf32cf33" testName="Haven.Infrastructure.Tests.CloudflareWorkersAiMetadataTests.Actual_catalogue_health_is_read_only_metadata_not_inference" computerName="5f26f397bc73" duration="00:00:00.0038132" startTime="2026-10-04T08:17:13.1056339+00:00" endTime="2026-10-04T08:17:13.1095304+00:00" testType="13cdc9d9-ddb5-4fa4-a97d-d965ccfc6d4b" outcome="Failed" testListId="8c84fa94-04c1-424b-9868-57a2d4851a1d" relativeResultsDirectory="ad63bc65-b00b-4c6e-acfe-b99ea9f943b3">
      <Output>
        <ErrorInfo>
          <Message>Assert.Equal() Failure: Strings differ
                                          ↓ (pos 82)
Expected: ···"3c4635410861efcc6a5f593b/ai/models/search"
Actual:   ···"00ca3c4635410861efcc6a5f593b/ai/v1/models"
                                              ↑ (pos 82)</Message>
          <StackTrace>   at Haven.Infrastructure.Tests.CloudflareWorkersAiMetadataTests.AssertMetadataRequest(Call call, Int32 page) in /workspace/team-c/c5-workers-ai-metadata/9to1 Workspace/shared/tests/Haven.Infrastructure.Tests/CloudflareWorkersAiMetadataTests.cs:line 125
   at Haven.Infrastructure.Tests.CloudflareWorkersAiMetadataTests.Actual_catalogue_health_is_read_only_metadata_not_inference() in /workspace/team-c/c5-workers-ai-metadata/9to1 Workspace/shared/tests/Haven.Infrastructure.Tests/CloudflareWorkersAiMetadataTests.cs:line 43
--- End of stack trace from previous location ---</StackTrace>
        </ErrorInfo>
      </Output>
    </UnitTestResult>
    <UnitTestResult executionId="4cf9566e-5857-4abc-86dc-8c4a11437231" testId="7962d873-64eb-a031-1bf7-eab7eb6345ca" testName="Haven.Infrastructure.Tests.CloudflareWorkersAiMetadataTests.Unconfirmed_or_invalid_native_catalogue_is_not_healthy(body: &quot;{\&quot;success\&quot;:true,\&quot;result\&quot;:{}}&quot;)" computerName="5f26f397bc73" duration="00:00:00.0000673" startTime="2026-10-04T08:17:13.1015577+00:00" endTime="2026-10-04T08:17:13.1015977+00:00" testType="13cdc9d9-ddb5-4fa4-a97d-d965ccfc6d4b" outcome="Failed" testListId="8c84fa94-04c1-424b-9868-57a2d4851a1d" relativeResultsDirectory="4cf9566e-5857-4abc-86dc-8c4a11437231">
      <Output>
        <ErrorInfo>
          <Message>Assert.Throws() Failure: No exception was thrown
Expected: typeof(System.InvalidOperationException)</Message>
          <StackTrace>   at Haven.Infrastructure.Tests.CloudflareWorkersAiMetadataTests.Unconfirmed_or_invalid_native_catalogue_is_not_healthy(String body) in /workspace/team-c/c5-workers-ai-metadata/9to1 Workspace/shared/tests/Haven.Infrastructure.Tests/CloudflareWorkersAiMetadataTests.cs:line 69
--- End of stack trace from previous location ---</StackTrace>
        </ErrorInfo>
      </Output>
    </UnitTestResult>
    <UnitTestResult executionId="52a1188a-e717-47d7-820c-0b913bc12047" testId="897e301e-6e2e-b7b9-9dfe-b5a4310171cc" testName="Haven.Infrastructure.Tests.CloudflareWorkersAiMetadataTests.Other_endpoints_keep_original_OpenAI_discovery(endpoint: &quot;https://example.com/client/v4/accounts/8aea00ca3c4&quot;···)" computerName="5f26f397bc73" duration="00:00:00.0000749" startTime="2026-10-04T08:17:13.0942115+00:00" endTime="2026-10-04T08:17:13.0942987+00:00" testType="13cdc9d9-ddb5-4fa4-a97d-d965ccfc6d4b" outcome="Passed" testListId="8c84fa94-04c1-424b-9868-57a2d4851a1d" relativeResultsDirectory="52a1188a-e717-47d7-820c-0b913bc12047" />
    <UnitTestResult executionId="3e581d16-b1b2-46aa-a0fd-234c80aabd6c" testId="119be01a-db36-5a44-00f1-a176f0e5e0ce" testName="Haven.Infrastructure.Tests.ProviderEndpointSecurityTests.Loopback_http_and_remote_https_are_allowed(endpoint: &quot;https://example.com/v1&quot;)" computerName="5f26f397bc73" duration="00:00:00.0002842" startTime="2026-10-04T08:17:13.0622830+00:00" endTime="2026-10-04T08:17:13.0623450+00:00" testType="13cdc9d9-ddb5-4fa4-a97d-d965ccfc6d4b" outcome="Passed" testListId="8c84fa94-04c1-424b-9868-57a2d4851a1d" relativeResultsDirectory="3e581d16-b1b2-46aa-a0fd-234c80aabd6c" />
    <UnitTestResult executionId="a6ca9c83-83da-4f9a-84ef-7bddf3e77a40" testId="f90ba24b-f841-7eeb-abe1-c3d22cab78bf" testName="Haven.Infrastructure.Tests.CloudflareWorkersAiMetadataTests.Unconfirmed_or_invalid_native_catalogue_is_not_healthy(body: &quot;{\&quot;success\&quot;:true,\&quot;result\&quot;:[{\&quot;id\&quot;:\&quot;wrong-iden&quot;···)" computerName="5f26f397bc73" duration="00:00:00.0000756" startTime="2026-10-04T08:17:13.1012994+00:00" endTime="2026-10-04T08:17:13.1013474+00:00" testType="13cdc9d9-ddb5-4fa4-a97d-d965ccfc6d4b" outcome="Failed" testListId="8c84fa94-04c1-424b-9868-57a2d4851a1d" relativeResultsDirectory="a6ca9c83-83da-4f9a-84ef-7bddf3e77a40">
      <Output>
        <ErrorInfo>
          <Message>Assert.Throws() Failure: No exception was thrown
Expected: typeof(System.InvalidOperationException)</Message>
          <StackTrace>   at Haven.Infrastructure.Tests.CloudflareWorkersAiMetadataTests.Unconfirmed_or_invalid_native_catalogue_is_not_healthy(String body) in /workspace/team-c/c5-workers-ai-metadata/9to1 Workspace/shared/tests/Haven.Infrastructure.Tests/CloudflareWorkersAiMetadataTests.cs:line 69
--- End of stack trace from previous location ---</StackTrace>
        </ErrorInfo>
      </Output>
    </UnitTestResult>
    <UnitTestResult executionId="67433948-47dc-4aa6-bcb4-742b3dc8ecf8" testId="584eb04e-0054-c5d6-2d57-0919ff92ccb5" testName="Haven.Infrastructure.Tests.ProviderEndpointSecurityTests.Remote_or_invalid_insecure_endpoints_are_rejected_at_transport_boundary(endpoint: &quot;http://example.com/v1&quot;)" computerName="5f26f397bc73" duration="00:00:00.0000374" startTime="2026-10-04T08:17:13.0638351+00:00" endTime="2026-10-04T08:17:13.0638671+00:00" testType="13cdc9d9-ddb5-4fa4-a97d-d965ccfc6d4b" outcome="Passed" testListId="8c84fa94-04c1-424b-9868-57a2d4851a1d" relativeResultsDirectory="67433948-47dc-4aa6-bcb4-742b3dc8ecf8" />
    <UnitTestResult executionId="9b985d38-0d5f-4398-b0fc-02b1bdca3e72" testId="ae4417ce-9f61-7140-3b91-afc7217e2f79" testName="Haven.Infrastructure.Tests.ProviderEndpointSecurityTests.Remote_or_invalid_insecure_endpoints_are_rejected_at_transport_boundary(endpoint: &quot;ftp://example.com/v1&quot;)" computerName="5f26f397bc73" duration="00:00:00.0002737" startTime="2026-10-04T08:17:13.0637212+00:00" endTime="2026-10-04T08:17:13.0637578+00:00" testType="13cdc9d9-ddb5-4fa4-a97d-d965ccfc6d4b" outcome="Passed" testListId="8c84fa94-04c1-424b-9868-57a2d4851a1d" relativeResultsDirectory="9b985d38-0d5f-4398-b0fc-02b1bdca3e72" />
    <UnitTestResult executionId="ab96d869-82ff-4520-8784-349b838e079d" testId="871e9313-e696-d179-439d-907b9ab7795c" testName="Haven.Infrastructure.Tests.CloudflareWorkersAiMetadataTests.Cancellation_and_disabled_configuration_prevent_transport" computerName="5f26f397bc73" duration="00:00:00.0038790" startTime="2026-10-04T08:17:13.1031549+00:00" endTime="2026-10-04T08:17:13.1054972+00:00" testType="13cdc9d9-ddb5-4fa4-a97d-d965ccfc6d4b" outcome="Passed" testListId="8c84fa94-04c1-424b-9868-57a2d4851a1d" relativeResultsDirectory="ab96d869-82ff-4520-8784-349b838e079d" />
    <UnitTestResult executionId="fb98dfe8-ef03-48f1-a945-77a920d5b7b7" testId="325a18d0-e2ea-67da-318c-4d6ceb8fa290" testName="Haven.Infrastructure.Tests.CloudflareWorkersAiMetadataTests.Other_endpoints_keep_original_OpenAI_discovery(endpoint: &quot;https://api.cloudflare.com/client/v4/accounts/8aea&quot;···)" computerName="5f26f397bc73" duration="00:00:00.0000321" startTime="2026-10-04T08:17:13.0945810+00:00" endTime="2026-10-04T08:17:13.0946224+00:00" testType="13cdc9d9-ddb5-4fa4-a97d-d965ccfc6d4b" outcome="Passed" testListId="8c84fa94-04c1-424b-9868-57a2d4851a1d" relativeResultsDirectory="fb98dfe8-ef03-48f1-a945-77a920d5b7b7" />
    <UnitTestResult executionId="29171db8-a8cc-43dd-aca9-bc84b61c7a5a" testId="b80bbb0b-80f0-a35b-e08b-8ac4f88c3229" testName="Haven.Infrastructure.Tests.ProviderEndpointSecurityTests.Loopback_http_and_remote_https_are_allowed(endpoint: &quot;http://127.0.0.1:11434/v1&quot;)" computerName="5f26f397bc73" duration="00:00:00.0000368" startTime="2026-10-04T08:17:13.0629298+00:00" endTime="2026-10-04T08:17:13.0629711+00:00" testType="13cdc9d9-ddb5-4fa4-a97d-d965ccfc6d4b" outcome="Passed" testListId="8c84fa94-04c1-424b-9868-57a2d4851a1d" relativeResultsDirectory="29171db8-a8cc-43dd-aca9-bc84b61c7a5a" />
    <UnitTestResult executionId="31a70e79-24ae-4cf5-995e-a7ea1510d6ee" testId="6b700072-ac71-296d-2bfa-7b625b235ba3" testName="Haven.Infrastructure.Tests.CloudflareWorkersAiMetadataTests.Other_endpoints_keep_original_OpenAI_discovery(endpoint: &quot;https://api.cloudflare.com:8443/client/v4/accounts&quot;···)" computerName="5f26f397bc73" duration="00:00:00.0001876" startTime="2026-10-04T08:17:13.0657855+00:00" endTime="2026-10-04T08:17:13.0658280+00:00" testType="13cdc9d9-ddb5-4fa4-a97d-d965ccfc6d4b" outcome="Passed" testListId="8c84fa94-04c1-424b-9868-57a2d4851a1d" relativeResultsDirectory="31a70e79-24ae-4cf5-995e-a7ea1510d6ee" />
    <UnitTestResult executionId="76d43398-8226-4cc5-adb3-1d7ff9ef1e56" testId="42b8d80c-8e3c-aeb0-fddc-e6cff6b77587" testName="Haven.Infrastructure.Tests.CloudflareWorkersAiMetadataTests.Actual_catalogue_preserves_provider_model_identity_and_context_without_granting_capabilities" computerName="5f26f397bc73" duration="00:00:00.0006173" startTime="2026-10-04T08:17:13.1098309+00:00" endTime="2026-10-04T08:17:13.1103602+00:00" testType="13cdc9d9-ddb5-4fa4-a97d-d965ccfc6d4b" outcome="Failed" testListId="8c84fa94-04c1-424b-9868-57a2d4851a1d" relativeResultsDirectory="76d43398-8226-4cc5-adb3-1d7ff9ef1e56">
      <Output>
        <ErrorInfo>
          <Message>Assert.Single() Failure: The collection was empty</Message>
          <StackTrace>   at Haven.Infrastructure.Tests.CloudflareWorkersAiMetadataTests.Actual_catalogue_preserves_provider_model_identity_and_context_without_granting_capabilities() in /workspace/team-c/c5-workers-ai-metadata/9to1 Workspace/shared/tests/Haven.Infrastructure.Tests/CloudflareWorkersAiMetadataTests.cs:line 28
--- End of stack trace from previous location ---</StackTrace>
        </ErrorInfo>
      </Output>
    </UnitTestResult>
    <UnitTestResult executionId="3fa8144d-0ac8-4191-8db9-1cd07fd324db" testId="73ade372-1117-3ef5-e509-bd3ceed6e123" testName="Haven.Infrastructure.Tests.CloudflareWorkersAiMetadataTests.Pagination_uses_actual_page_length_and_deduplicates_stable_names" computerName="5f26f397bc73" duration="00:00:00.0271614" startTime="2026-10-04T08:17:13.1001089+00:00" endTime="2026-10-04T08:17:13.1001713+00:00" testType="13cdc9d9-ddb5-4fa4-a97d-d965ccfc6d4b" outcome="Failed" testListId="8c84fa94-04c1-424b-9868-57a2d4851a1d" relativeResultsDirectory="3fa8144d-0ac8-4191-8db9-1cd07fd324db">
      <Output>
        <ErrorInfo>
          <Message>Assert.Equal() Failure: Values differ
Expected: 100
Actual:   0</Message>
          <StackTrace>   at Haven.Infrastructure.Tests.CloudflareWorkersAiMetadataTests.Pagination_uses_actual_page_length_and_deduplicates_stable_names() in /workspace/team-c/c5-workers-ai-metadata/9to1 Workspace/shared/tests/Haven.Infrastructure.Tests/CloudflareWorkersAiMetadataTests.cs:line 86
--- End of stack trace from previous location ---</StackTrace>
        </ErrorInfo>
      </Output>
    </UnitTestResult>
    <UnitTestResult executionId="e18d14b3-7593-43e6-a7d5-d831b51330e4" testId="44c8a429-005d-95bc-4033-fcd00dadbfb1" testName="Haven.Infrastructure.Tests.CloudflareWorkersAiMetadataTests.Other_endpoints_keep_original_OpenAI_discovery(endpoint: &quot;https://api.cloudflare.com.evil.example/client/v4/&quot;···)" computerName="5f26f397bc73" duration="00:00:00.0000215" startTime="2026-10-04T08:17:13.0946939+00:00" endTime="2026-10-04T08:17:13.0947377+00:00" testType="13cdc9d9-ddb5-4fa4-a97d-d965ccfc6d4b" outcome="Passed" testListId="8c84fa94-04c1-424b-9868-57a2d4851a1d" relativeResultsDirectory="e18d14b3-7593-43e6-a7d5-d831b51330e4" />
    <UnitTestResult executionId="16e44d2c-9d5b-4ad1-8696-eeb91460d5f5" testId="b3dfa174-7996-44a3-067a-8147544e66d0" testName="Haven.Infrastructure.Tests.CloudflareWorkersAiMetadataTests.Other_endpoints_keep_original_OpenAI_discovery(endpoint: &quot;https://api.cloudflare.com/client/v4/accounts/not-&quot;···)" computerName="5f26f397bc73" duration="00:00:00.0004672" startTime="2026-10-04T08:17:13.0655774+00:00" endTime="2026-10-04T08:17:13.0656190+00:00" testType="13cdc9d9-ddb5-4fa4-a97d-d965ccfc6d4b" outcome="Passed" testListId="8c84fa94-04c1-424b-9868-57a2d4851a1d" relativeResultsDirectory="16e44d2c-9d5b-4ad1-8696-eeb91460d5f5" />
    <UnitTestResult executionId="57bbda21-d20b-427f-ad30-e389193c0c77" testId="02a32fba-2895-b7c5-7af3-99f6f5d4cd76" testName="Haven.Infrastructure.Tests.CloudflareWorkersAiMetadataTests.Unconfirmed_or_invalid_native_catalogue_is_not_healthy(body: &quot;{\&quot;data\&quot;:[]}&quot;)" computerName="5f26f397bc73" duration="00:00:00.0012462" startTime="2026-10-04T08:17:13.1006263+00:00" endTime="2026-10-04T08:17:13.1006659+00:00" testType="13cdc9d9-ddb5-4fa4-a97d-d965ccfc6d4b" outcome="Failed" testListId="8c84fa94-04c1-424b-9868-57a2d4851a1d" relativeResultsDirectory="57bbda21-d20b-427f-ad30-e389193c0c77">
      <Output>
        <ErrorInfo>
          <Message>Assert.Throws() Failure: No exception was thrown
Expected: typeof(System.InvalidOperationException)</Message>
          <StackTrace>   at Haven.Infrastructure.Tests.CloudflareWorkersAiMetadataTests.Unconfirmed_or_invalid_native_catalogue_is_not_healthy(String body) in /workspace/team-c/c5-workers-ai-metadata/9to1 Workspace/shared/tests/Haven.Infrastructure.Tests/CloudflareWorkersAiMetadataTests.cs:line 69
--- End of stack trace from previous location ---</StackTrace>
        </ErrorInfo>
      </Output>
    </UnitTestResult>
    <UnitTestResult executionId="89e6979c-67e1-4d20-9e7f-237f0e5e0717" testId="4bf5262e-2689-e91e-7748-8c69789a0980" testName="Haven.Infrastructure.Tests.CloudflareWorkersAiMetadataTests.Unknown_context_is_not_fabricated_and_price_does_not_grant_routing_capabilities" computerName="5f26f397bc73" duration="00:00:00.0013180" startTime="2026-10-04T08:17:13.0948331+00:00" endTime="2026-10-04T08:17:13.0954214+00:00" testType="13cdc9d9-ddb5-4fa4-a97d-d965ccfc6d4b" outcome="Failed" testListId="8c84fa94-04c1-424b-9868-57a2d4851a1d" relativeResultsDirectory="89e6979c-67e1-4d20-9e7f-237f0e5e0717">
      <Output>
        <ErrorInfo>
          <Message>Assert.Single() Failure: The collection was empty</Message>
          <StackTrace>   at Haven.Infrastructure.Tests.CloudflareWorkersAiMetadataTests.Unknown_context_is_not_fabricated_and_price_does_not_grant_routing_capabilities() in /workspace/team-c/c5-workers-ai-metadata/9to1 Workspace/shared/tests/Haven.Infrastructure.Tests/CloudflareWorkersAiMetadataTests.cs:line 117
--- End of stack trace from previous location ---</StackTrace>
        </ErrorInfo>
      </Output>
    </UnitTestResult>
    <UnitTestResult executionId="0ba2a267-5982-4380-805b-3fd3a7b848d1" testId="1b9d3524-04e7-a869-3e17-42cfeed734df" testName="Haven.Infrastructure.Tests.CloudflareWorkersAiMetadataTests.Other_endpoints_keep_original_OpenAI_discovery(endpoint: &quot;https://api.cloudflare.com/client/v4/accounts/8aea&quot;···)" computerName="5f26f397bc73" duration="00:00:00.0187335" startTime="2026-10-04T08:17:13.0420023+00:00" endTime="2026-10-04T08:17:13.0653051+00:00" testType="13cdc9d9-ddb5-4fa4-a97d-d965ccfc6d4b" outcome="Passed" testListId="8c84fa94-04c1-424b-9868-57a2d4851a1d" relativeResultsDirectory="0ba2a267-5982-4380-805b-3fd3a7b848d1" />
    <UnitTestResult executionId="299ba742-81b8-43a2-9163-f15914ca7262" testId="d5edf3e7-d242-662e-7c34-2c03806f11d3" testName="Haven.Infrastructure.Tests.ProviderEndpointSecurityTests.Loopback_http_and_remote_https_are_allowed(endpoint: &quot;http://localhost:11434/v1&quot;)" computerName="5f26f397bc73" duration="00:00:00.0044186" startTime="2026-10-04T08:17:13.0403211+00:00" endTime="2026-10-04T08:17:13.0505231+00:00" testType="13cdc9d9-ddb5-4fa4-a97d-d965ccfc6d4b" outcome="Passed" testListId="8c84fa94-04c1-424b-9868-57a2d4851a1d" relativeResultsDirectory="299ba742-81b8-43a2-9163-f15914ca7262" />
  </Results>
  <TestDefinitions>
    <UnitTest name="Haven.Infrastructure.Tests.CloudflareWorkersAiMetadataTests.Actual_catalogue_health_is_read_only_metadata_not_inference" storage="/workspace/team-c/evidence/c5/workers-ai/before-source-linked/bin/debug/net10.0/c5.provider.tests.dll" id="ec36f226-e99f-aa54-43c0-c305bf32cf33">
      <Execution id="ad63bc65-b00b-4c6e-acfe-b99ea9f943b3" />
      <TestMethod codeBase="/workspace/team-c/evidence/c5/workers-ai/before-source-linked/bin/Debug/net10.0/C5.Provider.Tests.dll" adapterTypeName="executor://xunit/VsTestRunner3/netcore/" className="Haven.Infrastructure.Tests.CloudflareWorkersAiMetadataTests" name="Actual_catalogue_health_is_read_only_metadata_not_inference" />
    </UnitTest>
    <UnitTest name="Haven.Infrastructure.Tests.ProviderEndpointSecurityTests.Loopback_http_and_remote_https_are_allowed(endpoint: &quot;http://localhost:11434/v1&quot;)" storage="/workspace/team-c/evidence/c5/workers-ai/before-source-linked/bin/debug/net10.0/c5.provider.tests.dll" id="d5edf3e7-d242-662e-7c34-2c03806f11d3">
      <Execution id="299ba742-81b8-43a2-9163-f15914ca7262" />
      <TestMethod codeBase="/workspace/team-c/evidence/c5/workers-ai/before-source-linked/bin/Debug/net10.0/C5.Provider.Tests.dll" adapterTypeName="executor://xunit/VsTestRunner3/netcore/" className="Haven.Infrastructure.Tests.ProviderEndpointSecurityTests" name="Loopback_http_and_remote_https_are_allowed" />
    </UnitTest>
    <UnitTest name="Haven.Infrastructure.Tests.CloudflareWorkersAiMetadataTests.Other_endpoints_keep_original_OpenAI_discovery(endpoint: &quot;https://example.com/client/v4/accounts/8aea00ca3c4&quot;···)" storage="/workspace/team-c/evidence/c5/workers-ai/before-source-linked/bin/debug/net10.0/c5.provider.tests.dll" id="897e301e-6e2e-b7b9-9dfe-b5a4310171cc">
      <Execution id="52a1188a-e717-47d7-820c-0b913bc12047" />
      <TestMethod codeBase="/workspace/team-c/evidence/c5/workers-ai/before-source-linked/bin/Debug/net10.0/C5.Provider.Tests.dll" adapterTypeName="executor://xunit/VsTestRunner3/netcore/" className="Haven.Infrastructure.Tests.CloudflareWorkersAiMetadataTests" name="Other_endpoints_keep_original_OpenAI_discovery" />
    </UnitTest>
    <UnitTest name="Haven.Infrastructure.Tests.CloudflareWorkersAiMetadataTests.Unconfirmed_or_invalid_native_catalogue_is_not_healthy(body: &quot;{\&quot;success\&quot;:true,\&quot;result\&quot;:{}}&quot;)" storage="/workspace/team-c/evidence/c5/workers-ai/before-source-linked/bin/debug/net10.0/c5.provider.tests.dll" id="7962d873-64eb-a031-1bf7-eab7eb6345ca">
      <Execution id="4cf9566e-5857-4abc-86dc-8c4a11437231" />
      <TestMethod codeBase="/workspace/team-c/evidence/c5/workers-ai/before-source-linked/bin/Debug/net10.0/C5.Provider.Tests.dll" adapterTypeName="executor://xunit/VsTestRunner3/netcore/" className="Haven.Infrastructure.Tests.CloudflareWorkersAiMetadataTests" name="Unconfirmed_or_invalid_native_catalogue_is_not_healthy" />
    </UnitTest>
    <UnitTest name="Haven.Infrastructure.Tests.ProviderEndpointSecurityTests.Loopback_http_and_remote_https_are_allowed(endpoint: &quot;http://127.0.0.1:11434/v1&quot;)" storage="/workspace/team-c/evidence/c5/workers-ai/before-source-linked/bin/debug/net10.0/c5.provider.tests.dll" id="b80bbb0b-80f0-a35b-e08b-8ac4f88c3229">
      <Execution id="29171db8-a8cc-43dd-aca9-bc84b61c7a5a" />
      <TestMethod codeBase="/workspace/team-c/evidence/c5/workers-ai/before-source-linked/bin/Debug/net10.0/C5.Provider.Tests.dll" adapterTypeName="executor://xunit/VsTestRunner3/netcore/" className="Haven.Infrastructure.Tests.ProviderEndpointSecurityTests" name="Loopback_http_and_remote_https_are_allowed" />
    </UnitTest>
    <UnitTest name="Haven.Infrastructure.Tests.CloudflareWorkersAiMetadataTests.Unconfirmed_or_invalid_native_catalogue_is_not_healthy(body: &quot;{\&quot;data\&quot;:[]}&quot;)" storage="/workspace/team-c/evidence/c5/workers-ai/before-source-linked/bin/debug/net10.0/c5.provider.tests.dll" id="02a32fba-2895-b7c5-7af3-99f6f5d4cd76">
      <Execution id="57bbda21-d20b-427f-ad30-e389193c0c77" />
      <TestMethod codeBase="/workspace/team-c/evidence/c5/workers-ai/before-source-linked/bin/Debug/net10.0/C5.Provider.Tests.dll" adapterTypeName="executor://xunit/VsTestRunner3/netcore/" className="Haven.Infrastructure.Tests.CloudflareWorkersAiMetadataTests" name="Unconfirmed_or_invalid_native_catalogue_is_not_healthy" />
    </UnitTest>
    <UnitTest name="Haven.Infrastructure.Tests.ProviderEndpointSecurityTests.Loopback_http_and_remote_https_are_allowed(endpoint: &quot;https://example.com/v1&quot;)" storage="/workspace/team-c/evidence/c5/workers-ai/before-source-linked/bin/debug/net10.0/c5.provider.tests.dll" id="119be01a-db36-5a44-00f1-a176f0e5e0ce">
      <Execution id="3e581d16-b1b2-46aa-a0fd-234c80aabd6c" />
      <TestMethod codeBase="/workspace/team-c/evidence/c5/workers-ai/before-source-linked/bin/Debug/net10.0/C5.Provider.Tests.dll" adapterTypeName="executor://xunit/VsTestRunner3/netcore/" className="Haven.Infrastructure.Tests.ProviderEndpointSecurityTests" name="Loopback_http_and_remote_https_are_allowed" />
    </UnitTest>
    <UnitTest name="Haven.Infrastructure.Tests.CloudflareWorkersAiMetadataTests.Other_endpoints_keep_original_OpenAI_discovery(endpoint: &quot;https://api.cloudflare.com/client/v4/accounts/not-&quot;···)" storage="/workspace/team-c/evidence/c5/workers-ai/before-source-linked/bin/debug/net10.0/c5.provider.tests.dll" id="b3dfa174-7996-44a3-067a-8147544e66d0">
      <Execution id="16e44d2c-9d5b-4ad1-8696-eeb91460d5f5" />
      <TestMethod codeBase="/workspace/team-c/evidence/c5/workers-ai/before-source-linked/bin/Debug/net10.0/C5.Provider.Tests.dll" adapterTypeName="executor://xunit/VsTestRunner3/netcore/" className="Haven.Infrastructure.Tests.CloudflareWorkersAiMetadataTests" name="Other_endpoints_keep_original_OpenAI_discovery" />
    </UnitTest>
    <UnitTest name="Haven.Infrastructure.Tests.CloudflareWorkersAiMetadataTests.Pagination_uses_actual_page_length_and_deduplicates_stable_names" storage="/workspace/team-c/evidence/c5/workers-ai/before-source-linked/bin/debug/net10.0/c5.provider.tests.dll" id="73ade372-1117-3ef5-e509-bd3ceed6e123">
      <Execution id="3fa8144d-0ac8-4191-8db9-1cd07fd324db" />
      <TestMethod codeBase="/workspace/team-c/evidence/c5/workers-ai/before-source-linked/bin/Debug/net10.0/C5.Provider.Tests.dll" adapterTypeName="executor://xunit/VsTestRunner3/netcore/" className="Haven.Infrastructure.Tests.CloudflareWorkersAiMetadataTests" name="Pagination_uses_actual_page_length_and_deduplicates_stable_names" />
    </UnitTest>
    <UnitTest name="Haven.Infrastructure.Tests.ProviderEndpointSecurityTests.Remote_or_invalid_insecure_endpoints_are_rejected_at_transport_boundary(endpoint: &quot;relative/path&quot;)" storage="/workspace/team-c/evidence/c5/workers-ai/before-source-linked/bin/debug/net10.0/c5.provider.tests.dll" id="1030a14a-f807-e6d9-d86c-8f0c567132ba">
      <Execution id="cf09e249-a21d-4ec9-9379-850ff89c0bb9" />
      <TestMethod codeBase="/workspace/team-c/evidence/c5/workers-ai/before-source-linked/bin/Debug/net10.0/C5.Provider.Tests.dll" adapterTypeName="executor://xunit/VsTestRunner3/netcore/" className="Haven.Infrastructure.Tests.ProviderEndpointSecurityTests" name="Remote_or_invalid_insecure_endpoints_are_rejected_at_transport_boundary" />
    </UnitTest>
    <UnitTest name="Haven.Infrastructure.Tests.CloudflareWorkersAiMetadataTests.Unknown_context_is_not_fabricated_and_price_does_not_grant_routing_capabilities" storage="/workspace/team-c/evidence/c5/workers-ai/before-source-linked/bin/debug/net10.0/c5.provider.tests.dll" id="4bf5262e-2689-e91e-7748-8c69789a0980">
      <Execution id="89e6979c-67e1-4d20-9e7f-237f0e5e0717" />
      <TestMethod codeBase="/workspace/team-c/evidence/c5/workers-ai/before-source-linked/bin/Debug/net10.0/C5.Provider.Tests.dll" adapterTypeName="executor://xunit/VsTestRunner3/netcore/" className="Haven.Infrastructure.Tests.CloudflareWorkersAiMetadataTests" name="Unknown_context_is_not_fabricated_and_price_does_not_grant_routing_capabilities" />
    </UnitTest>
    <UnitTest name="Haven.Infrastructure.Tests.CloudflareWorkersAiMetadataTests.Other_endpoints_keep_original_OpenAI_discovery(endpoint: &quot;https://api.cloudflare.com/client/v4/accounts/8aea&quot;···)" storage="/workspace/team-c/evidence/c5/workers-ai/before-source-linked/bin/debug/net10.0/c5.provider.tests.dll" id="325a18d0-e2ea-67da-318c-4d6ceb8fa290">
      <Execution id="fb98dfe8-ef03-48f1-a945-77a920d5b7b7" />
      <TestMethod codeBase="/workspace/team-c/evidence/c5/workers-ai/before-source-linked/bin/Debug/net10.0/C5.Provider.Tests.dll" adapterTypeName="executor://xunit/VsTestRunner3/netcore/" className="Haven.Infrastructure.Tests.CloudflareWorkersAiMetadataTests" name="Other_endpoints_keep_original_OpenAI_discovery" />
    </UnitTest>
    <UnitTest name="Haven.Infrastructure.Tests.CloudflareWorkersAiMetadataTests.Unconfirmed_or_invalid_native_catalogue_is_not_healthy(body: &quot;{\&quot;success\&quot;:false,\&quot;result\&quot;:[]}&quot;)" storage="/workspace/team-c/evidence/c5/workers-ai/before-source-linked/bin/debug/net10.0/c5.provider.tests.dll" id="c89c5d16-b186-c9b7-5626-d69fb17bbf00">
      <Execution id="7d3a0bfc-489a-43f0-9595-cf9b929c5cab" />
      <TestMethod codeBase="/workspace/team-c/evidence/c5/workers-ai/before-source-linked/bin/Debug/net10.0/C5.Provider.Tests.dll" adapterTypeName="executor://xunit/VsTestRunner3/netcore/" className="Haven.Infrastructure.Tests.CloudflareWorkersAiMetadataTests" name="Unconfirmed_or_invalid_native_catalogue_is_not_healthy" />
    </UnitTest>
    <UnitTest name="Haven.Infrastructure.Tests.CloudflareWorkersAiMetadataTests.Other_endpoints_keep_original_OpenAI_discovery(endpoint: &quot;https://api.cloudflare.com/client/v4/accounts/8aea&quot;···)" storage="/workspace/team-c/evidence/c5/workers-ai/before-source-linked/bin/debug/net10.0/c5.provider.tests.dll" id="1b9d3524-04e7-a869-3e17-42cfeed734df">
      <Execution id="0ba2a267-5982-4380-805b-3fd3a7b848d1" />
      <TestMethod codeBase="/workspace/team-c/evidence/c5/workers-ai/before-source-linked/bin/Debug/net10.0/C5.Provider.Tests.dll" adapterTypeName="executor://xunit/VsTestRunner3/netcore/" className="Haven.Infrastructure.Tests.CloudflareWorkersAiMetadataTests" name="Other_endpoints_keep_original_OpenAI_discovery" />
    </UnitTest>
    <UnitTest name="Haven.Infrastructure.Tests.CloudflareWorkersAiMetadataTests.Actual_catalogue_preserves_provider_model_identity_and_context_without_granting_capabilities" storage="/workspace/team-c/evidence/c5/workers-ai/before-source-linked/bin/debug/net10.0/c5.provider.tests.dll" id="42b8d80c-8e3c-aeb0-fddc-e6cff6b77587">
      <Execution id="76d43398-8226-4cc5-adb3-1d7ff9ef1e56" />
      <TestMethod codeBase="/workspace/team-c/evidence/c5/workers-ai/before-source-linked/bin/Debug/net10.0/C5.Provider.Tests.dll" adapterTypeName="executor://xunit/VsTestRunner3/netcore/" className="Haven.Infrastructure.Tests.CloudflareWorkersAiMetadataTests" name="Actual_catalogue_preserves_provider_model_identity_and_context_without_granting_capabilities" />
    </UnitTest>
    <UnitTest name="Haven.Infrastructure.Tests.CloudflareWorkersAiMetadataTests.HTTP_denial_and_malformed_JSON_do_not_become_healthy" storage="/workspace/team-c/evidence/c5/workers-ai/before-source-linked/bin/debug/net10.0/c5.provider.tests.dll" id="48893136-9274-84f0-e5a7-ef31c3680fb1">
      <Execution id="5248f061-ba24-4109-9ef4-89c2eff714be" />
      <TestMethod codeBase="/workspace/team-c/evidence/c5/workers-ai/before-source-linked/bin/Debug/net10.0/C5.Provider.Tests.dll" adapterTypeName="executor://xunit/VsTestRunner3/netcore/" className="Haven.Infrastructure.Tests.CloudflareWorkersAiMetadataTests" name="HTTP_denial_and_malformed_JSON_do_not_become_healthy" />
    </UnitTest>
    <UnitTest name="Haven.Infrastructure.Tests.CloudflareWorkersAiMetadataTests.Repeated_full_pages_refuse_partial_catalogue_at_bound" storage="/workspace/team-c/evidence/c5/workers-ai/before-source-linked/bin/debug/net10.0/c5.provider.tests.dll" id="def9a8d4-a7ab-d01e-b2c0-4baed7f3f1bb">
      <Execution id="3d3225a8-21ed-4236-9453-be694a0d7034" />
      <TestMethod codeBase="/workspace/team-c/evidence/c5/workers-ai/before-source-linked/bin/Debug/net10.0/C5.Provider.Tests.dll" adapterTypeName="executor://xunit/VsTestRunner3/netcore/" className="Haven.Infrastructure.Tests.CloudflareWorkersAiMetadataTests" name="Repeated_full_pages_refuse_partial_catalogue_at_bound" />
    </UnitTest>
    <UnitTest name="Haven.Infrastructure.Tests.CloudflareWorkersAiMetadataTests.Other_endpoints_keep_original_OpenAI_discovery(endpoint: &quot;https://api.cloudflare.com.evil.example/client/v4/&quot;···)" storage="/workspace/team-c/evidence/c5/workers-ai/before-source-linked/bin/debug/net10.0/c5.provider.tests.dll" id="44c8a429-005d-95bc-4033-fcd00dadbfb1">
      <Execution id="e18d14b3-7593-43e6-a7d5-d831b51330e4" />
      <TestMethod codeBase="/workspace/team-c/evidence/c5/workers-ai/before-source-linked/bin/Debug/net10.0/C5.Provider.Tests.dll" adapterTypeName="executor://xunit/VsTestRunner3/netcore/" className="Haven.Infrastructure.Tests.CloudflareWorkersAiMetadataTests" name="Other_endpoints_keep_original_OpenAI_discovery" />
    </UnitTest>
    <UnitTest name="Haven.Infrastructure.Tests.ProviderEndpointSecurityTests.Remote_or_invalid_insecure_endpoints_are_rejected_at_transport_boundary(endpoint: &quot;http://example.com/v1&quot;)" storage="/workspace/team-c/evidence/c5/workers-ai/before-source-linked/bin/debug/net10.0/c5.provider.tests.dll" id="584eb04e-0054-c5d6-2d57-0919ff92ccb5">
      <Execution id="67433948-47dc-4aa6-bcb4-742b3dc8ecf8" />
      <TestMethod codeBase="/workspace/team-c/evidence/c5/workers-ai/before-source-linked/bin/Debug/net10.0/C5.Provider.Tests.dll" adapterTypeName="executor://xunit/VsTestRunner3/netcore/" className="Haven.Infrastructure.Tests.ProviderEndpointSecurityTests" name="Remote_or_invalid_insecure_endpoints_are_rejected_at_transport_boundary" />
    </UnitTest>
    <UnitTest name="Haven.Infrastructure.Tests.CloudflareWorkersAiMetadataTests.Cancellation_and_disabled_configuration_prevent_transport" storage="/workspace/team-c/evidence/c5/workers-ai/before-source-linked/bin/debug/net10.0/c5.provider.tests.dll" id="871e9313-e696-d179-439d-907b9ab7795c">
      <Execution id="ab96d869-82ff-4520-8784-349b838e079d" />
      <TestMethod codeBase="/workspace/team-c/evidence/c5/workers-ai/before-source-linked/bin/Debug/net10.0/C5.Provider.Tests.dll" adapterTypeName="executor://xunit/VsTestRunner3/netcore/" className="Haven.Infrastructure.Tests.CloudflareWorkersAiMetadataTests" name="Cancellation_and_disabled_configuration_prevent_transport" />
    </UnitTest>
    <UnitTest name="Haven.Infrastructure.Tests.CloudflareWorkersAiMetadataTests.Other_endpoints_keep_original_OpenAI_discovery(endpoint: &quot;https://api.cloudflare.com:8443/client/v4/accounts&quot;···)" storage="/workspace/team-c/evidence/c5/workers-ai/before-source-linked/bin/debug/net10.0/c5.provider.tests.dll" id="6b700072-ac71-296d-2bfa-7b625b235ba3">
      <Execution id="31a70e79-24ae-4cf5-995e-a7ea1510d6ee" />
      <TestMethod codeBase="/workspace/team-c/evidence/c5/workers-ai/before-source-linked/bin/Debug/net10.0/C5.Provider.Tests.dll" adapterTypeName="executor://xunit/VsTestRunner3/netcore/" className="Haven.Infrastructure.Tests.CloudflareWorkersAiMetadataTests" name="Other_endpoints_keep_original_OpenAI_discovery" />
    </UnitTest>
    <UnitTest name="Haven.Infrastructure.Tests.ProviderEndpointSecurityTests.Remote_or_invalid_insecure_endpoints_are_rejected_at_transport_boundary(endpoint: &quot;ftp://example.com/v1&quot;)" storage="/workspace/team-c/evidence/c5/workers-ai/before-source-linked/bin/debug/net10.0/c5.provider.tests.dll" id="ae4417ce-9f61-7140-3b91-afc7217e2f79">
      <Execution id="9b985d38-0d5f-4398-b0fc-02b1bdca3e72" />
      <TestMethod codeBase="/workspace/team-c/evidence/c5/workers-ai/before-source-linked/bin/Debug/net10.0/C5.Provider.Tests.dll" adapterTypeName="executor://xunit/VsTestRunner3/netcore/" className="Haven.Infrastructure.Tests.ProviderEndpointSecurityTests" name="Remote_or_invalid_insecure_endpoints_are_rejected_at_transport_boundary" />
    </UnitTest>
    <UnitTest name="Haven.Infrastructure.Tests.CloudflareWorkersAiMetadataTests.Unconfirmed_or_invalid_native_catalogue_is_not_healthy(body: &quot;{\&quot;success\&quot;:true,\&quot;result\&quot;:[{\&quot;id\&quot;:\&quot;wrong-iden&quot;···)" storage="/workspace/team-c/evidence/c5/workers-ai/before-source-linked/bin/debug/net10.0/c5.provider.tests.dll" id="f90ba24b-f841-7eeb-abe1-c3d22cab78bf">
      <Execution id="a6ca9c83-83da-4f9a-84ef-7bddf3e77a40" />
      <TestMethod codeBase="/workspace/team-c/evidence/c5/workers-ai/before-source-linked/bin/Debug/net10.0/C5.Provider.Tests.dll" adapterTypeName="executor://xunit/VsTestRunner3/netcore/" className="Haven.Infrastructure.Tests.CloudflareWorkersAiMetadataTests" name="Unconfirmed_or_invalid_native_catalogue_is_not_healthy" />
    </UnitTest>
  </TestDefinitions>
  <TestEntries>
    <TestEntry testId="48893136-9274-84f0-e5a7-ef31c3680fb1" executionId="5248f061-ba24-4109-9ef4-89c2eff714be" testListId="8c84fa94-04c1-424b-9868-57a2d4851a1d" />
    <TestEntry testId="c89c5d16-b186-c9b7-5626-d69fb17bbf00" executionId="7d3a0bfc-489a-43f0-9595-cf9b929c5cab" testListId="8c84fa94-04c1-424b-9868-57a2d4851a1d" />
    <TestEntry testId="1030a14a-f807-e6d9-d86c-8f0c567132ba" executionId="cf09e249-a21d-4ec9-9379-850ff89c0bb9" testListId="8c84fa94-04c1-424b-9868-57a2d4851a1d" />
    <TestEntry testId="def9a8d4-a7ab-d01e-b2c0-4baed7f3f1bb" executionId="3d3225a8-21ed-4236-9453-be694a0d7034" testListId="8c84fa94-04c1-424b-9868-57a2d4851a1d" />
    <TestEntry testId="ec36f226-e99f-aa54-43c0-c305bf32cf33" executionId="ad63bc65-b00b-4c6e-acfe-b99ea9f943b3" testListId="8c84fa94-04c1-424b-9868-57a2d4851a1d" />
    <TestEntry testId="7962d873-64eb-a031-1bf7-eab7eb6345ca" executionId="4cf9566e-5857-4abc-86dc-8c4a11437231" testListId="8c84fa94-04c1-424b-9868-57a2d4851a1d" />
    <TestEntry testId="897e301e-6e2e-b7b9-9dfe-b5a4310171cc" executionId="52a1188a-e717-47d7-820c-0b913bc12047" testListId="8c84fa94-04c1-424b-9868-57a2d4851a1d" />
    <TestEntry testId="119be01a-db36-5a44-00f1-a176f0e5e0ce" executionId="3e581d16-b1b2-46aa-a0fd-234c80aabd6c" testListId="8c84fa94-04c1-424b-9868-57a2d4851a1d" />
    <TestEntry testId="f90ba24b-f841-7eeb-abe1-c3d22cab78bf" executionId="a6ca9c83-83da-4f9a-84ef-7bddf3e77a40" testListId="8c84fa94-04c1-424b-9868-57a2d4851a1d" />
    <TestEntry testId="584eb04e-0054-c5d6-2d57-0919ff92ccb5" executionId="67433948-47dc-4aa6-bcb4-742b3dc8ecf8" testListId="8c84fa94-04c1-424b-9868-57a2d4851a1d" />
    <TestEntry testId="ae4417ce-9f61-7140-3b91-afc7217e2f79" executionId="9b985d38-0d5f-4398-b0fc-02b1bdca3e72" testListId="8c84fa94-04c1-424b-9868-57a2d4851a1d" />
    <TestEntry testId="871e9313-e696-d179-439d-907b9ab7795c" executionId="ab96d869-82ff-4520-8784-349b838e079d" testListId="8c84fa94-04c1-424b-9868-57a2d4851a1d" />
    <TestEntry testId="325a18d0-e2ea-67da-318c-4d6ceb8fa290" executionId="fb98dfe8-ef03-48f1-a945-77a920d5b7b7" testListId="8c84fa94-04c1-424b-9868-57a2d4851a1d" />
    <TestEntry testId="b80bbb0b-80f0-a35b-e08b-8ac4f88c3229" executionId="29171db8-a8cc-43dd-aca9-bc84b61c7a5a" testListId="8c84fa94-04c1-424b-9868-57a2d4851a1d" />
    <TestEntry testId="6b700072-ac71-296d-2bfa-7b625b235ba3" executionId="31a70e79-24ae-4cf5-995e-a7ea1510d6ee" testListId="8c84fa94-04c1-424b-9868-57a2d4851a1d" />
    <TestEntry testId="42b8d80c-8e3c-aeb0-fddc-e6cff6b77587" executionId="76d43398-8226-4cc5-adb3-1d7ff9ef1e56" testListId="8c84fa94-04c1-424b-9868-57a2d4851a1d" />
    <TestEntry testId="73ade372-1117-3ef5-e509-bd3ceed6e123" executionId="3fa8144d-0ac8-4191-8db9-1cd07fd324db" testListId="8c84fa94-04c1-424b-9868-57a2d4851a1d" />
    <TestEntry testId="44c8a429-005d-95bc-4033-fcd00dadbfb1" executionId="e18d14b3-7593-43e6-a7d5-d831b51330e4" testListId="8c84fa94-04c1-424b-9868-57a2d4851a1d" />
    <TestEntry testId="b3dfa174-7996-44a3-067a-8147544e66d0" executionId="16e44d2c-9d5b-4ad1-8696-eeb91460d5f5" testListId="8c84fa94-04c1-424b-9868-57a2d4851a1d" />
    <TestEntry testId="02a32fba-2895-b7c5-7af3-99f6f5d4cd76" executionId="57bbda21-d20b-427f-ad30-e389193c0c77" testListId="8c84fa94-04c1-424b-9868-57a2d4851a1d" />
    <TestEntry testId="4bf5262e-2689-e91e-7748-8c69789a0980" executionId="89e6979c-67e1-4d20-9e7f-237f0e5e0717" testListId="8c84fa94-04c1-424b-9868-57a2d4851a1d" />
    <TestEntry testId="1b9d3524-04e7-a869-3e17-42cfeed734df" executionId="0ba2a267-5982-4380-805b-3fd3a7b848d1" testListId="8c84fa94-04c1-424b-9868-57a2d4851a1d" />
    <TestEntry testId="d5edf3e7-d242-662e-7c34-2c03806f11d3" executionId="299ba742-81b8-43a2-9163-f15914ca7262" testListId="8c84fa94-04c1-424b-9868-57a2d4851a1d" />
  </TestEntries>
  <TestLists>
    <TestList name="Results Not in a List" id="8c84fa94-04c1-424b-9868-57a2d4851a1d" />
    <TestList name="All Loaded Results" id="19431567-8539-422a-85d7-44ee4e166bda" />
  </TestLists>
  <ResultSummary outcome="Failed">
    <Counters total="23" executed="23" passed="13" failed="10" error="0" timeout="0" aborted="0" inconclusive="0" passedButRunAborted="0" notRunnable="0" notExecuted="0" disconnected="0" warning="0" completed="0" inProgress="0" pending="0" />
    <Output>
      <StdOut>[xUnit.net 00:00:00.00] xUnit.net VSTest Adapter v3.1.5+1b188a7b0a (64-bit .NET 10.0.12)
[xUnit.net 00:00:00.06]   Discovering: C5.Provider.Tests
[xUnit.net 00:00:00.11]   Discovered:  C5.Provider.Tests
[xUnit.net 00:00:00.14]   Starting:    C5.Provider.Tests
[xUnit.net 00:00:00.22]       Assert.Single() Failure: The collection was empty
[xUnit.net 00:00:00.22]       Stack Trace:
[xUnit.net 00:00:00.22]         /workspace/team-c/c5-workers-ai-metadata/9to1 Workspace/shared/tests/Haven.Infrastructure.Tests/CloudflareWorkersAiMetadataTests.cs(117,0): at Haven.Infrastructure.Tests.CloudflareWorkersAiMetadataTests.Unknown_context_is_not_fabricated_and_price_does_not_grant_routing_capabilities()
[xUnit.net 00:00:00.22]         --- End of stack trace from previous location ---
[xUnit.net 00:00:00.22]       Assert.Equal() Failure: Values differ
[xUnit.net 00:00:00.22]       Expected: 100
[xUnit.net 00:00:00.22]       Actual:   0
[xUnit.net 00:00:00.22]       Stack Trace:
[xUnit.net 00:00:00.22]         /workspace/team-c/c5-workers-ai-metadata/9to1 Workspace/shared/tests/Haven.Infrastructure.Tests/CloudflareWorkersAiMetadataTests.cs(86,0): at Haven.Infrastructure.Tests.CloudflareWorkersAiMetadataTests.Pagination_uses_actual_page_length_and_deduplicates_stable_names()
[xUnit.net 00:00:00.22]         --- End of stack trace from previous location ---
[xUnit.net 00:00:00.22]       Assert.Throws() Failure: No exception was thrown
[xUnit.net 00:00:00.22]       Expected: typeof(System.InvalidOperationException)
[xUnit.net 00:00:00.22]       Stack Trace:
[xUnit.net 00:00:00.22]         /workspace/team-c/c5-workers-ai-metadata/9to1 Workspace/shared/tests/Haven.Infrastructure.Tests/CloudflareWorkersAiMetadataTests.cs(69,0): at Haven.Infrastructure.Tests.CloudflareWorkersAiMetadataTests.Unconfirmed_or_invalid_native_catalogue_is_not_healthy(String body)
[xUnit.net 00:00:00.22]         --- End of stack trace from previous location ---
[xUnit.net 00:00:00.22]       Assert.Throws() Failure: No exception was thrown
[xUnit.net 00:00:00.22]       Expected: typeof(System.InvalidOperationException)
[xUnit.net 00:00:00.22]       Stack Trace:
[xUnit.net 00:00:00.22]         /workspace/team-c/c5-workers-ai-metadata/9to1 Workspace/shared/tests/Haven.Infrastructure.Tests/CloudflareWorkersAiMetadataTests.cs(69,0): at Haven.Infrastructure.Tests.CloudflareWorkersAiMetadataTests.Unconfirmed_or_invalid_native_catalogue_is_not_healthy(String body)
[xUnit.net 00:00:00.22]         --- End of stack trace from previous location ---
[xUnit.net 00:00:00.22]       Assert.Throws() Failure: No exception was thrown
[xUnit.net 00:00:00.22]       Expected: typeof(System.InvalidOperationException)
[xUnit.net 00:00:00.22]       Stack Trace:
[xUnit.net 00:00:00.22]         /workspace/team-c/c5-workers-ai-metadata/9to1 Workspace/shared/tests/Haven.Infrastructure.Tests/CloudflareWorkersAiMetadataTests.cs(69,0): at Haven.Infrastructure.Tests.CloudflareWorkersAiMetadataTests.Unconfirmed_or_invalid_native_catalogue_is_not_healthy(String body)
[xUnit.net 00:00:00.22]         --- End of stack trace from previous location ---
[xUnit.net 00:00:00.22]       Assert.Throws() Failure: No exception was thrown
[xUnit.net 00:00:00.22]       Expected: typeof(System.InvalidOperationException)
[xUnit.net 00:00:00.22]       Stack Trace:
[xUnit.net 00:00:00.22]         /workspace/team-c/c5-workers-ai-metadata/9to1 Workspace/shared/tests/Haven.Infrastructure.Tests/CloudflareWorkersAiMetadataTests.cs(69,0): at Haven.Infrastructure.Tests.CloudflareWorkersAiMetadataTests.Unconfirmed_or_invalid_native_catalogue_is_not_healthy(String body)
[xUnit.net 00:00:00.22]         --- End of stack trace from previous location ---
[xUnit.net 00:00:00.23]       Assert.Equal() Failure: Strings differ
[xUnit.net 00:00:00.23]                                                 ↓ (pos 82)
[xUnit.net 00:00:00.23]       Expected: ···"3c4635410861efcc6a5f593b/ai/models/search"
[xUnit.net 00:00:00.23]       Actual:   ···"00ca3c4635410861efcc6a5f593b/ai/v1/models"
[xUnit.net 00:00:00.23]                                                     ↑ (pos 82)
[xUnit.net 00:00:00.23]       Stack Trace:
[xUnit.net 00:00:00.23]         /workspace/team-c/c5-workers-ai-metadata/9to1 Workspace/shared/tests/Haven.Infrastructure.Tests/CloudflareWorkersAiMetadataTests.cs(125,0): at Haven.Infrastructure.Tests.CloudflareWorkersAiMetadataTests.AssertMetadataRequest(Call call, Int32 page)
[xUnit.net 00:00:00.23]         /workspace/team-c/c5-workers-ai-metadata/9to1 Workspace/shared/tests/Haven.Infrastructure.Tests/CloudflareWorkersAiMetadataTests.cs(43,0): at Haven.Infrastructure.Tests.CloudflareWorkersAiMetadataTests.Actual_catalogue_health_is_read_only_metadata_not_inference()
[xUnit.net 00:00:00.23]         --- End of stack trace from previous location ---
[xUnit.net 00:00:00.23]       Assert.Single() Failure: The collection was empty
[xUnit.net 00:00:00.23]       Stack Trace:
[xUnit.net 00:00:00.23]         /workspace/team-c/c5-workers-ai-metadata/9to1 Workspace/shared/tests/Haven.Infrastructure.Tests/CloudflareWorkersAiMetadataTests.cs(28,0): at Haven.Infrastructure.Tests.CloudflareWorkersAiMetadataTests.Actual_catalogue_preserves_provider_model_identity_and_context_without_granting_capabilities()
[xUnit.net 00:00:00.23]         --- End of stack trace from previous location ---
[xUnit.net 00:00:00.23]       Assert.Throws() Failure: No exception was thrown
[xUnit.net 00:00:00.23]       Expected: typeof(System.InvalidOperationException)
[xUnit.net 00:00:00.23]       Stack Trace:
[xUnit.net 00:00:00.23]         /workspace/team-c/c5-workers-ai-metadata/9to1 Workspace/shared/tests/Haven.Infrastructure.Tests/CloudflareWorkersAiMetadataTests.cs(96,0): at Haven.Infrastructure.Tests.CloudflareWorkersAiMetadataTests.Repeated_full_pages_refuse_partial_catalogue_at_bound()
[xUnit.net 00:00:00.23]         --- End of stack trace from previous location ---
[xUnit.net 00:00:00.24]       Assert.False() Failure
[xUnit.net 00:00:00.24]       Expected: False
[xUnit.net 00:00:00.24]       Actual:   True
[xUnit.net 00:00:00.24]       Stack Trace:
[xUnit.net 00:00:00.24]         /workspace/team-c/c5-workers-ai-metadata/9to1 Workspace/shared/tests/Haven.Infrastructure.Tests/CloudflareWorkersAiMetadataTests.cs(78,0): at Haven.Infrastructure.Tests.CloudflareWorkersAiMetadataTests.HTTP_denial_and_malformed_JSON_do_not_become_healthy()
[xUnit.net 00:00:00.24]         --- End of stack trace from previous location ---
[xUnit.net 00:00:00.24]   Finished:    C5.Provider.Tests
</StdOut>
    </Output>
    <RunInfos>
      <RunInfo computerName="5f26f397bc73" outcome="Error" timestamp="2026-10-04T08:17:13.1260742+00:00">
        <Text>[xUnit.net 00:00:00.22]     Haven.Infrastructure.Tests.CloudflareWorkersAiMetadataTests.Unknown_context_is_not_fabricated_and_price_does_not_grant_routing_capabilities [FAIL]</Text>
      </RunInfo>
      <RunInfo computerName="5f26f397bc73" outcome="Error" timestamp="2026-10-04T08:17:13.1263253+00:00">
        <Text>[xUnit.net 00:00:00.22]     Haven.Infrastructure.Tests.CloudflareWorkersAiMetadataTests.Pagination_uses_actual_page_length_and_deduplicates_stable_names [FAIL]</Text>
      </RunInfo>
      <RunInfo computerName="5f26f397bc73" outcome="Error" timestamp="2026-10-04T08:17:13.1263410+00:00">
        <Text>[xUnit.net 00:00:00.22]     Haven.Infrastructure.Tests.CloudflareWorkersAiMetadataTests.Unconfirmed_or_invalid_native_catalogue_is_not_healthy(body: "{\"data\":[]}") [FAIL]</Text>
      </RunInfo>
      <RunInfo computerName="5f26f397bc73" outcome="Error" timestamp="2026-10-04T08:17:13.1263607+00:00">
        <Text>[xUnit.net 00:00:00.22]     Haven.Infrastructure.Tests.CloudflareWorkersAiMetadataTests.Unconfirmed_or_invalid_native_catalogue_is_not_healthy(body: "{\"success\":false,\"result\":[]}") [FAIL]</Text>
      </RunInfo>
      <RunInfo computerName="5f26f397bc73" outcome="Error" timestamp="2026-10-04T08:17:13.1263732+00:00">
        <Text>[xUnit.net 00:00:00.22]     Haven.Infrastructure.Tests.CloudflareWorkersAiMetadataTests.Unconfirmed_or_invalid_native_catalogue_is_not_healthy(body: "{\"success\":true,\"result\":[{\"id\":\"wrong-iden"···) [FAIL]</Text>
      </RunInfo>
      <RunInfo computerName="5f26f397bc73" outcome="Error" timestamp="2026-10-04T08:17:13.1263916+00:00">
        <Text>[xUnit.net 00:00:00.22]     Haven.Infrastructure.Tests.CloudflareWorkersAiMetadataTests.Unconfirmed_or_invalid_native_catalogue_is_not_healthy(body: "{\"success\":true,\"result\":{}}") [FAIL]</Text>
      </RunInfo>
      <RunInfo computerName="5f26f397bc73" outcome="Error" timestamp="2026-10-04T08:17:13.1269810+00:00">
        <Text>[xUnit.net 00:00:00.23]     Haven.Infrastructure.Tests.CloudflareWorkersAiMetadataTests.Actual_catalogue_health_is_read_only_metadata_not_inference [FAIL]</Text>
      </RunInfo>
      <RunInfo computerName="5f26f397bc73" outcome="Error" timestamp="2026-10-04T08:17:13.1269999+00:00">
        <Text>[xUnit.net 00:00:00.23]     Haven.Infrastructure.Tests.CloudflareWorkersAiMetadataTests.Actual_catalogue_preserves_provider_model_identity_and_context_without_granting_capabilities [FAIL]</Text>
      </RunInfo>
      <RunInfo computerName="5f26f397bc73" outcome="Error" timestamp="2026-10-04T08:17:13.1270093+00:00">
        <Text>[xUnit.net 00:00:00.23]     Haven.Infrastructure.Tests.CloudflareWorkersAiMetadataTests.Repeated_full_pages_refuse_partial_catalogue_at_bound [FAIL]</Text>
      </RunInfo>
      <RunInfo computerName="5f26f397bc73" outcome="Error" timestamp="2026-10-04T08:17:13.1270312+00:00">
        <Text>[xUnit.net 00:00:00.24]     Haven.Infrastructure.Tests.CloudflareWorkersAiMetadataTests.HTTP_denial_and_malformed_JSON_do_not_become_healthy [FAIL]</Text>
      </RunInfo>
    </RunInfos>
  </ResultSummary>
</TestRun>