✔ native-QuotaExceededError (2.080075ms)
✔ native-SecurityError (0.258822ms)
✔ native-NotAllowedError (0.177041ms)
✔ native-UnknownError (0.172235ms)
✔ own-string-CapabilityUnavailable (0.268937ms)
✔ own-string-StorageBlocked (11.286092ms)
✔ own-string-InvalidArgument (0.228918ms)
✔ own-string-CapacityExceeded (0.181539ms)
✔ own-string-RevisionConflict (0.217261ms)
✔ own-string-StorageFailed (0.270881ms)
✔ own-string-OperationBusy (0.517184ms)
✔ own-string-OperationCancelled (0.092197ms)
✔ own-string-DocumentNotFound (0.064446ms)
✔ unknown-string-does-not-authorize-private-message (1.141787ms)
✔ null-error-falls-back (0.131855ms)
✔ numeric-code-zero-uses-native-name (0.137163ms)
✔ numeric-code22-uses-native-name (0.076783ms)
✔ throwing-code-getter-falls-back (0.134259ms)
✔ code-getter-is-read-once (0.147148ms)
✔ code-getter-cannot-return-late-private-string (0.107299ms)
✔ name-getter-is-read-once (0.130823ms)
✔ native-message-getter-not-read (0.086208ms)
✔ own-message-getter-is-read-once (0.095922ms)
✔ throwing-own-message-falls-back (0.144404ms)
✔ nonstring-own-message-uses-safe-fallback (0.0882ms)
✔ spoofed-known-code-CapabilityUnavailable (0.058717ms)
✔ spoofed-known-code-StorageBlocked (0.035583ms)
✔ spoofed-known-code-InvalidArgument (0.066568ms)
✔ spoofed-known-code-CapacityExceeded (0.056774ms)
✔ spoofed-known-code-RevisionConflict (0.03375ms)
✔ spoofed-known-code-StorageFailed (0.032939ms)
✔ spoofed-known-code-OperationBusy (0.030765ms)
✔ spoofed-known-code-OperationCancelled (0.04037ms)
✔ spoofed-known-code-DocumentNotFound (0.0337ms)
✔ unbranded-known-code-message-getter-not-read (0.110904ms)
✔ unbranded-known-code-keeps-native-name-mapping (0.090333ms)
✔ own-fault-prototype-does-not-transfer-brand (0.146267ms)
✔ unbranded-changing-known-code-reads-once-without-message (0.116793ms)
ℹ tests 38
ℹ suites 0
ℹ pass 38
ℹ fail 0
ℹ cancelled 0
ℹ skipped 0
ℹ todo 0
ℹ duration_ms 114.552625
