  Determining projects to restore...
/workspace/.tools/dotnet/sdk/10.0.401/Sdks/Microsoft.NET.Sdk/targets/Microsoft.NET.Sdk.CrossTargeting.targets(69,5): error MSB4006: There is a circular dependency in the target dependency graph involving target "GetAllRuntimeIdentifiers". [/workspace/team-b-worktree/framework/CUI/vendor/Avalonia/src/Browser/Avalonia.Browser/Avalonia.Browser.csproj]
/workspace/.tools/dotnet/sdk/10.0.401/Sdks/Microsoft.NET.Sdk/targets/Microsoft.NET.Sdk.CrossTargeting.targets(69,5): error MSB4006: There is a circular dependency in the target dependency graph involving target "GetAllRuntimeIdentifiers". [/workspace/team-b-worktree/framework/CUI/vendor/Avalonia/src/Avalonia.Controls/Avalonia.Controls.csproj]
/workspace/.tools/dotnet/sdk/10.0.401/Sdks/Microsoft.NET.Sdk/targets/Microsoft.NET.Sdk.CrossTargeting.targets(69,5): error MSB4006: There is a circular dependency in the target dependency graph involving target "GetAllRuntimeIdentifiers". [/workspace/team-b-worktree/framework/CUI/vendor/Avalonia/src/Headless/Avalonia.Headless/Avalonia.Headless.csproj]
/workspace/.tools/dotnet/sdk/10.0.401/Sdks/Microsoft.NET.Sdk/targets/Microsoft.NET.Sdk.CrossTargeting.targets(69,5): error MSB4006: There is a circular dependency in the target dependency graph involving target "GetAllRuntimeIdentifiers". [/workspace/team-b-worktree/framework/CUI/vendor/Avalonia/src/Avalonia.Fonts.Inter/Avalonia.Fonts.Inter.csproj]
/workspace/.tools/dotnet/sdk/10.0.401/Sdks/Microsoft.NET.Sdk/targets/Microsoft.NET.Sdk.CrossTargeting.targets(69,5): error MSB4006: There is a circular dependency in the target dependency graph involving target "GetAllRuntimeIdentifiers". [/workspace/team-b-worktree/framework/CUI/vendor/Avalonia/src/Avalonia.Base/Avalonia.Base.csproj]
/workspace/.tools/dotnet/sdk/10.0.401/Sdks/Microsoft.NET.Sdk/targets/Microsoft.NET.Sdk.CrossTargeting.targets(69,5): error MSB4006: There is a circular dependency in the target dependency graph involving target "GetAllRuntimeIdentifiers". [/workspace/team-b-worktree/framework/CUI/vendor/Avalonia/src/Skia/Avalonia.Skia/Avalonia.Skia.csproj]
/workspace/.tools/dotnet/sdk/10.0.401/Sdks/Microsoft.NET.Sdk/targets/Microsoft.NET.Sdk.CrossTargeting.targets(69,5): error MSB4006: There is a circular dependency in the target dependency graph involving target "GetAllRuntimeIdentifiers". [/workspace/team-b-worktree/framework/CUI/vendor/Avalonia/src/Avalonia.Vulkan/Avalonia.Vulkan.csproj]
/workspace/.tools/dotnet/sdk/10.0.401/Sdks/Microsoft.NET.Sdk/targets/Microsoft.NET.Sdk.CrossTargeting.targets(69,5): error MSB4006: There is a circular dependency in the target dependency graph involving target "GetAllRuntimeIdentifiers". [/workspace/team-b-worktree/framework/CUI/vendor/Avalonia/packages/Avalonia/Avalonia.csproj]
/workspace/.tools/dotnet/sdk/10.0.401/Sdks/Microsoft.NET.Sdk/targets/Microsoft.NET.Sdk.CrossTargeting.targets(69,5): error MSB4006: There is a circular dependency in the target dependency graph involving target "GetAllRuntimeIdentifiers". [/workspace/team-b-worktree/framework/CUI/vendor/Avalonia/src/Avalonia.OpenGL/Avalonia.OpenGL.csproj]
/workspace/.tools/dotnet/sdk/10.0.401/Sdks/Microsoft.NET.Sdk/targets/Microsoft.NET.Sdk.CrossTargeting.targets(69,5): error MSB4006: There is a circular dependency in the target dependency graph involving target "GetAllRuntimeIdentifiers". [/workspace/team-b-worktree/framework/CUI/vendor/Avalonia/src/Avalonia.Metal/Avalonia.Metal.csproj]
/workspace/.tools/dotnet/sdk/10.0.401/Sdks/Microsoft.NET.Sdk/targets/Microsoft.NET.Sdk.CrossTargeting.targets(69,5): error MSB4006: There is a circular dependency in the target dependency graph involving target "GetAllRuntimeIdentifiers". [/workspace/team-b-worktree/framework/CUI/vendor/Avalonia/src/HarfBuzz/Avalonia.HarfBuzz/Avalonia.HarfBuzz.csproj]

Build FAILED.

/workspace/.tools/dotnet/sdk/10.0.401/Sdks/Microsoft.NET.Sdk/targets/Microsoft.NET.Sdk.CrossTargeting.targets(69,5): error MSB4006: There is a circular dependency in the target dependency graph involving target "GetAllRuntimeIdentifiers". [/workspace/team-b-worktree/framework/CUI/vendor/Avalonia/src/Browser/Avalonia.Browser/Avalonia.Browser.csproj]
/workspace/.tools/dotnet/sdk/10.0.401/Sdks/Microsoft.NET.Sdk/targets/Microsoft.NET.Sdk.CrossTargeting.targets(69,5): error MSB4006: There is a circular dependency in the target dependency graph involving target "GetAllRuntimeIdentifiers". [/workspace/team-b-worktree/framework/CUI/vendor/Avalonia/src/Avalonia.Controls/Avalonia.Controls.csproj]
/workspace/.tools/dotnet/sdk/10.0.401/Sdks/Microsoft.NET.Sdk/targets/Microsoft.NET.Sdk.CrossTargeting.targets(69,5): error MSB4006: There is a circular dependency in the target dependency graph involving target "GetAllRuntimeIdentifiers". [/workspace/team-b-worktree/framework/CUI/vendor/Avalonia/src/Headless/Avalonia.Headless/Avalonia.Headless.csproj]
/workspace/.tools/dotnet/sdk/10.0.401/Sdks/Microsoft.NET.Sdk/targets/Microsoft.NET.Sdk.CrossTargeting.targets(69,5): error MSB4006: There is a circular dependency in the target dependency graph involving target "GetAllRuntimeIdentifiers". [/workspace/team-b-worktree/framework/CUI/vendor/Avalonia/src/Avalonia.Fonts.Inter/Avalonia.Fonts.Inter.csproj]
/workspace/.tools/dotnet/sdk/10.0.401/Sdks/Microsoft.NET.Sdk/targets/Microsoft.NET.Sdk.CrossTargeting.targets(69,5): error MSB4006: There is a circular dependency in the target dependency graph involving target "GetAllRuntimeIdentifiers". [/workspace/team-b-worktree/framework/CUI/vendor/Avalonia/src/Avalonia.Base/Avalonia.Base.csproj]
/workspace/.tools/dotnet/sdk/10.0.401/Sdks/Microsoft.NET.Sdk/targets/Microsoft.NET.Sdk.CrossTargeting.targets(69,5): error MSB4006: There is a circular dependency in the target dependency graph involving target "GetAllRuntimeIdentifiers". [/workspace/team-b-worktree/framework/CUI/vendor/Avalonia/src/Skia/Avalonia.Skia/Avalonia.Skia.csproj]
/workspace/.tools/dotnet/sdk/10.0.401/Sdks/Microsoft.NET.Sdk/targets/Microsoft.NET.Sdk.CrossTargeting.targets(69,5): error MSB4006: There is a circular dependency in the target dependency graph involving target "GetAllRuntimeIdentifiers". [/workspace/team-b-worktree/framework/CUI/vendor/Avalonia/src/Avalonia.Vulkan/Avalonia.Vulkan.csproj]
/workspace/.tools/dotnet/sdk/10.0.401/Sdks/Microsoft.NET.Sdk/targets/Microsoft.NET.Sdk.CrossTargeting.targets(69,5): error MSB4006: There is a circular dependency in the target dependency graph involving target "GetAllRuntimeIdentifiers". [/workspace/team-b-worktree/framework/CUI/vendor/Avalonia/packages/Avalonia/Avalonia.csproj]
/workspace/.tools/dotnet/sdk/10.0.401/Sdks/Microsoft.NET.Sdk/targets/Microsoft.NET.Sdk.CrossTargeting.targets(69,5): error MSB4006: There is a circular dependency in the target dependency graph involving target "GetAllRuntimeIdentifiers". [/workspace/team-b-worktree/framework/CUI/vendor/Avalonia/src/Avalonia.OpenGL/Avalonia.OpenGL.csproj]
/workspace/.tools/dotnet/sdk/10.0.401/Sdks/Microsoft.NET.Sdk/targets/Microsoft.NET.Sdk.CrossTargeting.targets(69,5): error MSB4006: There is a circular dependency in the target dependency graph involving target "GetAllRuntimeIdentifiers". [/workspace/team-b-worktree/framework/CUI/vendor/Avalonia/src/Avalonia.Metal/Avalonia.Metal.csproj]
/workspace/.tools/dotnet/sdk/10.0.401/Sdks/Microsoft.NET.Sdk/targets/Microsoft.NET.Sdk.CrossTargeting.targets(69,5): error MSB4006: There is a circular dependency in the target dependency graph involving target "GetAllRuntimeIdentifiers". [/workspace/team-b-worktree/framework/CUI/vendor/Avalonia/src/HarfBuzz/Avalonia.HarfBuzz/Avalonia.HarfBuzz.csproj]
    0 Warning(s)
    11 Error(s)

Time Elapsed 00:00:01.28
