  Determining projects to restore...
  All projects are up-to-date for restore.
  Haven.PluginFixture -> /workspace/team-c-resume-evidence/c5-sqlite-legacy-fixture-provisional/artifacts/bin/Haven.PluginFixture/release/Haven.PluginFixture.dll
  NineToOne.Cui.AI -> /workspace/team-c-resume-evidence/c5-sqlite-legacy-fixture-provisional/artifacts/bin/NineToOne.Cui.AI/release/NineToOne.Cui.AI.dll
  Haven.Core -> /workspace/team-c-resume-evidence/c5-sqlite-legacy-fixture-provisional/artifacts/bin/Haven.Core/release/Haven.Core.dll
  Haven.Application -> /workspace/team-c-resume-evidence/c5-sqlite-legacy-fixture-provisional/artifacts/bin/Haven.Application/release/Haven.Application.dll
  Haven.Browser -> /workspace/team-c-resume-evidence/c5-sqlite-legacy-fixture-provisional/artifacts/bin/Haven.Browser/release/Haven.Browser.dll
  Haven.Infrastructure -> /workspace/team-c-resume-evidence/c5-sqlite-legacy-fixture-provisional/artifacts/bin/Haven.Infrastructure/release/Haven.Infrastructure.dll
  Haven.Infrastructure.Tests -> /workspace/team-c-resume-evidence/c5-sqlite-legacy-fixture-provisional/artifacts/bin/Haven.Infrastructure.Tests/release/Haven.Infrastructure.Tests.dll
Test run for /workspace/team-c-resume-evidence/c5-sqlite-legacy-fixture-provisional/artifacts/bin/Haven.Infrastructure.Tests/release/Haven.Infrastructure.Tests.dll (.NETCoreApp,Version=v10.0)
A total of 1 test files matched the specified pattern.
[xUnit.net 00:00:02.62]     Haven.Infrastructure.Tests.ExtensionPluginEndToEndTests.Tampered_installed_content_is_blocked_before_the_plugin_process_can_run [FAIL]
  Failed Haven.Infrastructure.Tests.ExtensionPluginEndToEndTests.Tampered_installed_content_is_blocked_before_the_plugin_process_can_run [24 ms]
  Error Message:
   System.UnauthorizedAccessException : All requested package permissions must be reviewed and granted explicitly.
  Stack Trace:
     at Haven.Application.ExtensionManager.InstallCoreAsync(DiscoveredExtensionPackage discovered, ExtensionPermission explicitlyGrantedPermissions, CancellationToken cancellationToken) in /workspace/team-c-c5-sqlite-legacy-fixture-provisional/9to1 Workspace/shared/src/Haven.Application/Extensions/ExtensionManager.cs:line 165
   at Haven.Infrastructure.Tests.ExtensionPluginEndToEndTests.Tampered_installed_content_is_blocked_before_the_plugin_process_can_run() in /workspace/team-c-c5-sqlite-legacy-fixture-provisional/9to1 Workspace/shared/tests/Haven.Infrastructure.Tests/ExtensionPluginEndToEndTests.cs:line 290
   at Haven.Infrastructure.Tests.ExtensionPluginEndToEndTests.Tampered_installed_content_is_blocked_before_the_plugin_process_can_run() in /workspace/team-c-c5-sqlite-legacy-fixture-provisional/9to1 Workspace/shared/tests/Haven.Infrastructure.Tests/ExtensionPluginEndToEndTests.cs:line 325
   at Haven.Infrastructure.Tests.ExtensionPluginEndToEndTests.Tampered_installed_content_is_blocked_before_the_plugin_process_can_run() in /workspace/team-c-c5-sqlite-legacy-fixture-provisional/9to1 Workspace/shared/tests/Haven.Infrastructure.Tests/ExtensionPluginEndToEndTests.cs:line 325
--- End of stack trace from previous location ---
[xUnit.net 00:00:15.36]     Haven.Infrastructure.Tests.UnifiedExecutionPersistenceTests.Project_preview_provider_starts_serves_and_stops_a_real_loopback_site [FAIL]
  Failed Haven.Infrastructure.Tests.UnifiedExecutionPersistenceTests.Project_preview_provider_starts_serves_and_stops_a_real_loopback_site [10 s]
  Error Message:
   System.InvalidOperationException : Project preview failed to start. System.IO.IOException: Read-only file system : '%USERPROFILE%/.dotnet'
   at System.IO.FileSystem.CreateDirectory(String fullPath, UnixFileMode unixCreateMode)
   at System.IO.Directory.CreateDirectory(String path)
   at Microsoft.Extensions.EnvironmentAbstractions.DirectoryWrapper.CreateDirectory(String path)
   at Microsoft.DotNet.Configurer.FileSystemExtensions.<>c__DisplayClass0_0.<CreateIfNotExists>b__0()
   at Microsoft.DotNet.Cli.Utils.FileAccessRetrier.RetryOnIOException(Action action)
   at Microsoft.DotNet.Configurer.DotnetFirstTimeUseConfigurer.Configure()
   at Microsoft.DotNet.Cli.Program.ConfigureDotNetForFirstTimeUse(IFirstTimeUseNoticeSentinel firstTimeUseNoticeSentinel, IAspNetCertificateSentinel aspNetCertificateSentinel, IFileSentinel toolPathSentinel, Boolean isDotnetBeingInvokedFromNativeInstaller, DotnetFirstRunConfiguration dotnetFirstRunConfiguration, IEnvironmentProvider environmentProvider, Dictionary`2 performanceMeasurements, Boolean skipFirstTimeUseCheck)
   at Microsoft.DotNet.Cli.Program.ProcessArgs(String[] args, TimeSpan startupTime)
   at Microsoft.DotNet.Cli.Program.Main(String[] args)
---- System.InvalidOperationException : The preview process exited before becoming ready.
  Stack Trace:
     at Haven.Infrastructure.WebProjectPreviewProvider.StartAsync(String projectRoot, CancellationToken cancellationToken) in /workspace/team-c-c5-sqlite-legacy-fixture-provisional/9to1 Workspace/shared/src/Haven.Infrastructure/Preview/WebProjectPreviewProvider.cs:line 65
   at Haven.Infrastructure.Tests.UnifiedExecutionPersistenceTests.Project_preview_provider_starts_serves_and_stops_a_real_loopback_site() in /workspace/team-c-c5-sqlite-legacy-fixture-provisional/9to1 Workspace/shared/tests/Haven.Infrastructure.Tests/UnifiedExecutionPersistenceTests.cs:line 150
--- End of stack trace from previous location ---
----- Inner Stack Trace -----
   at Haven.Infrastructure.WebProjectPreviewProvider.WaitUntilReadyAsync(WebPreviewSession session, CancellationToken cancellationToken) in /workspace/team-c-c5-sqlite-legacy-fixture-provisional/9to1 Workspace/shared/src/Haven.Infrastructure/Preview/WebProjectPreviewProvider.cs:line 108
   at Haven.Infrastructure.WebProjectPreviewProvider.StartAsync(String projectRoot, CancellationToken cancellationToken) in /workspace/team-c-c5-sqlite-legacy-fixture-provisional/9to1 Workspace/shared/src/Haven.Infrastructure/Preview/WebProjectPreviewProvider.cs:line 47
[xUnit.net 00:00:19.06]     Haven.Infrastructure.Tests.MeshFileTransferStoreTests.CompleteAsync_ConfinesSenderFileNameToMeshInboxAndVerifiesHash [FAIL]
  Failed Haven.Infrastructure.Tests.MeshFileTransferStoreTests.CompleteAsync_ConfinesSenderFileNameToMeshInboxAndVerifiesHash [3 ms]
  Error Message:
   Assert.False() Failure
Expected: False
Actual:   True
  Stack Trace:
     at Haven.Infrastructure.Tests.MeshFileTransferStoreTests.CompleteAsync_ConfinesSenderFileNameToMeshInboxAndVerifiesHash() in /workspace/team-c-c5-sqlite-legacy-fixture-provisional/9to1 Workspace/shared/tests/Haven.Infrastructure.Tests/MeshFileTransferStoreTests.cs:line 29
   at Haven.Infrastructure.Tests.MeshFileTransferStoreTests.CompleteAsync_ConfinesSenderFileNameToMeshInboxAndVerifiesHash() in /workspace/team-c-c5-sqlite-legacy-fixture-provisional/9to1 Workspace/shared/tests/Haven.Infrastructure.Tests/MeshFileTransferStoreTests.cs:line 30
--- End of stack trace from previous location ---
[xUnit.net 00:00:20.51]     Haven.Infrastructure.Tests.PresentProductionTests.Pptx_export_writes_real_parts_and_truthful_haven_fallbacks [FAIL]
  Failed Haven.Infrastructure.Tests.PresentProductionTests.Pptx_export_writes_real_parts_and_truthful_haven_fallbacks [51 ms]
  Error Message:
   Assert.Contains() Failure: Filter not matched in collection
Collection: [PresentCompatibilityIssue { IssueId = 9b902f9b-706e-496f-b953-185e99129db9, Severity = Warning, Direction = Export, FeatureType = slide-layout, SourceTargetId = 5a9f306d-667d-464b-8cdc-93432d372daa, Description = The source slide layout relationship is replaced by a blank PPTX layout., Resolution = Degraded }, PresentCompatibilityIssue { IssueId = a78932e1-1b06-4966-b7d7-71705d6142d8, Severity = Warning, Direction = Export, FeatureType = object-type, SourceTargetId = 10444d82-2486-418c-abb8-0d110afc6eb8, Description = The GenUi object is represented by explanatory text; its interactive or visual behavior is not preserved., Resolution = Degraded }, PresentCompatibilityIssue { IssueId = 07be459f-80e9-42b7-b5ea-203cfc7a37d4, Severity = Warning, Direction = Export, FeatureType = object-type, SourceTargetId = 7489f00c-b58c-42cb-a718-e9ee550ce9bf, Description = The Image object is represented by explanatory text; its interactive or visual behavior is not preserved., Resolution = Degraded }, PresentCompatibilityIssue { IssueId = 9c86c64e-70f1-400d-9d2c-18ead5a5fd30, Severity = Warning, Direction = Export, FeatureType = slide-layout, SourceTargetId = f813c44c-267b-4ef6-9332-df058685d862, Description = The source slide layout relationship is replaced by a blank PPTX layout., Resolution = Degraded }, PresentCompatibilityIssue { IssueId = 566329a3-a11a-4deb-a3d0-680279651be3, Severity = Warning, Direction = Export, FeatureType = presentation-structure, SourceTargetId = 2334f459-6850-4fd4-9a45-26afb13acd65, Description = Source themes, masters, layouts, and sections are not preserved by the PPTX writer., Resolution = Degraded }]
  Stack Trace:
     at Haven.Infrastructure.Tests.PresentProductionTests.Pptx_export_writes_real_parts_and_truthful_haven_fallbacks() in /workspace/team-c-c5-sqlite-legacy-fixture-provisional/9to1 Workspace/shared/tests/Haven.Infrastructure.Tests/PresentProductionTests.cs:line 278
   at Haven.Infrastructure.Tests.PresentProductionTests.Pptx_export_writes_real_parts_and_truthful_haven_fallbacks() in /workspace/team-c-c5-sqlite-legacy-fixture-provisional/9to1 Workspace/shared/tests/Haven.Infrastructure.Tests/PresentProductionTests.cs:line 279
--- End of stack trace from previous location ---
Results File: /workspace/team-c-resume-evidence/c5-sqlite-legacy-fixture-provisional/normal-Release/results/normal-infrastructure.trx

Failed!  - Failed:     4, Passed:   411, Skipped:     0, Total:   415, Duration: 22 s - Haven.Infrastructure.Tests.dll (net10.0)
