
Welcome to .NET 10.0!
---------------------
SDK Version: 10.0.401

----------------
Write your first app: https://aka.ms/dotnet-hello-world
Find out what's new: https://aka.ms/dotnet-whats-new
Explore documentation: https://aka.ms/dotnet-docs
Report issues and find source on GitHub: https://github.com/dotnet/core
Use 'dotnet --help' to see available commands or visit: https://aka.ms/dotnet-cli
--------------------------------------------------------------------------------------
  Determining projects to restore...
  Restored /workspace/team-c-c3-preview-environment/9to1 Workspace/shared/tests/Haven.PluginFixture/Haven.PluginFixture.csproj (in 199 ms).
  Restored /workspace/team-c-c3-preview-environment/9to1 Workspace/shared/src/Haven.Application/Haven.Application.csproj (in 199 ms).
  Restored /workspace/team-c-c3-preview-environment/framework/CUI/AI/NineToOne.Cui.AI.csproj (in 199 ms).
  Restored /workspace/team-c-c3-preview-environment/9to1 Workspace/shared/src/Haven.Core/Haven.Core.csproj (in 1 ms).
  Restored /workspace/team-c-c3-preview-environment/9to1 Workspace/shared/src/Haven.Browser/Haven.Browser.csproj (in 4 ms).
  Restored /workspace/team-c-c3-preview-environment/9to1 Workspace/shared/src/Haven.Infrastructure/Haven.Infrastructure.csproj (in 683 ms).
  Restored /workspace/team-c-c3-preview-environment/9to1 Workspace/shared/tests/Haven.Infrastructure.Tests/Haven.Infrastructure.Tests.csproj (in 452 ms).
  Haven.PluginFixture -> /workspace/team-c-resume-evidence/c3-preview-environment-20261004/artifacts/bin/Haven.PluginFixture/release/Haven.PluginFixture.dll
  NineToOne.Cui.AI -> /workspace/team-c-resume-evidence/c3-preview-environment-20261004/artifacts/bin/NineToOne.Cui.AI/release/NineToOne.Cui.AI.dll
  Haven.Core -> /workspace/team-c-resume-evidence/c3-preview-environment-20261004/artifacts/bin/Haven.Core/release/Haven.Core.dll
  Haven.Application -> /workspace/team-c-resume-evidence/c3-preview-environment-20261004/artifacts/bin/Haven.Application/release/Haven.Application.dll
  Haven.Browser -> /workspace/team-c-resume-evidence/c3-preview-environment-20261004/artifacts/bin/Haven.Browser/release/Haven.Browser.dll
  Haven.Infrastructure -> /workspace/team-c-resume-evidence/c3-preview-environment-20261004/artifacts/bin/Haven.Infrastructure/release/Haven.Infrastructure.dll
  Haven.Infrastructure.Tests -> /workspace/team-c-resume-evidence/c3-preview-environment-20261004/artifacts/bin/Haven.Infrastructure.Tests/release/Haven.Infrastructure.Tests.dll
Test run for /workspace/team-c-resume-evidence/c3-preview-environment-20261004/artifacts/bin/Haven.Infrastructure.Tests/release/Haven.Infrastructure.Tests.dll (.NETCoreApp,Version=v10.0)
A total of 1 test files matched the specified pattern.
[xUnit.net 00:00:11.19]     Haven.Infrastructure.Tests.UnifiedExecutionPersistenceTests.Project_preview_provider_starts_serves_and_stops_a_real_loopback_site [FAIL]
  Failed Haven.Infrastructure.Tests.UnifiedExecutionPersistenceTests.Project_preview_provider_starts_serves_and_stops_a_real_loopback_site [10 s]
  Error Message:
   System.InvalidOperationException : Project preview failed to start. System.IO.IOException: Read-only file system : '%USERPROFILE%/.dotnet'
   at System.IO.FileSystem.CreateDirectory(String fullPath, UnixFileMode unixCreateMode)
   at System.IO.Directory.CreateDirectory(String path)
   at Microsoft.Extensions.EnvironmentAbstractions.DirectoryWrapper.CreateDirectory(String path)
   at Microsoft.DotNet.Configurer.FileSystemExtensions.<>c__DisplayClass0_0.<CreateIfNotExists>b__0()
   at Microsoft.DotNet.Cli.Utils.FileAccessRetrier.RetryOnIOException(Action action)
   at Microsoft.DotNet.Configurer.DotnetFirstTimeUseConfigurer.Configure()
   at Microsoft.DotNet.Cli.Program.ConfigureDotNetForFirstTimeUse(IFirstTimeUseNoticeSentinel firstTimeUseNoticeSentinel, IAspNetCertificateSentinel aspNetCertificateSentinel, IFileSentinel toolPathSentinel, Boolean isDotnetBeingInvokedFromNativeInstaller, DotnetFirstRunConfiguration dotnetFirstRunConfiguration, IEnvironmentProvider environmentProvider, Dictionary`2 performanceMeasurements, Boolean skipFirstTimeUseCheck)
   at Microsoft.DotNet.Cli.Program.ProcessArgs(String[] args, TimeSpan startupTime)
   at Microsoft.DotNet.Cli.Program.Main(String[] args)
---- System.InvalidOperationException : The preview process exited before becoming ready.
  Stack Trace:
     at Haven.Infrastructure.WebProjectPreviewProvider.StartAsync(String projectRoot, CancellationToken cancellationToken) in /workspace/team-c-c3-preview-environment/9to1 Workspace/shared/src/Haven.Infrastructure/Preview/WebProjectPreviewProvider.cs:line 65
   at Haven.Infrastructure.Tests.UnifiedExecutionPersistenceTests.Project_preview_provider_starts_serves_and_stops_a_real_loopback_site() in /workspace/team-c-c3-preview-environment/9to1 Workspace/shared/tests/Haven.Infrastructure.Tests/UnifiedExecutionPersistenceTests.cs:line 150
--- End of stack trace from previous location ---
----- Inner Stack Trace -----
   at Haven.Infrastructure.WebProjectPreviewProvider.WaitUntilReadyAsync(WebPreviewSession session, CancellationToken cancellationToken) in /workspace/team-c-c3-preview-environment/9to1 Workspace/shared/src/Haven.Infrastructure/Preview/WebProjectPreviewProvider.cs:line 108
   at Haven.Infrastructure.WebProjectPreviewProvider.StartAsync(String projectRoot, CancellationToken cancellationToken) in /workspace/team-c-c3-preview-environment/9to1 Workspace/shared/src/Haven.Infrastructure/Preview/WebProjectPreviewProvider.cs:line 47
Results File: /workspace/team-c-resume-evidence/c3-preview-environment-20261004/original-results/original-preview-functional.trx

Failed!  - Failed:     1, Passed:     0, Skipped:     0, Total:     1, Duration: 10 s - Haven.Infrastructure.Tests.dll (net10.0)
