Test run for /workspace/team-c-resume-evidence/c3-preview-environment-20261004/artifacts/bin/Haven.Infrastructure.Tests/debug/Haven.Infrastructure.Tests.dll (.NETCoreApp,Version=v10.0)
A total of 1 test files matched the specified pattern.
[xUnit.net 00:00:00.43]     Haven.Infrastructure.Tests.DocumentShapeGalleryTests.Infrastructure_registers_one_shared_shape_gallery [FAIL]
  Failed Haven.Infrastructure.Tests.DocumentShapeGalleryTests.Infrastructure_registers_one_shared_shape_gallery [33 ms]
  Error Message:
   System.IO.IOException : Read-only file system : '/home/agent/.config/Haven'
  Stack Trace:
     at System.IO.FileSystem.CreateDirectory(String fullPath, UnixFileMode unixCreateMode)
   at System.IO.Directory.CreateDirectory(String path)
   at Haven.Infrastructure.AppPaths..ctor() in /workspace/team-c-c3-preview-environment/9to1 Workspace/shared/src/Haven.Infrastructure/Lifecycle/AppPaths.cs:line 30
   at System.Reflection.MethodBaseInvoker.InterpretedInvoke_Constructor(Object obj, IntPtr* args)
   at System.Reflection.MethodBaseInvoker.InvokeWithNoArgs(Object obj, BindingFlags invokeAttr)
   at System.Reflection.RuntimeConstructorInfo.Invoke(BindingFlags invokeAttr, Binder binder, Object[] parameters, CultureInfo culture)
   at Microsoft.Extensions.DependencyInjection.ServiceLookup.CallSiteRuntimeResolver.VisitConstructor(ConstructorCallSite constructorCallSite, RuntimeResolverContext context)
   at Microsoft.Extensions.DependencyInjection.ServiceLookup.CallSiteVisitor`2.VisitCallSiteMain(ServiceCallSite callSite, TArgument argument)
   at Microsoft.Extensions.DependencyInjection.ServiceLookup.CallSiteRuntimeResolver.VisitRootCache(ServiceCallSite callSite, RuntimeResolverContext context)
   at Microsoft.Extensions.DependencyInjection.ServiceLookup.CallSiteVisitor`2.VisitCallSite(ServiceCallSite callSite, TArgument argument)
   at Microsoft.Extensions.DependencyInjection.ServiceLookup.CallSiteRuntimeResolver.VisitConstructor(ConstructorCallSite constructorCallSite, RuntimeResolverContext context)
   at Microsoft.Extensions.DependencyInjection.ServiceLookup.CallSiteVisitor`2.VisitCallSiteMain(ServiceCallSite callSite, TArgument argument)
   at Microsoft.Extensions.DependencyInjection.ServiceLookup.CallSiteRuntimeResolver.VisitRootCache(ServiceCallSite callSite, RuntimeResolverContext context)
   at Microsoft.Extensions.DependencyInjection.ServiceLookup.CallSiteVisitor`2.VisitCallSite(ServiceCallSite callSite, TArgument argument)
   at Microsoft.Extensions.DependencyInjection.ServiceLookup.CallSiteRuntimeResolver.Resolve(ServiceCallSite callSite, ServiceProviderEngineScope scope)
   at Microsoft.Extensions.DependencyInjection.ServiceProvider.CreateServiceAccessor(ServiceIdentifier serviceIdentifier)
   at System.Collections.Concurrent.ConcurrentDictionary`2.GetOrAdd(TKey key, Func`2 valueFactory)
   at Microsoft.Extensions.DependencyInjection.ServiceProvider.GetService(ServiceIdentifier serviceIdentifier, ServiceProviderEngineScope serviceProviderEngineScope)
   at Microsoft.Extensions.DependencyInjection.ServiceProvider.GetService(Type serviceType)
   at Microsoft.Extensions.DependencyInjection.ServiceProviderServiceExtensions.GetRequiredService(IServiceProvider provider, Type serviceType)
   at Microsoft.Extensions.DependencyInjection.ServiceProviderServiceExtensions.GetRequiredService[T](IServiceProvider provider)
   at Haven.Infrastructure.Tests.DocumentShapeGalleryTests.Infrastructure_registers_one_shared_shape_gallery() in /workspace/team-c-c3-preview-environment/9to1 Workspace/shared/tests/Haven.Infrastructure.Tests/DocumentShapeGalleryTests.cs:line 19
   at System.Reflection.MethodBaseInvoker.InterpretedInvoke_Method(Object obj, IntPtr* args)
   at System.Reflection.MethodBaseInvoker.InvokeWithNoArgs(Object obj, BindingFlags invokeAttr)
[xUnit.net 00:00:01.22]     Haven.Infrastructure.Tests.PlannerServiceRegistrationTests.Desktop_startup_composition_resolves_the_study_planner_service [FAIL]
  Failed Haven.Infrastructure.Tests.PlannerServiceRegistrationTests.Desktop_startup_composition_resolves_the_study_planner_service [4 ms]
  Error Message:
   System.IO.IOException : Read-only file system : '/home/agent/.config/Haven'
  Stack Trace:
     at System.IO.FileSystem.CreateDirectory(String fullPath, UnixFileMode unixCreateMode)
   at System.IO.Directory.CreateDirectory(String path)
   at Haven.Infrastructure.AppPaths..ctor() in /workspace/team-c-c3-preview-environment/9to1 Workspace/shared/src/Haven.Infrastructure/Lifecycle/AppPaths.cs:line 30
   at InvokeStub_AppPaths..ctor(Object, Object, IntPtr*)
   at System.Reflection.MethodBaseInvoker.InvokeWithNoArgs(Object obj, BindingFlags invokeAttr)
   at System.Reflection.RuntimeConstructorInfo.Invoke(BindingFlags invokeAttr, Binder binder, Object[] parameters, CultureInfo culture)
   at Microsoft.Extensions.DependencyInjection.ServiceLookup.CallSiteRuntimeResolver.VisitConstructor(ConstructorCallSite constructorCallSite, RuntimeResolverContext context)
   at Microsoft.Extensions.DependencyInjection.ServiceLookup.CallSiteVisitor`2.VisitCallSiteMain(ServiceCallSite callSite, TArgument argument)
   at Microsoft.Extensions.DependencyInjection.ServiceLookup.CallSiteRuntimeResolver.VisitRootCache(ServiceCallSite callSite, RuntimeResolverContext context)
   at Microsoft.Extensions.DependencyInjection.ServiceLookup.CallSiteVisitor`2.VisitCallSite(ServiceCallSite callSite, TArgument argument)
   at Microsoft.Extensions.DependencyInjection.ServiceLookup.CallSiteRuntimeResolver.VisitConstructor(ConstructorCallSite constructorCallSite, RuntimeResolverContext context)
   at Microsoft.Extensions.DependencyInjection.ServiceLookup.CallSiteVisitor`2.VisitCallSiteMain(ServiceCallSite callSite, TArgument argument)
   at Microsoft.Extensions.DependencyInjection.ServiceLookup.CallSiteRuntimeResolver.VisitRootCache(ServiceCallSite callSite, RuntimeResolverContext context)
   at Microsoft.Extensions.DependencyInjection.ServiceLookup.CallSiteVisitor`2.VisitCallSite(ServiceCallSite callSite, TArgument argument)
   at Microsoft.Extensions.DependencyInjection.ServiceLookup.CallSiteRuntimeResolver.Resolve(ServiceCallSite callSite, ServiceProviderEngineScope scope)
   at Microsoft.Extensions.DependencyInjection.ServiceProvider.CreateServiceAccessor(ServiceIdentifier serviceIdentifier)
   at System.Collections.Concurrent.ConcurrentDictionary`2.GetOrAdd(TKey key, Func`2 valueFactory)
   at Microsoft.Extensions.DependencyInjection.ServiceProvider.GetService(ServiceIdentifier serviceIdentifier, ServiceProviderEngineScope serviceProviderEngineScope)
   at Microsoft.Extensions.DependencyInjection.ServiceLookup.ServiceProviderEngineScope.GetService(Type serviceType)
   at Microsoft.Extensions.DependencyInjection.ServiceProviderServiceExtensions.GetRequiredService(IServiceProvider provider, Type serviceType)
   at Microsoft.Extensions.DependencyInjection.ServiceProviderServiceExtensions.GetRequiredService[T](IServiceProvider provider)
   at Haven.Infrastructure.ServiceCollectionExtensions.<>c.<AddHavenInfrastructure>b__0_8(IServiceProvider provider) in /workspace/team-c-c3-preview-environment/9to1 Workspace/shared/src/Haven.Infrastructure/DI/ServiceCollectionExtensions.cs:line 68
   at Microsoft.Extensions.DependencyInjection.ServiceLookup.CallSiteRuntimeResolver.VisitFactory(FactoryCallSite factoryCallSite, RuntimeResolverContext context)
   at Microsoft.Extensions.DependencyInjection.ServiceLookup.CallSiteVisitor`2.VisitCallSiteMain(ServiceCallSite callSite, TArgument argument)
   at Microsoft.Extensions.DependencyInjection.ServiceLookup.CallSiteRuntimeResolver.VisitRootCache(ServiceCallSite callSite, RuntimeResolverContext context)
   at Microsoft.Extensions.DependencyInjection.ServiceLookup.CallSiteVisitor`2.VisitCallSite(ServiceCallSite callSite, TArgument argument)
   at Microsoft.Extensions.DependencyInjection.ServiceLookup.CallSiteRuntimeResolver.VisitConstructor(ConstructorCallSite constructorCallSite, RuntimeResolverContext context)
   at Microsoft.Extensions.DependencyInjection.ServiceLookup.CallSiteVisitor`2.VisitCallSiteMain(ServiceCallSite callSite, TArgument argument)
   at Microsoft.Extensions.DependencyInjection.ServiceLookup.CallSiteRuntimeResolver.VisitRootCache(ServiceCallSite callSite, RuntimeResolverContext context)
   at Microsoft.Extensions.DependencyInjection.ServiceLookup.CallSiteVisitor`2.VisitCallSite(ServiceCallSite callSite, TArgument argument)
   at Microsoft.Extensions.DependencyInjection.ServiceLookup.CallSiteRuntimeResolver.Resolve(ServiceCallSite callSite, ServiceProviderEngineScope scope)
   at Microsoft.Extensions.DependencyInjection.ServiceProvider.CreateServiceAccessor(ServiceIdentifier serviceIdentifier)
   at System.Collections.Concurrent.ConcurrentDictionary`2.GetOrAdd(TKey key, Func`2 valueFactory)
   at Microsoft.Extensions.DependencyInjection.ServiceProvider.GetService(ServiceIdentifier serviceIdentifier, ServiceProviderEngineScope serviceProviderEngineScope)
   at Microsoft.Extensions.DependencyInjection.ServiceLookup.ServiceProviderEngineScope.GetService(Type serviceType)
   at Microsoft.Extensions.DependencyInjection.ServiceProviderServiceExtensions.GetRequiredService(IServiceProvider provider, Type serviceType)
   at Microsoft.Extensions.DependencyInjection.ServiceProviderServiceExtensions.GetRequiredService[T](IServiceProvider provider)
   at Haven.Infrastructure.PlannerServiceCollectionExtensions.<>c.<AddHavenPlannerInfrastructure>b__0_0(IServiceProvider provider) in /workspace/team-c-c3-preview-environment/9to1 Workspace/shared/src/Haven.Infrastructure/Calendar/CalendarSyncProviders.cs:line 109
   at Microsoft.Extensions.DependencyInjection.ServiceLookup.CallSiteRuntimeResolver.VisitFactory(FactoryCallSite factoryCallSite, RuntimeResolverContext context)
   at Microsoft.Extensions.DependencyInjection.ServiceLookup.CallSiteVisitor`2.VisitCallSiteMain(ServiceCallSite callSite, TArgument argument)
   at Microsoft.Extensions.DependencyInjection.ServiceLookup.CallSiteRuntimeResolver.VisitRootCache(ServiceCallSite callSite, RuntimeResolverContext context)
   at Microsoft.Extensions.DependencyInjection.ServiceLookup.CallSiteVisitor`2.VisitCallSite(ServiceCallSite callSite, TArgument argument)
   at Microsoft.Extensions.DependencyInjection.ServiceLookup.CallSiteRuntimeResolver.VisitConstructor(ConstructorCallSite constructorCallSite, RuntimeResolverContext context)
   at Microsoft.Extensions.DependencyInjection.ServiceLookup.CallSiteVisitor`2.VisitCallSiteMain(ServiceCallSite callSite, TArgument argument)
   at Microsoft.Extensions.DependencyInjection.ServiceLookup.CallSiteRuntimeResolver.VisitRootCache(ServiceCallSite callSite, RuntimeResolverContext context)
   at Microsoft.Extensions.DependencyInjection.ServiceLookup.CallSiteVisitor`2.VisitCallSite(ServiceCallSite callSite, TArgument argument)
   at Microsoft.Extensions.DependencyInjection.ServiceLookup.CallSiteRuntimeResolver.Resolve(ServiceCallSite callSite, ServiceProviderEngineScope scope)
   at Microsoft.Extensions.DependencyInjection.ServiceProvider.CreateServiceAccessor(ServiceIdentifier serviceIdentifier)
   at System.Collections.Concurrent.ConcurrentDictionary`2.GetOrAdd(TKey key, Func`2 valueFactory)
   at Microsoft.Extensions.DependencyInjection.ServiceProvider.GetService(ServiceIdentifier serviceIdentifier, ServiceProviderEngineScope serviceProviderEngineScope)
   at Microsoft.Extensions.DependencyInjection.ServiceProvider.GetService(Type serviceType)
   at Microsoft.Extensions.DependencyInjection.ServiceProviderServiceExtensions.GetRequiredService(IServiceProvider provider, Type serviceType)
   at Microsoft.Extensions.DependencyInjection.ServiceProviderServiceExtensions.GetRequiredService[T](IServiceProvider provider)
   at Haven.Infrastructure.Tests.PlannerServiceRegistrationTests.Desktop_startup_composition_resolves_the_study_planner_service() in /workspace/team-c-c3-preview-environment/9to1 Workspace/shared/tests/Haven.Infrastructure.Tests/PlannerServiceRegistrationTests.cs:line 18
   at System.Reflection.MethodBaseInvoker.InterpretedInvoke_Method(Object obj, IntPtr* args)
   at System.Reflection.MethodBaseInvoker.InvokeWithNoArgs(Object obj, BindingFlags invokeAttr)
[xUnit.net 00:00:02.35]     Haven.Infrastructure.Tests.ExtensionPluginEndToEndTests.Tampered_installed_content_is_blocked_before_the_plugin_process_can_run [FAIL]
  Failed Haven.Infrastructure.Tests.ExtensionPluginEndToEndTests.Tampered_installed_content_is_blocked_before_the_plugin_process_can_run [38 ms]
  Error Message:
   System.UnauthorizedAccessException : All requested package permissions must be reviewed and granted explicitly.
  Stack Trace:
     at Haven.Application.ExtensionManager.InstallCoreAsync(DiscoveredExtensionPackage discovered, ExtensionPermission explicitlyGrantedPermissions, CancellationToken cancellationToken) in /workspace/team-c-c3-preview-environment/9to1 Workspace/shared/src/Haven.Application/Extensions/ExtensionManager.cs:line 165
   at Haven.Infrastructure.Tests.ExtensionPluginEndToEndTests.Tampered_installed_content_is_blocked_before_the_plugin_process_can_run() in /workspace/team-c-c3-preview-environment/9to1 Workspace/shared/tests/Haven.Infrastructure.Tests/ExtensionPluginEndToEndTests.cs:line 290
   at Haven.Infrastructure.Tests.ExtensionPluginEndToEndTests.Tampered_installed_content_is_blocked_before_the_plugin_process_can_run() in /workspace/team-c-c3-preview-environment/9to1 Workspace/shared/tests/Haven.Infrastructure.Tests/ExtensionPluginEndToEndTests.cs:line 325
   at Haven.Infrastructure.Tests.ExtensionPluginEndToEndTests.Tampered_installed_content_is_blocked_before_the_plugin_process_can_run() in /workspace/team-c-c3-preview-environment/9to1 Workspace/shared/tests/Haven.Infrastructure.Tests/ExtensionPluginEndToEndTests.cs:line 325
--- End of stack trace from previous location ---
[xUnit.net 00:00:03.81]     Haven.Infrastructure.Tests.DataProductionTests.Infrastructure_registers_data_repository_format_and_query_services [FAIL]
  Failed Haven.Infrastructure.Tests.DataProductionTests.Infrastructure_registers_data_repository_format_and_query_services [3 ms]
  Error Message:
   System.IO.IOException : Read-only file system : '/home/agent/.config/Haven'
  Stack Trace:
     at System.IO.FileSystem.CreateDirectory(String fullPath, UnixFileMode unixCreateMode)
   at System.IO.Directory.CreateDirectory(String path)
   at Haven.Infrastructure.AppPaths..ctor() in /workspace/team-c-c3-preview-environment/9to1 Workspace/shared/src/Haven.Infrastructure/Lifecycle/AppPaths.cs:line 30
   at System.Reflection.MethodBaseInvoker.InterpretedInvoke_Constructor(Object obj, IntPtr* args)
   at System.Reflection.MethodBaseInvoker.InvokeWithNoArgs(Object obj, BindingFlags invokeAttr)
   at System.Reflection.RuntimeConstructorInfo.Invoke(BindingFlags invokeAttr, Binder binder, Object[] parameters, CultureInfo culture)
   at Microsoft.Extensions.DependencyInjection.ServiceLookup.CallSiteRuntimeResolver.VisitConstructor(ConstructorCallSite constructorCallSite, RuntimeResolverContext context)
   at Microsoft.Extensions.DependencyInjection.ServiceLookup.CallSiteVisitor`2.VisitCallSiteMain(ServiceCallSite callSite, TArgument argument)
   at Microsoft.Extensions.DependencyInjection.ServiceLookup.CallSiteRuntimeResolver.VisitRootCache(ServiceCallSite callSite, RuntimeResolverContext context)
   at Microsoft.Extensions.DependencyInjection.ServiceLookup.CallSiteVisitor`2.VisitCallSite(ServiceCallSite callSite, TArgument argument)
   at Microsoft.Extensions.DependencyInjection.ServiceLookup.CallSiteRuntimeResolver.VisitConstructor(ConstructorCallSite constructorCallSite, RuntimeResolverContext context)
   at Microsoft.Extensions.DependencyInjection.ServiceLookup.CallSiteVisitor`2.VisitCallSiteMain(ServiceCallSite callSite, TArgument argument)
   at Microsoft.Extensions.DependencyInjection.ServiceLookup.CallSiteRuntimeResolver.VisitRootCache(ServiceCallSite callSite, RuntimeResolverContext context)
   at Microsoft.Extensions.DependencyInjection.ServiceLookup.CallSiteVisitor`2.VisitCallSite(ServiceCallSite callSite, TArgument argument)
   at Microsoft.Extensions.DependencyInjection.ServiceLookup.CallSiteRuntimeResolver.Resolve(ServiceCallSite callSite, ServiceProviderEngineScope scope)
   at Microsoft.Extensions.DependencyInjection.ServiceProvider.CreateServiceAccessor(ServiceIdentifier serviceIdentifier)
   at System.Collections.Concurrent.ConcurrentDictionary`2.GetOrAdd(TKey key, Func`2 valueFactory)
   at Microsoft.Extensions.DependencyInjection.ServiceProvider.GetService(ServiceIdentifier serviceIdentifier, ServiceProviderEngineScope serviceProviderEngineScope)
   at Microsoft.Extensions.DependencyInjection.ServiceProvider.GetService(Type serviceType)
   at Microsoft.Extensions.DependencyInjection.ServiceProviderServiceExtensions.GetRequiredService(IServiceProvider provider, Type serviceType)
   at Microsoft.Extensions.DependencyInjection.ServiceProviderServiceExtensions.GetRequiredService[T](IServiceProvider provider)
   at Haven.Infrastructure.Tests.DataProductionTests.Infrastructure_registers_data_repository_format_and_query_services() in /workspace/team-c-c3-preview-environment/9to1 Workspace/shared/tests/Haven.Infrastructure.Tests/DataProductionTests.cs:line 21
   at System.Reflection.MethodBaseInvoker.InterpretedInvoke_Method(Object obj, IntPtr* args)
   at System.Reflection.MethodBaseInvoker.InvokeWithNoArgs(Object obj, BindingFlags invokeAttr)
[xUnit.net 00:00:03.89]     Haven.Infrastructure.Tests.PresentProductionTests.Infrastructure_registers_present_repository_and_exporter [FAIL]
  Failed Haven.Infrastructure.Tests.PresentProductionTests.Infrastructure_registers_present_repository_and_exporter [2 ms]
  Error Message:
   System.IO.IOException : Read-only file system : '/home/agent/.config/Haven'
  Stack Trace:
     at System.IO.FileSystem.CreateDirectory(String fullPath, UnixFileMode unixCreateMode)
   at System.IO.Directory.CreateDirectory(String path)
   at Haven.Infrastructure.AppPaths..ctor() in /workspace/team-c-c3-preview-environment/9to1 Workspace/shared/src/Haven.Infrastructure/Lifecycle/AppPaths.cs:line 30
   at System.Reflection.MethodBaseInvoker.InterpretedInvoke_Constructor(Object obj, IntPtr* args)
   at System.Reflection.MethodBaseInvoker.InvokeWithNoArgs(Object obj, BindingFlags invokeAttr)
   at System.Reflection.RuntimeConstructorInfo.Invoke(BindingFlags invokeAttr, Binder binder, Object[] parameters, CultureInfo culture)
   at Microsoft.Extensions.DependencyInjection.ServiceLookup.CallSiteRuntimeResolver.VisitConstructor(ConstructorCallSite constructorCallSite, RuntimeResolverContext context)
   at Microsoft.Extensions.DependencyInjection.ServiceLookup.CallSiteVisitor`2.VisitCallSiteMain(ServiceCallSite callSite, TArgument argument)
   at Microsoft.Extensions.DependencyInjection.ServiceLookup.CallSiteRuntimeResolver.VisitRootCache(ServiceCallSite callSite, RuntimeResolverContext context)
   at Microsoft.Extensions.DependencyInjection.ServiceLookup.CallSiteVisitor`2.VisitCallSite(ServiceCallSite callSite, TArgument argument)
   at Microsoft.Extensions.DependencyInjection.ServiceLookup.CallSiteRuntimeResolver.VisitConstructor(ConstructorCallSite constructorCallSite, RuntimeResolverContext context)
   at Microsoft.Extensions.DependencyInjection.ServiceLookup.CallSiteVisitor`2.VisitCallSiteMain(ServiceCallSite callSite, TArgument argument)
   at Microsoft.Extensions.DependencyInjection.ServiceLookup.CallSiteRuntimeResolver.VisitRootCache(ServiceCallSite callSite, RuntimeResolverContext context)
   at Microsoft.Extensions.DependencyInjection.ServiceLookup.CallSiteVisitor`2.VisitCallSite(ServiceCallSite callSite, TArgument argument)
   at Microsoft.Extensions.DependencyInjection.ServiceLookup.CallSiteRuntimeResolver.Resolve(ServiceCallSite callSite, ServiceProviderEngineScope scope)
   at Microsoft.Extensions.DependencyInjection.ServiceProvider.CreateServiceAccessor(ServiceIdentifier serviceIdentifier)
   at System.Collections.Concurrent.ConcurrentDictionary`2.GetOrAdd(TKey key, Func`2 valueFactory)
   at Microsoft.Extensions.DependencyInjection.ServiceProvider.GetService(ServiceIdentifier serviceIdentifier, ServiceProviderEngineScope serviceProviderEngineScope)
   at Microsoft.Extensions.DependencyInjection.ServiceProvider.GetService(Type serviceType)
   at Microsoft.Extensions.DependencyInjection.ServiceProviderServiceExtensions.GetRequiredService(IServiceProvider provider, Type serviceType)
   at Microsoft.Extensions.DependencyInjection.ServiceProviderServiceExtensions.GetRequiredService[T](IServiceProvider provider)
   at Haven.Infrastructure.Tests.PresentProductionTests.Infrastructure_registers_present_repository_and_exporter() in /workspace/team-c-c3-preview-environment/9to1 Workspace/shared/tests/Haven.Infrastructure.Tests/PresentProductionTests.cs:line 21
   at System.Reflection.MethodBaseInvoker.InterpretedInvoke_Method(Object obj, IntPtr* args)
   at System.Reflection.MethodBaseInvoker.InvokeWithNoArgs(Object obj, BindingFlags invokeAttr)
[xUnit.net 00:00:03.95]     Haven.Infrastructure.Tests.PresentProductionTests.Pptx_export_writes_real_parts_and_truthful_haven_fallbacks [FAIL]
  Failed Haven.Infrastructure.Tests.PresentProductionTests.Pptx_export_writes_real_parts_and_truthful_haven_fallbacks [15 ms]
  Error Message:
   Assert.Contains() Failure: Filter not matched in collection
Collection: [PresentCompatibilityIssue { IssueId = 3de7fbb6-84f8-4484-9602-ee341e94f642, Severity = Warning, Direction = Export, FeatureType = slide-layout, SourceTargetId = 74086951-096f-446f-9744-9e348f69e8c2, Description = The source slide layout relationship is replaced by a blank PPTX layout., Resolution = Degraded }, PresentCompatibilityIssue { IssueId = 926e66bb-e6c5-410e-82e9-a356ceaa0085, Severity = Warning, Direction = Export, FeatureType = object-type, SourceTargetId = 3f75ab3e-e7a5-43b5-ab17-804ea56cde8e, Description = The GenUi object is represented by explanatory text; its interactive or visual behavior is not preserved., Resolution = Degraded }, PresentCompatibilityIssue { IssueId = 34a59e73-046b-4180-884b-c7b83a58f0f6, Severity = Warning, Direction = Export, FeatureType = object-type, SourceTargetId = abf8dac0-ecd6-4a38-9e58-132b14bb8094, Description = The Image object is represented by explanatory text; its interactive or visual behavior is not preserved., Resolution = Degraded }, PresentCompatibilityIssue { IssueId = 97bcac55-5a84-4ce5-a54d-99f392b36ca6, Severity = Warning, Direction = Export, FeatureType = slide-layout, SourceTargetId = 438a087a-3e3b-4300-97c1-13cad38f08b4, Description = The source slide layout relationship is replaced by a blank PPTX layout., Resolution = Degraded }, PresentCompatibilityIssue { IssueId = 1bb10957-a300-4067-93a7-cd8c74fd4d60, Severity = Warning, Direction = Export, FeatureType = presentation-structure, SourceTargetId = d99c61c1-fab0-4a28-b3c2-387503d9e509, Description = Source themes, masters, layouts, and sections are not preserved by the PPTX writer., Resolution = Degraded }]
  Stack Trace:
     at Haven.Infrastructure.Tests.PresentProductionTests.Pptx_export_writes_real_parts_and_truthful_haven_fallbacks() in /workspace/team-c-c3-preview-environment/9to1 Workspace/shared/tests/Haven.Infrastructure.Tests/PresentProductionTests.cs:line 278
   at Haven.Infrastructure.Tests.PresentProductionTests.Pptx_export_writes_real_parts_and_truthful_haven_fallbacks() in /workspace/team-c-c3-preview-environment/9to1 Workspace/shared/tests/Haven.Infrastructure.Tests/PresentProductionTests.cs:line 279
--- End of stack trace from previous location ---
[xUnit.net 00:00:04.39]     Haven.Infrastructure.Tests.MeshFileTransferStoreTests.CompleteAsync_ConfinesSenderFileNameToMeshInboxAndVerifiesHash [FAIL]
  Failed Haven.Infrastructure.Tests.MeshFileTransferStoreTests.CompleteAsync_ConfinesSenderFileNameToMeshInboxAndVerifiesHash [2 ms]
  Error Message:
   Assert.False() Failure
Expected: False
Actual:   True
  Stack Trace:
     at Haven.Infrastructure.Tests.MeshFileTransferStoreTests.CompleteAsync_ConfinesSenderFileNameToMeshInboxAndVerifiesHash() in /workspace/team-c-c3-preview-environment/9to1 Workspace/shared/tests/Haven.Infrastructure.Tests/MeshFileTransferStoreTests.cs:line 29
   at Haven.Infrastructure.Tests.MeshFileTransferStoreTests.CompleteAsync_ConfinesSenderFileNameToMeshInboxAndVerifiesHash() in /workspace/team-c-c3-preview-environment/9to1 Workspace/shared/tests/Haven.Infrastructure.Tests/MeshFileTransferStoreTests.cs:line 30
--- End of stack trace from previous location ---
[xUnit.net 00:00:04.76]     Haven.Infrastructure.Tests.ProviderRoutingRegistrationTests.RoutedAndLocalClientsResolveWithoutCircularDependency [FAIL]
  Failed Haven.Infrastructure.Tests.ProviderRoutingRegistrationTests.RoutedAndLocalClientsResolveWithoutCircularDependency [36 ms]
  Error Message:
   System.IO.IOException : Read-only file system : '/home/agent/.config/Haven'
  Stack Trace:
     at System.IO.FileSystem.CreateDirectory(String fullPath, UnixFileMode unixCreateMode)
   at System.IO.Directory.CreateDirectory(String path)
   at Haven.Infrastructure.AppPaths..ctor() in /workspace/team-c-c3-preview-environment/9to1 Workspace/shared/src/Haven.Infrastructure/Lifecycle/AppPaths.cs:line 30
   at System.Reflection.MethodBaseInvoker.InterpretedInvoke_Constructor(Object obj, IntPtr* args)
   at System.Reflection.MethodBaseInvoker.InvokeWithNoArgs(Object obj, BindingFlags invokeAttr)
   at System.Reflection.RuntimeConstructorInfo.Invoke(BindingFlags invokeAttr, Binder binder, Object[] parameters, CultureInfo culture)
   at Microsoft.Extensions.DependencyInjection.ServiceLookup.CallSiteRuntimeResolver.VisitConstructor(ConstructorCallSite constructorCallSite, RuntimeResolverContext context)
   at Microsoft.Extensions.DependencyInjection.ServiceLookup.CallSiteVisitor`2.VisitCallSiteMain(ServiceCallSite callSite, TArgument argument)
   at Microsoft.Extensions.DependencyInjection.ServiceLookup.CallSiteRuntimeResolver.VisitRootCache(ServiceCallSite callSite, RuntimeResolverContext context)
   at Microsoft.Extensions.DependencyInjection.ServiceLookup.CallSiteVisitor`2.VisitCallSite(ServiceCallSite callSite, TArgument argument)
   at Microsoft.Extensions.DependencyInjection.ServiceLookup.CallSiteRuntimeResolver.VisitConstructor(ConstructorCallSite constructorCallSite, RuntimeResolverContext context)
   at Microsoft.Extensions.DependencyInjection.ServiceLookup.CallSiteVisitor`2.VisitCallSiteMain(ServiceCallSite callSite, TArgument argument)
   at Microsoft.Extensions.DependencyInjection.ServiceLookup.CallSiteRuntimeResolver.VisitRootCache(ServiceCallSite callSite, RuntimeResolverContext context)
   at Microsoft.Extensions.DependencyInjection.ServiceLookup.CallSiteVisitor`2.VisitCallSite(ServiceCallSite callSite, TArgument argument)
   at Microsoft.Extensions.DependencyInjection.ServiceLookup.CallSiteRuntimeResolver.Resolve(ServiceCallSite callSite, ServiceProviderEngineScope scope)
   at Microsoft.Extensions.DependencyInjection.ServiceProvider.CreateServiceAccessor(ServiceIdentifier serviceIdentifier)
   at System.Collections.Concurrent.ConcurrentDictionary`2.GetOrAdd(TKey key, Func`2 valueFactory)
   at Microsoft.Extensions.DependencyInjection.ServiceProvider.GetService(ServiceIdentifier serviceIdentifier, ServiceProviderEngineScope serviceProviderEngineScope)
   at Microsoft.Extensions.DependencyInjection.ServiceLookup.ServiceProviderEngineScope.GetService(Type serviceType)
   at Microsoft.Extensions.DependencyInjection.ServiceProviderServiceExtensions.GetRequiredService(IServiceProvider provider, Type serviceType)
   at Microsoft.Extensions.DependencyInjection.ServiceProviderServiceExtensions.GetRequiredService[T](IServiceProvider provider)
   at Haven.Infrastructure.ServiceCollectionExtensions.<>c.<AddHavenInfrastructure>b__0_26(IServiceProvider provider) in /workspace/team-c-c3-preview-environment/9to1 Workspace/shared/src/Haven.Infrastructure/DI/ServiceCollectionExtensions.cs:line 214
   at Microsoft.Extensions.DependencyInjection.ServiceLookup.CallSiteRuntimeResolver.VisitFactory(FactoryCallSite factoryCallSite, RuntimeResolverContext context)
   at Microsoft.Extensions.DependencyInjection.ServiceLookup.CallSiteVisitor`2.VisitCallSiteMain(ServiceCallSite callSite, TArgument argument)
   at Microsoft.Extensions.DependencyInjection.ServiceLookup.CallSiteRuntimeResolver.VisitRootCache(ServiceCallSite callSite, RuntimeResolverContext context)
   at Microsoft.Extensions.DependencyInjection.ServiceLookup.CallSiteVisitor`2.VisitCallSite(ServiceCallSite callSite, TArgument argument)
   at Microsoft.Extensions.DependencyInjection.ServiceLookup.CallSiteRuntimeResolver.VisitIEnumerable(IEnumerableCallSite enumerableCallSite, RuntimeResolverContext context)
   at Microsoft.Extensions.DependencyInjection.ServiceLookup.CallSiteVisitor`2.VisitCallSiteMain(ServiceCallSite callSite, TArgument argument)
   at Microsoft.Extensions.DependencyInjection.ServiceLookup.CallSiteRuntimeResolver.VisitRootCache(ServiceCallSite callSite, RuntimeResolverContext context)
   at Microsoft.Extensions.DependencyInjection.ServiceLookup.CallSiteVisitor`2.VisitCallSite(ServiceCallSite callSite, TArgument argument)
   at Microsoft.Extensions.DependencyInjection.ServiceLookup.CallSiteRuntimeResolver.VisitConstructor(ConstructorCallSite constructorCallSite, RuntimeResolverContext context)
   at Microsoft.Extensions.DependencyInjection.ServiceLookup.CallSiteVisitor`2.VisitCallSiteMain(ServiceCallSite callSite, TArgument argument)
   at Microsoft.Extensions.DependencyInjection.ServiceLookup.CallSiteRuntimeResolver.VisitRootCache(ServiceCallSite callSite, RuntimeResolverContext context)
   at Microsoft.Extensions.DependencyInjection.ServiceLookup.CallSiteVisitor`2.VisitCallSite(ServiceCallSite callSite, TArgument argument)
   at Microsoft.Extensions.DependencyInjection.ServiceLookup.CallSiteRuntimeResolver.Resolve(ServiceCallSite callSite, ServiceProviderEngineScope scope)
   at Microsoft.Extensions.DependencyInjection.ServiceProvider.CreateServiceAccessor(ServiceIdentifier serviceIdentifier)
   at System.Collections.Concurrent.ConcurrentDictionary`2.GetOrAdd(TKey key, Func`2 valueFactory)
   at Microsoft.Extensions.DependencyInjection.ServiceProvider.GetService(ServiceIdentifier serviceIdentifier, ServiceProviderEngineScope serviceProviderEngineScope)
   at Microsoft.Extensions.DependencyInjection.ServiceLookup.ServiceProviderEngineScope.GetService(Type serviceType)
   at Microsoft.Extensions.DependencyInjection.ServiceProviderServiceExtensions.GetRequiredService(IServiceProvider provider, Type serviceType)
   at Microsoft.Extensions.DependencyInjection.ServiceProviderServiceExtensions.GetRequiredService[T](IServiceProvider provider)
   at Haven.Infrastructure.ServiceCollectionExtensions.<>c.<AddHavenInfrastructure>b__0_27(IServiceProvider provider) in /workspace/team-c-c3-preview-environment/9to1 Workspace/shared/src/Haven.Infrastructure/DI/ServiceCollectionExtensions.cs:line 224
   at Microsoft.Extensions.DependencyInjection.ServiceLookup.CallSiteRuntimeResolver.VisitFactory(FactoryCallSite factoryCallSite, RuntimeResolverContext context)
   at Microsoft.Extensions.DependencyInjection.ServiceLookup.CallSiteVisitor`2.VisitCallSiteMain(ServiceCallSite callSite, TArgument argument)
   at Microsoft.Extensions.DependencyInjection.ServiceLookup.CallSiteRuntimeResolver.VisitRootCache(ServiceCallSite callSite, RuntimeResolverContext context)
   at Microsoft.Extensions.DependencyInjection.ServiceLookup.CallSiteVisitor`2.VisitCallSite(ServiceCallSite callSite, TArgument argument)
   at Microsoft.Extensions.DependencyInjection.ServiceLookup.CallSiteRuntimeResolver.VisitConstructor(ConstructorCallSite constructorCallSite, RuntimeResolverContext context)
   at Microsoft.Extensions.DependencyInjection.ServiceLookup.CallSiteVisitor`2.VisitCallSiteMain(ServiceCallSite callSite, TArgument argument)
   at Microsoft.Extensions.DependencyInjection.ServiceLookup.CallSiteRuntimeResolver.VisitRootCache(ServiceCallSite callSite, RuntimeResolverContext context)
   at Microsoft.Extensions.DependencyInjection.ServiceLookup.CallSiteVisitor`2.VisitCallSite(ServiceCallSite callSite, TArgument argument)
   at Microsoft.Extensions.DependencyInjection.ServiceLookup.CallSiteRuntimeResolver.Resolve(ServiceCallSite callSite, ServiceProviderEngineScope scope)
   at Microsoft.Extensions.DependencyInjection.ServiceProvider.CreateServiceAccessor(ServiceIdentifier serviceIdentifier)
   at System.Collections.Concurrent.ConcurrentDictionary`2.GetOrAdd(TKey key, Func`2 valueFactory)
   at Microsoft.Extensions.DependencyInjection.ServiceProvider.GetService(ServiceIdentifier serviceIdentifier, ServiceProviderEngineScope serviceProviderEngineScope)
   at Microsoft.Extensions.DependencyInjection.ServiceLookup.ServiceProviderEngineScope.GetService(Type serviceType)
   at Microsoft.Extensions.DependencyInjection.ServiceProviderServiceExtensions.GetRequiredService(IServiceProvider provider, Type serviceType)
   at Microsoft.Extensions.DependencyInjection.ServiceProviderServiceExtensions.GetRequiredService[T](IServiceProvider provider)
   at Haven.Infrastructure.ServiceCollectionExtensions.<>c.<AddHavenInfrastructure>b__0_28(IServiceProvider provider) in /workspace/team-c-c3-preview-environment/9to1 Workspace/shared/src/Haven.Infrastructure/DI/ServiceCollectionExtensions.cs:line 229
   at Microsoft.Extensions.DependencyInjection.ServiceLookup.CallSiteRuntimeResolver.VisitFactory(FactoryCallSite factoryCallSite, RuntimeResolverContext context)
   at Microsoft.Extensions.DependencyInjection.ServiceLookup.CallSiteVisitor`2.VisitCallSiteMain(ServiceCallSite callSite, TArgument argument)
   at Microsoft.Extensions.DependencyInjection.ServiceLookup.CallSiteRuntimeResolver.VisitRootCache(ServiceCallSite callSite, RuntimeResolverContext context)
   at Microsoft.Extensions.DependencyInjection.ServiceLookup.CallSiteVisitor`2.VisitCallSite(ServiceCallSite callSite, TArgument argument)
   at Microsoft.Extensions.DependencyInjection.ServiceLookup.CallSiteRuntimeResolver.Resolve(ServiceCallSite callSite, ServiceProviderEngineScope scope)
   at Microsoft.Extensions.DependencyInjection.ServiceProvider.CreateServiceAccessor(ServiceIdentifier serviceIdentifier)
   at System.Collections.Concurrent.ConcurrentDictionary`2.GetOrAdd(TKey key, Func`2 valueFactory)
   at Microsoft.Extensions.DependencyInjection.ServiceProvider.GetService(ServiceIdentifier serviceIdentifier, ServiceProviderEngineScope serviceProviderEngineScope)
   at Microsoft.Extensions.DependencyInjection.ServiceProvider.GetService(Type serviceType)
   at Microsoft.Extensions.DependencyInjection.ServiceProviderServiceExtensions.GetRequiredService(IServiceProvider provider, Type serviceType)
   at Microsoft.Extensions.DependencyInjection.ServiceProviderServiceExtensions.GetRequiredService[T](IServiceProvider provider)
   at Haven.Infrastructure.Tests.ProviderRoutingRegistrationTests.RoutedAndLocalClientsResolveWithoutCircularDependency() in /workspace/team-c-c3-preview-environment/9to1 Workspace/shared/tests/Haven.Infrastructure.Tests/ProviderRoutingRegistrationTests.cs:line 39
   at Haven.Infrastructure.Tests.ProviderRoutingRegistrationTests.RoutedAndLocalClientsResolveWithoutCircularDependency() in /workspace/team-c-c3-preview-environment/9to1 Workspace/shared/tests/Haven.Infrastructure.Tests/ProviderRoutingRegistrationTests.cs:line 45
--- End of stack trace from previous location ---
[xUnit.net 00:00:11.02]     Haven.Infrastructure.Tests.MeshRegistrationTests.MeshServicesResolveWithoutCircularDependencyAndJoinProviderCollections [FAIL]
  Failed Haven.Infrastructure.Tests.MeshRegistrationTests.MeshServicesResolveWithoutCircularDependencyAndJoinProviderCollections [4 ms]
  Error Message:
   System.IO.IOException : Read-only file system : '/home/agent/.config/Haven'
  Stack Trace:
     at System.IO.Directory.CreateDirectory(String path)
   at Haven.Infrastructure.AppPaths..ctor() in /workspace/team-c-c3-preview-environment/9to1 Workspace/shared/src/Haven.Infrastructure/Lifecycle/AppPaths.cs:line 30
   at InvokeStub_AppPaths..ctor(Object, Object, IntPtr*)
   at System.Reflection.MethodBaseInvoker.InvokeWithNoArgs(Object obj, BindingFlags invokeAttr)
   at System.Reflection.RuntimeConstructorInfo.Invoke(BindingFlags invokeAttr, Binder binder, Object[] parameters, CultureInfo culture)
   at Microsoft.Extensions.DependencyInjection.ServiceLookup.CallSiteRuntimeResolver.VisitConstructor(ConstructorCallSite constructorCallSite, RuntimeResolverContext context)
   at Microsoft.Extensions.DependencyInjection.ServiceLookup.CallSiteVisitor`2.VisitCallSiteMain(ServiceCallSite callSite, TArgument argument)
   at Microsoft.Extensions.DependencyInjection.ServiceLookup.CallSiteRuntimeResolver.VisitRootCache(ServiceCallSite callSite, RuntimeResolverContext context)
   at Microsoft.Extensions.DependencyInjection.ServiceLookup.CallSiteVisitor`2.VisitCallSite(ServiceCallSite callSite, TArgument argument)
   at Microsoft.Extensions.DependencyInjection.ServiceLookup.CallSiteRuntimeResolver.VisitConstructor(ConstructorCallSite constructorCallSite, RuntimeResolverContext context)
   at Microsoft.Extensions.DependencyInjection.ServiceLookup.CallSiteVisitor`2.VisitCallSiteMain(ServiceCallSite callSite, TArgument argument)
   at Microsoft.Extensions.DependencyInjection.ServiceLookup.CallSiteRuntimeResolver.VisitRootCache(ServiceCallSite callSite, RuntimeResolverContext context)
   at Microsoft.Extensions.DependencyInjection.ServiceLookup.CallSiteVisitor`2.VisitCallSite(ServiceCallSite callSite, TArgument argument)
   at Microsoft.Extensions.DependencyInjection.ServiceLookup.CallSiteRuntimeResolver.VisitConstructor(ConstructorCallSite constructorCallSite, RuntimeResolverContext context)
   at Microsoft.Extensions.DependencyInjection.ServiceLookup.CallSiteVisitor`2.VisitCallSiteMain(ServiceCallSite callSite, TArgument argument)
   at Microsoft.Extensions.DependencyInjection.ServiceLookup.CallSiteRuntimeResolver.VisitRootCache(ServiceCallSite callSite, RuntimeResolverContext context)
   at Microsoft.Extensions.DependencyInjection.ServiceLookup.CallSiteVisitor`2.VisitCallSite(ServiceCallSite callSite, TArgument argument)
   at Microsoft.Extensions.DependencyInjection.ServiceLookup.CallSiteRuntimeResolver.Resolve(ServiceCallSite callSite, ServiceProviderEngineScope scope)
   at Microsoft.Extensions.DependencyInjection.ServiceProvider.CreateServiceAccessor(ServiceIdentifier serviceIdentifier)
   at System.Collections.Concurrent.ConcurrentDictionary`2.GetOrAdd(TKey key, Func`2 valueFactory)
   at Microsoft.Extensions.DependencyInjection.ServiceProvider.GetService(ServiceIdentifier serviceIdentifier, ServiceProviderEngineScope serviceProviderEngineScope)
   at Microsoft.Extensions.DependencyInjection.ServiceProvider.GetService(Type serviceType)
   at Microsoft.Extensions.DependencyInjection.ServiceProviderServiceExtensions.GetRequiredService(IServiceProvider provider, Type serviceType)
   at Microsoft.Extensions.DependencyInjection.ServiceProviderServiceExtensions.GetRequiredService[T](IServiceProvider provider)
   at Haven.Infrastructure.Tests.MeshRegistrationTests.MeshServicesResolveWithoutCircularDependencyAndJoinProviderCollections() in /workspace/team-c-c3-preview-environment/9to1 Workspace/shared/tests/Haven.Infrastructure.Tests/MeshRegistrationTests.cs:line 23
   at Haven.Infrastructure.Tests.MeshRegistrationTests.MeshServicesResolveWithoutCircularDependencyAndJoinProviderCollections() in /workspace/team-c-c3-preview-environment/9to1 Workspace/shared/tests/Haven.Infrastructure.Tests/MeshRegistrationTests.cs:line 26
--- End of stack trace from previous location ---
Results File: /workspace/team-c-resume-evidence/c3-preview-environment-20261004/whole-debug-results/whole-infrastructure-debug.trx

Failed!  - Failed:     9, Passed:   406, Skipped:     0, Total:   415, Duration: 12 s - Haven.Infrastructure.Tests.dll (net10.0)
