	linux-vdso.so.1 (0x00007f15baf40000)
	libgio-2.0.so.0 => /lib/x86_64-linux-gnu/libgio-2.0.so.0 (0x00007f15ba230000)
	libxml2.so.2 => /lib/x86_64-linux-gnu/libxml2.so.2 (0x00007f15ba04e000)
	libpangocairo-1.0.so.0 => /lib/x86_64-linux-gnu/libpangocairo-1.0.so.0 (0x00007f15baf1b000)
	libcairo.so.2 => /lib/x86_64-linux-gnu/libcairo.so.2 (0x00007f15b9f0a000)
	libpango-1.0.so.0 => /lib/x86_64-linux-gnu/libpango-1.0.so.0 (0x00007f15baeb0000)
	libgobject-2.0.so.0 => /lib/x86_64-linux-gnu/libgobject-2.0.so.0 (0x00007f15b9ea5000)
	libglib-2.0.so.0 => /lib/x86_64-linux-gnu/libglib-2.0.so.0 (0x00007f15b9d5c000)
	libgcc_s.so.1 => /lib/x86_64-linux-gnu/libgcc_s.so.1 (0x00007f15b9d2e000)
	libm.so.6 => /lib/x86_64-linux-gnu/libm.so.6 (0x00007f15b9c45000)
	libc.so.6 => /lib/x86_64-linux-gnu/libc.so.6 (0x00007f15b9a00000)
	/lib64/ld-linux-x86-64.so.2 (0x00007f15baf42000)
	libgmodule-2.0.so.0 => /lib/x86_64-linux-gnu/libgmodule-2.0.so.0 (0x00007f15b9c3e000)
	libz.so.1 => /lib/x86_64-linux-gnu/libz.so.1 (0x00007f15b9c20000)
	libmount.so.1 => /lib/x86_64-linux-gnu/libmount.so.1 (0x00007f15b99b3000)
	libselinux.so.1 => /lib/x86_64-linux-gnu/libselinux.so.1 (0x00007f15b9986000)
	libicuuc.so.74 => /lib/x86_64-linux-gnu/libicuuc.so.74 (0x00007f15b9600000)
	liblzma.so.5 => /lib/x86_64-linux-gnu/liblzma.so.5 (0x00007f15b9954000)
	libpangoft2-1.0.so.0 => /lib/x86_64-linux-gnu/libpangoft2-1.0.so.0 (0x00007f15b9939000)
	libharfbuzz.so.0 => /lib/x86_64-linux-gnu/libharfbuzz.so.0 (0x00007f15b982c000)
	libfontconfig.so.1 => /lib/x86_64-linux-gnu/libfontconfig.so.1 (0x00007f15b95af000)
	libpng16.so.16 => /lib/x86_64-linux-gnu/libpng16.so.16 (0x00007f15b9577000)
	libfreetype.so.6 => /lib/x86_64-linux-gnu/libfreetype.so.6 (0x00007f15b94ab000)
	libX11.so.6 => /lib/x86_64-linux-gnu/libX11.so.6 (0x00007f15b936e000)
	libXext.so.6 => /lib/x86_64-linux-gnu/libXext.so.6 (0x00007f15b9818000)
	libXrender.so.1 => /lib/x86_64-linux-gnu/libXrender.so.1 (0x00007f15b9362000)
	libxcb.so.1 => /lib/x86_64-linux-gnu/libxcb.so.1 (0x00007f15b9339000)
	libxcb-render.so.0 => /lib/x86_64-linux-gnu/libxcb-render.so.0 (0x00007f15b932a000)
	libxcb-shm.so.0 => /lib/x86_64-linux-gnu/libxcb-shm.so.0 (0x00007f15b9c17000)
	libpixman-1.so.0 => /lib/x86_64-linux-gnu/libpixman-1.so.0 (0x00007f15b927b000)
	libfribidi.so.0 => /lib/x86_64-linux-gnu/libfribidi.so.0 (0x00007f15b925d000)
	libthai.so.0 => /lib/x86_64-linux-gnu/libthai.so.0 (0x00007f15b980d000)
	libffi.so.8 => /lib/x86_64-linux-gnu/libffi.so.8 (0x00007f15b9251000)
	libpcre2-8.so.0 => /lib/x86_64-linux-gnu/libpcre2-8.so.0 (0x00007f15b91b7000)
	libblkid.so.1 => /lib/x86_64-linux-gnu/libblkid.so.1 (0x00007f15b917c000)
	libicudata.so.74 => /lib/x86_64-linux-gnu/libicudata.so.74 (0x00007f15b7400000)
	libstdc++.so.6 => /lib/x86_64-linux-gnu/libstdc++.so.6 (0x00007f15b7000000)
	libgraphite2.so.3 => /lib/x86_64-linux-gnu/libgraphite2.so.3 (0x00007f15b73da000)
	libexpat.so.1 => /lib/x86_64-linux-gnu/libexpat.so.1 (0x00007f15b73ac000)
	libbz2.so.1.0 => /lib/x86_64-linux-gnu/libbz2.so.1.0 (0x00007f15b9166000)
	libbrotlidec.so.1 => /lib/x86_64-linux-gnu/libbrotlidec.so.1 (0x00007f15b739e000)
	libXau.so.6 => /lib/x86_64-linux-gnu/libXau.so.6 (0x00007f15b9160000)
	libXdmcp.so.6 => /lib/x86_64-linux-gnu/libXdmcp.so.6 (0x00007f15b7396000)
	libdatrie.so.1 => /lib/x86_64-linux-gnu/libdatrie.so.1 (0x00007f15b738d000)
	libbrotlicommon.so.1 => /lib/x86_64-linux-gnu/libbrotlicommon.so.1 (0x00007f15b7368000)
	libbsd.so.0 => /lib/x86_64-linux-gnu/libbsd.so.0 (0x00007f15b7352000)
	libmd.so.0 => /lib/x86_64-linux-gnu/libmd.so.0 (0x00007f15b7343000)
