
Welcome to .NET 10.0!
---------------------
SDK Version: 10.0.401

----------------
Installed an ASP.NET Core HTTPS development certificate.
To trust the certificate, run 'dotnet dev-certs https --trust'
Learn about HTTPS: https://aka.ms/dotnet-https

----------------
Write your first app: https://aka.ms/dotnet-hello-world
Find out what's new: https://aka.ms/dotnet-whats-new
Explore documentation: https://aka.ms/dotnet-docs
Report issues and find source on GitHub: https://github.com/dotnet/core
Use 'dotnet --help' to see available commands or visit: https://aka.ms/dotnet-cli
--------------------------------------------------------------------------------------
  Determining projects to restore...
  Restored /workspace/team-c/c3-admin-key-proposal/9to1 Workspace/Accounts/Tests/Accounts.Specs.csproj (in 98 ms).
  Restored /workspace/team-c/c3-admin-key-proposal/9to1 Workspace/Accounts/NineToOne.Accounts.csproj (in 86 ms).
  NineToOne.Accounts -> /workspace/team-c/c3-admin-key-proposal/artifacts/accounts-partial/bin/NineToOne.Accounts/debug/NineToOne.Accounts.dll
  Accounts.Specs -> /workspace/team-c/c3-admin-key-proposal/artifacts/accounts-partial/bin/Accounts.Specs/debug/Accounts.Specs.dll

Build succeeded.
    0 Warning(s)
    0 Error(s)

Time Elapsed 00:00:07.34
