{"command": ["/workspace/.tools/dotnet/dotnet", "run", "--project", "apps/Web/Tests/HomeLayout.Tests.csproj", "-c", "Release", "--", "9to1 Workspace/Home/UI/Home.cui"], "cwd": "/workspace/team-c/c6-home-layout-source", "startUTC": "2026-10-03T20:48:56.993590+00:00", "commit": "28b3fa6d8a8099fc5ee01c9ff479e34eabaa89c3", "environmentOverrides": {"DOTNET_CLI_HOME": "/tmp/c6-layout-dotnet", "NUGET_PACKAGES": "/workspace/.tools/nuget", "DOTNET_CLI_TELEMETRY_OPTOUT": "1", "XDG_CACHE_HOME": "/tmp/c6-layout-cache", "XDG_CONFIG_HOME": "/tmp/c6-layout-config", "AVALONIA_TELEMETRY_OPTOUT": "1"}}

Welcome to .NET 10.0!
---------------------
SDK Version: 10.0.401

----------------
Installed an ASP.NET Core HTTPS development certificate.
To trust the certificate, run 'dotnet dev-certs https --trust'
Learn about HTTPS: https://aka.ms/dotnet-https

----------------
Write your first app: https://aka.ms/dotnet-hello-world
Find out what's new: https://aka.ms/dotnet-whats-new
Explore documentation: https://aka.ms/dotnet-docs
Report issues and find source on GitHub: https://github.com/dotnet/core
Use 'dotnet --help' to see available commands or visit: https://aka.ms/dotnet-cli
--------------------------------------------------------------------------------------
{
  "sourcePath": "/workspace/team-c/c6-home-layout-source/9to1 Workspace/Home/UI/Home.cui",
  "bounds": [
    {
      "id": "welcome-heading",
      "x": 200,
      "y": 56,
      "width": 684,
      "height": 184
    },
    {
      "id": "welcome-copy",
      "x": 200,
      "y": 56,
      "width": 684,
      "height": 184
    },
    {
      "id": "dashboard-brief",
      "x": 200,
      "y": 56,
      "width": 684,
      "height": 184
    },
    {
      "id": "home-hero",
      "x": 200,
      "y": 56,
      "width": 684,
      "height": 184
    },
    {
      "id": "operation-status",
      "x": 200,
      "y": 56,
      "width": 684,
      "height": 184
    },
    {
      "id": "navigation-status",
      "x": 200,
      "y": 56,
      "width": 684,
      "height": 184
    },
    {
      "id": "app-shortcuts",
      "x": 200,
      "y": 56,
      "width": 684,
      "height": 184
    },
    {
      "id": "upcoming-events",
      "x": 200,
      "y": 56,
      "width": 684,
      "height": 184
    },
    {
      "id": "dashboard-layout-controls",
      "x": 200,
      "y": 56,
      "width": 684,
      "height": 184
    }
  ],
  "checks": [
    {
      "name": "welcome-copy follows welcome-heading",
      "passed": false,
      "beforeBottom": 240,
      "afterTop": 56
    },
    {
      "name": "dashboard-brief follows welcome-copy",
      "passed": false,
      "beforeBottom": 240,
      "afterTop": 56
    },
    {
      "name": "home-hero follows dashboard-brief",
      "passed": false,
      "beforeBottom": 240,
      "afterTop": 56
    },
    {
      "name": "operation-status follows home-hero",
      "passed": false,
      "beforeBottom": 240,
      "afterTop": 56
    },
    {
      "name": "navigation-status follows operation-status",
      "passed": false,
      "beforeBottom": 240,
      "afterTop": 56
    },
    {
      "name": "app-shortcuts follows navigation-status",
      "passed": false,
      "beforeBottom": 240,
      "afterTop": 56
    },
    {
      "name": "upcoming-events follows app-shortcuts",
      "passed": false,
      "beforeBottom": 240,
      "afterTop": 56
    },
    {
      "name": "dashboard-layout-controls follows upcoming-events",
      "passed": false,
      "beforeBottom": 240,
      "afterTop": 56
    }
  ]
}
Unhandled exception. System.InvalidOperationException: Home sequential layout failed 8 assertions.
   at Program.<Main>$(String[] args) in /workspace/team-c/c6-home-layout-source/apps/Web/Tests/HomeLayoutRegression.cs:line 66
   at Program.<Main>$(String[] args) in /workspace/team-c/c6-home-layout-source/apps/Web/Tests/HomeLayoutRegression.cs:line 67
   at Program.<Main>(String[] args)
