{"command": ["/workspace/.tools/dotnet/dotnet", "run", "--no-build", "--no-restore", "--project", "apps/Web/Tests/HomeLayout.Tests.csproj", "-c", "Release", "--", "docs/releases/sol-happy-20261003/team-b-home-proposal/Home.cui.proposed"], "cwd": "/workspace/team-c/c6-home-layout-source", "startUTC": "2026-10-03T20:50:59.118291+00:00", "commit": "28b3fa6d8a8099fc5ee01c9ff479e34eabaa89c3", "sameCompiledHarness": true}
{
  "sourcePath": "/workspace/team-c/c6-home-layout-source/docs/releases/sol-happy-20261003/team-b-home-proposal/Home.cui.proposed",
  "bounds": [
    {
      "id": "welcome-heading",
      "x": 200,
      "y": 56,
      "width": 684,
      "height": 39
    },
    {
      "id": "welcome-copy",
      "x": 200,
      "y": 95,
      "width": 684,
      "height": 19
    },
    {
      "id": "dashboard-brief",
      "x": 200,
      "y": 114,
      "width": 684,
      "height": 42
    },
    {
      "id": "home-hero",
      "x": 200,
      "y": 156,
      "width": 684,
      "height": 122
    },
    {
      "id": "operation-status",
      "x": 200,
      "y": 278,
      "width": 684,
      "height": 17
    },
    {
      "id": "navigation-status",
      "x": 200,
      "y": 295,
      "width": 684,
      "height": 17
    },
    {
      "id": "app-shortcuts",
      "x": 200,
      "y": 312,
      "width": 684,
      "height": 88
    },
    {
      "id": "upcoming-events",
      "x": 200,
      "y": 400,
      "width": 684,
      "height": 69
    },
    {
      "id": "dashboard-layout-controls",
      "x": 200,
      "y": 469,
      "width": 684,
      "height": 184
    }
  ],
  "checks": [
    {
      "name": "welcome-copy follows welcome-heading",
      "passed": true,
      "beforeBottom": 95,
      "afterTop": 95
    },
    {
      "name": "dashboard-brief follows welcome-copy",
      "passed": true,
      "beforeBottom": 114,
      "afterTop": 114
    },
    {
      "name": "home-hero follows dashboard-brief",
      "passed": true,
      "beforeBottom": 156,
      "afterTop": 156
    },
    {
      "name": "operation-status follows home-hero",
      "passed": true,
      "beforeBottom": 278,
      "afterTop": 278
    },
    {
      "name": "navigation-status follows operation-status",
      "passed": true,
      "beforeBottom": 295,
      "afterTop": 295
    },
    {
      "name": "app-shortcuts follows navigation-status",
      "passed": true,
      "beforeBottom": 312,
      "afterTop": 312
    },
    {
      "name": "upcoming-events follows app-shortcuts",
      "passed": true,
      "beforeBottom": 400,
      "afterTop": 400
    },
    {
      "name": "dashboard-layout-controls follows upcoming-events",
      "passed": true,
      "beforeBottom": 469,
      "afterTop": 469
    }
  ]
}
PASS: actual Home dashboard sections have distinct sequential bounds.
