
Skipping NuGet package signature verification.
Installing pack Microsoft.NETCore.App.Runtime.AOT.linux-x64.Cross.browser-wasm version 10.0.12...
Writing workload pack installation record for Microsoft.NETCore.App.Runtime.AOT.linux-x64.Cross.browser-wasm version 10.0.12...
Installing pack Microsoft.NET.Runtime.MonoTargets.Sdk version 10.0.12...
Writing workload pack installation record for Microsoft.NET.Runtime.MonoTargets.Sdk version 10.0.12...
Installing pack Microsoft.NET.Runtime.WebAssembly.Sdk version 10.0.12...
Writing workload pack installation record for Microsoft.NET.Runtime.WebAssembly.Sdk version 10.0.12...
Installing pack Microsoft.NET.Runtime.MonoAOTCompiler.Task version 10.0.12...
Writing workload pack installation record for Microsoft.NET.Runtime.MonoAOTCompiler.Task version 10.0.12...
Installing pack Microsoft.NET.Runtime.Emscripten.3.1.56.Node.linux-x64 version 10.0.12...
Writing workload pack installation record for Microsoft.NET.Runtime.Emscripten.3.1.56.Node.linux-x64 version 10.0.12...
Installing pack Microsoft.NET.Sdk.WebAssembly.Pack version 10.0.12...
Writing workload pack installation record for Microsoft.NET.Sdk.WebAssembly.Pack version 10.0.12...
Installing pack Microsoft.NETCore.App.Runtime.Mono.browser-wasm version 10.0.12...
Writing workload pack installation record for Microsoft.NETCore.App.Runtime.Mono.browser-wasm version 10.0.12...
Installing pack Microsoft.NET.Runtime.Emscripten.3.1.56.Cache.linux-x64 version 10.0.12...
Writing workload pack installation record for Microsoft.NET.Runtime.Emscripten.3.1.56.Cache.linux-x64 version 10.0.12...
Installing pack Microsoft.NET.Runtime.Emscripten.3.1.56.Sdk.linux-x64 version 10.0.12...
Writing workload pack installation record for Microsoft.NET.Runtime.Emscripten.3.1.56.Sdk.linux-x64 version 10.0.12...
Garbage collecting for SDK feature band(s) 8.0.100 8.0.200 8.0.300 8.0.400 9.0.100 9.0.200 9.0.300 10.0.100 10.0.200 10.0.300 10.0.400...

Successfully installed workload(s) wasm-tools.

