<?xml version="1.0" encoding="utf-8"?>
<TestRun id="686839c0-ab2e-49e8-8ac5-66590835cb2f" name="@runnervm8df0l 2026-10-03 19:19:04" xmlns="http://microsoft.com/schemas/VisualStudio/TeamTest/2010">
  <Times creation="2026-10-03T19:19:04.0487134+00:00" queuing="2026-10-03T19:19:04.0487134+00:00" start="2026-10-03T19:19:03.0712109+00:00" finish="2026-10-03T19:19:04.1910603+00:00" />
  <TestSettings name="default" id="45efdcd5-67d0-4762-b9b2-6e92dc9431ad">
    <Deployment runDeploymentRoot="_runnervm8df0l_2026-10-03_19_19_04" />
  </TestSettings>
  <Results>
    <UnitTestResult executionId="acf13c36-a4b9-48a7-afe4-ea65b20f4571" testId="8205a98f-c893-0431-21f4-e26d89d07a23" testName="Haven.Core.Tests.CanvasDurableHistoryTests.Declared_retention_boundary_survives_reopen_and_missing_legacy_history_stays_unavailable" computerName="runnervm8df0l" duration="00:00:00.0822264" startTime="2026-10-03T19:19:03.9048013+00:00" endTime="2026-10-03T19:19:03.9870174+00:00" testType="13cdc9d9-ddb5-4fa4-a97d-d965ccfc6d4b" outcome="Passed" testListId="8c84fa94-04c1-424b-9868-57a2d4851a1d" relativeResultsDirectory="acf13c36-a4b9-48a7-afe4-ea65b20f4571" />
    <UnitTestResult executionId="919c84fb-783a-455d-8bb4-36e61b72b8c0" testId="d517ae1d-d8db-8339-6011-28b11b48d01d" testName="Haven.Core.Tests.CanvasDurableHistoryTests.Canonical_codec_reopen_preserves_undo_and_redo_with_new_revision" computerName="runnervm8df0l" duration="00:00:00.0030269" startTime="2026-10-03T19:19:04.0105979+00:00" endTime="2026-10-03T19:19:04.0106452+00:00" testType="13cdc9d9-ddb5-4fa4-a97d-d965ccfc6d4b" outcome="Passed" testListId="8c84fa94-04c1-424b-9868-57a2d4851a1d" relativeResultsDirectory="919c84fb-783a-455d-8bb4-36e61b72b8c0" />
    <UnitTestResult executionId="47ec01a0-42c9-42a1-95b5-a34691bfaa18" testId="b45e3753-7833-4216-4226-3f1ab6df2693" testName="Haven.Core.Tests.DataJunctionTableDesignTests.Junction_identity_or_name_collision_and_stale_preview_do_not_mutate_source" computerName="runnervm8df0l" duration="00:00:00.1061539" startTime="2026-10-03T19:19:04.0121850+00:00" endTime="2026-10-03T19:19:04.0999041+00:00" testType="13cdc9d9-ddb5-4fa4-a97d-d965ccfc6d4b" outcome="Passed" testListId="8c84fa94-04c1-424b-9868-57a2d4851a1d" relativeResultsDirectory="47ec01a0-42c9-42a1-95b5-a34691bfaa18" />
    <UnitTestResult executionId="df91c170-3117-4c38-9e97-992eed4037e0" testId="33eb4c00-c0c4-1e5a-5526-0bd7ac1bb0fe" testName="Haven.Core.Tests.DataJunctionTableDesignTests.Composite_junction_preserves_sources_and_enforces_both_foreign_keys_and_unique_associations" computerName="runnervm8df0l" duration="00:00:00.0429841" startTime="2026-10-03T19:19:04.1000957+00:00" endTime="2026-10-03T19:19:04.1430026+00:00" testType="13cdc9d9-ddb5-4fa4-a97d-d965ccfc6d4b" outcome="Passed" testListId="8c84fa94-04c1-424b-9868-57a2d4851a1d" relativeResultsDirectory="df91c170-3117-4c38-9e97-992eed4037e0" />
    <UnitTestResult executionId="67ca2d17-ea35-4082-a91b-08a5f5ed32ea" testId="1d13a82e-cc6b-f7a5-8d8b-e4f069296bc6" testName="Haven.Core.Tests.CanvasDurableHistoryTests.Retention_lower_bound_saturates_without_overflow_or_partial_history_mutation" computerName="runnervm8df0l" duration="00:00:00.1694252" startTime="2026-10-03T19:19:03.7351637+00:00" endTime="2026-10-03T19:19:03.9046002+00:00" testType="13cdc9d9-ddb5-4fa4-a97d-d965ccfc6d4b" outcome="Passed" testListId="8c84fa94-04c1-424b-9868-57a2d4851a1d" relativeResultsDirectory="67ca2d17-ea35-4082-a91b-08a5f5ed32ea" />
    <UnitTestResult executionId="c9df3d7b-2783-477a-a0e3-9b25a2039a6b" testId="01916f2b-1ca1-ef94-1b3c-1aa4e0923bd1" testName="Haven.Core.Tests.CanvasDurableHistoryTests.Corrupt_unknown_or_cross_document_history_is_rejected_without_reinterpreting(corruption: &quot;schema&quot;)" computerName="runnervm8df0l" duration="00:00:00.0006579" startTime="2026-10-03T19:19:03.7276749+00:00" endTime="2026-10-03T19:19:03.7277123+00:00" testType="13cdc9d9-ddb5-4fa4-a97d-d965ccfc6d4b" outcome="Passed" testListId="8c84fa94-04c1-424b-9868-57a2d4851a1d" relativeResultsDirectory="c9df3d7b-2783-477a-a0e3-9b25a2039a6b" />
    <UnitTestResult executionId="d79a7b3a-340d-444b-a103-ecfbfc09a567" testId="68f0c810-95c6-b1e2-2239-9e71fb4634ea" testName="Haven.Core.Tests.CanvasDurableHistoryTests.Stale_history_request_cannot_change_current_document_or_retained_history" computerName="runnervm8df0l" duration="00:00:00.0016551" startTime="2026-10-03T19:19:04.0102354+00:00" endTime="2026-10-03T19:19:04.0103051+00:00" testType="13cdc9d9-ddb5-4fa4-a97d-d965ccfc6d4b" outcome="Passed" testListId="8c84fa94-04c1-424b-9868-57a2d4851a1d" relativeResultsDirectory="d79a7b3a-340d-444b-a103-ecfbfc09a567" />
    <UnitTestResult executionId="4a075561-b538-4c3c-86cb-1346a9c28df5" testId="cd7349b1-e1d3-1164-3907-891cbed36ad7" testName="Haven.Core.Tests.CanvasDurableHistoryTests.Corrupt_unknown_or_cross_document_history_is_rejected_without_reinterpreting(corruption: &quot;nested&quot;)" computerName="runnervm8df0l" duration="00:00:00.0008515" startTime="2026-10-03T19:19:03.7278662+00:00" endTime="2026-10-03T19:19:03.7278943+00:00" testType="13cdc9d9-ddb5-4fa4-a97d-d965ccfc6d4b" outcome="Passed" testListId="8c84fa94-04c1-424b-9868-57a2d4851a1d" relativeResultsDirectory="4a075561-b538-4c3c-86cb-1346a9c28df5" />
    <UnitTestResult executionId="1b9936d5-7828-4845-b020-836f9c50c702" testId="5d2947df-fd93-04ce-991b-9603643ac538" testName="Haven.Core.Tests.CanvasDurableHistoryTests.Corrupt_unknown_or_cross_document_history_is_rejected_without_reinterpreting(corruption: &quot;owner&quot;)" computerName="runnervm8df0l" duration="00:00:00.0009250" startTime="2026-10-03T19:19:03.7272020+00:00" endTime="2026-10-03T19:19:03.7272884+00:00" testType="13cdc9d9-ddb5-4fa4-a97d-d965ccfc6d4b" outcome="Passed" testListId="8c84fa94-04c1-424b-9868-57a2d4851a1d" relativeResultsDirectory="1b9936d5-7828-4845-b020-836f9c50c702" />
    <UnitTestResult executionId="79126d26-f995-49d8-9d4d-cfb0a9fe11e4" testId="0d20d337-6669-18fa-11e7-f66c79d18ca8" testName="Haven.Core.Tests.CanvasDurableHistoryTests.Corrupt_unknown_or_cross_document_history_is_rejected_without_reinterpreting(corruption: &quot;current-revision&quot;)" computerName="runnervm8df0l" duration="00:00:00.0863484" startTime="2026-10-03T19:19:03.6292947+00:00" endTime="2026-10-03T19:19:03.7207963+00:00" testType="13cdc9d9-ddb5-4fa4-a97d-d965ccfc6d4b" outcome="Passed" testListId="8c84fa94-04c1-424b-9868-57a2d4851a1d" relativeResultsDirectory="79126d26-f995-49d8-9d4d-cfb0a9fe11e4" />
    <UnitTestResult executionId="fabfc927-4c2d-4add-a93c-434a741c35c2" testId="fe9697b0-f5e7-097f-3168-aefdb9e98d3c" testName="Haven.Core.Tests.CanvasDurableHistoryTests.Corrupt_unknown_or_cross_document_history_is_rejected_without_reinterpreting(corruption: &quot;hash&quot;)" computerName="runnervm8df0l" duration="00:00:00.0005591" startTime="2026-10-03T19:19:03.7279725+00:00" endTime="2026-10-03T19:19:03.7280096+00:00" testType="13cdc9d9-ddb5-4fa4-a97d-d965ccfc6d4b" outcome="Passed" testListId="8c84fa94-04c1-424b-9868-57a2d4851a1d" relativeResultsDirectory="fabfc927-4c2d-4add-a93c-434a741c35c2" />
    <UnitTestResult executionId="6c21ad81-7300-4af5-a8ac-b5059432d87f" testId="f03ba631-da1a-5f78-4747-f810d8319437" testName="Haven.Core.Tests.CanvasDurableHistoryTests.Owner_preparation_failure_stale_request_and_replay_do_not_mutate_or_repeat_donor_preparation" computerName="runnervm8df0l" duration="00:00:00.0099715" startTime="2026-10-03T19:19:03.7286487+00:00" endTime="2026-10-03T19:19:03.7350128+00:00" testType="13cdc9d9-ddb5-4fa4-a97d-d965ccfc6d4b" outcome="Passed" testListId="8c84fa94-04c1-424b-9868-57a2d4851a1d" relativeResultsDirectory="6c21ad81-7300-4af5-a8ac-b5059432d87f" />
    <UnitTestResult executionId="fb9c2ac9-2abc-4053-a4bc-5ba272ee58d4" testId="e28ca643-f0d7-7c62-fd2e-9cdea01e72e5" testName="Haven.Core.Tests.CanvasDurableHistoryTests.Corrupt_unknown_or_cross_document_history_is_rejected_without_reinterpreting(corruption: &quot;foreign-snapshot&quot;)" computerName="runnervm8df0l" duration="00:00:00.0010637" startTime="2026-10-03T19:19:03.7277790+00:00" endTime="2026-10-03T19:19:03.7278131+00:00" testType="13cdc9d9-ddb5-4fa4-a97d-d965ccfc6d4b" outcome="Passed" testListId="8c84fa94-04c1-424b-9868-57a2d4851a1d" relativeResultsDirectory="fb9c2ac9-2abc-4053-a4bc-5ba272ee58d4" />
  </Results>
  <TestDefinitions>
    <UnitTest name="Haven.Core.Tests.CanvasDurableHistoryTests.Declared_retention_boundary_survives_reopen_and_missing_legacy_history_stays_unavailable" storage="/home/runner/work/9to1/9to1/artifacts/root14-managed-build/bin/haven.core.tests/release_linux-x64/haven.core.tests.dll" id="8205a98f-c893-0431-21f4-e26d89d07a23">
      <Execution id="acf13c36-a4b9-48a7-afe4-ea65b20f4571" />
      <TestMethod codeBase="/home/runner/work/9to1/9to1/artifacts/root14-managed-build/bin/Haven.Core.Tests/release_linux-x64/Haven.Core.Tests.dll" adapterTypeName="executor://xunit/VsTestRunner3/netcore/" className="Haven.Core.Tests.CanvasDurableHistoryTests" name="Declared_retention_boundary_survives_reopen_and_missing_legacy_history_stays_unavailable" />
    </UnitTest>
    <UnitTest name="Haven.Core.Tests.CanvasDurableHistoryTests.Stale_history_request_cannot_change_current_document_or_retained_history" storage="/home/runner/work/9to1/9to1/artifacts/root14-managed-build/bin/haven.core.tests/release_linux-x64/haven.core.tests.dll" id="68f0c810-95c6-b1e2-2239-9e71fb4634ea">
      <Execution id="d79a7b3a-340d-444b-a103-ecfbfc09a567" />
      <TestMethod codeBase="/home/runner/work/9to1/9to1/artifacts/root14-managed-build/bin/Haven.Core.Tests/release_linux-x64/Haven.Core.Tests.dll" adapterTypeName="executor://xunit/VsTestRunner3/netcore/" className="Haven.Core.Tests.CanvasDurableHistoryTests" name="Stale_history_request_cannot_change_current_document_or_retained_history" />
    </UnitTest>
    <UnitTest name="Haven.Core.Tests.CanvasDurableHistoryTests.Owner_preparation_failure_stale_request_and_replay_do_not_mutate_or_repeat_donor_preparation" storage="/home/runner/work/9to1/9to1/artifacts/root14-managed-build/bin/haven.core.tests/release_linux-x64/haven.core.tests.dll" id="f03ba631-da1a-5f78-4747-f810d8319437">
      <Execution id="6c21ad81-7300-4af5-a8ac-b5059432d87f" />
      <TestMethod codeBase="/home/runner/work/9to1/9to1/artifacts/root14-managed-build/bin/Haven.Core.Tests/release_linux-x64/Haven.Core.Tests.dll" adapterTypeName="executor://xunit/VsTestRunner3/netcore/" className="Haven.Core.Tests.CanvasDurableHistoryTests" name="Owner_preparation_failure_stale_request_and_replay_do_not_mutate_or_repeat_donor_preparation" />
    </UnitTest>
    <UnitTest name="Haven.Core.Tests.CanvasDurableHistoryTests.Corrupt_unknown_or_cross_document_history_is_rejected_without_reinterpreting(corruption: &quot;current-revision&quot;)" storage="/home/runner/work/9to1/9to1/artifacts/root14-managed-build/bin/haven.core.tests/release_linux-x64/haven.core.tests.dll" id="0d20d337-6669-18fa-11e7-f66c79d18ca8">
      <Execution id="79126d26-f995-49d8-9d4d-cfb0a9fe11e4" />
      <TestMethod codeBase="/home/runner/work/9to1/9to1/artifacts/root14-managed-build/bin/Haven.Core.Tests/release_linux-x64/Haven.Core.Tests.dll" adapterTypeName="executor://xunit/VsTestRunner3/netcore/" className="Haven.Core.Tests.CanvasDurableHistoryTests" name="Corrupt_unknown_or_cross_document_history_is_rejected_without_reinterpreting" />
    </UnitTest>
    <UnitTest name="Haven.Core.Tests.DataJunctionTableDesignTests.Junction_identity_or_name_collision_and_stale_preview_do_not_mutate_source" storage="/home/runner/work/9to1/9to1/artifacts/root14-managed-build/bin/haven.core.tests/release_linux-x64/haven.core.tests.dll" id="b45e3753-7833-4216-4226-3f1ab6df2693">
      <Execution id="47ec01a0-42c9-42a1-95b5-a34691bfaa18" />
      <TestMethod codeBase="/home/runner/work/9to1/9to1/artifacts/root14-managed-build/bin/Haven.Core.Tests/release_linux-x64/Haven.Core.Tests.dll" adapterTypeName="executor://xunit/VsTestRunner3/netcore/" className="Haven.Core.Tests.DataJunctionTableDesignTests" name="Junction_identity_or_name_collision_and_stale_preview_do_not_mutate_source" />
    </UnitTest>
    <UnitTest name="Haven.Core.Tests.CanvasDurableHistoryTests.Corrupt_unknown_or_cross_document_history_is_rejected_without_reinterpreting(corruption: &quot;hash&quot;)" storage="/home/runner/work/9to1/9to1/artifacts/root14-managed-build/bin/haven.core.tests/release_linux-x64/haven.core.tests.dll" id="fe9697b0-f5e7-097f-3168-aefdb9e98d3c">
      <Execution id="fabfc927-4c2d-4add-a93c-434a741c35c2" />
      <TestMethod codeBase="/home/runner/work/9to1/9to1/artifacts/root14-managed-build/bin/Haven.Core.Tests/release_linux-x64/Haven.Core.Tests.dll" adapterTypeName="executor://xunit/VsTestRunner3/netcore/" className="Haven.Core.Tests.CanvasDurableHistoryTests" name="Corrupt_unknown_or_cross_document_history_is_rejected_without_reinterpreting" />
    </UnitTest>
    <UnitTest name="Haven.Core.Tests.CanvasDurableHistoryTests.Corrupt_unknown_or_cross_document_history_is_rejected_without_reinterpreting(corruption: &quot;owner&quot;)" storage="/home/runner/work/9to1/9to1/artifacts/root14-managed-build/bin/haven.core.tests/release_linux-x64/haven.core.tests.dll" id="5d2947df-fd93-04ce-991b-9603643ac538">
      <Execution id="1b9936d5-7828-4845-b020-836f9c50c702" />
      <TestMethod codeBase="/home/runner/work/9to1/9to1/artifacts/root14-managed-build/bin/Haven.Core.Tests/release_linux-x64/Haven.Core.Tests.dll" adapterTypeName="executor://xunit/VsTestRunner3/netcore/" className="Haven.Core.Tests.CanvasDurableHistoryTests" name="Corrupt_unknown_or_cross_document_history_is_rejected_without_reinterpreting" />
    </UnitTest>
    <UnitTest name="Haven.Core.Tests.CanvasDurableHistoryTests.Retention_lower_bound_saturates_without_overflow_or_partial_history_mutation" storage="/home/runner/work/9to1/9to1/artifacts/root14-managed-build/bin/haven.core.tests/release_linux-x64/haven.core.tests.dll" id="1d13a82e-cc6b-f7a5-8d8b-e4f069296bc6">
      <Execution id="67ca2d17-ea35-4082-a91b-08a5f5ed32ea" />
      <TestMethod codeBase="/home/runner/work/9to1/9to1/artifacts/root14-managed-build/bin/Haven.Core.Tests/release_linux-x64/Haven.Core.Tests.dll" adapterTypeName="executor://xunit/VsTestRunner3/netcore/" className="Haven.Core.Tests.CanvasDurableHistoryTests" name="Retention_lower_bound_saturates_without_overflow_or_partial_history_mutation" />
    </UnitTest>
    <UnitTest name="Haven.Core.Tests.CanvasDurableHistoryTests.Corrupt_unknown_or_cross_document_history_is_rejected_without_reinterpreting(corruption: &quot;nested&quot;)" storage="/home/runner/work/9to1/9to1/artifacts/root14-managed-build/bin/haven.core.tests/release_linux-x64/haven.core.tests.dll" id="cd7349b1-e1d3-1164-3907-891cbed36ad7">
      <Execution id="4a075561-b538-4c3c-86cb-1346a9c28df5" />
      <TestMethod codeBase="/home/runner/work/9to1/9to1/artifacts/root14-managed-build/bin/Haven.Core.Tests/release_linux-x64/Haven.Core.Tests.dll" adapterTypeName="executor://xunit/VsTestRunner3/netcore/" className="Haven.Core.Tests.CanvasDurableHistoryTests" name="Corrupt_unknown_or_cross_document_history_is_rejected_without_reinterpreting" />
    </UnitTest>
    <UnitTest name="Haven.Core.Tests.CanvasDurableHistoryTests.Corrupt_unknown_or_cross_document_history_is_rejected_without_reinterpreting(corruption: &quot;foreign-snapshot&quot;)" storage="/home/runner/work/9to1/9to1/artifacts/root14-managed-build/bin/haven.core.tests/release_linux-x64/haven.core.tests.dll" id="e28ca643-f0d7-7c62-fd2e-9cdea01e72e5">
      <Execution id="fb9c2ac9-2abc-4053-a4bc-5ba272ee58d4" />
      <TestMethod codeBase="/home/runner/work/9to1/9to1/artifacts/root14-managed-build/bin/Haven.Core.Tests/release_linux-x64/Haven.Core.Tests.dll" adapterTypeName="executor://xunit/VsTestRunner3/netcore/" className="Haven.Core.Tests.CanvasDurableHistoryTests" name="Corrupt_unknown_or_cross_document_history_is_rejected_without_reinterpreting" />
    </UnitTest>
    <UnitTest name="Haven.Core.Tests.CanvasDurableHistoryTests.Corrupt_unknown_or_cross_document_history_is_rejected_without_reinterpreting(corruption: &quot;schema&quot;)" storage="/home/runner/work/9to1/9to1/artifacts/root14-managed-build/bin/haven.core.tests/release_linux-x64/haven.core.tests.dll" id="01916f2b-1ca1-ef94-1b3c-1aa4e0923bd1">
      <Execution id="c9df3d7b-2783-477a-a0e3-9b25a2039a6b" />
      <TestMethod codeBase="/home/runner/work/9to1/9to1/artifacts/root14-managed-build/bin/Haven.Core.Tests/release_linux-x64/Haven.Core.Tests.dll" adapterTypeName="executor://xunit/VsTestRunner3/netcore/" className="Haven.Core.Tests.CanvasDurableHistoryTests" name="Corrupt_unknown_or_cross_document_history_is_rejected_without_reinterpreting" />
    </UnitTest>
    <UnitTest name="Haven.Core.Tests.DataJunctionTableDesignTests.Composite_junction_preserves_sources_and_enforces_both_foreign_keys_and_unique_associations" storage="/home/runner/work/9to1/9to1/artifacts/root14-managed-build/bin/haven.core.tests/release_linux-x64/haven.core.tests.dll" id="33eb4c00-c0c4-1e5a-5526-0bd7ac1bb0fe">
      <Execution id="df91c170-3117-4c38-9e97-992eed4037e0" />
      <TestMethod codeBase="/home/runner/work/9to1/9to1/artifacts/root14-managed-build/bin/Haven.Core.Tests/release_linux-x64/Haven.Core.Tests.dll" adapterTypeName="executor://xunit/VsTestRunner3/netcore/" className="Haven.Core.Tests.DataJunctionTableDesignTests" name="Composite_junction_preserves_sources_and_enforces_both_foreign_keys_and_unique_associations" />
    </UnitTest>
    <UnitTest name="Haven.Core.Tests.CanvasDurableHistoryTests.Canonical_codec_reopen_preserves_undo_and_redo_with_new_revision" storage="/home/runner/work/9to1/9to1/artifacts/root14-managed-build/bin/haven.core.tests/release_linux-x64/haven.core.tests.dll" id="d517ae1d-d8db-8339-6011-28b11b48d01d">
      <Execution id="919c84fb-783a-455d-8bb4-36e61b72b8c0" />
      <TestMethod codeBase="/home/runner/work/9to1/9to1/artifacts/root14-managed-build/bin/Haven.Core.Tests/release_linux-x64/Haven.Core.Tests.dll" adapterTypeName="executor://xunit/VsTestRunner3/netcore/" className="Haven.Core.Tests.CanvasDurableHistoryTests" name="Canonical_codec_reopen_preserves_undo_and_redo_with_new_revision" />
    </UnitTest>
  </TestDefinitions>
  <TestEntries>
    <TestEntry testId="8205a98f-c893-0431-21f4-e26d89d07a23" executionId="acf13c36-a4b9-48a7-afe4-ea65b20f4571" testListId="8c84fa94-04c1-424b-9868-57a2d4851a1d" />
    <TestEntry testId="d517ae1d-d8db-8339-6011-28b11b48d01d" executionId="919c84fb-783a-455d-8bb4-36e61b72b8c0" testListId="8c84fa94-04c1-424b-9868-57a2d4851a1d" />
    <TestEntry testId="b45e3753-7833-4216-4226-3f1ab6df2693" executionId="47ec01a0-42c9-42a1-95b5-a34691bfaa18" testListId="8c84fa94-04c1-424b-9868-57a2d4851a1d" />
    <TestEntry testId="33eb4c00-c0c4-1e5a-5526-0bd7ac1bb0fe" executionId="df91c170-3117-4c38-9e97-992eed4037e0" testListId="8c84fa94-04c1-424b-9868-57a2d4851a1d" />
    <TestEntry testId="1d13a82e-cc6b-f7a5-8d8b-e4f069296bc6" executionId="67ca2d17-ea35-4082-a91b-08a5f5ed32ea" testListId="8c84fa94-04c1-424b-9868-57a2d4851a1d" />
    <TestEntry testId="01916f2b-1ca1-ef94-1b3c-1aa4e0923bd1" executionId="c9df3d7b-2783-477a-a0e3-9b25a2039a6b" testListId="8c84fa94-04c1-424b-9868-57a2d4851a1d" />
    <TestEntry testId="68f0c810-95c6-b1e2-2239-9e71fb4634ea" executionId="d79a7b3a-340d-444b-a103-ecfbfc09a567" testListId="8c84fa94-04c1-424b-9868-57a2d4851a1d" />
    <TestEntry testId="cd7349b1-e1d3-1164-3907-891cbed36ad7" executionId="4a075561-b538-4c3c-86cb-1346a9c28df5" testListId="8c84fa94-04c1-424b-9868-57a2d4851a1d" />
    <TestEntry testId="5d2947df-fd93-04ce-991b-9603643ac538" executionId="1b9936d5-7828-4845-b020-836f9c50c702" testListId="8c84fa94-04c1-424b-9868-57a2d4851a1d" />
    <TestEntry testId="0d20d337-6669-18fa-11e7-f66c79d18ca8" executionId="79126d26-f995-49d8-9d4d-cfb0a9fe11e4" testListId="8c84fa94-04c1-424b-9868-57a2d4851a1d" />
    <TestEntry testId="fe9697b0-f5e7-097f-3168-aefdb9e98d3c" executionId="fabfc927-4c2d-4add-a93c-434a741c35c2" testListId="8c84fa94-04c1-424b-9868-57a2d4851a1d" />
    <TestEntry testId="f03ba631-da1a-5f78-4747-f810d8319437" executionId="6c21ad81-7300-4af5-a8ac-b5059432d87f" testListId="8c84fa94-04c1-424b-9868-57a2d4851a1d" />
    <TestEntry testId="e28ca643-f0d7-7c62-fd2e-9cdea01e72e5" executionId="fb9c2ac9-2abc-4053-a4bc-5ba272ee58d4" testListId="8c84fa94-04c1-424b-9868-57a2d4851a1d" />
  </TestEntries>
  <TestLists>
    <TestList name="Results Not in a List" id="8c84fa94-04c1-424b-9868-57a2d4851a1d" />
    <TestList name="All Loaded Results" id="19431567-8539-422a-85d7-44ee4e166bda" />
  </TestLists>
  <ResultSummary outcome="Completed">
    <Counters total="13" executed="13" passed="13" failed="0" error="0" timeout="0" aborted="0" inconclusive="0" passedButRunAborted="0" notRunnable="0" notExecuted="0" disconnected="0" warning="0" completed="0" inProgress="0" pending="0" />
    <Output>
      <StdOut>[xUnit.net 00:00:00.00] xUnit.net VSTest Adapter v3.1.5+1b188a7b0a (64-bit .NET 10.0.12)
[xUnit.net 00:00:00.09]   Discovering: Haven.Core.Tests
[xUnit.net 00:00:00.22]   Discovered:  Haven.Core.Tests
[xUnit.net 00:00:00.24]   Starting:    Haven.Core.Tests
[xUnit.net 00:00:00.77]   Finished:    Haven.Core.Tests
</StdOut>
    </Output>
  </ResultSummary>
</TestRun>