2
bwrap//&unpriv_bwrap (enforce)
Name:	sh
Umask:	0022
State:	S (sleeping)
Tgid:	2
Ngid:	0
Pid:	2
PPid:	1
TracerPid:	0
Uid:	1001	1001	1001	1001
Gid:	1001	1001	1001	1001
FDSize:	64
Groups:	65534 65534 65534 65534 1001 
NStgid:	2
NSpid:	2
NSpgid:	0
NSsid:	0
Kthread:	0
VmPeak:	    2816 kB
VmSize:	    2816 kB
VmLck:	       0 kB
VmPin:	       0 kB
VmHWM:	    1988 kB
VmRSS:	    1988 kB
RssAnon:	     116 kB
RssFile:	    1872 kB
RssShmem:	       0 kB
VmData:	     232 kB
VmStk:	     136 kB
VmExe:	      84 kB
VmLib:	    1752 kB
VmPTE:	      44 kB
VmSwap:	       0 kB
HugetlbPages:	       0 kB
CoreDumping:	0
THP_enabled:	1
untag_mask:	0xffffffffffffffff
Threads:	1
SigQ:	0/63838
SigPnd:	0000000000000000
ShdPnd:	0000000000000000
SigBlk:	0000000000000000
SigIgn:	0000000000000000
SigCgt:	0000000000010002
CapInh:	0000000000000000
CapPrm:	0000000000000000
CapEff:	0000000000000000
CapBnd:	0000000000000000
CapAmb:	0000000000000000
NoNewPrivs:	1
Seccomp:	0
Seccomp_filters:	0
Speculation_Store_Bypass:	vulnerable
SpeculationIndirectBranch:	always enabled
Cpus_allowed:	f
Cpus_allowed_list:	0-3
Mems_allowed:	00000000,00000000,00000000,00000000,00000000,00000000,00000000,00000000,00000000,00000000,00000000,00000000,00000000,00000000,00000000,00000000,00000000,00000000,00000000,00000000,00000000,00000000,00000000,00000000,00000000,00000000,00000000,00000000,00000000,00000000,00000000,00000001
Mems_allowed_list:	0
voluntary_ctxt_switches:	4
nonvoluntary_ctxt_switches:	0
x86_Thread_features:	
x86_Thread_features_locked:	
