{
  "Properties": {
    "TargetPath": "/workspace/team-c-resume-evidence/c4-public-mail-pr8-review/ordinary-mail72-infra444-1c78-attempt03/infrastructure444/artifacts/bin/Haven.Browser/release_linux-x64/Haven.Browser.dll",
    "TargetDir": "/workspace/team-c-resume-evidence/c4-public-mail-pr8-review/ordinary-mail72-infra444-1c78-attempt03/infrastructure444/artifacts/bin/Haven.Browser/release_linux-x64/",
    "TargetFramework": "net10.0",
    "RuntimeIdentifier": "linux-x64",
    "IsTestProject": ""
  },
  "Items": {
    "Compile": [
      {
        "Identity": "Automation/BrowserAutomationCoordinator.cs",
        "FullPath": "/workspace/team-c-c4-public-mail-nine-provisional/9to1 Workspace/shared/src/Haven.Browser/Automation/BrowserAutomationCoordinator.cs",
        "RootDir": "/",
        "Filename": "BrowserAutomationCoordinator",
        "Extension": ".cs",
        "RelativeDir": "Automation/",
        "Directory": "workspace/team-c-c4-public-mail-nine-provisional/9to1 Workspace/shared/src/Haven.Browser/Automation/",
        "RecursiveDir": "Automation/",
        "ModifiedTime": "",
        "CreatedTime": "",
        "AccessedTime": "",
        "DefiningProjectFullPath": "/workspace/.tools/dotnet/sdk/10.0.401/Sdks/Microsoft.NET.Sdk/targets/Microsoft.NET.Sdk.DefaultItems.props",
        "DefiningProjectDirectory": "/workspace/.tools/dotnet/sdk/10.0.401/Sdks/Microsoft.NET.Sdk/targets/",
        "DefiningProjectName": "Microsoft.NET.Sdk.DefaultItems",
        "DefiningProjectExtension": ".props"
      },
      {
        "Identity": "Automation/BrowserNativeDownloadAutomationService.cs",
        "FullPath": "/workspace/team-c-c4-public-mail-nine-provisional/9to1 Workspace/shared/src/Haven.Browser/Automation/BrowserNativeDownloadAutomationService.cs",
        "RootDir": "/",
        "Filename": "BrowserNativeDownloadAutomationService",
        "Extension": ".cs",
        "RelativeDir": "Automation/",
        "Directory": "workspace/team-c-c4-public-mail-nine-provisional/9to1 Workspace/shared/src/Haven.Browser/Automation/",
        "RecursiveDir": "Automation/",
        "ModifiedTime": "",
        "CreatedTime": "",
        "AccessedTime": "",
        "DefiningProjectFullPath": "/workspace/.tools/dotnet/sdk/10.0.401/Sdks/Microsoft.NET.Sdk/targets/Microsoft.NET.Sdk.DefaultItems.props",
        "DefiningProjectDirectory": "/workspace/.tools/dotnet/sdk/10.0.401/Sdks/Microsoft.NET.Sdk/targets/",
        "DefiningProjectName": "Microsoft.NET.Sdk.DefaultItems",
        "DefiningProjectExtension": ".props"
      },
      {
        "Identity": "Automation/SafeModeBrowserAutomationService.cs",
        "FullPath": "/workspace/team-c-c4-public-mail-nine-provisional/9to1 Workspace/shared/src/Haven.Browser/Automation/SafeModeBrowserAutomationService.cs",
        "RootDir": "/",
        "Filename": "SafeModeBrowserAutomationService",
        "Extension": ".cs",
        "RelativeDir": "Automation/",
        "Directory": "workspace/team-c-c4-public-mail-nine-provisional/9to1 Workspace/shared/src/Haven.Browser/Automation/",
        "RecursiveDir": "Automation/",
        "ModifiedTime": "",
        "CreatedTime": "",
        "AccessedTime": "",
        "DefiningProjectFullPath": "/workspace/.tools/dotnet/sdk/10.0.401/Sdks/Microsoft.NET.Sdk/targets/Microsoft.NET.Sdk.DefaultItems.props",
        "DefiningProjectDirectory": "/workspace/.tools/dotnet/sdk/10.0.401/Sdks/Microsoft.NET.Sdk/targets/",
        "DefiningProjectName": "Microsoft.NET.Sdk.DefaultItems",
        "DefiningProjectExtension": ".props"
      },
      {
        "Identity": "Data/BrowserAutomationStore.cs",
        "FullPath": "/workspace/team-c-c4-public-mail-nine-provisional/9to1 Workspace/shared/src/Haven.Browser/Data/BrowserAutomationStore.cs",
        "RootDir": "/",
        "Filename": "BrowserAutomationStore",
        "Extension": ".cs",
        "RelativeDir": "Data/",
        "Directory": "workspace/team-c-c4-public-mail-nine-provisional/9to1 Workspace/shared/src/Haven.Browser/Data/",
        "RecursiveDir": "Data/",
        "ModifiedTime": "",
        "CreatedTime": "",
        "AccessedTime": "",
        "DefiningProjectFullPath": "/workspace/.tools/dotnet/sdk/10.0.401/Sdks/Microsoft.NET.Sdk/targets/Microsoft.NET.Sdk.DefaultItems.props",
        "DefiningProjectDirectory": "/workspace/.tools/dotnet/sdk/10.0.401/Sdks/Microsoft.NET.Sdk/targets/",
        "DefiningProjectName": "Microsoft.NET.Sdk.DefaultItems",
        "DefiningProjectExtension": ".props"
      },
      {
        "Identity": "Data/BrowserDataService.cs",
        "FullPath": "/workspace/team-c-c4-public-mail-nine-provisional/9to1 Workspace/shared/src/Haven.Browser/Data/BrowserDataService.cs",
        "RootDir": "/",
        "Filename": "BrowserDataService",
        "Extension": ".cs",
        "RelativeDir": "Data/",
        "Directory": "workspace/team-c-c4-public-mail-nine-provisional/9to1 Workspace/shared/src/Haven.Browser/Data/",
        "RecursiveDir": "Data/",
        "ModifiedTime": "",
        "CreatedTime": "",
        "AccessedTime": "",
        "DefiningProjectFullPath": "/workspace/.tools/dotnet/sdk/10.0.401/Sdks/Microsoft.NET.Sdk/targets/Microsoft.NET.Sdk.DefaultItems.props",
        "DefiningProjectDirectory": "/workspace/.tools/dotnet/sdk/10.0.401/Sdks/Microsoft.NET.Sdk/targets/",
        "DefiningProjectName": "Microsoft.NET.Sdk.DefaultItems",
        "DefiningProjectExtension": ".props"
      },
      {
        "Identity": "Data/BrowserSitePermissionStore.cs",
        "FullPath": "/workspace/team-c-c4-public-mail-nine-provisional/9to1 Workspace/shared/src/Haven.Browser/Data/BrowserSitePermissionStore.cs",
        "RootDir": "/",
        "Filename": "BrowserSitePermissionStore",
        "Extension": ".cs",
        "RelativeDir": "Data/",
        "Directory": "workspace/team-c-c4-public-mail-nine-provisional/9to1 Workspace/shared/src/Haven.Browser/Data/",
        "RecursiveDir": "Data/",
        "ModifiedTime": "",
        "CreatedTime": "",
        "AccessedTime": "",
        "DefiningProjectFullPath": "/workspace/.tools/dotnet/sdk/10.0.401/Sdks/Microsoft.NET.Sdk/targets/Microsoft.NET.Sdk.DefaultItems.props",
        "DefiningProjectDirectory": "/workspace/.tools/dotnet/sdk/10.0.401/Sdks/Microsoft.NET.Sdk/targets/",
        "DefiningProjectName": "Microsoft.NET.Sdk.DefaultItems",
        "DefiningProjectExtension": ".props"
      },
      {
        "Identity": "Data/BrowserSitePermissionStoreProvider.cs",
        "FullPath": "/workspace/team-c-c4-public-mail-nine-provisional/9to1 Workspace/shared/src/Haven.Browser/Data/BrowserSitePermissionStoreProvider.cs",
        "RootDir": "/",
        "Filename": "BrowserSitePermissionStoreProvider",
        "Extension": ".cs",
        "RelativeDir": "Data/",
        "Directory": "workspace/team-c-c4-public-mail-nine-provisional/9to1 Workspace/shared/src/Haven.Browser/Data/",
        "RecursiveDir": "Data/",
        "ModifiedTime": "",
        "CreatedTime": "",
        "AccessedTime": "",
        "DefiningProjectFullPath": "/workspace/.tools/dotnet/sdk/10.0.401/Sdks/Microsoft.NET.Sdk/targets/Microsoft.NET.Sdk.DefaultItems.props",
        "DefiningProjectDirectory": "/workspace/.tools/dotnet/sdk/10.0.401/Sdks/Microsoft.NET.Sdk/targets/",
        "DefiningProjectName": "Microsoft.NET.Sdk.DefaultItems",
        "DefiningProjectExtension": ".props"
      },
      {
        "Identity": "Policy/BrowserDownloadFilePolicy.cs",
        "FullPath": "/workspace/team-c-c4-public-mail-nine-provisional/9to1 Workspace/shared/src/Haven.Browser/Policy/BrowserDownloadFilePolicy.cs",
        "RootDir": "/",
        "Filename": "BrowserDownloadFilePolicy",
        "Extension": ".cs",
        "RelativeDir": "Policy/",
        "Directory": "workspace/team-c-c4-public-mail-nine-provisional/9to1 Workspace/shared/src/Haven.Browser/Policy/",
        "RecursiveDir": "Policy/",
        "ModifiedTime": "",
        "CreatedTime": "",
        "AccessedTime": "",
        "DefiningProjectFullPath": "/workspace/.tools/dotnet/sdk/10.0.401/Sdks/Microsoft.NET.Sdk/targets/Microsoft.NET.Sdk.DefaultItems.props",
        "DefiningProjectDirectory": "/workspace/.tools/dotnet/sdk/10.0.401/Sdks/Microsoft.NET.Sdk/targets/",
        "DefiningProjectName": "Microsoft.NET.Sdk.DefaultItems",
        "DefiningProjectExtension": ".props"
      },
      {
        "Identity": "Policy/BrowserNativeRequestPolicy.cs",
        "FullPath": "/workspace/team-c-c4-public-mail-nine-provisional/9to1 Workspace/shared/src/Haven.Browser/Policy/BrowserNativeRequestPolicy.cs",
        "RootDir": "/",
        "Filename": "BrowserNativeRequestPolicy",
        "Extension": ".cs",
        "RelativeDir": "Policy/",
        "Directory": "workspace/team-c-c4-public-mail-nine-provisional/9to1 Workspace/shared/src/Haven.Browser/Policy/",
        "RecursiveDir": "Policy/",
        "ModifiedTime": "",
        "CreatedTime": "",
        "AccessedTime": "",
        "DefiningProjectFullPath": "/workspace/.tools/dotnet/sdk/10.0.401/Sdks/Microsoft.NET.Sdk/targets/Microsoft.NET.Sdk.DefaultItems.props",
        "DefiningProjectDirectory": "/workspace/.tools/dotnet/sdk/10.0.401/Sdks/Microsoft.NET.Sdk/targets/",
        "DefiningProjectName": "Microsoft.NET.Sdk.DefaultItems",
        "DefiningProjectExtension": ".props"
      },
      {
        "Identity": "Policy/BrowserNavigationPolicy.cs",
        "FullPath": "/workspace/team-c-c4-public-mail-nine-provisional/9to1 Workspace/shared/src/Haven.Browser/Policy/BrowserNavigationPolicy.cs",
        "RootDir": "/",
        "Filename": "BrowserNavigationPolicy",
        "Extension": ".cs",
        "RelativeDir": "Policy/",
        "Directory": "workspace/team-c-c4-public-mail-nine-provisional/9to1 Workspace/shared/src/Haven.Browser/Policy/",
        "RecursiveDir": "Policy/",
        "ModifiedTime": "",
        "CreatedTime": "",
        "AccessedTime": "",
        "DefiningProjectFullPath": "/workspace/.tools/dotnet/sdk/10.0.401/Sdks/Microsoft.NET.Sdk/targets/Microsoft.NET.Sdk.DefaultItems.props",
        "DefiningProjectDirectory": "/workspace/.tools/dotnet/sdk/10.0.401/Sdks/Microsoft.NET.Sdk/targets/",
        "DefiningProjectName": "Microsoft.NET.Sdk.DefaultItems",
        "DefiningProjectExtension": ".props"
      },
      {
        "Identity": "Policy/BrowserPinnedHttpTransport.cs",
        "FullPath": "/workspace/team-c-c4-public-mail-nine-provisional/9to1 Workspace/shared/src/Haven.Browser/Policy/BrowserPinnedHttpTransport.cs",
        "RootDir": "/",
        "Filename": "BrowserPinnedHttpTransport",
        "Extension": ".cs",
        "RelativeDir": "Policy/",
        "Directory": "workspace/team-c-c4-public-mail-nine-provisional/9to1 Workspace/shared/src/Haven.Browser/Policy/",
        "RecursiveDir": "Policy/",
        "ModifiedTime": "",
        "CreatedTime": "",
        "AccessedTime": "",
        "DefiningProjectFullPath": "/workspace/.tools/dotnet/sdk/10.0.401/Sdks/Microsoft.NET.Sdk/targets/Microsoft.NET.Sdk.DefaultItems.props",
        "DefiningProjectDirectory": "/workspace/.tools/dotnet/sdk/10.0.401/Sdks/Microsoft.NET.Sdk/targets/",
        "DefiningProjectName": "Microsoft.NET.Sdk.DefaultItems",
        "DefiningProjectExtension": ".props"
      },
      {
        "Identity": "Policy/BrowserShortcutPolicy.cs",
        "FullPath": "/workspace/team-c-c4-public-mail-nine-provisional/9to1 Workspace/shared/src/Haven.Browser/Policy/BrowserShortcutPolicy.cs",
        "RootDir": "/",
        "Filename": "BrowserShortcutPolicy",
        "Extension": ".cs",
        "RelativeDir": "Policy/",
        "Directory": "workspace/team-c-c4-public-mail-nine-provisional/9to1 Workspace/shared/src/Haven.Browser/Policy/",
        "RecursiveDir": "Policy/",
        "ModifiedTime": "",
        "CreatedTime": "",
        "AccessedTime": "",
        "DefiningProjectFullPath": "/workspace/.tools/dotnet/sdk/10.0.401/Sdks/Microsoft.NET.Sdk/targets/Microsoft.NET.Sdk.DefaultItems.props",
        "DefiningProjectDirectory": "/workspace/.tools/dotnet/sdk/10.0.401/Sdks/Microsoft.NET.Sdk/targets/",
        "DefiningProjectName": "Microsoft.NET.Sdk.DefaultItems",
        "DefiningProjectExtension": ".props"
      },
      {
        "Identity": "Security/BrowserDownloadTransport.cs",
        "FullPath": "/workspace/team-c-c4-public-mail-nine-provisional/9to1 Workspace/shared/src/Haven.Browser/Security/BrowserDownloadTransport.cs",
        "RootDir": "/",
        "Filename": "BrowserDownloadTransport",
        "Extension": ".cs",
        "RelativeDir": "Security/",
        "Directory": "workspace/team-c-c4-public-mail-nine-provisional/9to1 Workspace/shared/src/Haven.Browser/Security/",
        "RecursiveDir": "Security/",
        "ModifiedTime": "",
        "CreatedTime": "",
        "AccessedTime": "",
        "DefiningProjectFullPath": "/workspace/.tools/dotnet/sdk/10.0.401/Sdks/Microsoft.NET.Sdk/targets/Microsoft.NET.Sdk.DefaultItems.props",
        "DefiningProjectDirectory": "/workspace/.tools/dotnet/sdk/10.0.401/Sdks/Microsoft.NET.Sdk/targets/",
        "DefiningProjectName": "Microsoft.NET.Sdk.DefaultItems",
        "DefiningProjectExtension": ".props"
      },
      {
        "Identity": "Security/BrowserPrivateProfileManager.cs",
        "FullPath": "/workspace/team-c-c4-public-mail-nine-provisional/9to1 Workspace/shared/src/Haven.Browser/Security/BrowserPrivateProfileManager.cs",
        "RootDir": "/",
        "Filename": "BrowserPrivateProfileManager",
        "Extension": ".cs",
        "RelativeDir": "Security/",
        "Directory": "workspace/team-c-c4-public-mail-nine-provisional/9to1 Workspace/shared/src/Haven.Browser/Security/",
        "RecursiveDir": "Security/",
        "ModifiedTime": "",
        "CreatedTime": "",
        "AccessedTime": "",
        "DefiningProjectFullPath": "/workspace/.tools/dotnet/sdk/10.0.401/Sdks/Microsoft.NET.Sdk/targets/Microsoft.NET.Sdk.DefaultItems.props",
        "DefiningProjectDirectory": "/workspace/.tools/dotnet/sdk/10.0.401/Sdks/Microsoft.NET.Sdk/targets/",
        "DefiningProjectName": "Microsoft.NET.Sdk.DefaultItems",
        "DefiningProjectExtension": ".props"
      },
      {
        "Identity": "Security/BrowserRecoveryLimiter.cs",
        "FullPath": "/workspace/team-c-c4-public-mail-nine-provisional/9to1 Workspace/shared/src/Haven.Browser/Security/BrowserRecoveryLimiter.cs",
        "RootDir": "/",
        "Filename": "BrowserRecoveryLimiter",
        "Extension": ".cs",
        "RelativeDir": "Security/",
        "Directory": "workspace/team-c-c4-public-mail-nine-provisional/9to1 Workspace/shared/src/Haven.Browser/Security/",
        "RecursiveDir": "Security/",
        "ModifiedTime": "",
        "CreatedTime": "",
        "AccessedTime": "",
        "DefiningProjectFullPath": "/workspace/.tools/dotnet/sdk/10.0.401/Sdks/Microsoft.NET.Sdk/targets/Microsoft.NET.Sdk.DefaultItems.props",
        "DefiningProjectDirectory": "/workspace/.tools/dotnet/sdk/10.0.401/Sdks/Microsoft.NET.Sdk/targets/",
        "DefiningProjectName": "Microsoft.NET.Sdk.DefaultItems",
        "DefiningProjectExtension": ".props"
      },
      {
        "Identity": "Session/BrowserBackgroundPageLoader.cs",
        "FullPath": "/workspace/team-c-c4-public-mail-nine-provisional/9to1 Workspace/shared/src/Haven.Browser/Session/BrowserBackgroundPageLoader.cs",
        "RootDir": "/",
        "Filename": "BrowserBackgroundPageLoader",
        "Extension": ".cs",
        "RelativeDir": "Session/",
        "Directory": "workspace/team-c-c4-public-mail-nine-provisional/9to1 Workspace/shared/src/Haven.Browser/Session/",
        "RecursiveDir": "Session/",
        "ModifiedTime": "",
        "CreatedTime": "",
        "AccessedTime": "",
        "DefiningProjectFullPath": "/workspace/.tools/dotnet/sdk/10.0.401/Sdks/Microsoft.NET.Sdk/targets/Microsoft.NET.Sdk.DefaultItems.props",
        "DefiningProjectDirectory": "/workspace/.tools/dotnet/sdk/10.0.401/Sdks/Microsoft.NET.Sdk/targets/",
        "DefiningProjectName": "Microsoft.NET.Sdk.DefaultItems",
        "DefiningProjectExtension": ".props"
      },
      {
        "Identity": "Session/BrowserSessionService.cs",
        "FullPath": "/workspace/team-c-c4-public-mail-nine-provisional/9to1 Workspace/shared/src/Haven.Browser/Session/BrowserSessionService.cs",
        "RootDir": "/",
        "Filename": "BrowserSessionService",
        "Extension": ".cs",
        "RelativeDir": "Session/",
        "Directory": "workspace/team-c-c4-public-mail-nine-provisional/9to1 Workspace/shared/src/Haven.Browser/Session/",
        "RecursiveDir": "Session/",
        "ModifiedTime": "",
        "CreatedTime": "",
        "AccessedTime": "",
        "DefiningProjectFullPath": "/workspace/.tools/dotnet/sdk/10.0.401/Sdks/Microsoft.NET.Sdk/targets/Microsoft.NET.Sdk.DefaultItems.props",
        "DefiningProjectDirectory": "/workspace/.tools/dotnet/sdk/10.0.401/Sdks/Microsoft.NET.Sdk/targets/",
        "DefiningProjectName": "Microsoft.NET.Sdk.DefaultItems",
        "DefiningProjectExtension": ".props"
      }
    ],
    "EmbeddedResource": [],
    "Content": [],
    "AdditionalFiles": []
  }
}
