{
  "Properties": {
    "TargetPath": "/workspace/team-c-resume-evidence/c4-public-mail-pr8-review/ordinary-mail72-infra444-1c78-attempt03/infrastructure444/artifacts/bin/Haven.PluginFixture/release_linux-x64/Haven.PluginFixture.dll",
    "TargetDir": "/workspace/team-c-resume-evidence/c4-public-mail-pr8-review/ordinary-mail72-infra444-1c78-attempt03/infrastructure444/artifacts/bin/Haven.PluginFixture/release_linux-x64/",
    "TargetFramework": "net10.0",
    "RuntimeIdentifier": "linux-x64",
    "IsTestProject": ""
  },
  "Items": {
    "Compile": [
      {
        "Identity": "Program.cs",
        "FullPath": "/workspace/team-c-c4-public-mail-nine-provisional/9to1 Workspace/shared/tests/Haven.PluginFixture/Program.cs",
        "RootDir": "/",
        "Filename": "Program",
        "Extension": ".cs",
        "RelativeDir": "",
        "Directory": "workspace/team-c-c4-public-mail-nine-provisional/9to1 Workspace/shared/tests/Haven.PluginFixture/",
        "RecursiveDir": "",
        "ModifiedTime": "",
        "CreatedTime": "",
        "AccessedTime": "",
        "DefiningProjectFullPath": "/workspace/.tools/dotnet/sdk/10.0.401/Sdks/Microsoft.NET.Sdk/targets/Microsoft.NET.Sdk.DefaultItems.props",
        "DefiningProjectDirectory": "/workspace/.tools/dotnet/sdk/10.0.401/Sdks/Microsoft.NET.Sdk/targets/",
        "DefiningProjectName": "Microsoft.NET.Sdk.DefaultItems",
        "DefiningProjectExtension": ".props"
      }
    ],
    "EmbeddedResource": [],
    "Content": [],
    "AdditionalFiles": []
  }
}
