file:///workspace/team-c/c3-billing-hosted/cloud/billing/test/run-workerd.mjs:49
if(primary||cleanup)throw new AggregateError([primary,cleanup].filter(Boolean),`Billing fixture refused; evidence retained ${dir}`);
                          ^

AggregateError: Billing fixture refused; evidence retained /workspace/team-c/evidence/c3/billing-workerd-wrAALY
    at file:///workspace/team-c/c3-billing-hosted/cloud/billing/test/run-workerd.mjs:49:27
    at process.processTicksAndRejections (node:internal/process/task_queues:104:5) {
  [errors]: [
    AssertionError [ERR_ASSERTION]: Expected values to be strictly equal:
    
    false !== true
    
        at file:///workspace/team-c/c3-billing-hosted/cloud/billing/test/run-workerd.mjs:36:9
        at process.processTicksAndRejections (node:internal/process/task_queues:104:5) {
      generatedMessage: true,
      code: 'ERR_ASSERTION',
      actual: false,
      expected: true,
      operator: 'strictEqual',
      diff: 'simple'
    }
  ]
}

Node.js v24.19.0
