file:///workspace/team-c/c3-billing-hosted/cloud/billing/test/run-workerd.mjs:51
if(primary||cleanup||recording.length)throw new AggregateError([primary,cleanup,...recording].filter(Boolean),`Billing fixture refused; evidence retained ${dir}`);
                                            ^

AggregateError: Billing fixture refused; evidence retained /workspace/team-c/evidence/c3/billing-workerd-eR2X7W
    at file:///workspace/team-c/c3-billing-hosted/cloud/billing/test/run-workerd.mjs:51:45
    at process.processTicksAndRejections (node:internal/process/task_queues:104:5) {
  [errors]: [
    AssertionError [ERR_ASSERTION]: Expected values to be strictly equal:
    
    false !== true
    
        at file:///workspace/team-c/c3-billing-hosted/cloud/billing/test/run-workerd.mjs:36:9
        at process.processTicksAndRejections (node:internal/process/task_queues:104:5) {
      generatedMessage: true,
      code: 'ERR_ASSERTION',
      actual: false,
      expected: true,
      operator: 'strictEqual',
      diff: 'simple'
    }
  ]
}

Node.js v24.19.0
