✔ explicit verified identities produce numeric Worker bindings without secret values (1.374139ms)
✔ missing, extra, placeholder, invalid mode and unbounded inputs refuse preparation (0.511404ms)
✔ C3-WH-01: verified receipt survives restart; replay does not duplicate receipt (no allocation consumer exists) (36.019659ms)
✔ C3-WH-02: byte tampering, stale/future signatures and duplicate timestamps cannot persist (3.366774ms)
✔ C3-WH-03: rotation accepts a matching v1 without JSON normalisation (1.484567ms)
✔ C3-WH-04: test/live separation fails closed, configuration required (1.877541ms)
✔ C3-WH-05: conflicting event identity cannot replace durable accepted facts (1.733222ms)
✔ C3-WH-06: database failure does not acknowledge delivery; retry recovers (2.296445ms)
✔ C3-WH-07: old events are receipts only and cannot overwrite newer subscription facts (2.780487ms)
✔ C3-WH-08: bounded body and malformed verified events leave no receipt (2.839716ms)
✔ C3-WH-09: concurrent claims have one owner; stale claim cannot complete after restart/recovery (3.560758ms)
✔ C3-WH-10: failed consumer becomes reconciliation-required, mode/token cannot steal ownership (1.957462ms)
✔ C3-WH-11: actual Worker fetch ignores execution context and durably accepts valid receipt (1.865913ms)
✔ C3-WH-12: lost acknowledgement after commit is safely retried against existing receipt (1.847084ms)
ℹ tests 14
ℹ suites 0
ℹ pass 14
ℹ fail 0
ℹ cancelled 0
ℹ skipped 0
ℹ todo 0
ℹ duration_ms 122.095882
