✔ explicit verified identities produce numeric Worker bindings without secret values (1.441101ms)
✔ missing, extra, placeholder, invalid mode and unbounded inputs refuse preparation (0.503722ms)
✔ C3-WH-01: verified receipt survives restart; replay does not duplicate receipt (no allocation consumer exists) (41.899321ms)
✔ C3-WH-02: byte tampering, stale/future signatures and duplicate timestamps cannot persist (3.52928ms)
✔ C3-WH-03: rotation accepts a matching v1 without JSON normalisation (1.550446ms)
✔ C3-WH-04: test/live separation fails closed, configuration required (2.027117ms)
✔ C3-WH-05: conflicting event identity cannot replace durable accepted facts (1.897651ms)
✔ C3-WH-06: database failure does not acknowledge delivery; retry recovers (2.486922ms)
✔ C3-WH-07: old events are receipts only and cannot overwrite newer subscription facts (2.809901ms)
✔ C3-WH-08: bounded body and malformed verified events leave no receipt (2.750161ms)
✔ C3-WH-09: concurrent claims have one owner; stale claim cannot complete after restart/recovery (4.244793ms)
✔ C3-WH-10: failed consumer becomes reconciliation-required, mode/token cannot steal ownership (2.382345ms)
✔ C3-WH-11: actual Worker fetch ignores execution context and durably accepts valid receipt (2.096122ms)
✔ C3-WH-12: lost acknowledgement after commit is safely retried against existing receipt (1.824751ms)
ℹ tests 14
ℹ suites 0
ℹ pass 14
ℹ fail 0
ℹ cancelled 0
ℹ skipped 0
ℹ todo 0
ℹ duration_ms 127.614926
