file:///workspace/team-c/c3-billing-hosted/cloud/billing/test/recording-control.mjs:32
if(error)throw new AggregateError([error],`Recording control failed; originals ${evidence}`);
               ^

AggregateError: Recording control failed; originals /workspace/team-c/evidence/c3/billing-recording-control-QOiun4
    at file:///workspace/team-c/c3-billing-hosted/cloud/billing/test/recording-control.mjs:32:16
    at process.processTicksAndRejections (node:internal/process/task_queues:104:5) {
  [errors]: [
    AssertionError [ERR_ASSERTION]: No PASS marker may precede failed output persistence
    
    true !== false
    
        at file:///workspace/team-c/c3-billing-hosted/cloud/billing/test/recording-control.mjs:25:9
        at process.processTicksAndRejections (node:internal/process/task_queues:104:5) {
      generatedMessage: false,
      code: 'ERR_ASSERTION',
      actual: true,
      expected: false,
      operator: 'strictEqual',
      diff: 'simple'
    }
  ]
}

Node.js v24.19.0
