ASSERT actual packed font resolves original asset URI and matches exact owner bytes
ASSERT actual owning Write.cui parses
ASSERT actual registered owner surface lowers
ASSERT actual native templates render before querying editor descendants
ASSERT actual repository creates rendered document
ASSERT actual retained scene renders nonzero editor canvas
ASSERT original retained editor is attached without false platform claim
ASSERT actual routed text input mutates owner exactly once
ASSERT actual CUI bold button dispatches one owner mutation despite duplicate wiring attempt
ASSERT actual structured edit renders a captured frame
ASSERT real retained layout emits expected structured text segments
{"text":"Alpha ","width":47.040000000000006,"assignedHeight":23.625000000000004,"actualFormattedHeight":17.066}
ASSERT actual formatted run 'Alpha ' fits its assigned single line without spurious wrapping
{"text":"beta","width":31.360000000000003,"assignedHeight":23.625000000000004,"actualFormattedHeight":34.132}
Unhandled exception. System.InvalidOperationException: actual formatted run 'beta' fits its assigned single line without spurious wrapping
   at Program.<>c__DisplayClass0_1.<<Main>$>g__Check|1(Boolean passed, String name) in /workspace/team-b-astra-browser-validation/apps/Web/Write/Tests/SceneProgram.cs:line 32
   at Program.<>c__DisplayClass0_0.<<<Main>$>b__0>d.MoveNext() in /workspace/team-b-astra-browser-validation/apps/Web/Write/Tests/SceneProgram.cs:line 396
--- End of stack trace from previous location ---
   at Avalonia.Headless.HeadlessUnitTestSession.<>c__DisplayClass12_0`1.<DispatchCore>b__0() in /workspace/team-b-astra-browser-validation/framework/CUI/vendor/Avalonia/src/Headless/Avalonia.Headless/HeadlessUnitTestSession.cs:line 122
--- End of stack trace from previous location ---
   at Program.<Main>$(String[] args) in /workspace/team-b-astra-browser-validation/apps/Web/Write/Tests/SceneProgram.cs:line 27
   at Program.<Main>$(String[] args) in /workspace/team-b-astra-browser-validation/apps/Web/Write/Tests/SceneProgram.cs:line 452
   at Program.<Main>(String[] args)
