
Welcome to .NET 10.0!
---------------------
SDK Version: 10.0.401

----------------
Write your first app: https://aka.ms/dotnet-hello-world
Find out what's new: https://aka.ms/dotnet-whats-new
Explore documentation: https://aka.ms/dotnet-docs
Report issues and find source on GitHub: https://github.com/dotnet/core
Use 'dotnet --help' to see available commands or visit: https://aka.ms/dotnet-cli
--------------------------------------------------------------------------------------
  Determining projects to restore...
  Restored /workspace/team-c-c5-durable-cancel-provisional/framework/CUI/AI/NineToOne.Cui.AI.csproj (in 109 ms).
  Restored /workspace/team-c-c5-durable-cancel-provisional/framework/CUI/Core/CakeOS.Cui.Core.csproj (in 116 ms).
  Restored /workspace/team-c-c5-durable-cancel-provisional/9to1 Workspace/shared/src/Haven.Core/Haven.Core.csproj (in 109 ms).
  Restored /workspace/team-c-c5-durable-cancel-provisional/9to1 Workspace/Home/HavenOS.Home.csproj (in 5 ms).
  Restored /workspace/team-c-c5-durable-cancel-provisional/9to1 Workspace/shared/src/Haven.Application/Haven.Application.csproj (in 6 ms).
  Restored /workspace/team-c-c5-durable-cancel-provisional/framework/CUI/Language/CakeOS.Cui.Language.csproj (in 0.9 ms).
  Restored /workspace/team-c-c5-durable-cancel-provisional/9to1 Models/Dulche Alpha/Dulche.Runtime.csproj (in 2 ms).
  Restored /workspace/team-c-c5-durable-cancel-provisional/9to1 Models/Dulche Alpha/Den.csproj (in 1 ms).
  Restored /workspace/team-c-c5-durable-cancel-provisional/9to1 Workspace/shared/src/Haven.Infrastructure/Haven.Infrastructure.csproj (in 197 ms).
  Restored /workspace/team-c-c5-provisional-runtime/C5.DurableJob.Tests.csproj (in 40 ms).
  CakeOS.Cui.Language -> /workspace/team-c-c5-provisional-runtime/artifacts/bin/CakeOS.Cui.Language/debug/CakeOS.Cui.Language.dll
  Den -> /workspace/team-c-c5-provisional-runtime/artifacts/bin/Den/debug/Den.dll
  Haven.Core -> /workspace/team-c-c5-provisional-runtime/artifacts/bin/Haven.Core/debug/Haven.Core.dll
  CakeOS.Cui.Core -> /workspace/team-c-c5-provisional-runtime/artifacts/bin/CakeOS.Cui.Core/debug/CakeOS.Cui.Core.dll
  NineToOne.Cui.AI -> /workspace/team-c-c5-provisional-runtime/artifacts/bin/NineToOne.Cui.AI/debug/NineToOne.Cui.AI.dll
  Haven.Application -> /workspace/team-c-c5-provisional-runtime/artifacts/bin/Haven.Application/debug/Haven.Application.dll
  Dulche.Runtime -> /workspace/team-c-c5-provisional-runtime/artifacts/bin/Dulche.Runtime/debug/Dulche.Runtime.dll
  HavenOS.Home -> /workspace/team-c-c5-provisional-runtime/artifacts/bin/HavenOS.Home/debug/HavenOS.Home.dll
  Haven.Infrastructure -> /workspace/team-c-c5-provisional-runtime/artifacts/bin/Haven.Infrastructure/debug/Haven.Infrastructure.dll
  C5.DurableJob.Tests -> /workspace/team-c-c5-provisional-runtime/artifacts/bin/C5.DurableJob.Tests/debug/Haven.Infrastructure.Tests.dll
Test run for /workspace/team-c-c5-provisional-runtime/artifacts/bin/C5.DurableJob.Tests/debug/Haven.Infrastructure.Tests.dll (.NETCoreApp,Version=v10.0)
A total of 1 test files matched the specified pattern.
Results File: /workspace/team-c-c5-provisional-runtime/Debug/results/durable-cancel.trx

Passed!  - Failed:     0, Passed:    12, Skipped:     0, Total:    12, Duration: 840 ms - Haven.Infrastructure.Tests.dll (net10.0)
