PASS actual-files-dirty-refusal-save-close-canonical-reopen
PASS actual-files-held-init-fence-failure-awaits
PASS actual-sites-dirty-refusal-save-close-canonical-reopen
PASS actual-sites-held-init-fence-failure-awaits
PASS actual-files-populated-draft-clears-on-fence-failure
PASS actual-sites-populated-draft-clears-on-fence-failure
FAIL actual-files-reentrant-negative-owner-drain-issued-once: System.Exception: Reentrant disposal issued another owner drain instead of returning the published task.
   at Program.<<Main>$>g__Check|0_0(Boolean ok, String message) in /workspace/team-c-c5-b-pr6-receiving/apps/Web/Files/Tests/Lifecycle/Program.cs:line 36
   at Program.<<Main>$>g__FilesReentrantDrain|0_13(String root) in /workspace/team-c-c5-b-pr6-receiving/apps/Web/Files/Tests/Lifecycle/Program.cs:line 162
   at Program.<Main>$(String[] args) in /workspace/team-c-c5-b-pr6-receiving/apps/Web/Files/Tests/Lifecycle/Program.cs:line 30
FAIL actual-sites-reentrant-negative-owner-drain-issued-once: System.Exception: Reentrant Sites disposal issued another owner drain instead of returning the published task.
   at Program.<<Main>$>g__Check|0_0(Boolean ok, String message) in /workspace/team-c-c5-b-pr6-receiving/apps/Web/Files/Tests/Lifecycle/Program.cs:line 36
   at Program.<<Main>$>g__SitesReentrantDrain|0_14(String root) in /workspace/team-c-c5-b-pr6-receiving/apps/Web/Files/Tests/Lifecycle/Program.cs:line 177
   at Program.<Main>$(String[] args) in /workspace/team-c-c5-b-pr6-receiving/apps/Web/Files/Tests/Lifecycle/Program.cs:line 30
FAIL actual-files-held-preparation-opening-remains-issued: System.Exception: Drain completed while the actual outward opening's preparation continuation was still issued.
   at Program.<<Main>$>g__Check|0_0(Boolean ok, String message) in /workspace/team-c-c5-b-pr6-receiving/apps/Web/Files/Tests/Lifecycle/Program.cs:line 36
   at Program.<<Main>$>g__HeldPreparation|0_20(IHomeFeatureRouteHandler route, IBrowserPrivateContextParticipant participant, Func`1 issueCommand, Task entered, Action release) in /workspace/team-c-c5-b-pr6-receiving/apps/Web/Files/Tests/Lifecycle/Program.cs:line 247
   at Program.<<Main>$>g__HeldPreparation|0_20(IHomeFeatureRouteHandler route, IBrowserPrivateContextParticipant participant, Func`1 issueCommand, Task entered, Action release) in /workspace/team-c-c5-b-pr6-receiving/apps/Web/Files/Tests/Lifecycle/Program.cs:line 257
   at Program.<<Main>$>g__FilesHeldPreparation|0_18(String root) in /workspace/team-c-c5-b-pr6-receiving/apps/Web/Files/Tests/Lifecycle/Program.cs:line 215
   at Program.<Main>$(String[] args) in /workspace/team-c-c5-b-pr6-receiving/apps/Web/Files/Tests/Lifecycle/Program.cs:line 30
FAIL actual-sites-held-preparation-opening-remains-issued: System.Exception: Drain completed while the actual outward opening's preparation continuation was still issued.
   at Program.<<Main>$>g__Check|0_0(Boolean ok, String message) in /workspace/team-c-c5-b-pr6-receiving/apps/Web/Files/Tests/Lifecycle/Program.cs:line 36
   at Program.<<Main>$>g__HeldPreparation|0_20(IHomeFeatureRouteHandler route, IBrowserPrivateContextParticipant participant, Func`1 issueCommand, Task entered, Action release) in /workspace/team-c-c5-b-pr6-receiving/apps/Web/Files/Tests/Lifecycle/Program.cs:line 247
   at Program.<<Main>$>g__HeldPreparation|0_20(IHomeFeatureRouteHandler route, IBrowserPrivateContextParticipant participant, Func`1 issueCommand, Task entered, Action release) in /workspace/team-c-c5-b-pr6-receiving/apps/Web/Files/Tests/Lifecycle/Program.cs:line 257
   at Program.<<Main>$>g__SitesHeldPreparation|0_19(String root) in /workspace/team-c-c5-b-pr6-receiving/apps/Web/Files/Tests/Lifecycle/Program.cs:line 227
   at Program.<Main>$(String[] args) in /workspace/team-c-c5-b-pr6-receiving/apps/Web/Files/Tests/Lifecycle/Program.cs:line 30
FAIL actual-files-repeated-missing-fence-stays-failed: System.Exception: Repeated failed fence appeared successful.
   at Program.<<Main>$>g__FilesStickyFence|0_16(String root) in /workspace/team-c-c5-b-pr6-receiving/apps/Web/Files/Tests/Lifecycle/Program.cs:line 191
   at Program.<Main>$(String[] args) in /workspace/team-c-c5-b-pr6-receiving/apps/Web/Files/Tests/Lifecycle/Program.cs:line 30
FAIL actual-sites-repeated-missing-fence-stays-failed: System.Exception: Repeated failed Sites fence appeared successful.
   at Program.<<Main>$>g__SitesStickyFence|0_17(String root) in /workspace/team-c-c5-b-pr6-receiving/apps/Web/Files/Tests/Lifecycle/Program.cs:line 203
   at Program.<Main>$(String[] args) in /workspace/team-c-c5-b-pr6-receiving/apps/Web/Files/Tests/Lifecycle/Program.cs:line 30
FAIL actual-files-owner-action-reentry-joins-fence-settlement: System.Exception: Owner-action reentry completed/reissued disposal or appeared revoked before the actual fence settled.
   at Program.<<Main>$>g__Check|0_0(Boolean ok, String message) in /workspace/team-c-c5-b-pr6-receiving/apps/Web/Files/Tests/Lifecycle/Program.cs:line 36
   at Program.<<Main>$>g__FilesFenceSettlement|0_21(String root) in /workspace/team-c-c5-b-pr6-receiving/apps/Web/Files/Tests/Lifecycle/Program.cs:line 298
   at Program.<Main>$(String[] args) in /workspace/team-c-c5-b-pr6-receiving/apps/Web/Files/Tests/Lifecycle/Program.cs:line 30
FAIL actual-sites-owner-action-reentry-joins-fence-settlement: System.Exception: Native owner-action reentry completed/reissued disposal or appeared revoked before the actual fence settled.
   at Program.<<Main>$>g__Check|0_0(Boolean ok, String message) in /workspace/team-c-c5-b-pr6-receiving/apps/Web/Files/Tests/Lifecycle/Program.cs:line 36
   at Program.<<Main>$>g__SitesFenceSettlement|0_22(String root) in /workspace/team-c-c5-b-pr6-receiving/apps/Web/Files/Tests/Lifecycle/Program.cs:line 340
   at Program.<Main>$(String[] args) in /workspace/team-c-c5-b-pr6-receiving/apps/Web/Files/Tests/Lifecycle/Program.cs:line 30
RESULT expected=14 executed=14 passed=6 failed=8; realOwnerGroupAuthority=BLOCKED browser=NOT_RUN
