  Determining projects to restore...
  Restored /home/runner/work/9to1/9to1/framework/CUI/vendor/Avalonia/src/HarfBuzz/Avalonia.HarfBuzz/Avalonia.HarfBuzz.csproj (in 1.58 sec).
  Restored /home/runner/work/9to1/9to1/framework/CUI/vendor/Avalonia/src/Avalonia.X11/Avalonia.X11.csproj (in 550 ms).
  Restored /home/runner/work/9to1/9to1/framework/CUI/vendor/Avalonia/src/Avalonia.Vulkan/Avalonia.Vulkan.csproj (in 8 ms).
  Restored /home/runner/work/9to1/9to1/9to1 Workspace/Canvas/NativeUI/HavenOS.Canvas.NativeUI.csproj (in 3.33 sec).
  Restored /home/runner/work/9to1/9to1/framework/CUI/vendor/Avalonia/src/Avalonia.Themes.Fluent/Avalonia.Themes.Fluent.csproj (in 12 ms).
  Restored /home/runner/work/9to1/9to1/framework/CUI/vendor/Avalonia/src/Avalonia.Remote.Protocol/Avalonia.Remote.Protocol.csproj (in 4 ms).
  Restored /home/runner/work/9to1/9to1/framework/CUI/vendor/Avalonia/src/Avalonia.OpenGL/Avalonia.OpenGL.csproj (in 8 ms).
  Restored /home/runner/work/9to1/9to1/framework/CUI/vendor/Avalonia/src/Avalonia.MicroCom/Avalonia.MicroCom.csproj (in 9 ms).
  Restored /home/runner/work/9to1/9to1/framework/CUI/vendor/Avalonia/src/Avalonia.Metal/Avalonia.Metal.csproj (in 8 ms).
  Restored /home/runner/work/9to1/9to1/9to1 Workspace/Canvas/NativeUI.Tests/HavenOS.Canvas.NativeUI.Tests.csproj (in 3.4 sec).
  Restored /home/runner/work/9to1/9to1/9to1 Workspace/Canvas/Host/HavenOS.Canvas.Host.csproj (in 3.39 sec).
  Restored /home/runner/work/9to1/9to1/framework/CUI/vendor/Avalonia/src/Avalonia.Fonts.Inter/Avalonia.Fonts.Inter.csproj (in 5 ms).
  Restored /home/runner/work/9to1/9to1/framework/CUI/vendor/Avalonia/src/Avalonia.Dialogs/Avalonia.Dialogs.csproj (in 7 ms).
  Restored /home/runner/work/9to1/9to1/framework/CUI/vendor/Avalonia/src/Avalonia.FreeDesktop.AtSpi/Avalonia.FreeDesktop.AtSpi.csproj (in 15 ms).
  Restored /home/runner/work/9to1/9to1/framework/CUI/vendor/Avalonia/src/Avalonia.DesignerSupport/Avalonia.DesignerSupport.csproj (in 10 ms).
  Restored /home/runner/work/9to1/9to1/framework/CUI/vendor/Avalonia/src/Avalonia.Controls/Avalonia.Controls.csproj (in 7 ms).
  Restored /home/runner/work/9to1/9to1/framework/CUI/vendor/Avalonia/src/Avalonia.FreeDesktop/Avalonia.FreeDesktop.csproj (in 84 ms).
  Restored /home/runner/work/9to1/9to1/framework/CUI/vendor/Avalonia/src/Avalonia.Desktop/Avalonia.Desktop.csproj (in 32 ms).
  Restored /home/runner/work/9to1/9to1/framework/CUI/vendor/Avalonia/src/Avalonia.Base/Avalonia.Base.csproj (in 8 ms).
  Restored /home/runner/work/9to1/9to1/framework/CUI/Themes/CakeOS.Cui.Themes.csproj (in 9 ms).
  Restored /home/runner/work/9to1/9to1/framework/CUI/vendor/Avalonia/packages/Avalonia/Avalonia.csproj (in 68 ms).
  Restored /home/runner/work/9to1/9to1/framework/CUI/Runtime/CakeOS.Cui.Runtime.csproj (in 48 ms).
  Restored /home/runner/work/9to1/9to1/9to1 Workspace/Mail/HavenOS.Mail.csproj (in 20 ms).
  Restored /home/runner/work/9to1/9to1/9to1 Workspace/Files/NativeHost/HavenOS.Files.NativeHost.csproj (in 18 ms).
  Restored /home/runner/work/9to1/9to1/9to1 Workspace/Home/NativeUI/HavenOS.Home.NativeUI.csproj (in 62 ms).
  Restored /home/runner/work/9to1/9to1/framework/CUI/vendor/Avalonia/src/Avalonia.Native/Avalonia.Native.csproj (in 402 ms).
  Restored /home/runner/work/9to1/9to1/framework/CUI/vendor/Avalonia/src/tools/Avalonia.Generators/Avalonia.Generators.csproj (in 610 ms).
  Restored /home/runner/work/9to1/9to1/framework/CUI/vendor/Avalonia/src/tools/DevAnalyzers/DevAnalyzers.csproj (in 643 ms).
  Restored /home/runner/work/9to1/9to1/framework/CUI/vendor/Avalonia/src/tools/DevGenerators/DevGenerators.csproj (in 725 ms).
  Restored /home/runner/work/9to1/9to1/framework/CUI/vendor/Avalonia/src/tools/Avalonia.DBus.Generators/Avalonia.DBus.Generators.csproj (in 9 ms).
  Restored /home/runner/work/9to1/9to1/framework/CUI/vendor/Avalonia/src/tools/Avalonia.Analyzers.CSharp/Avalonia.Analyzers.CSharp.csproj (in 10 ms).
  Restored /home/runner/work/9to1/9to1/framework/CUI/vendor/Avalonia/src/Avalonia.Build.Tasks/Avalonia.Build.Tasks.csproj (in 1.15 sec).
  Restored /home/runner/work/9to1/9to1/framework/CUI/vendor/Avalonia/src/Windows/Avalonia.Win32.Automation/Avalonia.Win32.Automation.csproj (in 7 ms).
  Restored /home/runner/work/9to1/9to1/framework/CUI/vendor/Avalonia/src/Skia/Avalonia.Skia/Avalonia.Skia.csproj (in 20 ms).
  Restored /home/runner/work/9to1/9to1/framework/CUI/vendor/Avalonia/src/Markup/Avalonia.Markup/Avalonia.Markup.csproj (in 17 ms).
  Restored /home/runner/work/9to1/9to1/framework/CUI/vendor/Avalonia/src/Markup/Avalonia.Markup.Xaml/Avalonia.Markup.Xaml.csproj (in 19 ms).
  Restored /home/runner/work/9to1/9to1/framework/CUI/vendor/Avalonia/src/Headless/Avalonia.Headless/Avalonia.Headless.csproj (in 54 ms).
  Restored /home/runner/work/9to1/9to1/framework/CUI/vendor/Avalonia/src/tools/Avalonia.Analyzers.VisualBasic/Avalonia.Analyzers.VisualBasic.csproj (in 455 ms).
  Restored /home/runner/work/9to1/9to1/framework/CUI/vendor/Avalonia/src/tools/Avalonia.Analyzers.CodeFixes.CSharp/Avalonia.Analyzers.CodeFixes.CSharp.csproj (in 473 ms).
  Restored /home/runner/work/9to1/9to1/framework/CUI/vendor/Avalonia/src/Windows/Avalonia.Win32/Avalonia.Win32.csproj (in 846 ms).
  12 of 52 projects are up-to-date for restore.
