PASS B1-ROUTE-01-default-dashboard
PASS B1-ROUTE-02-opaque-identities
PASS B1-ROUTE-03-null-empty-distinct
PASS B1-ROUTE-04-unambiguous-fields
PASS B1-ROUTE-05-malformed-link-negative
PASS B1-ROUTE-06-size-bounds
PASS B1-ROUTE-07-unspecified-picker-preserved-as-error
PASS B1-ROUTE-08-control-character-encoding
PASS B1-ROUTE-09-route-case-preserved
PASS B1-ROUTE-10-action-remains-data
PASS B1-REGISTRY-01-unavailable-no-render
PASS B1-REGISTRY-02-owner-result-required
PASS B1-REGISTRY-03-mismatched-view-blocked
PASS B1-REGISTRY-04-reset-rejects-late-private-view
PASS B1-REGISTRY-05-cancelled-no-render
PASS B1-REGISTRY-06-duplicate-owner-not-overwritten
PASS B1-DISPATCH-01-canonical-owner-before-fallback
PASS B1-DISPATCH-02-owner-failures-never-fallback
PASS B1-DISPATCH-03-absent-owner-unavailable-home
PASS B1-DISPATCH-04-owner-exception-never-fallback
PASS B1-DISPATCH-05-absent-nonhome-unavailable
PASS B1-DISPATCH-06-cancelled-home-no-fallback
PASS B1-LIFETIME-01-private-reset-retains-device-local-owner
PASS B1-LIFETIME-02-reset-invalidates-pending-local-presentation
PASS B1-LIFETIME-03-close-disposes-every-owner-once
PASS B1-LIFETIME-04-failing-disposal-still-removes-and-disposes-all
PASS B1-LIFETIME-05-failed-save-preserves-owner-and-draft
PASS B1-LIFETIME-06-awaits-preparation-and-disposal-before-success
PASS B1-LIFETIME-07-async-teardown-attempts-all-owners
PASS B1-LIFETIME-08-cancelled-preparation-retains-owner
PASS B1-LIFETIME-09-synchronous-clear-cannot-drop-async-draft
PASS B1-LIFETIME-10-pending-open-cannot-replace-view-during-close
PASS B1-LIFETIME-11-unsupported-private-async-owner-and-sync-save-veto
PASS B1-ADMISSION-01-prepare-defers-render-until-current-view-is-ready
PASS B1-ADMISSION-02-cancel-or-context-reset-rejects-prepared-render
PASS B1-ADMISSION-03-prepared-owner-denial-retains-authority-over-fallback
PASS B1-ADMISSION-04-home-navigation-is-deferred-and-cancelled-without-replay
Discovered: 37; executed: 37; passed: 37; failed: 0. Backend/browser acceptance: NOT-RUN.
