  Determining projects to restore...
  Restored /workspace/team-c-c4-browser-receiving-c878/framework/CUI/vendor/Avalonia/src/HarfBuzz/Avalonia.HarfBuzz/Avalonia.HarfBuzz.csproj (in 5.42 sec).
  Restored /workspace/team-c-c4-browser-receiving-c878/framework/CUI/vendor/Avalonia/src/Avalonia.Vulkan/Avalonia.Vulkan.csproj (in 5.42 sec).
  Restored /workspace/team-c-c4-browser-receiving-c878/framework/CUI/vendor/Avalonia/src/Avalonia.Themes.Fluent/Avalonia.Themes.Fluent.csproj (in 13 ms).
  Restored /workspace/team-c-c4-browser-receiving-c878/framework/CUI/vendor/Avalonia/src/Avalonia.OpenGL/Avalonia.OpenGL.csproj (in 9 ms).
  Restored /workspace/team-c-c4-browser-receiving-c878/framework/CUI/vendor/Avalonia/src/Avalonia.Metal/Avalonia.Metal.csproj (in 16 ms).
  Restored /workspace/team-c-c4-browser-receiving-c878/framework/CUI/vendor/Avalonia/src/Avalonia.Remote.Protocol/Avalonia.Remote.Protocol.csproj (in 416 ms).
  Restored /workspace/team-c-c4-browser-receiving-c878/framework/CUI/vendor/Avalonia/src/Avalonia.FreeDesktop/Avalonia.FreeDesktop.csproj (in 350 ms).
  Restored /workspace/team-c-c4-browser-receiving-c878/framework/CUI/vendor/Avalonia/src/Avalonia.Fonts.Inter/Avalonia.Fonts.Inter.csproj (in 16 ms).
  Restored /workspace/team-c-c4-browser-receiving-c878/framework/CUI/vendor/Avalonia/src/Avalonia.Dialogs/Avalonia.Dialogs.csproj (in 15 ms).
  Restored /workspace/team-c-c4-browser-receiving-c878/framework/CUI/vendor/Avalonia/src/Avalonia.FreeDesktop.AtSpi/Avalonia.FreeDesktop.AtSpi.csproj (in 365 ms).
  Restored /workspace/team-c-c4-browser-receiving-c878/framework/CUI/vendor/Avalonia/src/Avalonia.DesignerSupport/Avalonia.DesignerSupport.csproj (in 10 ms).
  Restored /workspace/team-c-c4-browser-receiving-c878/framework/CUI/vendor/Avalonia/src/Markup/Avalonia.Markup/Avalonia.Markup.csproj (in 6 ms).
  Restored /workspace/team-c-c4-browser-receiving-c878/framework/CUI/vendor/Avalonia/src/Markup/Avalonia.Markup.Xaml/Avalonia.Markup.Xaml.csproj (in 13 ms).
  Restored /workspace/team-c-c4-browser-receiving-c878/framework/CUI/vendor/Avalonia/src/Avalonia.Base/Avalonia.Base.csproj (in 5 ms).
  Restored /workspace/team-c-c4-browser-receiving-c878/framework/CUI/vendor/Avalonia/packages/Avalonia/Avalonia.csproj (in 221 ms).
  Restored /workspace/team-c-c4-browser-receiving-c878/framework/CUI/Themes/CakeOS.Cui.Themes.csproj (in 7 ms).
  Restored /workspace/team-c-c4-browser-receiving-c878/framework/CUI/vendor/Avalonia/src/Headless/Avalonia.Headless/Avalonia.Headless.csproj (in 9.69 sec).
  Restored /workspace/team-c-c4-browser-receiving-c878/framework/CUI/vendor/Avalonia/src/Avalonia.X11/Avalonia.X11.csproj (in 9.69 sec).
  Restored /workspace/team-c-c4-browser-receiving-c878/framework/CUI/Runtime/CakeOS.Cui.Runtime.csproj (in 3.13 sec).
  Restored /workspace/team-c-c4-browser-receiving-c878/framework/CUI/Language/CakeOS.Cui.Language.csproj (in 4 ms).
  Restored /workspace/team-c-c4-browser-receiving-c878/framework/CUI/Core/CakeOS.Cui.Core.csproj (in 4 ms).
  Restored /workspace/team-c-c4-browser-receiving-c878/framework/CUI/vendor/Avalonia/src/Avalonia.Desktop/Avalonia.Desktop.csproj (in 3.78 sec).
  Restored /workspace/team-c-c4-browser-receiving-c878/framework/CUI/vendor/Avalonia/src/Avalonia.MicroCom/Avalonia.MicroCom.csproj (in 5 ms).
  Restored /workspace/team-c-c4-browser-receiving-c878/framework/CUI/vendor/Avalonia/src/Avalonia.Controls/Avalonia.Controls.csproj (in 9 ms).
  Restored /workspace/team-c-c4-browser-receiving-c878/apps/Web/Tests/BrowserNavigation.Tests.csproj (in 39 ms).
  Restored /workspace/team-c-c4-browser-receiving-c878/framework/CUI/vendor/Avalonia/src/Avalonia.Native/Avalonia.Native.csproj (in 1.03 sec).
  Restored /workspace/team-c-c4-browser-receiving-c878/framework/CUI/vendor/Avalonia/src/tools/DevAnalyzers/DevAnalyzers.csproj (in 1.64 sec).
  Restored /workspace/team-c-c4-browser-receiving-c878/framework/CUI/vendor/Avalonia/src/tools/Avalonia.Generators/Avalonia.Generators.csproj (in 654 ms).
  Restored /workspace/team-c-c4-browser-receiving-c878/framework/CUI/vendor/Avalonia/src/tools/DevGenerators/DevGenerators.csproj (in 1.67 sec).
  Restored /workspace/team-c-c4-browser-receiving-c878/framework/CUI/vendor/Avalonia/src/tools/Avalonia.DBus.Generators/Avalonia.DBus.Generators.csproj (in 22 ms).
  Restored /workspace/team-c-c4-browser-receiving-c878/framework/CUI/vendor/Avalonia/src/tools/Avalonia.Analyzers.CSharp/Avalonia.Analyzers.CSharp.csproj (in 22 ms).
  Restored /workspace/team-c-c4-browser-receiving-c878/framework/CUI/vendor/Avalonia/src/tools/Avalonia.Analyzers.VisualBasic/Avalonia.Analyzers.VisualBasic.csproj (in 916 ms).
  Restored /workspace/team-c-c4-browser-receiving-c878/framework/CUI/vendor/Avalonia/src/Windows/Avalonia.Win32.Automation/Avalonia.Win32.Automation.csproj (in 15 ms).
  Restored /workspace/team-c-c4-browser-receiving-c878/framework/CUI/vendor/Avalonia/src/Skia/Avalonia.Skia/Avalonia.Skia.csproj (in 22 ms).
  Restored /workspace/team-c-c4-browser-receiving-c878/framework/CUI/vendor/Avalonia/src/Avalonia.Build.Tasks/Avalonia.Build.Tasks.csproj (in 2.76 sec).
  Restored /workspace/team-c-c4-browser-receiving-c878/framework/CUI/vendor/Avalonia/src/tools/Avalonia.Analyzers.CodeFixes.CSharp/Avalonia.Analyzers.CodeFixes.CSharp.csproj (in 1.14 sec).
  Restored /workspace/team-c-c4-browser-receiving-c878/framework/CUI/vendor/Avalonia/src/Windows/Avalonia.Win32/Avalonia.Win32.csproj (in 2.57 sec).
