service core:user:control: Uncaught Error: No such module "src/inbox-processing.mjs".
  imported from "test/workerd-control.mjs"
MiniflareCoreError [ERR_RUNTIME_FAILURE]: The Workers runtime failed to start. There was likely a problem with the workerd binary or your configuration.
Runtime stderr:
{"timestamp":"1791102525800","level":"error","source":"src/workerd/server/json-logger.c++:127","message":"service core:user:control: Uncaught Error: No such module \"src/inbox-processing.mjs\".\n  imported from \"test/workerd-control.mjs\"","context_depth":0}
    at StartupLogBuffer.handleStartupFailure (/workspace/team-c/c2-auth/cloud/cake-id-auth/node_modules/miniflare/dist/src/index.js:107335:13)
    at Runtime.updateConfig (/workspace/team-c/c2-auth/cloud/cake-id-auth/node_modules/miniflare/dist/src/index.js:107415:24)
    at process.processTicksAndRejections (node:internal/process/task_queues:104:5)
    at async #assembleAndUpdateConfig (/workspace/team-c/c2-auth/cloud/cake-id-auth/node_modules/miniflare/dist/src/index.js:124805:30)
    at async /workspace/team-c/c2-auth/cloud/cake-id-auth/node_modules/miniflare/dist/src/index.js:123556:7
    at async Mutex.runWith (/workspace/team-c/c2-auth/cloud/cake-id-auth/node_modules/miniflare/dist/src/index.js:70205:16)
    at async #waitForReady (/workspace/team-c/c2-auth/cloud/cake-id-auth/node_modules/miniflare/dist/src/index.js:124930:5)
    at async _Miniflare._getProxyClient (/workspace/team-c/c2-auth/cloud/cake-id-auth/node_modules/miniflare/dist/src/index.js:125268:5)
    at async #getProxy (/workspace/team-c/c2-auth/cloud/cake-id-auth/node_modules/miniflare/dist/src/index.js:125328:25)
    at async file:///workspace/team-c/c3-billing-hosted/cloud/billing/test/workerd-d1.mjs:36:9 {
  code: 'ERR_RUNTIME_FAILURE',
  cause: undefined
}
MiniflareCoreError [ERR_RUNTIME_FAILURE]: The Workers runtime failed to start. There was likely a problem with the workerd binary or your configuration.
Runtime stderr:
{"timestamp":"1791102525800","level":"error","source":"src/workerd/server/json-logger.c++:127","message":"service core:user:control: Uncaught Error: No such module \"src/inbox-processing.mjs\".\n  imported from \"test/workerd-control.mjs\"","context_depth":0}
    at StartupLogBuffer.handleStartupFailure (/workspace/team-c/c2-auth/cloud/cake-id-auth/node_modules/miniflare/dist/src/index.js:107335:13)
    at Runtime.updateConfig (/workspace/team-c/c2-auth/cloud/cake-id-auth/node_modules/miniflare/dist/src/index.js:107415:24)
    at process.processTicksAndRejections (node:internal/process/task_queues:104:5)
    at async #assembleAndUpdateConfig (/workspace/team-c/c2-auth/cloud/cake-id-auth/node_modules/miniflare/dist/src/index.js:124805:30)
    at async /workspace/team-c/c2-auth/cloud/cake-id-auth/node_modules/miniflare/dist/src/index.js:123556:7
    at async Mutex.runWith (/workspace/team-c/c2-auth/cloud/cake-id-auth/node_modules/miniflare/dist/src/index.js:70205:16)
    at async #waitForReady (/workspace/team-c/c2-auth/cloud/cake-id-auth/node_modules/miniflare/dist/src/index.js:124930:5)
    at async _Miniflare._getProxyClient (/workspace/team-c/c2-auth/cloud/cake-id-auth/node_modules/miniflare/dist/src/index.js:125268:5)
    at async #getProxy (/workspace/team-c/c2-auth/cloud/cake-id-auth/node_modules/miniflare/dist/src/index.js:125328:25)
    at async file:///workspace/team-c/c3-billing-hosted/cloud/billing/test/workerd-d1.mjs:36:9 {
  code: 'ERR_RUNTIME_FAILURE',
  cause: undefined
}
