{"id": "astra-exact-a63d77f-core", "tested_commit": "a63d77fe5a9dfea56c938eaa85678a9e170368ec", "worktree_status": "", "command": ["/workspace/.tools/powershell/7.6.6/pwsh", "-NoProfile", "-File", "eng/9to1.ps1", "test", "-Component", "core", "-Configuration", "Release"], "cwd": "/workspace/team-c/c6-astra", "expected": "Current provisional Astra normal core tests discover nonzero tests and pass; baseline98a evidence is separate", "started": "2026-10-03T17:34:24.639987+00:00"}
  Determining projects to restore...
  Restored /workspace/team-c/c6-astra/framework/CUI/Core/CakeOS.Cui.Core.csproj (in 90 ms).
  Restored /workspace/team-c/c6-astra/framework/CUI/Language/CakeOS.Cui.Language.csproj (in 90 ms).
  Restored /workspace/team-c/c6-astra/framework/CUI/tests/NineToOne.Cui.Markup.Tests.csproj (in 1.52 sec).
  CakeOS.Cui.Language -> /workspace/team-c/c6-astra/framework/CUI/Language/bin/Release/net10.0/CakeOS.Cui.Language.dll
  CakeOS.Cui.Core -> /workspace/team-c/c6-astra/framework/CUI/Core/bin/Release/net10.0/CakeOS.Cui.Core.dll
  NineToOne.Cui.Markup.Tests -> /workspace/team-c/c6-astra/framework/CUI/tests/bin/Release/net10.0/NineToOne.Cui.Markup.Tests.dll
Test run for /workspace/team-c/c6-astra/framework/CUI/tests/bin/Release/net10.0/NineToOne.Cui.Markup.Tests.dll (.NETCoreApp,Version=v10.0)
A total of 1 test files matched the specified pattern.

Passed!  - Failed:     0, Passed:    31, Skipped:     0, Total:    31, Duration: 91 ms - NineToOne.Cui.Markup.Tests.dll (net10.0)
  Determining projects to restore...
  Restored /workspace/team-c/c6-astra/9to1 Models/Dulche Alpha/Den.csproj (in 87 ms).
  Restored /workspace/team-c/c6-astra/9to1 Workspace/shared/src/Haven.Browser/Haven.Browser.csproj (in 88 ms).
  Restored /workspace/team-c/c6-astra/9to1 Workspace/shared/src/Haven.UI/Haven.UI.csproj (in 86 ms).
  Restored /workspace/team-c/c6-astra/9to1 Workspace/Home/HavenOS.Home.csproj (in 88 ms).
  Restored /workspace/team-c/c6-astra/9to1 Workspace/shared/src/Haven.Core/Haven.Core.csproj (in 2 ms).
  Restored /workspace/team-c/c6-astra/9to1 Workspace/shared/src/Haven.Application/Haven.Application.csproj (in 2 ms).
  Restored /workspace/team-c/c6-astra/9to1 Workspace/Browse/HavenOS.Apps.Browse.csproj (in 3 ms).
  Restored /workspace/team-c/c6-astra/framework/CUI/AI/NineToOne.Cui.AI.csproj (in 1 ms).
  Restored /workspace/team-c/c6-astra/9to1 Workspace/Home/Tests/HavenOS.Home.Tests.csproj (in 147 ms).
  2 of 11 projects are up-to-date for restore.
  CakeOS.Cui.Language -> /workspace/team-c/c6-astra/framework/CUI/Language/bin/Release/net10.0/CakeOS.Cui.Language.dll
  NineToOne.Cui.AI -> /workspace/team-c/c6-astra/framework/CUI/AI/bin/Release/net10.0/NineToOne.Cui.AI.dll
  Den -> /workspace/team-c/c6-astra/9to1 Models/Dulche Alpha/bin/Release/net10.0/Den.dll
  Haven.UI -> /workspace/team-c/c6-astra/9to1 Workspace/shared/src/Haven.UI/bin/Release/net10.0/Haven.UI.dll
  Haven.Core -> /workspace/team-c/c6-astra/9to1 Workspace/shared/src/Haven.Core/bin/Release/net10.0/Haven.Core.dll
  CakeOS.Cui.Core -> /workspace/team-c/c6-astra/framework/CUI/Core/bin/Release/net10.0/CakeOS.Cui.Core.dll
  Haven.Application -> /workspace/team-c/c6-astra/9to1 Workspace/shared/src/Haven.Application/bin/Release/net10.0/Haven.Application.dll
  Haven.Browser -> /workspace/team-c/c6-astra/9to1 Workspace/shared/src/Haven.Browser/bin/Release/net10.0/Haven.Browser.dll
  Dulche.Runtime -> /workspace/team-c/c6-astra/9to1 Models/Dulche Alpha/bin/Release/net10.0/Dulche.Runtime.dll
  HavenOS.Apps.Browse -> /workspace/team-c/c6-astra/9to1 Workspace/Browse/bin/Release/net10.0/HavenOS.Apps.Browse.dll
  HavenOS.Home -> /workspace/team-c/c6-astra/9to1 Workspace/Home/bin/Release/net10.0/HavenOS.Home.dll
  HavenOS.Home.Tests -> /workspace/team-c/c6-astra/9to1 Workspace/Home/Tests/bin/Release/net10.0/HavenOS.Home.Tests.dll
Test run for /workspace/team-c/c6-astra/9to1 Workspace/Home/Tests/bin/Release/net10.0/HavenOS.Home.Tests.dll (.NETCoreApp,Version=v10.0)
A total of 1 test files matched the specified pattern.

Passed!  - Failed:     0, Passed:   329, Skipped:     0, Total:   329, Duration: 1 s - HavenOS.Home.Tests.dll (net10.0)
  Determining projects to restore...
  Restored /workspace/team-c/c6-astra/9to1 Workspace/Spaces/HavenOS.Spaces.csproj (in 68 ms).
  Restored /workspace/team-c/c6-astra/9to1 Workspace/Spaces/Tests/HavenOS.Spaces.Tests.csproj (in 167 ms).
  5 of 7 projects are up-to-date for restore.
  NineToOne.Cui.AI -> /workspace/team-c/c6-astra/framework/CUI/AI/bin/Release/net10.0/NineToOne.Cui.AI.dll
  Haven.Core -> /workspace/team-c/c6-astra/9to1 Workspace/shared/src/Haven.Core/bin/Release/net10.0/Haven.Core.dll
  Haven.Application -> /workspace/team-c/c6-astra/9to1 Workspace/shared/src/Haven.Application/bin/Release/net10.0/Haven.Application.dll
  CakeOS.Cui.Language -> /workspace/team-c/c6-astra/framework/CUI/Language/bin/Release/net10.0/CakeOS.Cui.Language.dll
  CakeOS.Cui.Core -> /workspace/team-c/c6-astra/framework/CUI/Core/bin/Release/net10.0/CakeOS.Cui.Core.dll
  HavenOS.Spaces -> /workspace/team-c/c6-astra/9to1 Workspace/Spaces/bin/Release/net10.0/HavenOS.Spaces.dll
  HavenOS.Spaces.Tests -> /workspace/team-c/c6-astra/9to1 Workspace/Spaces/Tests/bin/Release/net10.0/HavenOS.Spaces.Tests.dll
Test run for /workspace/team-c/c6-astra/9to1 Workspace/Spaces/Tests/bin/Release/net10.0/HavenOS.Spaces.Tests.dll (.NETCoreApp,Version=v10.0)
A total of 1 test files matched the specified pattern.

Passed!  - Failed:     0, Passed:    26, Skipped:     0, Total:    26, Duration: 326 ms - HavenOS.Spaces.Tests.dll (net10.0)
