
Welcome to .NET 10.0!
---------------------
SDK Version: 10.0.401

Telemetry
---------
The .NET tools collect usage data in order to help us improve your experience. It is collected by Microsoft and shared with the community. You can opt-out of telemetry by setting the DOTNET_CLI_TELEMETRY_OPTOUT environment variable to '1' or 'true' using your favorite shell.

Read more about .NET CLI Tools telemetry: https://aka.ms/dotnet-cli-telemetry

----------------
Installed an ASP.NET Core HTTPS development certificate.
To trust the certificate, run 'dotnet dev-certs https --trust'
Learn about HTTPS: https://aka.ms/dotnet-https

----------------
Write your first app: https://aka.ms/dotnet-hello-world
Find out what's new: https://aka.ms/dotnet-whats-new
Explore documentation: https://aka.ms/dotnet-docs
Report issues and find source on GitHub: https://github.com/dotnet/core
Use 'dotnet --help' to see available commands or visit: https://aka.ms/dotnet-cli
--------------------------------------------------------------------------------------
  Determining projects to restore...
  Restored /workspace/team-c/c6/framework/CUI/Language/CakeOS.Cui.Language.csproj (in 89 ms).
  Restored /workspace/team-c/c6/framework/CUI/Core/CakeOS.Cui.Core.csproj (in 101 ms).
  Restored /workspace/team-c/c6/framework/CUI/tests/NineToOne.Cui.Markup.Tests.csproj (in 1.78 sec).
  CakeOS.Cui.Language -> /workspace/team-c/c6/framework/CUI/Language/bin/Release/net10.0/CakeOS.Cui.Language.dll
  CakeOS.Cui.Core -> /workspace/team-c/c6/framework/CUI/Core/bin/Release/net10.0/CakeOS.Cui.Core.dll
  NineToOne.Cui.Markup.Tests -> /workspace/team-c/c6/framework/CUI/tests/bin/Release/net10.0/NineToOne.Cui.Markup.Tests.dll
Test run for /workspace/team-c/c6/framework/CUI/tests/bin/Release/net10.0/NineToOne.Cui.Markup.Tests.dll (.NETCoreApp,Version=v10.0)
A total of 1 test files matched the specified pattern.

Passed!  - Failed:     0, Passed:    31, Skipped:     0, Total:    31, Duration: 67 ms - NineToOne.Cui.Markup.Tests.dll (net10.0)
  Determining projects to restore...
  Restored /workspace/team-c/c6/9to1 Models/Dulche Alpha/Dulche.Runtime.csproj (in 61 ms).
  Restored /workspace/team-c/c6/9to1 Workspace/shared/src/Haven.Core/Haven.Core.csproj (in 61 ms).
  Restored /workspace/team-c/c6/9to1 Workspace/Home/HavenOS.Home.csproj (in 93 ms).
  Restored /workspace/team-c/c6/9to1 Workspace/shared/src/Haven.Application/Haven.Application.csproj (in 2 ms).
  Restored /workspace/team-c/c6/9to1 Workspace/Home/Tests/HavenOS.Home.Tests.csproj (in 833 ms).
  2 of 7 projects are up-to-date for restore.
  CakeOS.Cui.Language -> /workspace/team-c/c6/framework/CUI/Language/bin/Release/net10.0/CakeOS.Cui.Language.dll
/workspace/.tools/dotnet/sdk/10.0.401/Microsoft.Common.CurrentVersion.targets(2453,5): warning MSB3245: Could not resolve this reference. Could not locate the assembly "Haven.Core". Check to make sure the assembly exists on disk. If this reference is required by your code, you may get compilation errors. [/workspace/team-c/c6/9to1 Models/Dulche Alpha/Dulche.Runtime.csproj]
/workspace/.tools/dotnet/sdk/10.0.401/Microsoft.Common.CurrentVersion.targets(2453,5): warning MSB3245: Could not resolve this reference. Could not locate the assembly "Haven.Application". Check to make sure the assembly exists on disk. If this reference is required by your code, you may get compilation errors. [/workspace/team-c/c6/9to1 Models/Dulche Alpha/Dulche.Runtime.csproj]
/workspace/team-c/c6/9to1 Models/Dulche Alpha/ModelRouteRegistry.cs(1,7): error CS0246: The type or namespace name 'Haven' could not be found (are you missing a using directive or an assembly reference?) [/workspace/team-c/c6/9to1 Models/Dulche Alpha/Dulche.Runtime.csproj]
/workspace/team-c/c6/9to1 Models/Dulche Alpha/ModelRouteResolver.cs(1,7): error CS0246: The type or namespace name 'Haven' could not be found (are you missing a using directive or an assembly reference?) [/workspace/team-c/c6/9to1 Models/Dulche Alpha/Dulche.Runtime.csproj]
/workspace/team-c/c6/9to1 Models/Dulche Alpha/ModelRouteResolver.cs(2,7): error CS0246: The type or namespace name 'Haven' could not be found (are you missing a using directive or an assembly reference?) [/workspace/team-c/c6/9to1 Models/Dulche Alpha/Dulche.Runtime.csproj]
/workspace/team-c/c6/9to1 Models/Dulche Alpha/ActionSecurity.cs(1,7): error CS0246: The type or namespace name 'Haven' could not be found (are you missing a using directive or an assembly reference?) [/workspace/team-c/c6/9to1 Models/Dulche Alpha/Dulche.Runtime.csproj]
/workspace/team-c/c6/9to1 Models/Dulche Alpha/TranslateContracts.cs(1,7): error CS0246: The type or namespace name 'Haven' could not be found (are you missing a using directive or an assembly reference?) [/workspace/team-c/c6/9to1 Models/Dulche Alpha/Dulche.Runtime.csproj]
/workspace/team-c/c6/9to1 Models/Dulche Alpha/TranslateRepository.cs(2,7): error CS0246: The type or namespace name 'Haven' could not be found (are you missing a using directive or an assembly reference?) [/workspace/team-c/c6/9to1 Models/Dulche Alpha/Dulche.Runtime.csproj]
/workspace/team-c/c6/9to1 Models/Dulche Alpha/DulcheTranslateRuntime.cs(6,7): error CS0246: The type or namespace name 'Haven' could not be found (are you missing a using directive or an assembly reference?) [/workspace/team-c/c6/9to1 Models/Dulche Alpha/Dulche.Runtime.csproj]
/workspace/team-c/c6/9to1 Models/Dulche Alpha/DulcheTranslateRuntime.cs(7,7): error CS0246: The type or namespace name 'Haven' could not be found (are you missing a using directive or an assembly reference?) [/workspace/team-c/c6/9to1 Models/Dulche Alpha/Dulche.Runtime.csproj]
/workspace/team-c/c6/9to1 Models/Dulche Alpha/ModelRouteRegistry.cs(6,40): error CS0246: The type or namespace name 'IModelProviderRegistry' could not be found (are you missing a using directive or an assembly reference?) [/workspace/team-c/c6/9to1 Models/Dulche Alpha/Dulche.Runtime.csproj]
/workspace/team-c/c6/9to1 Models/Dulche Alpha/ModelRouteResolver.cs(7,40): error CS0246: The type or namespace name 'IModelProviderRegistry' could not be found (are you missing a using directive or an assembly reference?) [/workspace/team-c/c6/9to1 Models/Dulche Alpha/Dulche.Runtime.csproj]
/workspace/team-c/c6/9to1 Models/Dulche Alpha/ActionSecurity.cs(12,5): error CS0246: The type or namespace name 'CapabilityRiskClass' could not be found (are you missing a using directive or an assembly reference?) [/workspace/team-c/c6/9to1 Models/Dulche Alpha/Dulche.Runtime.csproj]
/workspace/team-c/c6/9to1 Models/Dulche Alpha/TranslateContracts.cs(130,5): error CS0246: The type or namespace name 'ModelRoutingPolicy' could not be found (are you missing a using directive or an assembly reference?) [/workspace/team-c/c6/9to1 Models/Dulche Alpha/Dulche.Runtime.csproj]
/workspace/team-c/c6/9to1 Models/Dulche Alpha/TranslateRepository.cs(10,52): error CS0246: The type or namespace name 'IVersionedSettingsStore' could not be found (are you missing a using directive or an assembly reference?) [/workspace/team-c/c6/9to1 Models/Dulche Alpha/Dulche.Runtime.csproj]
/workspace/team-c/c6/9to1 Models/Dulche Alpha/TranslateRepository.cs(13,50): error CS0246: The type or namespace name 'IVersionedSettingsStore' could not be found (are you missing a using directive or an assembly reference?) [/workspace/team-c/c6/9to1 Models/Dulche Alpha/Dulche.Runtime.csproj]
/workspace/team-c/c6/9to1 Models/Dulche Alpha/DulcheTranslateRuntime.cs(17,5): error CS0246: The type or namespace name 'IModelRouter' could not be found (are you missing a using directive or an assembly reference?) [/workspace/team-c/c6/9to1 Models/Dulche Alpha/Dulche.Runtime.csproj]
/workspace/team-c/c6/9to1 Models/Dulche Alpha/DulcheTranslateRuntime.cs(18,5): error CS0246: The type or namespace name 'IModelProviderRegistry' could not be found (are you missing a using directive or an assembly reference?) [/workspace/team-c/c6/9to1 Models/Dulche Alpha/Dulche.Runtime.csproj]
/workspace/team-c/c6/9to1 Models/Dulche Alpha/DulcheTranslateRuntime.cs(725,9): error CS0246: The type or namespace name 'ProviderModelDescriptor' could not be found (are you missing a using directive or an assembly reference?) [/workspace/team-c/c6/9to1 Models/Dulche Alpha/Dulche.Runtime.csproj]
/workspace/team-c/c6/9to1 Models/Dulche Alpha/DulcheTranslateRuntime.cs(756,9): error CS0246: The type or namespace name 'IModelProvider' could not be found (are you missing a using directive or an assembly reference?) [/workspace/team-c/c6/9to1 Models/Dulche Alpha/Dulche.Runtime.csproj]
/workspace/team-c/c6/9to1 Models/Dulche Alpha/DulcheTranslateRuntime.cs(757,9): error CS0246: The type or namespace name 'ProviderModelDescriptor' could not be found (are you missing a using directive or an assembly reference?) [/workspace/team-c/c6/9to1 Models/Dulche Alpha/Dulche.Runtime.csproj]
/workspace/team-c/c6/9to1 Models/Dulche Alpha/DulcheTranslateRuntime.cs(981,50): error CS0246: The type or namespace name 'IModelProvider' could not be found (are you missing a using directive or an assembly reference?) [/workspace/team-c/c6/9to1 Models/Dulche Alpha/Dulche.Runtime.csproj]
/workspace/team-c/c6/9to1 Models/Dulche Alpha/DulcheTranslateRuntime.cs(981,75): error CS0246: The type or namespace name 'ProviderModelDescriptor' could not be found (are you missing a using directive or an assembly reference?) [/workspace/team-c/c6/9to1 Models/Dulche Alpha/Dulche.Runtime.csproj]
  Den -> /workspace/team-c/c6/9to1 Models/Dulche Alpha/bin/Release/net10.0/Den.dll
  CakeOS.Cui.Core -> /workspace/team-c/c6/framework/CUI/Core/bin/Release/net10.0/CakeOS.Cui.Core.dll
  Haven.Core -> /workspace/team-c/c6/9to1 Workspace/shared/src/Haven.Core/bin/Release/net10.0/Haven.Core.dll
/workspace/team-c/c6/9to1 Workspace/shared/src/Haven.Application/Canvas/CanvasArtifactSession.cs(511,50): error CS1593: Delegate 'Func<CanvasChangeEvent, bool>' does not take 2 arguments [/workspace/team-c/c6/9to1 Workspace/shared/src/Haven.Application/Haven.Application.csproj]
Exception: /workspace/team-c/c6/eng/9to1.ps1:35
Line |
  35 |          throw "Command failed ($LASTEXITCODE): $FilePath $($Arguments …
     |          ~~~~~~~~~~~~~~~~~~~~~~~~~~~~~~~~~~~~~~~~~~~~~~~~~~~~~~~~~~~~~
     | Command failed (1): dotnet test /workspace/team-c/c6/9to1
     | Workspace/Home/Tests/HavenOS.Home.Tests.csproj --configuration Release
