{"id": "c3-exact-cb4e114", "tested_commit": "cb4e1149f58f899c7f16c7f819a095cdb71af802", "worktree_status": "", "command": ["node", "--test", "cloud/billing/test/stripe-webhook.test.mjs"], "cwd": "/workspace/team-c/c3", "expected": "12 receipt/lease tests pass; no provider/business-effect claim", "started": "2026-10-03T17:05:59.612274+00:00"}
✔ C3-WH-01: verified receipt survives restart; replay does not duplicate receipt (no allocation consumer exists) (39.145686ms)
✔ C3-WH-02: byte tampering, stale/future signatures and duplicate timestamps cannot persist (4.637247ms)
✔ C3-WH-03: rotation accepts a matching v1 without JSON normalisation (1.633162ms)
✔ C3-WH-04: test/live separation fails closed, configuration required (1.85652ms)
✔ C3-WH-05: conflicting event identity cannot replace durable accepted facts (1.985064ms)
✔ C3-WH-06: database failure does not acknowledge delivery; retry recovers (2.42526ms)
✔ C3-WH-07: old events are receipts only and cannot overwrite newer subscription facts (2.66997ms)
✔ C3-WH-08: bounded body and malformed verified events leave no receipt (2.631962ms)
✔ C3-WH-09: concurrent claims have one owner; stale claim cannot complete after restart/recovery (3.894293ms)
✔ C3-WH-10: failed consumer becomes reconciliation-required, mode/token cannot steal ownership (2.107199ms)
✔ C3-WH-11: actual Worker fetch ignores execution context and durably accepts valid receipt (1.406718ms)
✔ C3-WH-12: lost acknowledgement after commit is safely retried against existing receipt (1.804731ms)
ℹ tests 12
ℹ suites 0
ℹ pass 12
ℹ fail 0
ℹ cancelled 0
ℹ skipped 0
ℹ todo 0
ℹ duration_ms 120.790445
