{"id": "c4-negative-baseline", "tested_commit": "f08c218cdd23767e81e0b58cb45d021368182a0f", "worktree_status": "", "command": ["/workspace/.tools/dotnet/dotnet", "test", "/tmp/c6-c4-negative/NegativeSites.Tests.csproj", "--logger", "trx", "--results-directory", "/tmp/c6-c4-negative-results"], "cwd": "/workspace/team-c/c4", "expected": "Negative control must detect stale challenge mutations (expected nonzero failure)", "started": "2026-10-03T17:07:16.974391+00:00"}
  Determining projects to restore...
  Restored /tmp/c6-c4-negative/NegativeSites.Tests.csproj (in 220 ms).
  1 of 2 projects are up-to-date for restore.
  Haven.Core -> /workspace/team-c/c4/9to1 Workspace/shared/src/Haven.Core/bin/Debug/net10.0/Haven.Core.dll
  NegativeSites.Tests -> /tmp/c6-c4-negative/bin/Debug/net10.0/NegativeSites.Tests.dll
Test run for /tmp/c6-c4-negative/bin/Debug/net10.0/NegativeSites.Tests.dll (.NETCoreApp,Version=v10.0)
A total of 1 test files matched the specified pattern.
[xUnit.net 00:00:00.35]     HavenOS.Apps.Sites.Tests.SiteDomainVerificationTests.Stale_dns_response_cannot_modify_rotated_challenge(matching: False) [FAIL]
[xUnit.net 00:00:00.39]     HavenOS.Apps.Sites.Tests.SiteDomainVerificationTests.Stale_negative_dns_response_cannot_revoke_concurrently_verified_ownership [FAIL]
  Failed HavenOS.Apps.Sites.Tests.SiteDomainVerificationTests.Stale_dns_response_cannot_modify_rotated_challenge(matching: False) [183 ms]
  Error Message:
   Assert.Equal() Failure: Strings differ
                             ↓ (pos 18)
Expected: "DomainVerificationExpired"
Actual:   "DomainVerificationPending"
                             ↑ (pos 18)
  Stack Trace:
     at HavenOS.Apps.Sites.Tests.SiteDomainVerificationTests.Stale_dns_response_cannot_modify_rotated_challenge(Boolean matching) in /workspace/team-c/c4/9to1 Workspace/Sites/Tests/SiteDomainVerificationTests.cs:line 58
--- End of stack trace from previous location ---
  Failed HavenOS.Apps.Sites.Tests.SiteDomainVerificationTests.Stale_negative_dns_response_cannot_revoke_concurrently_verified_ownership [11 ms]
  Error Message:
   Assert.Equal() Failure: Strings differ
                             ↓ (pos 18)
Expected: "DomainVerificationExpired"
Actual:   "DomainVerificationPending"
                             ↑ (pos 18)
  Stack Trace:
     at HavenOS.Apps.Sites.Tests.SiteDomainVerificationTests.Stale_negative_dns_response_cannot_revoke_concurrently_verified_ownership() in /workspace/team-c/c4/9to1 Workspace/Sites/Tests/SiteDomainVerificationTests.cs:line 82
--- End of stack trace from previous location ---
Results File: /tmp/c6-c4-negative-results/_5f26f397bc73_2026-10-03_17_07_19_net10.0.trx

Failed!  - Failed:     2, Passed:     7, Skipped:     0, Total:     9, Duration: 258 ms - NegativeSites.Tests.dll (net10.0)
