<?xml version="1.0" encoding="utf-8"?>
<TestRun id="543a8462-fbaf-40fb-b279-480e97806877" name="@5f26f397bc73 2026-10-03 17:06:49" xmlns="http://microsoft.com/schemas/VisualStudio/TeamTest/2010">
  <Times creation="2026-10-03T17:06:49.9589019+00:00" queuing="2026-10-03T17:06:49.9589019+00:00" start="2026-10-03T17:06:49.1280888+00:00" finish="2026-10-03T17:06:49.9635206+00:00" />
  <TestSettings name="default" id="a5ae4c47-5ce7-48de-9214-aa92cfc8891f">
    <Deployment runDeploymentRoot="_5f26f397bc73_2026-10-03_17_06_49" />
  </TestSettings>
  <Results>
    <UnitTestResult executionId="c52efbca-56ea-41db-810b-468bab5e0638" testId="b9266dbe-1c66-2525-1241-ebdf367df88f" testName="HavenOS.Apps.Sites.Tests.SiteDomainVerificationTests.Stale_dns_response_cannot_modify_rotated_challenge(matching: False)" computerName="5f26f397bc73" duration="00:00:00.0039536" startTime="2026-10-03T17:06:49.8219376+00:00" endTime="2026-10-03T17:06:49.8260717+00:00" testType="13cdc9d9-ddb5-4fa4-a97d-d965ccfc6d4b" outcome="Passed" testListId="8c84fa94-04c1-424b-9868-57a2d4851a1d" relativeResultsDirectory="c52efbca-56ea-41db-810b-468bab5e0638" />
    <UnitTestResult executionId="88f0ebb8-19b8-45ad-b736-8d71e4e3032f" testId="bb3284d8-deac-4f7b-7b02-4c615b480ee8" testName="HavenOS.Apps.Sites.Tests.SiteDomainVerificationTests.Second_site_cannot_take_verified_domain" computerName="5f26f397bc73" duration="00:00:00.0052246" startTime="2026-10-03T17:06:49.8501912+00:00" endTime="2026-10-03T17:06:49.8556703+00:00" testType="13cdc9d9-ddb5-4fa4-a97d-d965ccfc6d4b" outcome="Passed" testListId="8c84fa94-04c1-424b-9868-57a2d4851a1d" relativeResultsDirectory="88f0ebb8-19b8-45ad-b736-8d71e4e3032f" />
    <UnitTestResult executionId="896911bf-c543-4b88-b37a-30650c5d9ecc" testId="0df941cc-56da-d116-f0b0-e1ab573add5c" testName="HavenOS.Apps.Sites.Tests.SiteDomainVerificationTests.Expired_challenge_fails_without_dns_lookup_and_preserves_token_history" computerName="5f26f397bc73" duration="00:00:00.0046951" startTime="2026-10-03T17:06:49.8558009+00:00" endTime="2026-10-03T17:06:49.8606744+00:00" testType="13cdc9d9-ddb5-4fa4-a97d-d965ccfc6d4b" outcome="Passed" testListId="8c84fa94-04c1-424b-9868-57a2d4851a1d" relativeResultsDirectory="896911bf-c543-4b88-b37a-30650c5d9ecc" />
    <UnitTestResult executionId="30ac41f1-0ecc-49a9-8ef8-cf438ec0cf0f" testId="90b018e8-de99-a7a3-cf4b-4a70fecf053c" testName="HavenOS.Apps.Sites.Tests.SiteDomainVerificationTests.Stale_negative_dns_response_cannot_revoke_concurrently_verified_ownership" computerName="5f26f397bc73" duration="00:00:00.0133890" startTime="2026-10-03T17:06:49.8262439+00:00" endTime="2026-10-03T17:06:49.8398539+00:00" testType="13cdc9d9-ddb5-4fa4-a97d-d965ccfc6d4b" outcome="Passed" testListId="8c84fa94-04c1-424b-9868-57a2d4851a1d" relativeResultsDirectory="30ac41f1-0ecc-49a9-8ef8-cf438ec0cf0f" />
    <UnitTestResult executionId="ef3e5cc6-8ab7-4454-bfb6-b236bd63846f" testId="df04e1d7-e238-d96e-ee9b-ff5e400a841d" testName="HavenOS.Apps.Sites.Tests.SiteDomainVerificationTests.Matching_challenge_commits_site_bound_ownership_and_survives_reopen" computerName="5f26f397bc73" duration="00:00:00.0062915" startTime="2026-10-03T17:06:49.8400110+00:00" endTime="2026-10-03T17:06:49.8465185+00:00" testType="13cdc9d9-ddb5-4fa4-a97d-d965ccfc6d4b" outcome="Passed" testListId="8c84fa94-04c1-424b-9868-57a2d4851a1d" relativeResultsDirectory="ef3e5cc6-8ab7-4454-bfb6-b236bd63846f" />
    <UnitTestResult executionId="3c17f980-258b-4b31-8294-3da613f101fc" testId="a738cd42-89ee-fe1e-c9ac-e6a1978e53bd" testName="HavenOS.Apps.Sites.Tests.SiteDomainVerificationTests.Wrong_txt_token_cannot_verify_domain" computerName="5f26f397bc73" duration="00:00:00.0173021" startTime="2026-10-03T17:06:49.8020279+00:00" endTime="2026-10-03T17:06:49.8123033+00:00" testType="13cdc9d9-ddb5-4fa4-a97d-d965ccfc6d4b" outcome="Passed" testListId="8c84fa94-04c1-424b-9868-57a2d4851a1d" relativeResultsDirectory="3c17f980-258b-4b31-8294-3da613f101fc" />
    <UnitTestResult executionId="191ad57c-107c-407b-98a5-a127e37e372a" testId="41a7f9f4-b1a9-71ad-3fda-f460b5e9f889" testName="HavenOS.Apps.Sites.Tests.SiteDomainVerificationTests.Stale_dns_response_cannot_modify_rotated_challenge(matching: True)" computerName="5f26f397bc73" duration="00:00:00.0091684" startTime="2026-10-03T17:06:49.8128485+00:00" endTime="2026-10-03T17:06:49.8218254+00:00" testType="13cdc9d9-ddb5-4fa4-a97d-d965ccfc6d4b" outcome="Passed" testListId="8c84fa94-04c1-424b-9868-57a2d4851a1d" relativeResultsDirectory="191ad57c-107c-407b-98a5-a127e37e372a" />
    <UnitTestResult executionId="ee426608-61d1-4905-8c3a-b3a98572899f" testId="36139b8c-76e1-8686-eecb-e28929bc410f" testName="HavenOS.Apps.Sites.Tests.SiteDomainVerificationTests.Resolver_failure_preserves_metadata_for_retry" computerName="5f26f397bc73" duration="00:00:00.1751612" startTime="2026-10-03T17:06:49.6110262+00:00" endTime="2026-10-03T17:06:49.7932103+00:00" testType="13cdc9d9-ddb5-4fa4-a97d-d965ccfc6d4b" outcome="Passed" testListId="8c84fa94-04c1-424b-9868-57a2d4851a1d" relativeResultsDirectory="ee426608-61d1-4905-8c3a-b3a98572899f" />
    <UnitTestResult executionId="96d4c27d-0a76-4897-8f1a-624e3b195e48" testId="23157fc8-e079-ec14-10f7-ca8cc76d6b37" testName="HavenOS.Apps.Sites.Tests.SiteDomainVerificationTests.Denied_permission_performs_no_dns_lookup_or_metadata_mutation" computerName="5f26f397bc73" duration="00:00:00.0032907" startTime="2026-10-03T17:06:49.8466379+00:00" endTime="2026-10-03T17:06:49.8500754+00:00" testType="13cdc9d9-ddb5-4fa4-a97d-d965ccfc6d4b" outcome="Passed" testListId="8c84fa94-04c1-424b-9868-57a2d4851a1d" relativeResultsDirectory="96d4c27d-0a76-4897-8f1a-624e3b195e48" />
  </Results>
  <TestDefinitions>
    <UnitTest name="HavenOS.Apps.Sites.Tests.SiteDomainVerificationTests.Expired_challenge_fails_without_dns_lookup_and_preserves_token_history" storage="/tmp/c6-c4-harness/bin/debug/net10.0/actualsites.tests.dll" id="0df941cc-56da-d116-f0b0-e1ab573add5c">
      <Execution id="896911bf-c543-4b88-b37a-30650c5d9ecc" />
      <TestMethod codeBase="/tmp/c6-c4-harness/bin/Debug/net10.0/ActualSites.Tests.dll" adapterTypeName="executor://xunit/VsTestRunner3/netcore/" className="HavenOS.Apps.Sites.Tests.SiteDomainVerificationTests" name="Expired_challenge_fails_without_dns_lookup_and_preserves_token_history" />
    </UnitTest>
    <UnitTest name="HavenOS.Apps.Sites.Tests.SiteDomainVerificationTests.Stale_negative_dns_response_cannot_revoke_concurrently_verified_ownership" storage="/tmp/c6-c4-harness/bin/debug/net10.0/actualsites.tests.dll" id="90b018e8-de99-a7a3-cf4b-4a70fecf053c">
      <Execution id="30ac41f1-0ecc-49a9-8ef8-cf438ec0cf0f" />
      <TestMethod codeBase="/tmp/c6-c4-harness/bin/Debug/net10.0/ActualSites.Tests.dll" adapterTypeName="executor://xunit/VsTestRunner3/netcore/" className="HavenOS.Apps.Sites.Tests.SiteDomainVerificationTests" name="Stale_negative_dns_response_cannot_revoke_concurrently_verified_ownership" />
    </UnitTest>
    <UnitTest name="HavenOS.Apps.Sites.Tests.SiteDomainVerificationTests.Second_site_cannot_take_verified_domain" storage="/tmp/c6-c4-harness/bin/debug/net10.0/actualsites.tests.dll" id="bb3284d8-deac-4f7b-7b02-4c615b480ee8">
      <Execution id="88f0ebb8-19b8-45ad-b736-8d71e4e3032f" />
      <TestMethod codeBase="/tmp/c6-c4-harness/bin/Debug/net10.0/ActualSites.Tests.dll" adapterTypeName="executor://xunit/VsTestRunner3/netcore/" className="HavenOS.Apps.Sites.Tests.SiteDomainVerificationTests" name="Second_site_cannot_take_verified_domain" />
    </UnitTest>
    <UnitTest name="HavenOS.Apps.Sites.Tests.SiteDomainVerificationTests.Stale_dns_response_cannot_modify_rotated_challenge(matching: False)" storage="/tmp/c6-c4-harness/bin/debug/net10.0/actualsites.tests.dll" id="b9266dbe-1c66-2525-1241-ebdf367df88f">
      <Execution id="c52efbca-56ea-41db-810b-468bab5e0638" />
      <TestMethod codeBase="/tmp/c6-c4-harness/bin/Debug/net10.0/ActualSites.Tests.dll" adapterTypeName="executor://xunit/VsTestRunner3/netcore/" className="HavenOS.Apps.Sites.Tests.SiteDomainVerificationTests" name="Stale_dns_response_cannot_modify_rotated_challenge" />
    </UnitTest>
    <UnitTest name="HavenOS.Apps.Sites.Tests.SiteDomainVerificationTests.Denied_permission_performs_no_dns_lookup_or_metadata_mutation" storage="/tmp/c6-c4-harness/bin/debug/net10.0/actualsites.tests.dll" id="23157fc8-e079-ec14-10f7-ca8cc76d6b37">
      <Execution id="96d4c27d-0a76-4897-8f1a-624e3b195e48" />
      <TestMethod codeBase="/tmp/c6-c4-harness/bin/Debug/net10.0/ActualSites.Tests.dll" adapterTypeName="executor://xunit/VsTestRunner3/netcore/" className="HavenOS.Apps.Sites.Tests.SiteDomainVerificationTests" name="Denied_permission_performs_no_dns_lookup_or_metadata_mutation" />
    </UnitTest>
    <UnitTest name="HavenOS.Apps.Sites.Tests.SiteDomainVerificationTests.Wrong_txt_token_cannot_verify_domain" storage="/tmp/c6-c4-harness/bin/debug/net10.0/actualsites.tests.dll" id="a738cd42-89ee-fe1e-c9ac-e6a1978e53bd">
      <Execution id="3c17f980-258b-4b31-8294-3da613f101fc" />
      <TestMethod codeBase="/tmp/c6-c4-harness/bin/Debug/net10.0/ActualSites.Tests.dll" adapterTypeName="executor://xunit/VsTestRunner3/netcore/" className="HavenOS.Apps.Sites.Tests.SiteDomainVerificationTests" name="Wrong_txt_token_cannot_verify_domain" />
    </UnitTest>
    <UnitTest name="HavenOS.Apps.Sites.Tests.SiteDomainVerificationTests.Matching_challenge_commits_site_bound_ownership_and_survives_reopen" storage="/tmp/c6-c4-harness/bin/debug/net10.0/actualsites.tests.dll" id="df04e1d7-e238-d96e-ee9b-ff5e400a841d">
      <Execution id="ef3e5cc6-8ab7-4454-bfb6-b236bd63846f" />
      <TestMethod codeBase="/tmp/c6-c4-harness/bin/Debug/net10.0/ActualSites.Tests.dll" adapterTypeName="executor://xunit/VsTestRunner3/netcore/" className="HavenOS.Apps.Sites.Tests.SiteDomainVerificationTests" name="Matching_challenge_commits_site_bound_ownership_and_survives_reopen" />
    </UnitTest>
    <UnitTest name="HavenOS.Apps.Sites.Tests.SiteDomainVerificationTests.Resolver_failure_preserves_metadata_for_retry" storage="/tmp/c6-c4-harness/bin/debug/net10.0/actualsites.tests.dll" id="36139b8c-76e1-8686-eecb-e28929bc410f">
      <Execution id="ee426608-61d1-4905-8c3a-b3a98572899f" />
      <TestMethod codeBase="/tmp/c6-c4-harness/bin/Debug/net10.0/ActualSites.Tests.dll" adapterTypeName="executor://xunit/VsTestRunner3/netcore/" className="HavenOS.Apps.Sites.Tests.SiteDomainVerificationTests" name="Resolver_failure_preserves_metadata_for_retry" />
    </UnitTest>
    <UnitTest name="HavenOS.Apps.Sites.Tests.SiteDomainVerificationTests.Stale_dns_response_cannot_modify_rotated_challenge(matching: True)" storage="/tmp/c6-c4-harness/bin/debug/net10.0/actualsites.tests.dll" id="41a7f9f4-b1a9-71ad-3fda-f460b5e9f889">
      <Execution id="191ad57c-107c-407b-98a5-a127e37e372a" />
      <TestMethod codeBase="/tmp/c6-c4-harness/bin/Debug/net10.0/ActualSites.Tests.dll" adapterTypeName="executor://xunit/VsTestRunner3/netcore/" className="HavenOS.Apps.Sites.Tests.SiteDomainVerificationTests" name="Stale_dns_response_cannot_modify_rotated_challenge" />
    </UnitTest>
  </TestDefinitions>
  <TestEntries>
    <TestEntry testId="b9266dbe-1c66-2525-1241-ebdf367df88f" executionId="c52efbca-56ea-41db-810b-468bab5e0638" testListId="8c84fa94-04c1-424b-9868-57a2d4851a1d" />
    <TestEntry testId="bb3284d8-deac-4f7b-7b02-4c615b480ee8" executionId="88f0ebb8-19b8-45ad-b736-8d71e4e3032f" testListId="8c84fa94-04c1-424b-9868-57a2d4851a1d" />
    <TestEntry testId="0df941cc-56da-d116-f0b0-e1ab573add5c" executionId="896911bf-c543-4b88-b37a-30650c5d9ecc" testListId="8c84fa94-04c1-424b-9868-57a2d4851a1d" />
    <TestEntry testId="90b018e8-de99-a7a3-cf4b-4a70fecf053c" executionId="30ac41f1-0ecc-49a9-8ef8-cf438ec0cf0f" testListId="8c84fa94-04c1-424b-9868-57a2d4851a1d" />
    <TestEntry testId="df04e1d7-e238-d96e-ee9b-ff5e400a841d" executionId="ef3e5cc6-8ab7-4454-bfb6-b236bd63846f" testListId="8c84fa94-04c1-424b-9868-57a2d4851a1d" />
    <TestEntry testId="a738cd42-89ee-fe1e-c9ac-e6a1978e53bd" executionId="3c17f980-258b-4b31-8294-3da613f101fc" testListId="8c84fa94-04c1-424b-9868-57a2d4851a1d" />
    <TestEntry testId="41a7f9f4-b1a9-71ad-3fda-f460b5e9f889" executionId="191ad57c-107c-407b-98a5-a127e37e372a" testListId="8c84fa94-04c1-424b-9868-57a2d4851a1d" />
    <TestEntry testId="36139b8c-76e1-8686-eecb-e28929bc410f" executionId="ee426608-61d1-4905-8c3a-b3a98572899f" testListId="8c84fa94-04c1-424b-9868-57a2d4851a1d" />
    <TestEntry testId="23157fc8-e079-ec14-10f7-ca8cc76d6b37" executionId="96d4c27d-0a76-4897-8f1a-624e3b195e48" testListId="8c84fa94-04c1-424b-9868-57a2d4851a1d" />
  </TestEntries>
  <TestLists>
    <TestList name="Results Not in a List" id="8c84fa94-04c1-424b-9868-57a2d4851a1d" />
    <TestList name="All Loaded Results" id="19431567-8539-422a-85d7-44ee4e166bda" />
  </TestLists>
  <ResultSummary outcome="Completed">
    <Counters total="9" executed="9" passed="9" failed="0" error="0" timeout="0" aborted="0" inconclusive="0" passedButRunAborted="0" notRunnable="0" notExecuted="0" disconnected="0" warning="0" completed="0" inProgress="0" pending="0" />
    <Output>
      <StdOut>[xUnit.net 00:00:00.00] xUnit.net VSTest Adapter v3.1.5+1b188a7b0a (64-bit .NET 10.0.12)
[xUnit.net 00:00:00.07]   Discovering: ActualSites.Tests
[xUnit.net 00:00:00.12]   Discovered:  ActualSites.Tests
[xUnit.net 00:00:00.14]   Starting:    ActualSites.Tests
[xUnit.net 00:00:00.41]   Finished:    ActualSites.Tests
</StdOut>
    </Output>
  </ResultSummary>
</TestRun>