Fontconfig error: No writable cache directories
Fontconfig error: No writable cache directories
Fontconfig error: No writable cache directories
Fontconfig error: No writable cache directories
Fontconfig error: No writable cache directories
Fontconfig error: No writable cache directories
Fontconfig error: No writable cache directories
Fontconfig error: No writable cache directories
Fontconfig error: No writable cache directories
Fontconfig error: No writable cache directories
Fontconfig error: No writable cache directories
Fontconfig error: No writable cache directories
Fontconfig error: No writable cache directories
Fontconfig error: No writable cache directories
Fontconfig error: No writable cache directories
Fontconfig error: No writable cache directories
Fontconfig error: No writable cache directories
Fontconfig error: No writable cache directories
Fontconfig error: No writable cache directories
Fontconfig error: No writable cache directories
Fontconfig error: No writable cache directories
Fontconfig error: No writable cache directories
Fontconfig error: No writable cache directories
Fontconfig error: No writable cache directories
Fontconfig error: No writable cache directories
Fontconfig error: No writable cache directories
Fontconfig error: No writable cache directories
Fontconfig error: No writable cache directories
Fontconfig error: No writable cache directories
Unhandled exception. System.ArgumentException: An item with the same key has already been added. Key: PART_ContentPresenter
   at System.Collections.Generic.Dictionary`2.TryInsert(TKey key, TValue value, InsertionBehavior behavior)
   at System.Collections.Generic.Dictionary`2.Add(TKey key, TValue value)
   at System.Linq.Enumerable.ToDictionary[TSource,TKey](IEnumerable`1 source, Func`2 keySelector, IEqualityComparer`1 comparer)
   at Program.<>c__DisplayClass0_0.<<Main>$>b__0() in /workspace/team-b-astra-browser-validation/apps/Web/Tests/HomeLayoutRegression.cs:line 42
   at Avalonia.Headless.HeadlessUnitTestSession.<>c__DisplayClass10_0`1.<Dispatch>b__0() in /workspace/team-b-astra-browser-validation/framework/CUI/vendor/Avalonia/src/Headless/Avalonia.Headless/HeadlessUnitTestSession.cs:line 63
   at Avalonia.Headless.HeadlessUnitTestSession.<>c__DisplayClass12_0`1.<DispatchCore>b__0() in /workspace/team-b-astra-browser-validation/framework/CUI/vendor/Avalonia/src/Headless/Avalonia.Headless/HeadlessUnitTestSession.cs:line 104
--- End of stack trace from previous location ---
   at Program.<Main>$(String[] args) in /workspace/team-b-astra-browser-validation/apps/Web/Tests/HomeLayoutRegression.cs:line 16
   at Program.<Main>$(String[] args) in /workspace/team-b-astra-browser-validation/apps/Web/Tests/HomeLayoutRegression.cs:line 66
   at Program.<Main>(String[] args)
