{
  "sourcePath": "/workspace/team-b-astra-browser-validation/9to1 Workspace/Home/UI/Home.cui",
  "bounds": [
    {
      "id": "welcome-heading",
      "x": 200,
      "y": 56,
      "width": 684,
      "height": 184
    },
    {
      "id": "welcome-copy",
      "x": 200,
      "y": 56,
      "width": 684,
      "height": 184
    },
    {
      "id": "dashboard-brief",
      "x": 200,
      "y": 56,
      "width": 684,
      "height": 184
    },
    {
      "id": "home-hero",
      "x": 200,
      "y": 56,
      "width": 684,
      "height": 184
    },
    {
      "id": "operation-status",
      "x": 200,
      "y": 56,
      "width": 684,
      "height": 184
    },
    {
      "id": "navigation-status",
      "x": 200,
      "y": 56,
      "width": 684,
      "height": 184
    },
    {
      "id": "app-shortcuts",
      "x": 200,
      "y": 56,
      "width": 684,
      "height": 184
    },
    {
      "id": "upcoming-events",
      "x": 200,
      "y": 56,
      "width": 684,
      "height": 184
    },
    {
      "id": "dashboard-layout-controls",
      "x": 200,
      "y": 56,
      "width": 684,
      "height": 184
    }
  ],
  "checks": [
    {
      "name": "welcome-copy follows welcome-heading",
      "passed": false,
      "beforeBottom": 240,
      "afterTop": 56
    },
    {
      "name": "dashboard-brief follows welcome-copy",
      "passed": false,
      "beforeBottom": 240,
      "afterTop": 56
    },
    {
      "name": "home-hero follows dashboard-brief",
      "passed": false,
      "beforeBottom": 240,
      "afterTop": 56
    },
    {
      "name": "operation-status follows home-hero",
      "passed": false,
      "beforeBottom": 240,
      "afterTop": 56
    },
    {
      "name": "navigation-status follows operation-status",
      "passed": false,
      "beforeBottom": 240,
      "afterTop": 56
    },
    {
      "name": "app-shortcuts follows navigation-status",
      "passed": false,
      "beforeBottom": 240,
      "afterTop": 56
    },
    {
      "name": "upcoming-events follows app-shortcuts",
      "passed": false,
      "beforeBottom": 240,
      "afterTop": 56
    },
    {
      "name": "dashboard-layout-controls follows upcoming-events",
      "passed": false,
      "beforeBottom": 240,
      "afterTop": 56
    }
  ]
}
Unhandled exception. System.InvalidOperationException: Home sequential layout failed 8 assertions.
   at Program.<Main>$(String[] args) in /workspace/team-b-astra-browser-validation/apps/Web/Tests/HomeLayoutRegression.cs:line 66
   at Program.<Main>$(String[] args) in /workspace/team-b-astra-browser-validation/apps/Web/Tests/HomeLayoutRegression.cs:line 67
   at Program.<Main>(String[] args)
