  DevAnalyzers -> D:\a\_temp\home-original-37224785297-1\artifacts\bin\DevAnalyzers\release\DevAnalyzers.dll
  Avalonia.Analyzers.CSharp -> D:\a\_temp\home-original-37224785297-1\artifacts\bin\Avalonia.Analyzers.CSharp\release\Avalonia.Analyzers.CSharp.dll
  Avalonia.Analyzers.CodeFixes.CSharp -> D:\a\_temp\home-original-37224785297-1\artifacts\bin\Avalonia.Analyzers.CodeFixes.CSharp\release\Avalonia.Analyzers.CodeFixes.CSharp.dll
  Avalonia.Analyzers.VisualBasic -> D:\a\_temp\home-original-37224785297-1\artifacts\bin\Avalonia.Analyzers.VisualBasic\release\Avalonia.Analyzers.VisualBasic.dll
  DevGenerators -> D:\a\_temp\home-original-37224785297-1\artifacts\bin\DevGenerators\release\DevGenerators.dll
  Avalonia.Base -> D:\a\_temp\home-original-37224785297-1\artifacts\bin\Avalonia.Base\release_net10.0\Avalonia.Base.dll
  Avalonia.Remote.Protocol -> D:\a\_temp\home-original-37224785297-1\artifacts\bin\Avalonia.Remote.Protocol\release_net10.0\Avalonia.Remote.Protocol.dll
  Avalonia.Controls -> D:\a\_temp\home-original-37224785297-1\artifacts\bin\Avalonia.Controls\release_net10.0\Avalonia.Controls.dll
  Avalonia.OpenGL -> D:\a\_temp\home-original-37224785297-1\artifacts\bin\Avalonia.OpenGL\release_net10.0\Avalonia.OpenGL.dll
  Avalonia.Vulkan -> D:\a\_temp\home-original-37224785297-1\artifacts\bin\Avalonia.Vulkan\release_net10.0\Avalonia.Vulkan.dll
  Avalonia.Metal -> D:\a\_temp\home-original-37224785297-1\artifacts\bin\Avalonia.Metal\release_net10.0\Avalonia.Metal.dll
  Avalonia.Skia -> D:\a\_temp\home-original-37224785297-1\artifacts\bin\Avalonia.Skia\release_net10.0\Avalonia.Skia.dll
  Avalonia.HarfBuzz -> D:\a\_temp\home-original-37224785297-1\artifacts\bin\Avalonia.HarfBuzz\release_net10.0\Avalonia.HarfBuzz.dll
  Avalonia.Build.Tasks -> D:\a\_temp\home-original-37224785297-1\artifacts\bin\Avalonia.Build.Tasks\release\Avalonia.Build.Tasks.dll
D:\a\9to1\9to1\framework\CUI\vendor\Avalonia\build\upstream-resource-targets\AvaloniaBuildTasks.targets(100,5): error MSB4062: The "GenerateAvaloniaResourcesTask" task could not be loaded from the assembly D:\a\9to1\9to1\framework\CUI\vendor\Avalonia\build\\..\src\Avalonia.Build.Tasks\bin\Release\netstandard2.0\Avalonia.Build.Tasks.dll. Could not load file or assembly 'D:\a\9to1\9to1\framework\CUI\vendor\Avalonia\build\\..\src\Avalonia.Build.Tasks\bin\Release\netstandard2.0\Avalonia.Build.Tasks.dll'. The system cannot find the file specified. Confirm that the <UsingTask> declaration is correct, that the assembly and all its dependencies are available, and that the task contains a public class that implements Microsoft.Build.Framework.ITask. [D:\a\9to1\9to1\framework\CUI\vendor\Avalonia\src\Avalonia.Fonts.Inter\Avalonia.Fonts.Inter.csproj::TargetFramework=net10.0]
  Avalonia.MicroCom -> D:\a\_temp\home-original-37224785297-1\artifacts\bin\Avalonia.MicroCom\release_net10.0\Avalonia.MicroCom.dll
  Avalonia.Win32.Automation -> D:\a\_temp\home-original-37224785297-1\artifacts\bin\Avalonia.Win32.Automation\release_net10.0\Avalonia.Win32.Automation.dll
  Parsing WinRT\winrt.idl
  Writing C# interop code to WinRT\WinRT.Generated.cs
  Parsing Win32Com\win32.idl
  Writing C# interop code to Win32Com\Win32.Generated.cs
  Parsing DirectX\directx.idl
  Writing C# interop code to DirectX\directx.Generated.cs
  Parsing DComposition\dcomp.idl
  Writing C# interop code to DComposition\DComp.Generated.cs
  Avalonia.Win32 -> D:\a\_temp\home-original-37224785297-1\artifacts\bin\Avalonia.Win32\release_net10.0\Avalonia.Win32.dll
  Avalonia.Markup -> D:\a\_temp\home-original-37224785297-1\artifacts\bin\Avalonia.Markup\release_net10.0\Avalonia.Markup.dll
  Avalonia.Markup.Xaml -> D:\a\_temp\home-original-37224785297-1\artifacts\bin\Avalonia.Markup.Xaml\release_net10.0\Avalonia.Markup.Xaml.dll
  Avalonia.DesignerSupport -> D:\a\_temp\home-original-37224785297-1\artifacts\bin\Avalonia.DesignerSupport\release_net10.0\Avalonia.DesignerSupport.dll
D:\a\9to1\9to1\framework\CUI\vendor\Avalonia\build\upstream-resource-targets\AvaloniaBuildTasks.targets(100,5): error MSB4062: The "GenerateAvaloniaResourcesTask" task could not be loaded from the assembly D:\a\9to1\9to1\framework\CUI\vendor\Avalonia\build\\..\src\Avalonia.Build.Tasks\bin\Release\netstandard2.0\Avalonia.Build.Tasks.dll. Could not load file or assembly 'D:\a\9to1\9to1\framework\CUI\vendor\Avalonia\build\\..\src\Avalonia.Build.Tasks\bin\Release\netstandard2.0\Avalonia.Build.Tasks.dll'. The system cannot find the file specified. Confirm that the <UsingTask> declaration is correct, that the assembly and all its dependencies are available, and that the task contains a public class that implements Microsoft.Build.Framework.ITask. [D:\a\9to1\9to1\framework\CUI\vendor\Avalonia\src\Avalonia.Dialogs\Avalonia.Dialogs.csproj::TargetFramework=net10.0]
  Avalonia.DBus.Generators -> D:\a\_temp\home-original-37224785297-1\artifacts\bin\Avalonia.DBus.Generators\release\Avalonia.DBus.Generators.dll
  CakeOS.Cui.Language -> D:\a\_temp\home-original-37224785297-1\artifacts\bin\CakeOS.Cui.Language\release\CakeOS.Cui.Language.dll
  CakeOS.Cui.Core -> D:\a\_temp\home-original-37224785297-1\artifacts\bin\CakeOS.Cui.Core\release\CakeOS.Cui.Core.dll
  CakeOS.Cui.Themes -> D:\a\_temp\home-original-37224785297-1\artifacts\bin\CakeOS.Cui.Themes\release\CakeOS.Cui.Themes.dll
  Den -> D:\a\_temp\home-original-37224785297-1\artifacts\bin\Den\release\Den.dll
  Haven.Core -> D:\a\_temp\home-original-37224785297-1\artifacts\bin\Haven.Core\release\Haven.Core.dll
  NineToOne.Cui.AI -> D:\a\_temp\home-original-37224785297-1\artifacts\bin\NineToOne.Cui.AI\release\NineToOne.Cui.AI.dll
  Haven.Application -> D:\a\_temp\home-original-37224785297-1\artifacts\bin\Haven.Application\release\Haven.Application.dll
  Dulche.Runtime -> D:\a\_temp\home-original-37224785297-1\artifacts\bin\Dulche.Runtime\release\Dulche.Runtime.dll
  HavenOS.Home -> D:\a\_temp\home-original-37224785297-1\artifacts\bin\HavenOS.Home\release\HavenOS.Home.dll

Build FAILED.

D:\a\9to1\9to1\framework\CUI\vendor\Avalonia\build\upstream-resource-targets\AvaloniaBuildTasks.targets(100,5): error MSB4062: The "GenerateAvaloniaResourcesTask" task could not be loaded from the assembly D:\a\9to1\9to1\framework\CUI\vendor\Avalonia\build\\..\src\Avalonia.Build.Tasks\bin\Release\netstandard2.0\Avalonia.Build.Tasks.dll. Could not load file or assembly 'D:\a\9to1\9to1\framework\CUI\vendor\Avalonia\build\\..\src\Avalonia.Build.Tasks\bin\Release\netstandard2.0\Avalonia.Build.Tasks.dll'. The system cannot find the file specified. Confirm that the <UsingTask> declaration is correct, that the assembly and all its dependencies are available, and that the task contains a public class that implements Microsoft.Build.Framework.ITask. [D:\a\9to1\9to1\framework\CUI\vendor\Avalonia\src\Avalonia.Fonts.Inter\Avalonia.Fonts.Inter.csproj::TargetFramework=net10.0]
D:\a\9to1\9to1\framework\CUI\vendor\Avalonia\build\upstream-resource-targets\AvaloniaBuildTasks.targets(100,5): error MSB4062: The "GenerateAvaloniaResourcesTask" task could not be loaded from the assembly D:\a\9to1\9to1\framework\CUI\vendor\Avalonia\build\\..\src\Avalonia.Build.Tasks\bin\Release\netstandard2.0\Avalonia.Build.Tasks.dll. Could not load file or assembly 'D:\a\9to1\9to1\framework\CUI\vendor\Avalonia\build\\..\src\Avalonia.Build.Tasks\bin\Release\netstandard2.0\Avalonia.Build.Tasks.dll'. The system cannot find the file specified. Confirm that the <UsingTask> declaration is correct, that the assembly and all its dependencies are available, and that the task contains a public class that implements Microsoft.Build.Framework.ITask. [D:\a\9to1\9to1\framework\CUI\vendor\Avalonia\src\Avalonia.Dialogs\Avalonia.Dialogs.csproj::TargetFramework=net10.0]
    0 Warning(s)
    2 Error(s)

Time Elapsed 00:01:22.79
