Test run for /home/runner/work/9to1/9to1/artifacts/root14-managed-build/bin/NineToOne.Cui.AI.Tests/release_linux-x64/NineToOne.Cui.AI.Tests.dll (.NETCoreApp,Version=v10.0)
A total of 1 test files matched the specified pattern.
/home/runner/work/9to1/9to1/artifacts/root14-managed-build/bin/NineToOne.Cui.AI.Tests/release_linux-x64/NineToOne.Cui.AI.Tests.dll
[xUnit.net 00:00:00.00] xUnit.net VSTest Adapter v3.1.5+1b188a7b0a (64-bit .NET 10.0.12)
[xUnit.net 00:00:00.08]   Discovering: NineToOne.Cui.AI.Tests
[xUnit.net 00:00:00.15]   Discovered:  NineToOne.Cui.AI.Tests
[xUnit.net 00:00:00.18]   Starting:    NineToOne.Cui.AI.Tests
  Passed InvocationComposeTests.EmptyComposeAndTokenDeletionHaveNoHiddenState [11 ms]
  Passed InvocationComposeTests.SearchAndInsertPreserveStableIdentityAtCaret [21 ms]
  Passed InvocationComposeTests.EditingTokenRevokesItsInvocationButEditingOutsidePreservesIt [< 1 ms]
  Passed InvocationComposeTests.ComputerUseRequiresExplicitTokenAndExcludesGameAndUnknownTargets [3 ms]
  Passed NineToOne.Cui.AI.Tests.AppAiCoordinatorTests.Boolean_only_legacy_verifier_never_claims_durable_completion [43 ms]
  Passed NineToOne.Cui.AI.Tests.AppAiCoordinatorTests.LiveDatabaseMutationDoesNotRunWithoutRecoverableBackup [1 ms]
  Passed NineToOne.Cui.AI.Tests.AppAiCoordinatorTests.Delayed_finish_acknowledges_audit_without_overwriting_newer_or_disposed_view(dispose: False) [23 ms]
  Passed NineToOne.Cui.AI.Tests.AppAiCoordinatorTests.Delayed_finish_acknowledges_audit_without_overwriting_newer_or_disposed_view(dispose: True) [3 ms]
  Passed NineToOne.Cui.AI.Tests.AppAiOwnerApprovalTests.Descriptor_flag_cannot_enable_owner_delegation_without_real_adapter_or_truthful_review_flags [32 ms]
  Passed NineToOne.Cui.AI.Tests.AppAiCoordinatorTests.Compact_selection_is_bar_scoped_never_persists_and_rechecks_availability_before_dispatch [7 ms]
  Passed NineToOne.Cui.AI.Tests.AppAiCoordinatorTests.ReviewedMutationUsesHomeApprovalTokenAndActionGraph [4 ms]
  Passed NineToOne.Cui.AI.Tests.AppAiOwnerApprovalTests.Shared_bar_retries_exact_host_action_without_model_regeneration_and_honours_current_readonly_mode [7 ms]
  Passed NineToOne.Cui.AI.Tests.AppAiOwnerApprovalTests.Owner_path_still_rejects_readonly_stale_and_changed_context_before_dispatch [1 ms]
  Passed NineToOne.Cui.AI.Tests.AppAiCoordinatorTests.FloatingBarStreamsAndCanBeReused [6 ms]
  Passed NineToOne.Cui.AI.Tests.AppAiOwnerApprovalTests.Explicit_owner_delegation_preserves_review_metadata_strips_token_and_waits_for_owner_result [5 ms]
  Passed NineToOne.Cui.AI.Tests.AppAiCoordinatorTests.DataMutationAlwaysRequiresPerActionApprovalAndBackupForLiveDatabase [1 ms]
  Passed ActionSchemaTests.InvalidTypedArgumentsFailClosed(json: "{\"id\":\"x\",\"count\":1,\"extra\":true}") [< 1 ms]
  Passed ActionSchemaTests.InvalidTypedArgumentsFailClosed(json: "{\"id\":\"x\",\"count\":0}") [< 1 ms]
  Passed ActionSchemaTests.InvalidTypedArgumentsFailClosed(json: "{\"id\":\"x\",\"count\":1,\"tags\":[1]}") [< 1 ms]
  Passed ActionSchemaTests.InvalidTypedArgumentsFailClosed(json: "{\"id\":\"x\",\"count\":\"1\"}") [< 1 ms]
  Passed ActionSchemaTests.InvalidTypedArgumentsFailClosed(json: "{}") [< 1 ms]
  Passed NineToOne.Cui.AI.Tests.AppAiCoordinatorTests.ReadOnlyModeIsDefaultAndCannotInvokeTypedMutations [2 ms]
  Passed ActionSchemaTests.SupportedSchemaAcceptsValidInputAndUnsupportedKeywordCannotBeIgnored [< 1 ms]
  Passed NineToOne.Cui.AI.Tests.AppAiCoordinatorTests.Model_requested_action_retains_only_coordinator_issued_audit_observation [3 ms]
  Passed NineToOne.Cui.AI.Tests.AppAiCoordinatorTests.ActionCannotCrossApplicationBoundary [< 1 ms]
[xUnit.net 00:00:00.42]   Finished:    NineToOne.Cui.AI.Tests
Data collector 'Blame' message: All tests finished running, Sequence file will not be generated.
  Passed NineToOne.Cui.AI.Tests.AppAiCoordinatorTests.Finish_of_older_audit_never_replaces_an_already_newer_response [2 ms]
  Passed NineToOne.Cui.AI.Tests.AppAiCoordinatorTests.Confirmed_owner_result_retains_audit_only_finish_without_reexecuting [14 ms]
  Passed NineToOne.Cui.AI.Tests.AppAiCoordinatorTests.SharedBarKeepsPersistentModeControlAndSemanticModelPickerInCui [34 ms]
  Passed NineToOne.Cui.AI.Tests.AppAiCoordinatorTests.Post_owner_graph_failure_preserves_observed_success_and_audit_handle [1 ms]
  Passed NineToOne.Cui.AI.Tests.AppAiCoordinatorTests.StaleRevisionAfterApprovalDoesNotRunAction [1 ms]
  Passed NineToOne.Cui.AI.Tests.AppAiCoordinatorTests.MissingHomeApprovalFailsClosed [< 1 ms]
  Passed NineToOne.Cui.AI.Tests.AppAiCoordinatorTests.Legacy_audit_transport_failure_preserves_owner_success_without_inventing_handle [1 ms]

Test Run Successful.
Total tests: 32
     Passed: 32
 Total time: 1.1317 Seconds
Results File: /home/runner/work/9to1/9to1/artifacts/desktop-visible-owning/trx/ai.trx
