Test run for /home/runner/work/9to1/9to1/artifacts/root14-managed-build/bin/Haven.Core.Tests/release_linux-x64/Haven.Core.Tests.dll (.NETCoreApp,Version=v10.0)
A total of 1 test files matched the specified pattern.
/home/runner/work/9to1/9to1/artifacts/root14-managed-build/bin/Haven.Core.Tests/release_linux-x64/Haven.Core.Tests.dll
[xUnit.net 00:00:00.00] xUnit.net VSTest Adapter v3.1.5+1b188a7b0a (64-bit .NET 10.0.12)
[xUnit.net 00:00:00.14]   Discovering: Haven.Core.Tests
[xUnit.net 00:00:00.30]   Discovered:  Haven.Core.Tests
[xUnit.net 00:00:00.33]   Starting:    Haven.Core.Tests
  Passed Haven.Core.Tests.FormCanonicalMathematicsTests.Private_graph_grading_admits_only_the_exact_question_and_explicit_manipulation_target [470 ms]
  Passed Haven.Core.Tests.FormCanonicalMathematicsTests.Private_expected_definition_configuration_changes_advance_only_its_own_revision_atomically [52 ms]
  Passed Haven.Core.Tests.FormCanonicalMathematicsTests.Repeated_graph_answer_edits_bind_original_question_and_reopen_without_fabricated_targets [335 ms]
  Passed Haven.Core.Tests.FormCanonicalMathematicsTests.Typed_numeric_answer_keeps_literal_identity_and_marking_after_checkpoint_restore [80 ms]
  Passed Haven.Core.Tests.FormCanonicalMathematicsTests.Existing_plain_form_bytes_decode_without_new_math_properties_and_keep_original_response_shape [5 ms]
  Passed Haven.Core.Tests.DataJunctionTableDesignTests.Junction_identity_or_name_collision_and_stale_preview_do_not_mutate_source [158 ms]
  Passed Haven.Core.Tests.DataJunctionTableDesignTests.Composite_junction_preserves_sources_and_enforces_both_foreign_keys_and_unique_associations [80 ms]
  Passed Haven.Core.Tests.GraphPublicationIntentTests.Explicit_configuration_budget_rejects_oversized_scalar_or_aggregate_before_clone(oversizedScalar: False) [7 ms]
  Passed Haven.Core.Tests.GraphPublicationIntentTests.Explicit_configuration_budget_rejects_oversized_scalar_or_aggregate_before_clone(oversizedScalar: True) [< 1 ms]
  Passed Haven.Core.Tests.GraphPublicationIntentTests.Claimed_small_node_count_stops_at_actual_existing_schema_budget_sentinel [39 ms]
  Passed Haven.Core.Tests.GraphPublicationIntentTests.Publication_detaches_caller_graph_and_complete_scope_tuple [20 ms]
  Passed Haven.Core.Tests.SharedMathObjectTests.Exact_numeric_rules_use_actual_value_without_discarding_the_submitted_literal(actual: "-0.05", expected: "-0.05", correct: True) [4 ms]
  Passed Haven.Core.Tests.SharedMathObjectTests.Exact_numeric_rules_use_actual_value_without_discarding_the_submitted_literal(actual: "1.20", expected: "1.2", correct: True) [3 ms]
  Passed Haven.Core.Tests.SharedMathObjectTests.Exact_numeric_rules_use_actual_value_without_discarding_the_submitted_literal(actual: "1", expected: "1.0000000000000000000000000001", correct: False) [3 ms]
  Passed Haven.Core.Tests.SharedMathObjectTests.Exact_numeric_rules_use_actual_value_without_discarding_the_submitted_literal(actual: "1.20e2", expected: "120", correct: True) [3 ms]
  Passed Haven.Core.Tests.SharedMathObjectTests.Precision_units_percentage_and_absolute_tolerance_have_explicit_boundaries [2 ms]
  Passed Haven.Core.Tests.SharedMathObjectTests.Unsupported_numeric_precision_or_representation_is_refused_instead_of_rounded(value: "1.") [< 1 ms]
  Passed Haven.Core.Tests.SharedMathObjectTests.Unsupported_numeric_precision_or_representation_is_refused_instead_of_rounded(value: "01") [< 1 ms]
  Passed Haven.Core.Tests.SharedMathObjectTests.Unsupported_numeric_precision_or_representation_is_refused_instead_of_rounded(value: "NaN") [< 1 ms]
  Passed Haven.Core.Tests.SharedMathObjectTests.Unsupported_numeric_precision_or_representation_is_refused_instead_of_rounded(value: "1e29") [< 1 ms]
  Passed Haven.Core.Tests.SharedMathObjectTests.Unsupported_numeric_precision_or_representation_is_refused_instead_of_rounded(value: "1.00000000000000000000000000001") [< 1 ms]
  Passed Haven.Core.Tests.SharedMathObjectTests.Graph_manipulation_marking_requires_actual_graded_target_identity_and_type [1 ms]
  Passed Haven.Core.Tests.SharedMathObjectTests.Capture_detaches_mutable_payloads_and_bounds_full_use_of_configured_arrays [31 ms]
  Passed Haven.Core.Tests.SharedMathObjectTests.All_eleven_typed_answers_round_trip_stable_identity_revision_and_representation [75 ms]
  Passed Haven.Core.Tests.SharedMathObjectTests.Graph_marking_compares_typed_coordinates_and_refuses_unavailable_equivalence [1 ms]
  Passed Haven.Core.Tests.SharedMathObjectTests.Strict_codec_rejects_future_schema_unknown_fields_duplicate_properties_and_unknown_union [6 ms]
  Passed Haven.Core.Tests.SharedMathEditorSessionTests.Stale_foreign_undeclared_and_partially_invalid_operations_leave_entire_graph_unchanged [50 ms]
  Passed Haven.Core.Tests.SharedMathEditorSessionTests.Graph_expression_references_require_exact_revisions_and_conflicts_are_atomic [57 ms]
  Passed Haven.Core.Tests.SharedMathEditorSessionTests.Point_then_manipulation_preserves_canonical_ID_and_captured_arrays_without_aliasing [62 ms]
  Passed Haven.Core.Tests.CanvasDurableHistoryTests.Corrupt_unknown_or_cross_document_history_is_rejected_without_reinterpreting(corruption: "current-revision") [87 ms]
  Passed Haven.Core.Tests.CanvasDurableHistoryTests.Corrupt_unknown_or_cross_document_history_is_rejected_without_reinterpreting(corruption: "owner") [1 ms]
  Passed Haven.Core.Tests.CanvasDurableHistoryTests.Corrupt_unknown_or_cross_document_history_is_rejected_without_reinterpreting(corruption: "schema") [1 ms]
[xUnit.net 00:00:02.41]   Finished:    Haven.Core.Tests
Data collector 'Blame' message: All tests finished running, Sequence file will not be generated.
  Passed Haven.Core.Tests.CanvasDurableHistoryTests.Corrupt_unknown_or_cross_document_history_is_rejected_without_reinterpreting(corruption: "foreign-snapshot") [2 ms]
  Passed Haven.Core.Tests.CanvasDurableHistoryTests.Corrupt_unknown_or_cross_document_history_is_rejected_without_reinterpreting(corruption: "nested") [1 ms]
  Passed Haven.Core.Tests.CanvasDurableHistoryTests.Corrupt_unknown_or_cross_document_history_is_rejected_without_reinterpreting(corruption: "hash") [< 1 ms]
  Passed Haven.Core.Tests.CanvasDurableHistoryTests.Owner_preparation_failure_stale_request_and_replay_do_not_mutate_or_repeat_donor_preparation [9 ms]
  Passed Haven.Core.Tests.CanvasDurableHistoryTests.Retention_lower_bound_saturates_without_overflow_or_partial_history_mutation [287 ms]
  Passed Haven.Core.Tests.CanvasDurableHistoryTests.Declared_retention_boundary_survives_reopen_and_missing_legacy_history_stays_unavailable [75 ms]
  Passed Haven.Core.Tests.CanvasDurableHistoryTests.Stale_history_request_cannot_change_current_document_or_retained_history [2 ms]
  Passed Haven.Core.Tests.CanvasDurableHistoryTests.Canonical_codec_reopen_preserves_undo_and_redo_with_new_revision [7 ms]

Test Run Successful.
Total tests: 40
     Passed: 40
 Total time: 3.1844 Seconds
Results File: /home/runner/work/9to1/9to1/artifacts/desktop-visible-owning/trx/core.trx
