Test run for /home/runner/work/9to1/9to1/artifacts/root14-managed-build/bin/Haven.Desktop.Tests/release_net10.0_linux-x64/Haven.Desktop.Tests.dll (.NETCoreApp,Version=v10.0)
A total of 1 test files matched the specified pattern.
/home/runner/work/9to1/9to1/artifacts/root14-managed-build/bin/Haven.Desktop.Tests/release_net10.0_linux-x64/Haven.Desktop.Tests.dll
[xUnit.net 00:00:00.00] xUnit.net VSTest Adapter v3.1.5+1b188a7b0a (64-bit .NET 10.0.12)
[xUnit.net 00:00:00.31]   Discovering: Haven.Desktop.Tests
[xUnit.net 00:00:01.06]   Discovered:  Haven.Desktop.Tests
[xUnit.net 00:00:01.33]   Starting:    Haven.Desktop.Tests
  Passed Haven.Desktop.Tests.FilesNativeBrowserAuthorityTests.Actual_Home_bound_browser_and_folder_read_lease_retain_original_actor_and_deny_stale_or_revoked_sources [1 s]
  Passed Haven.Desktop.Tests.HomePromptHostCompositionTests.Actual_normal_App_presenter_without_a_window_retains_the_real_pending_request_and_cannot_begin_execution [195 ms]
  Passed Haven.Desktop.Tests.HomePromptHostCompositionTests.Actual_native_assembly_embeds_the_exact_reviewed_Home_approval_Cui_document [2 ms]
  Passed Haven.Desktop.Tests.MapsJourneyLibraryPanelTests.Actual_native_typed_step_review_retains_original_intent_and_duration_through_later_edits_and_physical_reopen(kindIndex: 1, intentIndex: 0) [808 ms]
  Passed Haven.Desktop.Tests.MapsJourneyLibraryPanelTests.Actual_native_typed_step_review_retains_original_intent_and_duration_through_later_edits_and_physical_reopen(kindIndex: 2, intentIndex: 1) [141 ms]
  Passed Haven.Desktop.Tests.MapsJourneyLibraryPanelTests.Actual_native_invalid_wait_draft_is_refused_before_Home_request_or_owner_write(duration: "-1") [100 ms]
  Passed Haven.Desktop.Tests.MapsJourneyLibraryPanelTests.Actual_native_invalid_wait_draft_is_refused_before_Home_request_or_owner_write(duration: "1441") [96 ms]
  Passed Haven.Desktop.Tests.MapsJourneyLibraryPanelTests.Actual_native_invalid_wait_draft_is_refused_before_Home_request_or_owner_write(duration: "0") [99 ms]
  Passed Haven.Desktop.Tests.MapsJourneyLibraryPanelTests.Actual_native_invalid_wait_draft_is_refused_before_Home_request_or_owner_write(duration: "invalid") [117 ms]
  Passed Haven.Desktop.Tests.MapsJourneyLibraryPanelTests.Actual_routed_Review_cannot_adopt_replacement_settings_UUID_or_write_foreign_root [26 ms]
  Passed Haven.Desktop.Tests.MapsJourneyLibraryPanelTests.Original_host_lifetime_guard_survives_factory_reload_and_revokes_real_final_publication [141 ms]
  Passed Haven.Desktop.Tests.MapsJourneyLibraryPanelTests.Actual_native_panel_lost_physical_publication_return_stays_unknown_until_original_receipt_and_Finish_never_replays [172 ms]
  Passed Haven.Desktop.Tests.MapsJourneyLibraryPanelTests.Actual_displayed_journey_search_preserves_canonical_ids_and_both_physical_stores [302 ms]
  Passed Haven.Desktop.Tests.MapsJourneyLibraryPanelTests.Actual_Journey_panel_requires_individual_Home_approval_and_Finish_never_applies_pending_request [170 ms]
  Passed Haven.Desktop.Tests.MapsJourneyLibraryPanelTests.Native_original_display_factory_preserves_host_token_and_denies_replacement_UUID_before_UI_construction [49 ms]
  Passed Haven.Desktop.Tests.MapsJourneyLibraryPanelTests.Actual_native_panel_close_during_real_settings_publication_revokes_original_display_and_preserves_bytes [148 ms]
  Passed Haven.Desktop.Tests.MapsJourneyLibraryPanelTests.Actual_ordered_native_draft_keeps_step_ids_order_and_original_review_through_physical_commit [177 ms]
  Passed Haven.Desktop.Tests.MapsJourneyLibraryPanelTests.Actual_panel_close_retains_exact_pending_Home_request_for_explicit_decline_without_write [26 ms]
  Passed Haven.Desktop.Tests.DataDocumentWorkspaceHostTests.Production_Data_factory_mounts_actual_Home_owner_review_and_requires_exact_approval_before_commit [1 s]
  Passed Haven.Desktop.Tests.ArtifactAiContextTests.Context_contains_offscreen_structure_and_changes_revision_for_unsaved_edits [98 ms]
  Passed Haven.Desktop.Tests.SharedMathNativeGraphTests.Maintained_native_graph_renders_structured_ids_and_actual_pointer_edits_exact_graph_version [747 ms]
  Passed Haven.Desktop.Tests.SharedMathNativeGraphTests.Undeclared_tools_invalid_coordinates_and_unavailable_symbolic_plotting_preserve_canonical_graph [94 ms]
  Passed Haven.Desktop.Tests.ShelfNativeWorkspaceTests.Actual_native_unknown_save_guidance_retains_original_receipt_recovery_without_replaying_publication [364 ms]
  Passed Haven.Desktop.Tests.ShelfNativeWorkspaceTests.Actual_native_pin_tag_order_review_keeps_original_edit_across_real_identity_wait_and_recovers_ack(loseReturn: True) [386 ms]
  Passed Haven.Desktop.Tests.ShelfNativeWorkspaceTests.Actual_native_pin_tag_order_review_keeps_original_edit_across_real_identity_wait_and_recovers_ack(loseReturn: False) [325 ms]
  Passed Haven.Desktop.Tests.ShelfNativeWorkspaceTests.Genuine_native_collection_proposal_is_captured_before_actual_original_identity_await(membership: True) [434 ms]
  Passed Haven.Desktop.Tests.ShelfNativeWorkspaceTests.Genuine_native_collection_proposal_is_captured_before_actual_original_identity_await(membership: False) [205 ms]
  Passed Haven.Desktop.Tests.ShelfNativeWorkspaceTests.Real_rendered_target_actions_require_Home_then_reload_canonical_identity_without_Finish_replay [238 ms]
  Passed Haven.Desktop.Tests.ShelfNativeWorkspaceTests.Canonical_launcher_keyboard_opens_actual_Shelf_host_without_approving_or_writing [274 ms]
  Passed Haven.Desktop.Tests.ShelfNativeWorkspaceTests.Old_rendered_display_refuses_independently_Home_approved_replacement_root_without_new_pending_or_foreign_write [195 ms]
  Passed Haven.Desktop.Tests.ShelfNativeWorkspaceTests.Real_native_search_filters_genuine_approved_targets_without_Home_or_settings_write_and_retires_after_close [431 ms]
  Passed Haven.Desktop.Tests.ShelfNativeWorkspaceTests.Genuine_rendered_pending_collection_survives_close_and_exact_decline_without_collection_publication [174 ms]
  Passed Haven.Desktop.Tests.ShelfNativeWorkspaceTests.Actual_tab_close_during_original_identity_or_final_publication_denies_without_physical_write(finalPublication: False) [189 ms]
  Passed Haven.Desktop.Tests.ShelfNativeWorkspaceTests.Actual_tab_close_during_original_identity_or_final_publication_denies_without_physical_write(finalPublication: True) [206 ms]
  Passed Haven.Desktop.Tests.ShelfNativeWorkspaceTests.Actual_owned_page_refuses_overlong_or_retired_query_without_losing_original_valid_search_or_writing [13 ms]
  Passed Haven.Desktop.Tests.ShelfNativeWorkspaceTests.Actual_delayed_UI_publication_after_close_preserves_pending_owner_handle_without_late_presentation [187 ms]
  Passed Haven.Desktop.Tests.ShelfNativeWorkspaceTests.Actual_native_smart_criteria_are_original_before_await_and_filter_only_canonical_local_matches(loseReturn: True) [693 ms]
  Passed Haven.Desktop.Tests.ShelfNativeWorkspaceTests.Actual_native_smart_criteria_are_original_before_await_and_filter_only_canonical_local_matches(loseReturn: False) [600 ms]
  Passed Haven.Desktop.Tests.ShelfNativeWorkspaceTests.Genuine_rendered_manual_collection_and_canonical_membership_require_individual_Home_and_survive_reopen_without_replay [706 ms]
  Passed Haven.Desktop.Tests.ShelfNativeWorkspaceTests.Real_rendered_pending_request_survives_tab_close_for_exact_Home_decline_without_owner_write [165 ms]
  Passed Haven.Desktop.Tests.HavenAppRoutePolicyTests.EveryBuiltInAppHasTheExpectedConcreteRoute(key: "plan", expectedKind: Plan, expectedSurface: Plan) [1 ms]
  Passed Haven.Desktop.Tests.HavenAppRoutePolicyTests.EveryBuiltInAppHasTheExpectedConcreteRoute(key: "maps", expectedKind: Maps, expectedSurface: Maps) [< 1 ms]
  Passed Haven.Desktop.Tests.HavenAppRoutePolicyTests.EveryBuiltInAppHasTheExpectedConcreteRoute(key: "go", expectedKind: Go, expectedSurface: Go) [< 1 ms]
  Passed Haven.Desktop.Tests.HavenAppRoutePolicyTests.EveryBuiltInAppHasTheExpectedConcreteRoute(key: "terminal", expectedKind: Terminal, expectedSurface: Terminal) [< 1 ms]
  Passed Haven.Desktop.Tests.HavenAppRoutePolicyTests.EveryBuiltInAppHasTheExpectedConcreteRoute(key: "translate", expectedKind: Translate, expectedSurface: Translate) [< 1 ms]
  Passed Haven.Desktop.Tests.HavenAppRoutePolicyTests.EveryBuiltInAppHasTheExpectedConcreteRoute(key: "canvas", expectedKind: ModeWorkspace, expectedSurface: Canvas) [< 1 ms]
  Passed Haven.Desktop.Tests.HavenAppRoutePolicyTests.EveryBuiltInAppHasTheExpectedConcreteRoute(key: "play", expectedKind: Play, expectedSurface: Play) [< 1 ms]
  Passed Haven.Desktop.Tests.HavenAppRoutePolicyTests.EveryBuiltInAppHasTheExpectedConcreteRoute(key: "study", expectedKind: BaseMode, expectedSurface: Study) [< 1 ms]
  Passed Haven.Desktop.Tests.HavenAppRoutePolicyTests.EveryBuiltInAppHasTheExpectedConcreteRoute(key: "browse", expectedKind: Browse, expectedSurface: Browse) [< 1 ms]
  Passed Haven.Desktop.Tests.HavenAppRoutePolicyTests.EveryBuiltInAppHasTheExpectedConcreteRoute(key: "data", expectedKind: ModeWorkspace, expectedSurface: Data) [< 1 ms]
  Passed Haven.Desktop.Tests.HavenAppRoutePolicyTests.EveryBuiltInAppHasTheExpectedConcreteRoute(key: "dashboard", expectedKind: Dashboard, expectedSurface: Dashboard) [< 1 ms]
  Passed Haven.Desktop.Tests.HavenAppRoutePolicyTests.EveryBuiltInAppHasTheExpectedConcreteRoute(key: "spaces", expectedKind: Spaces, expectedSurface: Spaces) [< 1 ms]
  Passed Haven.Desktop.Tests.HavenAppRoutePolicyTests.EveryBuiltInAppHasTheExpectedConcreteRoute(key: "write", expectedKind: Write, expectedSurface: Write) [< 1 ms]
  Passed Haven.Desktop.Tests.HavenAppRoutePolicyTests.EveryBuiltInAppHasTheExpectedConcreteRoute(key: "forms", expectedKind: Forms, expectedSurface: Forms) [< 1 ms]
  Passed Haven.Desktop.Tests.HavenAppRoutePolicyTests.EveryBuiltInAppHasTheExpectedConcreteRoute(key: "training", expectedKind: Training, expectedSurface: Training) [< 1 ms]
  Passed Haven.Desktop.Tests.HavenAppRoutePolicyTests.EveryBuiltInAppHasTheExpectedConcreteRoute(key: "chat", expectedKind: BaseMode, expectedSurface: Chat) [< 1 ms]
  Passed Haven.Desktop.Tests.HavenAppRoutePolicyTests.EveryBuiltInAppHasTheExpectedConcreteRoute(key: "vision", expectedKind: Vision, expectedSurface: Vision) [< 1 ms]
  Passed Haven.Desktop.Tests.HavenAppRoutePolicyTests.EveryBuiltInAppHasTheExpectedConcreteRoute(key: "shelf", expectedKind: Shelf, expectedSurface: Shelf) [< 1 ms]
  Passed Haven.Desktop.Tests.HavenAppRoutePolicyTests.EveryBuiltInAppHasTheExpectedConcreteRoute(key: "studio", expectedKind: BaseMode, expectedSurface: Studio) [< 1 ms]
  Passed Haven.Desktop.Tests.HavenAppRoutePolicyTests.EveryBuiltInAppHasTheExpectedConcreteRoute(key: "imagine", expectedKind: Imagine, expectedSurface: Imagine) [< 1 ms]
  Passed Haven.Desktop.Tests.HavenAppRoutePolicyTests.EveryBuiltInAppHasTheExpectedConcreteRoute(key: "automations", expectedKind: Automations, expectedSurface: Automations) [< 1 ms]
  Passed Haven.Desktop.Tests.HavenAppRoutePolicyTests.EveryBuiltInAppHasTheExpectedConcreteRoute(key: "boards", expectedKind: ModeWorkspace, expectedSurface: Boards) [< 1 ms]
  Passed Haven.Desktop.Tests.HavenAppRoutePolicyTests.EveryBuiltInAppHasTheExpectedConcreteRoute(key: "launcher", expectedKind: ModeWorkspace, expectedSurface: Launcher) [< 1 ms]
  Passed Haven.Desktop.Tests.HavenAppRoutePolicyTests.EveryBuiltInAppHasTheExpectedConcreteRoute(key: "mesh", expectedKind: Mesh, expectedSurface: Mesh) [< 1 ms]
  Passed Haven.Desktop.Tests.HavenAppRoutePolicyTests.EveryBuiltInAppHasTheExpectedConcreteRoute(key: "present", expectedKind: ModeWorkspace, expectedSurface: Present) [< 1 ms]
  Passed Haven.Desktop.Tests.HavenAppRoutePolicyTests.EveryBuiltInAppHasTheExpectedConcreteRoute(key: "tasks", expectedKind: BaseMode, expectedSurface: Do) [< 1 ms]
  Passed Haven.Desktop.Tests.HavenAppRoutePolicyTests.EveryBuiltInAppHasTheExpectedConcreteRoute(key: "motion", expectedKind: ModeWorkspace, expectedSurface: Motion) [< 1 ms]
  Passed Haven.Desktop.Tests.HavenAppRoutePolicyTests.SpreadsheetAliasUsesTheExistingDataWorkspaceRoute [< 1 ms]
  Passed Haven.Desktop.Tests.HavenAppRoutePolicyTests.RouteMatrixCoversTheCompleteBuiltInInventory [1 ms]
  Passed Haven.Desktop.Tests.HavenAppRoutePolicyTests.WebAliasUsesTheExistingBrowseRoute [< 1 ms]
  Passed Haven.Desktop.Tests.HavenAppRoutePolicyTests.DatabaseAliasUsesTheExistingDataWorkspaceRoute [< 1 ms]
  Passed Haven.Desktop.Tests.HavenAppRoutePolicyTests.UserAppsFallBackToTheirCompatibleBaseMode [< 1 ms]
  Passed Haven.Desktop.Tests.MapsNativeJourneyHostTests.Provider_retirement_during_actual_owner_identity_read_never_mounts_a_late_panel_or_adopts_new_actor [54 ms]
  Passed Haven.Desktop.Tests.MapsNativeJourneyHostTests.Actual_host_replacement_during_held_Settings_final_publication_retires_same_panel_and_preserves_physical_bytes [165 ms]
  Passed Haven.Desktop.Tests.MapsNativeJourneyHostTests.Actual_host_mount_preserves_Map_and_routes_exact_Home_native_individual_review_before_actual_Journey_save [355 ms]
  Passed Haven.Desktop.Tests.FormsCanonicalMathematicsNativeTests.Actual_graph_authoring_save_and_reopen_keep_independent_question_and_expected_graph_identities [1 s]
  Passed Haven.Desktop.Tests.FormsCanonicalMathematicsNativeTests.Actual_authoring_factory_refuses_unsupported_existing_grading_without_changing_the_question_or_policy [272 ms]
  Passed Haven.Desktop.Tests.FormsCanonicalMathematicsNativeTests.Actual_existing_graph_authoring_save_without_policy_edits_preserves_tolerance_reversal_and_private_target_versions [691 ms]
  Passed Haven.Desktop.Tests.FormsCanonicalMathematicsNativeTests.Real_native_numeric_and_graph_answers_save_reopen_mark_and_disable_retired_or_submitted_inputs [3 s]
  Passed Haven.Desktop.Tests.FormsCanonicalMathematicsNativeTests.Optional_native_number_can_be_cleared_saved_and_reopened_while_nonblank_invalid_drafts_are_preserved [1 s]
  Passed Haven.Desktop.Tests.FormsCanonicalMathematicsNativeTests.Authored_numeric_textbox_preserves_a_maximum_revision_answer_and_reports_the_refused_draft [45 ms]
  Passed Haven.Desktop.Tests.FormsCanonicalMathematicsNativeTests.Actual_authoring_dialog_edits_shared_expression_and_home_save_reopens_same_typed_question [620 ms]
  Passed Haven.Desktop.Tests.FormsCanonicalMathematicsNativeTests.Native_explicit_point_button_refuses_maximum_response_revision_without_losing_the_coordinate_draft [225 ms]
  Passed Haven.Desktop.Tests.HomeApprovalCuiSurfaceTests.Exact_native_prompt_is_audited_only_after_visible_mount_and_hidden_button_cannot_approve [80 ms]
  Passed Haven.Desktop.Tests.HomeApprovalCuiSurfaceTests.Missing_actual_permissions_service_mounts_repair_state_without_decision_controls [8 ms]
  Passed Haven.Desktop.Tests.HomeApprovalCuiSurfaceTests.Actual_native_Cui_button_decides_real_OS_profile_request_without_granting_extra_trust [93 ms]
  Passed Haven.Desktop.Tests.FilesExistingStoreHostAuthorityTests.Actual_Home_configuration_and_existing_UUID_reads_refuse_substitution_without_rewriting_or_adopting [54 ms]
  Passed Haven.Desktop.Tests.ContextualAiCuiSurfaceTests.Retained_shared_scene_updates_the_same_session_and_dispatches_one_actual_prompt [70 ms]
  Passed Haven.Desktop.Tests.ContextualAiCuiSurfaceTests.Rendered_finish_records_real_Home_completion_without_owner_execution_or_admission_replay [91 ms]
  Passed Haven.Desktop.Tests.ContextualAiCuiSurfaceTests.Unavailable_Home_readiness_never_mounts_prompt_or_send_controls [4 ms]
  Passed Haven.Desktop.Tests.SharedMathNativeEditorTests.Maintained_parser_and_editor_enforce_real_source_limits_stale_revision_and_no_registry_mutation [8 ms]
  Passed Haven.Desktop.Tests.SharedMathNativeEditorTests.Authored_visual_and_LaTeX_controls_edit_same_ID_real_layout_and_recover_invalid_input [61 ms]
  Passed Haven.Desktop.Tests.FilesNativeBrowserSurfaceTests.Native_CUI_lists_canonical_folders_routes_original_package_selection_and_clears_revoked_Home_sources [4 s]
[xUnit.net 00:00:31.75]   Finished:    Haven.Desktop.Tests (ID = '3236fd6080f37d8e6c9639066eaea45109222cc7779e6f1dc216e55dcde7658c')
Data collector 'Blame' message: All tests finished running, Sequence file will not be generated.
  Passed Haven.Desktop.Tests.FilesNativeBrowserSurfaceTests.Native_Up_uses_canonical_parent_after_nested_navigation_and_denies_stale_original_folder_without_writes [3 s]

Test Run Successful.
Total tests: 94
     Passed: 94
 Total time: 32.5279 Seconds
Results File: /home/runner/work/9to1/9to1/artifacts/desktop-visible-owning/trx/desktop.trx
