  Determining projects to restore...
  Restored /home/runner/work/9to1/9to1/framework/CUI/Language/CakeOS.Cui.Language.csproj (in 234 ms).
  Restored /home/runner/work/9to1/9to1/framework/CUI/Core/CakeOS.Cui.Core.csproj (in 246 ms).
  Restored /home/runner/work/9to1/9to1/framework/CUI/Themes/CakeOS.Cui.Themes.csproj (in 246 ms).
  Restored /home/runner/work/9to1/9to1/framework/CUI/AI/NineToOne.Cui.AI.csproj (in 4 ms).
  Restored /home/runner/work/9to1/9to1/9to1 Workspace/shared/src/Haven.UI/Haven.UI.csproj (in 22 ms).
  Restored /home/runner/work/9to1/9to1/9to1 Workspace/shared/src/Haven.Core/Haven.Core.csproj (in 3 ms).
  Restored /home/runner/work/9to1/9to1/9to1 Workspace/shared/src/Haven.Browser/Haven.Browser.csproj (in 6 ms).
  Restored /home/runner/work/9to1/9to1/9to1 Workspace/shared/src/Haven.Application/Haven.Application.csproj (in 5 ms).
  Restored /home/runner/work/9to1/9to1/framework/CUI/Runtime/CakeOS.Cui.Runtime.csproj (in 297 ms).
  Restored /home/runner/work/9to1/9to1/9to1 Workspace/shared/src/Haven.Infrastructure/Haven.Infrastructure.csproj (in 120 ms).
  Restored /home/runner/work/9to1/9to1/9to1 Workspace/Wave/HavenOS.Wave.csproj (in 65 ms).
  Restored /home/runner/work/9to1/9to1/9to1 Workspace/Spaces/HavenOS.Spaces.csproj (in 9 ms).
  Restored /home/runner/work/9to1/9to1/9to1 Workspace/Terminal/HavenOS.Terminal.csproj (in 14 ms).
  Restored /home/runner/work/9to1/9to1/9to1 Workspace/Terminal/NativeUI/HavenOS.Terminal.NativeUI.csproj (in 62 ms).
  Restored /home/runner/work/9to1/9to1/9to1 Workspace/Sites/HavenOS.Sites.csproj (in 29 ms).
  Restored /home/runner/work/9to1/9to1/9to1 Workspace/Mail/HavenOS.Mail.csproj (in 14 ms).
  Restored /home/runner/work/9to1/9to1/9to1 Workspace/Motion/HavenOS.Motion.csproj (in 33 ms).
  Restored /home/runner/work/9to1/9to1/9to1 Workspace/Home/HavenOS.Home.csproj (in 13 ms).
  Restored /home/runner/work/9to1/9to1/9to1 Workspace/Picture/Core/HavenOS.Images.Core.csproj (in 70 ms).
  Restored /home/runner/work/9to1/9to1/9to1 Workspace/Home/NativeUI/HavenOS.Home.NativeUI.csproj (in 59 ms).
  Restored /home/runner/work/9to1/9to1/9to1 Workspace/shared/src/Haven.Desktop/Haven.Desktop.csproj (in 245 ms).
  Restored /home/runner/work/9to1/9to1/9to1 Workspace/Files/CUI/HavenOS.Files.CUI.csproj (in 4 ms).
  Restored /home/runner/work/9to1/9to1/9to1 Workspace/Games/CUI/HavenOS.Games.csproj (in 55 ms).
  Restored /home/runner/work/9to1/9to1/9to1 Workspace/Files/NativeHost/HavenOS.Files.NativeHost.csproj (in 21 ms).
  Restored /home/runner/work/9to1/9to1/9to1 Workspace/Forms/CUI/HavenOS.Forms.csproj (in 53 ms).
  Restored /home/runner/work/9to1/9to1/9to1 Workspace/Canvas/HavenOS.Canvas.csproj (in 13 ms).
  Restored /home/runner/work/9to1/9to1/9to1 Workspace/Browse/HavenOS.Apps.Browse.csproj (in 9 ms).
  Restored /home/runner/work/9to1/9to1/9to1 Models/Dulche Alpha/Den.csproj (in 2 ms).
  Restored /home/runner/work/9to1/9to1/9to1 Models/Dulche Alpha/Dulche.Runtime.csproj (in 14 ms).
  Restored /home/runner/work/9to1/9to1/framework/CUI/vendor/Avalonia/src/Avalonia.Remote.Protocol/Avalonia.Remote.Protocol.csproj (in 10 ms).
  Restored /home/runner/work/9to1/9to1/framework/CUI/vendor/Avalonia/src/Avalonia.OpenGL/Avalonia.OpenGL.csproj (in 8 ms).
  Restored /home/runner/work/9to1/9to1/framework/CUI/vendor/Avalonia/src/Avalonia.MicroCom/Avalonia.MicroCom.csproj (in 5 ms).
  Restored /home/runner/work/9to1/9to1/framework/CUI/vendor/Avalonia/src/Avalonia.Metal/Avalonia.Metal.csproj (in 8 ms).
  Restored /home/runner/work/9to1/9to1/framework/CUI/vendor/Avalonia/src/Avalonia.FreeDesktop/Avalonia.FreeDesktop.csproj (in 13 ms).
  Restored /home/runner/work/9to1/9to1/framework/CUI/vendor/Avalonia/src/Avalonia.Native/Avalonia.Native.csproj (in 23 ms).
  Restored /home/runner/work/9to1/9to1/9to1 Workspace/Canvas/NativeUI/HavenOS.Canvas.NativeUI.csproj (in 60 ms).
  Restored /home/runner/work/9to1/9to1/framework/CUI/vendor/Avalonia/src/Avalonia.Fonts.Inter/Avalonia.Fonts.Inter.csproj (in 8 ms).
  Restored /home/runner/work/9to1/9to1/framework/CUI/vendor/Avalonia/src/Avalonia.Dialogs/Avalonia.Dialogs.csproj (in 11 ms).
  Restored /home/runner/work/9to1/9to1/framework/CUI/vendor/Avalonia/src/Avalonia.FreeDesktop.AtSpi/Avalonia.FreeDesktop.AtSpi.csproj (in 20 ms).
  Restored /home/runner/work/9to1/9to1/framework/CUI/vendor/Avalonia/src/Avalonia.DesignerSupport/Avalonia.DesignerSupport.csproj (in 11 ms).
  Restored /home/runner/work/9to1/9to1/framework/CUI/vendor/Avalonia/src/Avalonia.Controls/Avalonia.Controls.csproj (in 13 ms).
  Restored /home/runner/work/9to1/9to1/framework/CUI/vendor/Avalonia/src/Avalonia.Base/Avalonia.Base.csproj (in 4 ms).
  Restored /home/runner/work/9to1/9to1/framework/CUI/vendor/Avalonia/packages/Avalonia/Avalonia.csproj (in 21 ms).
  Restored /home/runner/work/9to1/9to1/framework/CUI/vendor/Avalonia/src/Avalonia.Desktop/Avalonia.Desktop.csproj (in 45 ms).
  Restored /home/runner/work/9to1/9to1/framework/CUI/vendor/Avalonia/src/tools/DevGenerators/DevGenerators.csproj (in 45 ms).
  Restored /home/runner/work/9to1/9to1/framework/CUI/vendor/Avalonia/src/tools/DevAnalyzers/DevAnalyzers.csproj (in 13 ms).
  Restored /home/runner/work/9to1/9to1/framework/CUI/vendor/Avalonia/src/tools/Avalonia.Generators/Avalonia.Generators.csproj (in 19 ms).
  Restored /home/runner/work/9to1/9to1/framework/CUI/vendor/Avalonia/src/tools/Avalonia.DBus.Generators/Avalonia.DBus.Generators.csproj (in 12 ms).
  Restored /home/runner/work/9to1/9to1/framework/CUI/vendor/Avalonia/src/tools/Avalonia.Analyzers.VisualBasic/Avalonia.Analyzers.VisualBasic.csproj (in 16 ms).
  Restored /home/runner/work/9to1/9to1/framework/CUI/vendor/Avalonia/src/tools/Avalonia.Analyzers.CSharp/Avalonia.Analyzers.CSharp.csproj (in 13 ms).
  Restored /home/runner/work/9to1/9to1/framework/CUI/vendor/Avalonia/src/tools/Avalonia.Analyzers.CodeFixes.CSharp/Avalonia.Analyzers.CodeFixes.CSharp.csproj (in 29 ms).
  Restored /home/runner/work/9to1/9to1/framework/CUI/vendor/Avalonia/src/Avalonia.Build.Tasks/Avalonia.Build.Tasks.csproj (in 128 ms).
  Restored /home/runner/work/9to1/9to1/framework/CUI/vendor/Avalonia/src/Windows/Avalonia.Win32.Automation/Avalonia.Win32.Automation.csproj (in 8 ms).
  Restored /home/runner/work/9to1/9to1/framework/CUI/vendor/Avalonia/src/Markup/Avalonia.Markup/Avalonia.Markup.csproj (in 5 ms).
  Restored /home/runner/work/9to1/9to1/framework/CUI/vendor/Avalonia/src/Markup/Avalonia.Markup.Xaml/Avalonia.Markup.Xaml.csproj (in 9 ms).
  Restored /home/runner/work/9to1/9to1/framework/CUI/vendor/Avalonia/src/Windows/Avalonia.Win32/Avalonia.Win32.csproj (in 32 ms).
  Restored /home/runner/work/9to1/9to1/framework/CUI/vendor/Avalonia/src/Skia/Avalonia.Skia/Avalonia.Skia.csproj (in 22 ms).
  Restored /home/runner/work/9to1/9to1/framework/CUI/vendor/Avalonia/src/Avalonia.Vulkan/Avalonia.Vulkan.csproj (in 8 ms).
  Restored /home/runner/work/9to1/9to1/framework/CUI/vendor/Avalonia/src/HarfBuzz/Avalonia.HarfBuzz/Avalonia.HarfBuzz.csproj (in 11 ms).
  Restored /home/runner/work/9to1/9to1/framework/CUI/vendor/Avalonia/src/Headless/Avalonia.Headless/Avalonia.Headless.csproj (in 26 ms).
  Restored /home/runner/work/9to1/9to1/framework/CUI/vendor/Avalonia/src/Avalonia.Themes.Fluent/Avalonia.Themes.Fluent.csproj (in 10 ms).
  Restored /home/runner/work/9to1/9to1/framework/CUI/vendor/Avalonia/src/Avalonia.X11/Avalonia.X11.csproj (in 28 ms).
