Test run for /home/runner/work/9to1/9to1/artifacts/root14-managed-build/bin/HavenOS.Home.Tests/release_linux-x64/HavenOS.Home.Tests.dll (.NETCoreApp,Version=v10.0)
A total of 1 test files matched the specified pattern.
/home/runner/work/9to1/9to1/artifacts/root14-managed-build/bin/HavenOS.Home.Tests/release_linux-x64/HavenOS.Home.Tests.dll
[xUnit.net 00:00:00.00] xUnit.net VSTest Adapter v3.1.5+1b188a7b0a (64-bit .NET 10.0.12)
[xUnit.net 00:00:00.12]   Discovering: HavenOS.Home.Tests
[xUnit.net 00:00:00.23]   Discovered:  HavenOS.Home.Tests
[xUnit.net 00:00:00.31]   Starting:    HavenOS.Home.Tests
  Passed HavenOS.Home.Tests.HomeNativePeerObservationTests.Accepted_socket_reports_kernel_peer_pid_and_principal_not_payload_claims [15 ms]
  Passed HavenOS.Home.Tests.HomeNativePeerObservationTests.Actual_discovery_transport_denies_forged_identity_and_oversized_frame(oversized: False) [84 ms]
  Passed HavenOS.Home.Tests.HomeNativePeerObservationTests.Actual_discovery_transport_denies_forged_identity_and_oversized_frame(oversized: True) [6 ms]
  Passed HavenOS.Home.Tests.HomeDashboardCancellationTests.Refresh_does_not_publish_a_late_result_after_cancellation [26 ms]
  Passed HavenOS.Home.Tests.HomeLocalReadCompositionTests.Exact_read_composition_is_pure_and_foreign_components_do_not_create_or_change_Home [131 ms]
  Passed HavenOS.Home.Tests.HomeDashboardCancellationTests.Install_publishes_observed_success_when_cancellation_races_with_completion [32 ms]
  Passed HavenOS.Home.Tests.WebMcpInvocationTests.Non_origins_never_reach_approval(origin: "https://user:password@example.test") [5 ms]
  Passed HavenOS.Home.Tests.WebMcpInvocationTests.Non_origins_never_reach_approval(origin: "https://example.test/page") [4 ms]
  Passed HavenOS.Home.Tests.WebMcpInvocationTests.Non_origins_never_reach_approval(origin: "file:///page") [< 1 ms]
  Passed HavenOS.Home.Tests.WebMcpInvocationTests.Non_origins_never_reach_approval(origin: "null") [< 1 ms]
  Passed HavenOS.Home.Tests.WebMcpInvocationTests.Non_origins_never_reach_approval(origin: "https://example.test?query=1") [< 1 ms]
  Passed HavenOS.Home.Tests.WebMcpInvocationTests.Unsupported_browser_or_schema_and_invalid_arguments_fail_closed [8 ms]
  Passed HavenOS.Home.Tests.WebMcpInvocationTests.Observed_supported_origin_and_valid_arguments_are_eligible_for_home_approval [< 1 ms]
  Passed HavenOS.Home.Tests.HomeWebMcpOriginalActorApprovalTests.Preparation_retains_exact_private_request_before_any_Home_submission_and_no_owner_is_inferred [75 ms]
  Passed HavenOS.Home.Tests.HomeProductivityInsertionTests.Insertion_passes_exact_captured_new_IDs_and_preserves_uncertain_commit(incomplete: False) [121 ms]
  Passed HavenOS.Home.Tests.HomeProductivityInsertionTests.Insertion_passes_exact_captured_new_IDs_and_preserves_uncertain_commit(incomplete: True) [1 ms]
  Passed HavenOS.Home.Tests.HomeProductivityInsertionTests.Invalid_or_unsupported_insertion_never_calls_owner [1 ms]
  Passed HavenOS.Home.Tests.HomeWebMcpOriginalActorApprovalTests.Different_same_path_store_or_permission_producer_cannot_be_substituted_for_actual_graph [129 ms]
  Passed HavenOS.Home.Tests.HomeClaimedResourceAttestationTests.Actual_recorded_owner_outcome_retires_attestation_without_claim_or_effect_replay [291 ms]
  Passed HavenOS.Home.Tests.HomeCompletionAuditRecoveryTests.Recovery_retains_exact_detached_owner_outcome_across_audit_publication_fault(afterPublication: False) [257 ms]
  Passed HavenOS.Home.Tests.HomeWebMcpOriginalActorApprovalTests.Changed_actual_OS_principal_after_preparation_cannot_create_pending_review_or_dispatch [52 ms]
  Passed HavenOS.Home.Tests.HomeActualPersistedWriteObserverTests.Observer_reads_actual_persisted_record_without_FileHome_lock_reentry [10 ms]
  Passed HavenOS.Home.Tests.HomeCompletionAuditRecoveryTests.Recovery_retains_exact_detached_owner_outcome_across_audit_publication_fault(afterPublication: True) [37 ms]
  Passed HavenOS.Home.Tests.HomeClaimedResourceAttestationTests.Foreign_issuer_and_changed_actual_principal_cannot_borrow_original_attestation [52 ms]
  Passed HavenOS.Home.Tests.HomeActualPersistedWriteObserverTests.Guard_refusal_and_CAS_conflict_never_notify_observer [32 ms]
  Passed HavenOS.Home.Tests.DenNamespaceAuthorityTests.Namespace_admin_revocation_preserves_manifest_and_drops_private_staging(sharing: False, denyAt: 2) [36 ms]
  Passed HavenOS.Home.Tests.HomeActualPersistedWriteObserverTests.Lost_actual_write_acknowledgement_preserves_bytes_and_stale_retry_does_not_republish [25 ms]
  Passed HavenOS.Home.Tests.DenNamespaceAuthorityTests.Namespace_admin_revocation_preserves_manifest_and_drops_private_staging(sharing: False, denyAt: 3) [22 ms]
  Passed HavenOS.Home.Tests.HomeClaimedResourceAttestationTests.Actual_persisted_full_original_tuple_substitution_denies_without_regrant(field: "Revision") [110 ms]
  Passed HavenOS.Home.Tests.DenNamespaceAuthorityTests.Namespace_admin_revocation_preserves_manifest_and_drops_private_staging(sharing: True, denyAt: 3) [60 ms]
  Passed HavenOS.Home.Tests.DenModelInstallationAuthorityTests.Den_rechecks_model_write_catalogue_revision_and_quota_at_actual_registration_publication(change: 0) [219 ms]
  Passed HavenOS.Home.Tests.DenNamespaceAuthorityTests.Namespace_admin_revocation_preserves_manifest_and_drops_private_staging(sharing: True, denyAt: 2) [13 ms]
  Passed HavenOS.Home.Tests.DenModelInstallationAuthorityTests.Den_rechecks_model_write_catalogue_revision_and_quota_at_actual_registration_publication(change: 2) [30 ms]
  Passed HavenOS.Home.Tests.HomeVectorShapeObjectTests.Canonical_shape_projects_same_ids_and_pure_fill_retains_unknown_fields_and_geometry [110 ms]
  Passed HavenOS.Home.Tests.HomeClaimedResourceAttestationTests.Actual_persisted_full_original_tuple_substitution_denies_without_regrant(field: "SessionId") [45 ms]
  Passed HavenOS.Home.Tests.HomeVectorShapeObjectTests.Missing_nested_identity_foreign_root_unknown_enum_and_nonfinite_geometry_are_not_repaired [3 ms]
  Passed HavenOS.Home.Tests.DenModelInstallationAuthorityTests.Den_rechecks_model_write_catalogue_revision_and_quota_at_actual_registration_publication(change: 1) [24 ms]
  Passed HavenOS.Home.Tests.HomeVectorShapeObjectTests.Insertion_uses_canonical_id_mapping_without_normalizing_retained_geometry_or_names [23 ms]
  Passed HavenOS.Home.Tests.DenNamespaceAuthorityTests.Read_revoked_during_materialization_does_not_return_record [56 ms]
  Passed HavenOS.Home.Tests.HomeClaimedResourceAttestationTests.Actual_persisted_full_original_tuple_substitution_denies_without_regrant(field: "Access") [37 ms]
  Passed HavenOS.Home.Tests.HomeInstalledApplicationOriginalActorTests.Replaced_original_host_principal_denies_before_platform_observation [35 ms]
  Passed HavenOS.Home.Tests.DenModelInstallationAuthorityTests.Current_Den_model_registration_remains_verifiable_device_local_evidence [47 ms]
  Passed HavenOS.Home.Tests.DenNamespaceAuthorityTests.Independent_manifest_writer_reloads_revision_before_CAS [20 ms]
  Passed HavenOS.Home.Tests.HomeInstalledApplicationOriginalActorTests.Suspended_platform_observation_cannot_publish_under_replacement_principal [15 ms]
  Passed HavenOS.Home.Tests.DenModelInstallationAuthorityTests.Final_registration_authority_denial_preserves_existing_evidence_and_removes_staging(existing: False) [12 ms]
  Passed HavenOS.Home.Tests.HomeClaimedResourceAttestationTests.Actual_claimed_individual_tuple_lease_holds_revocation_and_checks_without_recursive_permission_reads [39 ms]
  Passed HavenOS.Home.Tests.HomeNativeServiceHostTests.Process_host_reuses_actual_composition_and_never_grants_missing_required_service [23 ms]
  Passed HavenOS.Home.Tests.DenModelInstallationAuthorityTests.Final_registration_authority_denial_preserves_existing_evidence_and_removes_staging(existing: True) [22 ms]
  Passed HavenOS.Home.Tests.HomeProductivityStyleTransferTests.Missing_or_cyclic_named_style_cannot_be_silently_dropped_from_copy [74 ms]
  Passed HavenOS.Home.Tests.HomeProductivityStyleTransferTests.Copy_keeps_only_referenced_definition_closure_and_document_local_identity [22 ms]
  Passed HavenOS.Home.Tests.HomeNativeControlledLaunchTests.Unconfigured_launch_authority_cannot_accept_even_a_current_process_or_claimed_host_role [1 ms]
  Passed HavenOS.Home.Tests.DenNamespaceAuthorityTests.Concurrent_first_creation_cannot_replace_the_winning_Den_identity [131 ms]
  Passed HavenOS.Home.Tests.DenCommitAuthorityTests.Submitted_record_is_detached_before_waiting_for_authorization [32 ms]
  Passed HavenOS.Home.Tests.HomeVersionedNodeGraphRepositoryTests.Shared_graph_CAS_preserves_active_revision_through_draft_edits_reopen_and_owner_conflict [112 ms]
  Passed HavenOS.Home.Tests.HomeAutomationDefinitionCommitFenceTests.Another_definition_or_revision_cannot_use_original_claim_and_Files_config_stays_required [45 ms]
  Passed HavenOS.Home.Tests.DenCommitAuthorityTests.Revocation_at_admission_or_publication_does_not_commit_or_leave_a_recoverable_replay(denyAt: 3, existing: False) [44 ms]
  Passed HavenOS.Home.Tests.DenSyncAuthorityTests.Fresh_sharing_manifest_and_current_source_read_are_required_on_reopened_peer [50 ms]
  Passed HavenOS.Home.Tests.HomeNativeActionPolicyTests.Exact_original_completion_recovers_audit_without_execution_replay(afterPublication: False, rejectAdmission: True) [95 ms]
  Passed HavenOS.Home.Tests.DenCommitAuthorityTests.Revocation_at_admission_or_publication_does_not_commit_or_leave_a_recoverable_replay(denyAt: 3, existing: True) [60 ms]
  Passed HavenOS.Home.Tests.HomeAutomationDefinitionCommitFenceTests.Original_receipt_substitution_and_retired_SQL_lifetime_deny_final_acquisition [78 ms]
  Passed HavenOS.Home.Tests.HomeNativeActionPolicyTests.Exact_original_completion_recovers_audit_without_execution_replay(afterPublication: True, rejectAdmission: True) [30 ms]
  Passed HavenOS.Home.Tests.DenSyncAuthorityTests.Source_read_or_sharing_revocation_at_destination_publication_prevents_copy(sharing: False) [50 ms]
  Passed HavenOS.Home.Tests.DenCommitAuthorityTests.Revocation_at_admission_or_publication_does_not_commit_or_leave_a_recoverable_replay(denyAt: 2, existing: True) [29 ms]
  Passed HavenOS.Home.Tests.DenCommitAuthorityTests.Revocation_at_admission_or_publication_does_not_commit_or_leave_a_recoverable_replay(denyAt: 2, existing: False) [19 ms]
  Passed HavenOS.Home.Tests.HomeAutomationDefinitionCommitFenceTests.Original_SQL_definition_claim_holds_actual_Home_block_until_owner_releases [62 ms]
  Passed HavenOS.Home.Tests.DenSyncAuthorityTests.Source_read_or_sharing_revocation_at_destination_publication_prevents_copy(sharing: True) [43 ms]
  Passed HavenOS.Home.Tests.HomeNativeActionPolicyTests.Exact_original_completion_recovers_audit_without_execution_replay(afterPublication: True, rejectAdmission: False) [47 ms]
  Passed HavenOS.Home.Tests.DenCommitAuthorityTests.Interrupted_transaction_blocks_new_writes_until_owning_recovery_runs [23 ms]
  Passed HavenOS.Home.Tests.HomeProductivityEngineTests.Compatibility_and_typed_actions_report_conflicts_without_silent_loss [22 ms]
  Passed HavenOS.Home.Tests.HomePermissionTrustServiceTests.Unknown_action_policy_fails_closed_and_is_audited [14 ms]
  Passed HavenOS.Home.Tests.HomeProductivityEngineTests.Bundle_round_trip_preserves_unknown_optional_properties_and_stable_styles [8 ms]
  Passed HavenOS.Home.Tests.HomeNativeActionPolicyTests.Exact_original_completion_recovers_audit_without_execution_replay(afterPublication: False, rejectAdmission: False) [20 ms]
  Passed HavenOS.Home.Tests.HomeNativeActionPolicyTests.Local_only_home_factory_never_discovers_remote_catalogue [9 ms]
  Passed HavenOS.Home.Tests.HomeProductivityEngineTests.Owner_dispatch_rejects_unsupported_surface_and_partial_atomic_success_preserves_observed_outcome [21 ms]
  Passed HavenOS.Home.Tests.HomeNativeActionPolicyTests.Native_catalogue_operates_without_model_session_and_duplicate_owner_denies [18 ms]
  Passed HavenOS.Home.Tests.HomeProductivityEngineTests.Concrete_shared_formatting_requires_artifact_execution_and_preserves_optional_properties [15 ms]
  Passed HavenOS.Home.Tests.HomeProductivityEngineTests.Opaque_owner_revisions_are_compared_without_synthetic_sequence_conversion [< 1 ms]
  Passed HavenOS.Home.Tests.HomeProductivityEngineTests.Selection_and_paste_detach_unknown_extensions_and_asset_lists [2 ms]
  Passed HavenOS.Home.Tests.HomeNativeActionPolicyTests.Actual_ai_bridge_without_presenter_returns_required_and_never_begins_execution [16 ms]
  Passed HavenOS.Home.Tests.HomeCoreStateStoreTests.Store_reports_corruption_without_replacing_the_original_file [11 ms]
  Passed HavenOS.Home.Tests.HomePermissionTrustServiceTests.Always_trust_requires_warning_and_trust_is_revoked_before_dispatch [56 ms]
  Passed HavenOS.Home.Tests.HomeCoreStateStoreTests.Store_creates_versioned_records_and_rejects_stale_revision [10 ms]
  Passed HavenOS.Home.Tests.HomeDashboardTests.Refresh_and_install_all_use_the_backend_and_only_observed_inventory [10 ms]
  Passed HavenOS.Home.Tests.HomeDashboardTests.Default_backend_is_observably_unavailable_and_cannot_install [7 ms]
  Passed HavenOS.Home.Tests.HomeTerminalAdviceTests.Model_action_request_is_rejected_without_execution_or_approval [44 ms]
  Passed HavenOS.Home.Tests.HomePermissionTrustServiceTests.Temporary_action_limit_rolls_down_only_when_user_selected_it [48 ms]
  Passed HavenOS.Home.Tests.HomeTerminalAdviceTests.Shared_route_advice_only_receives_selected_context_and_returns_inert_suggestions [17 ms]
  Passed HavenOS.Home.Tests.DenSyncAuthorityTests.Guarded_sync_retains_two_way_copy_disjoint_merge_and_explicit_conflict_history [141 ms]
  Passed HavenOS.Home.Tests.DenSyncAuthorityTests.Independent_handles_to_same_root_cannot_enter_sync [21 ms]
  Passed HavenOS.Home.Tests.HomeDashboardTests.CUI_loads_the_authored_surface_and_routes_typed_intent_to_the_domain [59 ms]
  Passed HavenOS.Home.Tests.HomePermissionTrustServiceTests.Accept_is_session_scoped_and_exact_scope_is_required_after_restart [28 ms]
  Passed HavenOS.Home.Tests.HomeDashboardTests.CUI_exposes_unavailable_backend_state_and_disables_install_all [7 ms]
  Passed HavenOS.Home.Tests.HomeDashboardTests.Backend_refresh_failure_is_exposed_as_an_error_without_claiming_inventory [6 ms]
  Passed HavenOS.Home.Tests.HomeDashboardTests.Backend_install_failure_preserves_the_last_observed_updates [1 ms]
  Passed HavenOS.Home.Tests.HomePreparedResourceReviewTests.Foreign_actual_broker_cannot_submit_or_observe_the_original_opaque_prepared_handle [18 ms]
  Passed HavenOS.Home.Tests.HomePermissionTrustServiceTests.Block_denies_caller_and_execution_attempts_are_separately_audited [43 ms]
  Passed HavenOS.Home.Tests.HomeWebMcpBrowserLeaseTests.Changed_actual_principal_after_claim_denies_final_entry_and_releases_actual_Home_lock [93 ms]
  Passed HavenOS.Home.Tests.HomePreparedResourceReviewTests.Original_scope_array_is_detached_and_readonly_observation_cannot_mutate_durable_metadata [28 ms]
  Passed HavenOS.Home.Tests.DenSyncAuthorityTests.Independent_instances_keep_same_root_writer_exclusion_and_revision_conflict [77 ms]
  Passed HavenOS.Home.Tests.HomePermissionTrustServiceTests.Ordinary_trust_lasts_thirty_days_but_does_not_cover_elevated_actions [29 ms]
  Passed HavenOS.Home.Tests.HomePreparedResourceReviewTests.Actual_scope_enumeration_stops_at_existing_resource_ceiling_before_any_Home_authorization [18 ms]
  Passed HavenOS.Home.Tests.HomeLocalProfileIdentityTests.Guard_rejection_preserves_primary_and_reopen(deniedPhase: Publication) [14 ms]
  Passed HavenOS.Home.Tests.HomePreparedResourceReviewTests.Actual_durable_full_tuple_tamper_cannot_recover_a_binding(field: "Access") [38 ms]
  Passed HavenOS.Home.Tests.HomeLocalProfileIdentityTests.Guard_rejection_preserves_primary_and_reopen(deniedPhase: Admission) [25 ms]
  Passed HavenOS.Home.Tests.HomeWebMcpBrowserLeaseTests.Actual_completion_rejection_preserves_known_outcome_without_false_audit_acknowledgement_or_redispatch [69 ms]
  Passed HavenOS.Home.Tests.HomePreparedResourceReviewTests.Actual_durable_full_tuple_tamper_cannot_recover_a_binding(field: "Revision") [29 ms]
  Passed HavenOS.Home.Tests.HomeLocalProfileIdentityTests.Receipt_recheck_never_reads_owner_evidence_and_rejects_binding_revision_change [31 ms]
  Passed HavenOS.Home.Tests.HomeLocalProfileIdentityTests.Real_host_principal_is_observed_without_environment_username_claims [1 ms]
  Passed HavenOS.Home.Tests.HomeClaimedResourceCommitFenceTests.Final_claimed_fence_holds_actual_Home_revocation_until_explicit_owner_release [81 ms]
  Passed HavenOS.Home.Tests.HomePreparedResourceReviewTests.Actual_durable_full_tuple_tamper_cannot_recover_a_binding(field: "AuthenticationRevision") [36 ms]
  Passed HavenOS.Home.Tests.HomeWebMcpBrowserLeaseTests.First_known_correlated_outcome_survives_cancelled_audit_wait_and_finishes_only_original_audit_after_actor_change [66 ms]
  Passed HavenOS.Home.Tests.HomePreparedResourceReviewTests.Lost_actual_pending_publication_return_recovers_full_original_intent_without_second_authorization_or_Begin [37 ms]
  Passed HavenOS.Home.Tests.HomeLocalProfileIdentityTests.Existing_store_needs_explicit_revision_bound_import_and_new_empty_store_can_bind [78 ms]
  Passed HavenOS.Home.Tests.HomeLocalProfileIdentityTests.Initial_profile_principal_change_does_not_publish_identity(changedRead: 2) [1 ms]
  Passed HavenOS.Home.Tests.HomeClaimedResourceCommitFenceTests.Actual_original_ownership_receipt_substitution_before_final_acquisition_denies [78 ms]
  Passed HavenOS.Home.Tests.HomePreparedResourceReviewTests.Cancelled_first_attempt_remains_observation_only_and_never_creates_another_request [20 ms]
  Passed HavenOS.Home.Tests.HomeLocalProfileIdentityTests.Initial_profile_principal_change_does_not_publish_identity(changedRead: 3) [18 ms]
  Passed HavenOS.Home.Tests.HomeWebMcpBrowserLeaseTests.Actual_executing_full_resource_tuple_replacement_before_entry_denies_even_with_same_profile [76 ms]
  Passed HavenOS.Home.Tests.HomePreparedResourceReviewTests.Preparation_and_unattempted_observation_have_no_durable_side_effect [21 ms]
  Passed HavenOS.Home.Tests.HomeLocalProfileIdentityTests.Current_displayed_actor_can_bind_explicit_new_empty_store [15 ms]
  Passed HavenOS.Home.Tests.HomeClaimedResourceCommitFenceTests.Original_configuration_swap_between_capture_and_final_acquisition_denies [40 ms]
  Passed HavenOS.Home.Tests.HomeNativeDiscoverySessionTests.Discovery_requires_installed_attestation_service_allowlist_and_current_identity [6 ms]
  Passed HavenOS.Home.Tests.HomeNativeDiscoverySessionTests.Real_socket_client_requires_designated_host_role_and_revalidates_receipt(mode: 0) [5 ms]
  Passed HavenOS.Home.Tests.HomeLocalProfileIdentityTests.Displayed_setup_actor_cannot_retarget_binding_or_import_after_session_change(import: False) [17 ms]
  Passed HavenOS.Home.Tests.HomeNativeDiscoverySessionTests.Real_socket_client_requires_designated_host_role_and_revalidates_receipt(mode: 1) [19 ms]
  Passed HavenOS.Home.Tests.HomeWebMcpBrowserLeaseTests.Actual_individual_approval_claim_and_held_Home_lease_serialize_canonical_profile_replacement [49 ms]
  Passed HavenOS.Home.Tests.HomeLocalProfileIdentityTests.Displayed_setup_actor_cannot_retarget_binding_or_import_after_session_change(import: True) [22 ms]
  Passed HavenOS.Home.Tests.HomeNativeDiscoverySessionTests.Real_socket_client_requires_designated_host_role_and_revalidates_receipt(mode: 2) [9 ms]
  Passed HavenOS.Home.Tests.HomeDashboardDisposeTests.Dispose_during_install_preserves_the_backend_outcome [3 ms]
  Passed HavenOS.Home.Tests.HomeLocalProfileIdentityTests.Stable_profile_reopens_but_new_process_session_does_not_inherit_account_or_org [15 ms]
  Passed HavenOS.Home.Tests.HomeDashboardDisposeTests.Dispose_during_refresh_preserves_the_backend_outcome [7 ms]
  Passed HavenOS.Home.Tests.HomeLocalOperationLeaseTests.Dispose_revokes_suspended_actual_guard_before_completion_and_serializes_release [26 ms]
  Passed HavenOS.Home.Tests.HomeClaimedResourceCommitFenceTests.Actual_caller_revocation_before_final_acquisition_denies_without_reclaim [67 ms]
  Passed HavenOS.Home.Tests.HomeLocalOperationLeaseTests.Cancelled_acquisition_guard_releases_both_actual_locks_without_publication [23 ms]
  Passed HavenOS.Home.Tests.HomeSettingsClaimedResourceCommitFenceTests.Actual_settings_claim_without_Home_provider_configuration_holds_raw_revocation_until_owner_release(kind: "maps") [41 ms]
  Passed HavenOS.Home.Tests.HomeLocalOperationLeaseTests.Cancellation_while_waiting_for_original_gate_does_not_release_someone_elses_lease [15 ms]
  Passed HavenOS.Home.Tests.HomeNotificationFeatureProviderTests.Publish_history_read_and_deep_link_use_persistent_typed_records [48 ms]
  Passed HavenOS.Home.Tests.HomeClaimedResourceCommitFenceTests.Retired_original_lifetime_or_disposed_fence_never_reacquires_authority [48 ms]
  Passed HavenOS.Home.Tests.HomeNotificationFeatureProviderTests.Resolve_rejects_consequential_action_names_and_unregistered_routes [11 ms]
  Passed HavenOS.Home.Tests.HomeLocalOperationLeaseTests.Actual_profile_UUID_replacement_and_remote_actor_fields_deny_original_lease [13 ms]
  Passed HavenOS.Home.Tests.HomeNotificationFeatureProviderTests.Publication_fails_closed_when_source_is_not_authorized [1 ms]
  Passed HavenOS.Home.Tests.HomeProductivityEnvelopeTests.Malformed_canonical_collections_fail_explicitly_without_creating_new_ids(variant: "null-assets") [8 ms]
  Passed HavenOS.Home.Tests.HomeProductivityEnvelopeTests.Malformed_canonical_collections_fail_explicitly_without_creating_new_ids(variant: "null-object") [< 1 ms]
  Passed HavenOS.Home.Tests.HomeProductivityEnvelopeTests.Malformed_canonical_collections_fail_explicitly_without_creating_new_ids(variant: "duplicate-id") [< 1 ms]
  Passed HavenOS.Home.Tests.HomeProductivityEnvelopeTests.Malformed_canonical_collections_fail_explicitly_without_creating_new_ids(variant: "null-list") [< 1 ms]
  Passed HavenOS.Home.Tests.HomeProductivityEnvelopeTests.Unknown_style_or_source_metadata_is_explicitly_rejected_instead_of_lost(sourceMetadata: False) [5 ms]
  Passed HavenOS.Home.Tests.HomeSettingsClaimedResourceCommitFenceTests.Actual_settings_claim_without_Home_provider_configuration_holds_raw_revocation_until_owner_release(kind: "shelf") [30 ms]
  Passed HavenOS.Home.Tests.HomeProductivityEnvelopeTests.Unknown_style_or_source_metadata_is_explicitly_rejected_instead_of_lost(sourceMetadata: True) [5 ms]
  Passed HavenOS.Home.Tests.HomeProductivityEnvelopeTests.Invalid_known_object_content_does_not_claim_paste_support_or_mint_replacement_ids [5 ms]
  Passed HavenOS.Home.Tests.HomeLocalOperationLeaseTests.Observed_out_of_protocol_profile_replacement_never_adopts_new_root(duringPrincipalRead: True) [22 ms]
  Passed HavenOS.Home.Tests.HomeProductivityEnvelopeTests.Case_aliases_cannot_ambiguously_replace_envelope_identity [1 ms]
  Passed HavenOS.Home.Tests.HomeProductivityEnvelopeTests.Unknown_bundle_metadata_round_trips_but_paste_cannot_silently_discard_it [1 ms]
  Passed HavenOS.Home.Tests.HomeNotificationFeatureProviderTests.Clear_dismisses_filtered_items_and_retains_history [42 ms]
  Passed HavenOS.Home.Tests.HomeCoreApiSnapshotFenceTests.Cancellation_while_authorization_waits_is_preserved_without_success [7 ms]
  Passed HavenOS.Home.Tests.HomeCoreApiSnapshotFenceTests.Missing_current_profile_never_calls_authorization_or_returns_state [1 ms]
  Passed HavenOS.Home.Tests.HomeLocalOperationLeaseTests.Observed_out_of_protocol_profile_replacement_never_adopts_new_root(duringPrincipalRead: False) [48 ms]
  Passed HavenOS.Home.Tests.HomeCoreApiSnapshotFenceTests.Authority_denial_or_failure_returns_no_data_even_when_runtime_changes(fault: False) [10 ms]
  Passed HavenOS.Home.Tests.HomeCoreApiSnapshotFenceTests.Authority_denial_or_failure_returns_no_data_even_when_runtime_changes(fault: True) [2 ms]
  Passed HavenOS.Home.Tests.HomeSettingsClaimedResourceCommitFenceTests.Completion_cannot_reserve_local_terminal_outcome_while_actual_owner_fence_is_held [67 ms]
  Passed HavenOS.Home.Tests.HomeLocalOperationLeaseTests.Actual_same_path_writer_and_exclusive_process_lock_stay_held_until_disposal [13 ms]
  Passed HavenOS.Home.Tests.HomeInstalledApplicationRegistryTests.Sole_entry_update_retains_canonical_id_and_invalidates_old_launch_revision(legacy: True) [68 ms]
  Passed HavenOS.Home.Tests.HomeCoreApiSnapshotFenceTests.Original_snapshot_change_during_authorization_returns_conflict_without_data(shape: "service") [16 ms]
  Passed HavenOS.Home.Tests.HomeLocalOperationLeaseTests.Same_path_different_store_instance_and_foreign_principal_never_issue_a_lease [8 ms]
  Passed HavenOS.Home.Tests.HomeInstalledApplicationRegistryTests.Sole_entry_update_retains_canonical_id_and_invalidates_old_launch_revision(legacy: False) [4 ms]
  Passed HavenOS.Home.Tests.HomeDashboardRecoveryTests.Refresh_failure_keeps_last_observed_rows_but_marks_them_stale_and_blocks_install [3 ms]
  Passed HavenOS.Home.Tests.HomeDashboardRecoveryTests.Install_failure_preserves_rows_marks_state_stale_and_requires_refresh_before_retry [1 ms]
  Passed HavenOS.Home.Tests.HomeCoreApiSnapshotFenceTests.Original_snapshot_change_during_authorization_returns_conflict_without_data(shape: "state") [6 ms]
  Passed HavenOS.Home.Tests.HomeSettingsClaimedResourceCommitFenceTests.Settings_original_lifetime_failure_only_denies_and_disposal_never_reacquires [28 ms]
  Passed HavenOS.Home.Tests.HomeModelPickerRouteEditorTests.CUI_document_exposes_all_model_categories_and_accessible_route_actions [10 ms]
  Passed HavenOS.Home.Tests.HomeCoreApiSnapshotFenceTests.Original_snapshot_change_during_authorization_returns_conflict_without_data(shape: "services") [5 ms]
  Passed HavenOS.Home.Tests.HomeCoreApiSnapshotFenceTests.Unchanged_authorized_snapshot_returns_one_revision_and_original_service_value(shape: "service") [4 ms]
  Passed HavenOS.Home.Tests.HomeModelPickerRouteEditorTests.Failed_revision_save_preserves_the_draft_for_conflict_recovery [13 ms]
  Passed HavenOS.Home.Tests.HomeModelPickerRouteEditorTests.Invalid_provider_snapshots_fail_closed_and_do_not_become_editable [< 1 ms]
  Passed HavenOS.Home.Tests.HomeModelPickerRouteEditorTests.Refresh_selects_first_route_and_exposes_empty_state_without_inventing_a_default [< 1 ms]
  Passed HavenOS.Home.Tests.HomeCoreApiSnapshotFenceTests.Unchanged_authorized_snapshot_returns_one_revision_and_original_service_value(shape: "state") [13 ms]
  Passed HavenOS.Home.Tests.HomeModelPickerRouteEditorTests.CUI_surface_queues_only_well_formed_typed_candidate_actions [5 ms]
  Passed HavenOS.Home.Tests.HomeModelPickerRouteEditorTests.Catalogue_projection_keeps_stable_identity_and_does_not_guess_provider_availability [7 ms]
  Passed HavenOS.Home.Tests.HomeModelPickerRouteEditorTests.Missing_route_candidate_and_invalid_position_return_structured_errors [1 ms]
  Passed HavenOS.Home.Tests.HomeModelPickerRouteEditorTests.Current_provider_model_revision_is_preserved_without_inventing_an_artifact_revision [2 ms]
  Passed HavenOS.Home.Tests.HomeSettingsClaimedResourceCommitFenceTests.Actual_owned_settings_receipt_substitution_before_final_acquisition_denies [30 ms]
  Passed HavenOS.Home.Tests.HomeCoreApiSnapshotFenceTests.Unchanged_authorized_snapshot_returns_one_revision_and_original_service_value(shape: "services") [14 ms]
  Passed HavenOS.Home.Tests.HomeInstalledApplicationRegistryTests.Actor_change_while_actual_store_lease_is_held_does_not_publish_registry(existing: False) [49 ms]
  Passed HavenOS.Home.Tests.HomeModelPickerRouteEditorTests.Unsaved_edits_block_route_switch_refresh_and_preview_until_explicit_resolution [9 ms]
  Passed HavenOS.Home.Tests.HomeCoreApiSnapshotFenceTests.Default_runtime_authority_and_unverified_metadata_never_grant_service_data [13 ms]
  Passed HavenOS.Home.Tests.HomeModelPickerRouteEditorTests.Audit_pending_is_visible_and_finish_dispatches_only_retained_audit [6 ms]
  Passed HavenOS.Home.Tests.HomeModelPickerRouteEditorTests.Resolution_preview_is_delegated_and_trace_is_retained_verbatim [2 ms]
  Passed HavenOS.Home.Tests.HomeModelPickerRouteEditorTests.Reorder_and_enable_edits_are_saved_as_one_revision_checked_operation [2 ms]
  Passed HavenOS.Home.Tests.HomeModelPickerRouteEditorTests.CUI_controller_dispatches_category_selection_and_updates_surface_state [1 ms]
  Passed HavenOS.Home.Tests.HomeCoreApiSnapshotFenceTests.Configured_original_profile_change_or_loss_denies_after_authorization(lost: True) [5 ms]
  Passed HavenOS.Home.Tests.HomeArtifactReferenceObjectsTests.Unattached_object_cannot_fabricate_a_backed_artifact_reference [2 ms]
  Passed HavenOS.Home.Tests.HomeCoreApiSnapshotFenceTests.Configured_original_profile_change_or_loss_denies_after_authorization(lost: False) [3 ms]
  Passed HavenOS.Home.Tests.HomeArtifactReferenceObjectsTests.Preparation_rejects_different_owner_result_and_canceled_acquisition [10 ms]
  Passed HavenOS.Home.Tests.HomeResourceOperationBrokerTests.Rejected_owner_claim_cannot_manufacture_completion_and_records_no_execution_success [18 ms]
  Passed HavenOS.Home.Tests.HomeSettingsClaimedResourceCommitFenceTests.Settings_variant_cannot_bypass_mandatory_Files_config_or_match_foreign_UUID_or_issuer [45 ms]
  Passed HavenOS.Home.Tests.HomeInstalledApplicationRegistryTests.Actor_change_while_actual_store_lease_is_held_does_not_publish_registry(existing: True) [69 ms]
  Passed HavenOS.Home.Tests.HomeResourceOperationBrokerTests.Observed_foreign_handle_is_unavailable_and_does_not_consume_original [27 ms]
  Passed HavenOS.Home.Tests.HomeInstalledApplicationRegistryTests.Unchanged_historical_schema_still_migrates_through_actual_guarded_write [16 ms]
  Passed HavenOS.Home.Tests.HomeArtifactReferenceObjectsTests.Display_requires_exact_acquired_reference_preserves_unknowns_and_cannot_clone [60 ms]
  Passed HavenOS.Home.Tests.HomeInstalledApplicationRegistryTests.Unknown_authority_duplicate_provider_and_actor_switch_fail_closed [1 ms]
  Passed HavenOS.Home.Tests.HomeInstalledApplicationRegistryTests.Original_refresh_mismatch_denies_before_provider_and_never_initializes_foreign_registry [1 ms]
  Passed HavenOS.Home.Tests.HomeResourceOperationBrokerTests.Owner_terminal_failures_are_not_relabelled_as_success(state: Failed) [22 ms]
  Passed HavenOS.Home.Tests.HomePackageDatabaseTests.Duplicate_package_ids_and_journal_keys_are_rejected_before_write [6 ms]
  Passed HavenOS.Home.Tests.HomeSettingsClaimedResourceCommitFenceTests.Completion_between_capture_and_actual_owner_entry_denies_without_reacquiring [53 ms]
  Passed HavenOS.Home.Tests.HomeInstalledApplicationRegistryTests.Original_refresh_provider_suspension_switch_preserves_actual_prior_registry_bytes [14 ms]
  Passed HavenOS.Home.Tests.HomeInstalledApplicationRegistryTests.Same_actual_inventory_refresh_and_launch_resolution_preserve_Home_bytes_without_guarded_publication [19 ms]
  Passed HavenOS.Home.Tests.HomeResourceOperationBrokerTests.Owner_terminal_failures_are_not_relabelled_as_success(state: Cancelled) [35 ms]
  Passed HavenOS.Home.Tests.HomeInstalledApplicationRegistryTests.Changed_actual_platform_profile_still_publishes_guarded_revision_and_keeps_original_application_identity [14 ms]
  Passed HavenOS.Home.Tests.HomeInstalledApplicationRegistryTests.Duplicate_or_conflicting_stable_keys_preserve_durable_registry [6 ms]
  Passed HavenOS.Home.Tests.HomeResourceOperationBrokerTests.Owner_terminal_failures_are_not_relabelled_as_success(state: PartiallyCompleted) [19 ms]
  Passed HavenOS.Home.Tests.HomeResourceOperationBrokerTests.Missing_actor_unknown_resource_and_duplicate_authorities_fail_closed [1 ms]
  Passed HavenOS.Home.Tests.HomePackageDatabaseTests.Compare_and_write_rejects_stale_revision_without_overwriting [65 ms]
  Passed HavenOS.Home.Tests.HomePackageDatabaseTests.Stale_snapshot_and_oversized_journal_are_rejected_without_truncation [6 ms]
  Passed HavenOS.Home.Tests.HomePackageDatabaseTests.Save_and_read_use_versioned_canonical_device_local_record [9 ms]
  Passed HavenOS.Home.Tests.HomeInstalledApplicationRegistryTests.Native_invocation_source_omits_unknown_games_and_revoked_platform_entries [32 ms]
  Passed HavenOS.Home.Tests.HomeNativeWidgetRegistryTests.Runtime_capture_rechecks_original_actor_owner_and_resources_after_endpoint_await(change: "foreign-surface") [91 ms]
  Passed HavenOS.Home.Tests.HomeInvocationCatalogueTests.Actual_catalogue_requires_canonical_operability_and_rejects_game_anticheat_unknown [22 ms]
  Passed HavenOS.Home.Tests.HomeResourceOperationBrokerTests.Approval_cannot_preserve_changed_actor_revision_acl_or_arguments [41 ms]
  Passed HavenOS.Home.Tests.HomeInstalledApplicationRegistryTests.Original_launch_resolution_preserves_actual_id_and_denies_switched_session [18 ms]
  Passed HavenOS.Home.Tests.HomeNativeWidgetRegistryTests.Runtime_capture_rechecks_original_actor_owner_and_resources_after_endpoint_await(change: "actor") [11 ms]
  Passed HavenOS.Home.Tests.HomeNativeWidgetRegistryTests.Runtime_capture_rechecks_original_actor_owner_and_resources_after_endpoint_await(change: "acl") [3 ms]
  Passed HavenOS.Home.Tests.HomeNativeWidgetRegistryTests.Runtime_capture_rechecks_original_actor_owner_and_resources_after_endpoint_await(change: "owner") [2 ms]
  Passed HavenOS.Home.Tests.HomeNativeWidgetRegistryTests.Malformed_or_duplicate_declarations_are_rejected_and_duplicate_live_owners_are_ambiguous [4 ms]
  Passed HavenOS.Home.Tests.HomeResourceOperationBrokerTests.Concurrent_observed_claims_issue_exactly_one_owner_claim [18 ms]
  Passed HavenOS.Home.Tests.HomeNativeWidgetRegistryTests.Runtime_capture_uses_same_unique_entry_bounds_and_detached_authored_data [4 ms]
  Passed HavenOS.Home.Tests.HomeInstalledApplicationRegistryTests.Canonical_ids_survive_reopen_profile_duplicate_labels_and_quiet_profiles_cannot_launch [24 ms]
  Passed HavenOS.Home.Tests.HomeNativeWidgetRegistryTests.Runtime_disconnect_cancels_active_and_serialized_waiting_capture_without_delivering_stale_surface [9 ms]
  Passed HavenOS.Home.Tests.HomeResourceOperationBrokerTests.Original_actor_admission_preserves_same_actor_review_and_existing_one_use_claim [17 ms]
  Passed HavenOS.Home.Tests.HomeNativeWidgetRegistryTests.Current_verified_owner_resource_revision_actor_and_live_lifetime_are_all_required [3 ms]
  Passed HavenOS.Home.Tests.HomeNativeWidgetRegistryTests.Owner_change_during_registration_or_resource_check_denies_delivery [1 ms]
  Passed HavenOS.Home.Tests.HomePersonalDenFactoryTests.Retained_session_rejects_changed_Home_binding_receipt [49 ms]
  Passed HavenOS.Home.Tests.HomeInstalledApplicationRegistryTests.Historical_multiple_entries_are_not_merged_or_selected_by_package [20 ms]
  Passed HavenOS.Home.Tests.HomeNativeWidgetRegistryTests.A_duplicate_owner_registered_during_capture_prevents_original_surface_delivery [7 ms]
  Passed HavenOS.Home.Tests.HomeNativeWidgetRegistryTests.Unavailable_verifier_never_promotes_declared_widget_or_copied_locator_to_live_owner [< 1 ms]
  Passed HavenOS.Home.Tests.HomeResourceOperationBrokerTests.Observed_wrong_input_does_not_consume_and_corrected_retry_claims_once [14 ms]
  Passed HavenOS.Home.Tests.HomeNativeWidgetRegistryTests.Registration_captures_mutable_metadata_before_await_and_returns_immutable_collections [4 ms]
  Passed HavenOS.Home.Tests.HomePersonalDenFactoryTests.Existing_even_empty_Den_is_not_automatically_claimed_as_new [18 ms]
  Passed HavenOS.Home.Tests.HomeResourceOperationBrokerTests.Observed_resolver_exception_preserves_exception_and_only_negative_audit_recovery [17 ms]
  Passed HavenOS.Home.Tests.HomeProductivityGeometryTests.Ambiguous_or_incomplete_geometry_rejects_without_rewriting_source(corruption: "duplicate") [15 ms]
  Passed HavenOS.Home.Tests.HomeProductivityGeometryTests.Ambiguous_or_incomplete_geometry_rejects_without_rewriting_source(corruption: "null") [< 1 ms]
  Passed HavenOS.Home.Tests.HomeProductivityGeometryTests.Ambiguous_or_incomplete_geometry_rejects_without_rewriting_source(corruption: "alias") [< 1 ms]
  Passed HavenOS.Home.Tests.HomeProductivityGeometryTests.Ambiguous_or_incomplete_geometry_rejects_without_rewriting_source(corruption: "missing") [< 1 ms]
  Passed HavenOS.Home.Tests.HomeProductivityGeometryTests.Explicit_local_and_document_composition_produce_different_correct_placements [5 ms]
  Passed HavenOS.Home.Tests.HomeProductivityGeometryTests.Explicit_pivot_is_fixed_and_unknown_properties_identity_content_and_bounds_survive [5 ms]
  Passed HavenOS.Home.Tests.HomeProductivityGeometryTests.Nonfinite_and_unbounded_transform_values_are_rejected_before_mutation [1 ms]
  Passed HavenOS.Home.Tests.HomeProductivityGeometryTests.Projection_does_not_add_a_second_case_alias_for_existing_geometry [< 1 ms]
  Passed HavenOS.Home.Tests.HomeProductivityGeometryTests.Picture_clockwise_rotation_and_flip_match_actual_document_pixel_convention [< 1 ms]
  Passed HavenOS.Home.Tests.HomeProductivityGeometryTests.Unknown_geometry_versions_and_implicit_geometry_are_not_reinterpreted [1 ms]
  Passed HavenOS.Home.Tests.DenAttachmentCommitAuthorityTests.Owner_revocation_at_reference_publication_denies_even_when_reference_write_remains_allowed [42 ms]
  Passed HavenOS.Home.Tests.HomeResourceOperationBrokerTests.Canonical_resource_access_and_explicit_approval_are_both_required_and_one_use [31 ms]
  Passed HavenOS.Home.Tests.DenAttachmentCommitAuthorityTests.Owner_revocation_at_blob_publication_leaves_no_blob_or_reference [48 ms]
  Passed HavenOS.Home.Tests.HomePersonalDenFactoryTests.Actual_new_Den_requires_Home_binding_then_personal_records_work_without_Admin_or_Execute [88 ms]
  Passed HavenOS.Home.Tests.HomeModelPickerFeatureProviderTests.Legacy_unowned_route_is_preserved_and_never_claimed_by_the_current_profile [81 ms]
  Passed HavenOS.Home.Tests.DenAttachmentCommitAuthorityTests.Attachment_uses_bytes_captured_before_awaited_owner_authorization [48 ms]
  Passed HavenOS.Home.Tests.HomeResourceOperationBrokerTests.Owner_claim_rechecks_current_actor_acl_and_revision_after_approval_consumption [116 ms]
  Passed HavenOS.Home.Tests.HomePersonalDenFactoryTests.Retained_session_rejects_changed_authentication_revision_without_new_grants [74 ms]
  Passed HavenOS.Home.Tests.HomeResourceOperationBrokerTests.Completion_requires_original_issuer_successful_claim_and_reports_actual_outcome_once [22 ms]
  Passed HavenOS.Home.Tests.HomeModelPickerFeatureProviderTests.New_profile_is_a_real_owned_draft_and_save_requires_exact_Home_approval_then_disk_CAS [76 ms]
  Passed HavenOS.Home.Tests.HomePersonalDenFactoryTests.Ownership_observation_rejects_linked_storage_instead_of_claiming_external_bytes [23 ms]
  Passed HavenOS.Home.Tests.HomeResourceOperationBrokerTests.Observed_actor_rejection_is_consumed_and_audit_retry_never_reclaims [13 ms]
  Passed HavenOS.Home.Tests.DenAttachmentCommitAuthorityTests.Purge_checks_current_Admin_under_lease_and_before_actual_deletion(denyAt: 2) [79 ms]
  Passed HavenOS.Home.Tests.HomeResourceOperationBrokerTests.Owner_capability_is_bound_to_issuer_exact_operation_and_claimed_once [20 ms]
  Passed HavenOS.Home.Tests.HomeModelPickerFeatureProviderTests.Confirmed_route_save_retains_exact_audit_retry_without_repeating_guarded_CAS(afterPublication: False) [35 ms]
  Passed HavenOS.Home.Tests.DenAttachmentCommitAuthorityTests.Purge_checks_current_Admin_under_lease_and_before_actual_deletion(denyAt: 2147483647) [23 ms]
  Passed HavenOS.Home.Tests.HomePersonalDenFactoryTests.Retained_session_observes_namespace_sharing_changed_by_another_real_store [45 ms]
  Passed HavenOS.Home.Tests.HomeResourceOperationBrokerTests.Original_actor_admission_denies_switched_actor_before_creating_any_Home_request [19 ms]
  Passed HavenOS.Home.Tests.HomeEcosystemTests.Layout_mutations_are_revisioned_and_AI_controls_are_independent [11 ms]
  Passed HavenOS.Home.Tests.HomeEcosystemTests.AI_layout_requires_opt_in_provenance_and_sources_and_respects_protected_tiles [14 ms]
  Passed HavenOS.Home.Tests.HomeModelPickerFeatureProviderTests.Confirmed_route_save_retains_exact_audit_retry_without_repeating_guarded_CAS(afterPublication: True) [41 ms]
  Passed HavenOS.Home.Tests.DenAttachmentCommitAuthorityTests.Purge_checks_current_Admin_under_lease_and_before_actual_deletion(denyAt: 3) [38 ms]
  Passed HavenOS.Home.Tests.HomeEcosystemTests.Events_keep_authoritative_source_provenance_and_never_invent_records [18 ms]
  Passed HavenOS.Home.Tests.HomeEcosystemTests.Navigation_retains_destination_state_and_uses_the_canonical_feature_route_id [6 ms]
  Passed HavenOS.Home.Tests.HomeModelPickerFeatureProviderTests.Foreign_scope_unsupported_owner_and_changed_approved_arguments_cannot_write [30 ms]
  Passed HavenOS.Home.Tests.DenAttachmentCommitAuthorityTests.Read_revocation_after_blob_materialization_denies_delivery [33 ms]
  Passed HavenOS.Home.Tests.HomeUnclaimedExecutionAbortTests.Abort_audit_failure_retains_only_same_negative_outcome_before_or_after_actual_publication(after: True, denied: True) [42 ms]
  Passed HavenOS.Home.Tests.HomeModelPickerFeatureProviderTests.Original_route_input_bounded_actual_enumeration_denies_before_Home_review [32 ms]
  Passed HavenOS.Home.Tests.DenAttachmentCommitAuthorityTests.Newly_created_Den_metadata_and_blob_files_are_private_on_Unix [38 ms]
  Passed HavenOS.Home.Tests.HomeUnclaimedExecutionAbortTests.Abort_audit_failure_retains_only_same_negative_outcome_before_or_after_actual_publication(after: True, denied: False) [34 ms]
  Passed HavenOS.Home.Tests.HomeEcosystemTests.Json_layout_and_library_pin_stores_survive_service_recreation [82 ms]
  Passed HavenOS.Home.Tests.DenAttachmentCommitAuthorityTests.Quota_requires_current_Admin_at_final_Save_not_just_Write [32 ms]
  Passed HavenOS.Home.Tests.HomeEcosystemTests.Library_filters_permissions_paginates_and_rechecks_before_open [13 ms]
  Passed HavenOS.Home.Tests.AgentPresentationTests.Snapshot_detaches_caller_collections_and_rejects_corrupt_shape [11 ms]
  Passed HavenOS.Home.Tests.HomeModelPickerFeatureProviderTests.Approval_displays_exact_candidate_order_enabled_state_and_before_after_privacy_policy [71 ms]
  Passed HavenOS.Home.Tests.HomeUnclaimedExecutionAbortTests.Abort_audit_failure_retains_only_same_negative_outcome_before_or_after_actual_publication(after: False, denied: True) [58 ms]
  Passed HavenOS.Home.Tests.HomeStoreImportAuditTests.Acknowledged_binding_survives_audit_failure_and_retry_never_rebinds(afterAuditCommit: False, unauthorizedAudit: False) [28 ms]
  Passed HavenOS.Home.Tests.AgentPresentationTests.Save_cannot_persist_assets_injected_while_authorization_is_waiting [33 ms]
  Passed HavenOS.Home.Tests.HomeModelPickerFeatureProviderTests.Local_only_filters_before_catalogue_discovery_and_does_not_invent_artifact_versions [30 ms]
  Passed HavenOS.Home.Tests.AgentPresentationTests.ReducedMotionAndMissingAnimationAssetsRetainAccessibleStaticIdentityAndActivity [2 ms]
  Passed HavenOS.Home.Tests.AgentPresentationTests.SameCanonicalAgentSurvivesSerializationAndReactsToObservedPresentationEvents [1 ms]
  Passed HavenOS.Home.Tests.HomeUnclaimedExecutionAbortTests.Abort_audit_failure_retains_only_same_negative_outcome_before_or_after_actual_publication(after: False, denied: False) [35 ms]
  Passed HavenOS.Home.Tests.HomeStoreImportAuditTests.Acknowledged_binding_survives_audit_failure_and_retry_never_rebinds(afterAuditCommit: False, unauthorizedAudit: True) [30 ms]
  Passed HavenOS.Home.Tests.AgentPresentationTests.Draft_preview_is_detached_read_only_and_rejects_concurrent_Agent_change(changeAgent: False) [33 ms]
  Passed HavenOS.Home.Tests.HomeUnclaimedExecutionAbortTests.Actual_claim_removal_wins_before_async_authority_check_and_abort_cannot_report_no_claim [26 ms]
  Passed HavenOS.Home.Tests.HomeStoreImportAuditTests.Acknowledged_binding_survives_audit_failure_and_retry_never_rebinds(afterAuditCommit: True, unauthorizedAudit: False) [18 ms]
  Passed HavenOS.Home.Tests.AgentPresentationTests.Draft_preview_is_detached_read_only_and_rejects_concurrent_Agent_change(changeAgent: True) [14 ms]
  Passed HavenOS.Home.Tests.HomePermissionPromptDisplayTests.Only_actual_broker_decision_returns_allowed_or_denied_and_flow_does_not_begin_execution(accept: True) [4 ms]
  Passed HavenOS.Home.Tests.AgentPresentationTests.UnknownSchemaAndAmbiguousTransitionsAreRejected [< 1 ms]
  Passed HavenOS.Home.Tests.HomeUnclaimedExecutionAbortTests.Issuer_abort_consumes_unclaimed_handle_and_blocks_late_claim_forged_completion_and_foreign_audit [12 ms]
  Passed HavenOS.Home.Tests.HomePermissionPromptDisplayTests.Only_actual_broker_decision_returns_allowed_or_denied_and_flow_does_not_begin_execution(accept: False) [1 ms]
  Passed HavenOS.Home.Tests.HomePermissionPromptDisplayTests.Unavailable_or_closed_presenter_keeps_actual_request_pending_without_execution(mode: "false") [2 ms]
  Passed HavenOS.Home.Tests.HomePermissionPromptDisplayTests.Unavailable_or_closed_presenter_keeps_actual_request_pending_without_execution(mode: "missing") [< 1 ms]
  Passed HavenOS.Home.Tests.HomePermissionPromptDisplayTests.Unavailable_or_closed_presenter_keeps_actual_request_pending_without_execution(mode: "closed") [< 1 ms]
  Passed HavenOS.Home.Tests.HomePermissionPromptDisplayTests.Unavailable_or_closed_presenter_keeps_actual_request_pending_without_execution(mode: "fault") [< 1 ms]
  Passed HavenOS.Home.Tests.HomePermissionPromptDisplayTests.Missing_or_terminal_request_never_records_display(terminal: False) [2 ms]
  Passed HavenOS.Home.Tests.HomePermissionPromptDisplayTests.Missing_or_terminal_request_never_records_display(terminal: True) [1 ms]
  Passed HavenOS.Home.Tests.HomePermissionPromptDisplayTests.Unknown_request_never_opens_a_prompt_or_creates_a_request [1 ms]
  Passed HavenOS.Home.Tests.HomePermissionPromptDisplayTests.Presenter_ignoring_cancellation_cannot_return_a_successful_decision [1 ms]
  Passed HavenOS.Home.Tests.HomeLocalStoreSetupEvidenceTests.Inspection_offers_empty_binding_only_for_exact_accessible_evidence_and_never_binds(variant: "valid", eligible: True) [13 ms]
  Passed HavenOS.Home.Tests.HomePermissionPromptDisplayTests.Creation_is_request_received_only_and_exact_display_ack_is_idempotent_without_approval [4 ms]
  Passed HavenOS.Home.Tests.HomeRejectedClaimAuditTests.Consumed_claim_failure_is_audited_without_issuing_or_restoring_owner_permission(failure: "cancel", failAudit: True, unauthorizedAudit: True) [17 ms]
  Passed HavenOS.Home.Tests.HomePermissionPromptDisplayTests.Display_only_observation_cannot_grant_or_dispatch_the_action [2 ms]
  Passed HavenOS.Home.Tests.HomeModelPickerFeatureProviderTests.Approved_route_does_not_commit_if_real_principal_changes_while_Home_lease_waits [78 ms]
  Passed HavenOS.Home.Tests.HomeLocalStoreSetupEvidenceTests.Inspection_offers_empty_binding_only_for_exact_accessible_evidence_and_never_binds(variant: "missing-revision", eligible: False) [12 ms]
  Passed HavenOS.Home.Tests.HomeNotesSharedObjectsTests.Heading_keeps_canonical_ID_rich_runs_unknown_fields_and_typed_formatting [11 ms]
  Passed HavenOS.Home.Tests.HomeRejectedClaimAuditTests.Consumed_claim_failure_is_audited_without_issuing_or_restoring_owner_permission(failure: "io", failAudit: True, unauthorizedAudit: False) [19 ms]
  Passed HavenOS.Home.Tests.HomeModelPickerFeatureProviderTests.Original_route_actor_port_denies_changed_principal_before_creating_review [19 ms]
  Passed HavenOS.Home.Tests.HomeLocalStoreSetupEvidenceTests.Inspection_offers_empty_binding_only_for_exact_accessible_evidence_and_never_binds(variant: "foreign-store", eligible: False) [16 ms]
  Passed HavenOS.Home.Tests.HomeNotesSharedObjectsTests.Table_and_checklist_edit_canonical_children_and_paste_remaps_nested_IDs_together [20 ms]
  Passed HavenOS.Home.Tests.HomeNotesSharedObjectsTests.Engine_exposes_all_five_existing_Notes_families_and_rejects_identity_disagreement [1 ms]
  Passed HavenOS.Home.Tests.HomeNotesSharedObjectsTests.Rich_paragraph_version_coexists_with_legacy_without_flattening_or_implicit_upgrade [4 ms]
  Passed HavenOS.Home.Tests.HomeProductivityRasterTests.Frame_detaches_source_and_each_reader_and_preserves_row_stride [< 1 ms]
  Passed HavenOS.Home.Tests.HomeRejectedClaimAuditTests.Consumed_claim_failure_is_audited_without_issuing_or_restoring_owner_permission(failure: "identity", failAudit: False, unauthorizedAudit: False) [14 ms]
  Passed HavenOS.Home.Tests.HomeProductivityRasterTests.Frame_rejects_partial_overflow_and_unbounded_dimensions [< 1 ms]
  Passed HavenOS.Home.Tests.HomeLocalStoreSetupEvidenceTests.Inspection_offers_empty_binding_only_for_exact_accessible_evidence_and_never_binds(variant: "foreign-kind", eligible: False) [16 ms]
  Passed HavenOS.Home.Tests.HomeModelPickerFeatureProviderTests.Original_route_actor_port_creates_only_same_actor_exact_review [22 ms]
  Passed HavenOS.Home.Tests.HomeRejectedClaimAuditTests.Consumed_claim_failure_is_audited_without_issuing_or_restoring_owner_permission(failure: "cancel", failAudit: False, unauthorizedAudit: False) [22 ms]
  Passed HavenOS.Home.Tests.HomeRejectedBeginAuditTests.Admission_store_failure_never_issues_owner_capability_and_recovery_only_records_negative_outcome(afterPublication: True, denyAudit: False, cancelled: False) [26 ms]
  Passed HavenOS.Home.Tests.HomeLocalStoreSetupEvidenceTests.Inspection_offers_empty_binding_only_for_exact_accessible_evidence_and_never_binds(variant: "inaccessible", eligible: False) [23 ms]
  Passed HavenOS.Home.Tests.HomeRejectedClaimAuditTests.Consumed_claim_failure_is_audited_without_issuing_or_restoring_owner_permission(failure: "io", failAudit: False, unauthorizedAudit: False) [16 ms]
  Passed HavenOS.Home.Tests.HomeObservedRejectedClaimAuditTests.Consumed_claim_failure_is_audited_without_issuing_or_restoring_owner_permission(failure: "cancel", failAudit: True, unauthorizedAudit: True) [18 ms]
  Passed HavenOS.Home.Tests.HomeDiscoverCatalogTests.Provider_actions_require_advertised_support_and_preserve_structured_result [14 ms]
  Passed HavenOS.Home.Tests.HomeRejectedBeginAuditTests.Admission_store_failure_never_issues_owner_capability_and_recovery_only_records_negative_outcome(afterPublication: True, denyAudit: True, cancelled: False) [27 ms]
  Passed HavenOS.Home.Tests.HomeNativeSessionLeaseTests.Real_os_lease_prevents_concurrent_host_and_releases_on_close [13 ms]
  Passed HavenOS.Home.Tests.HomeDiscoverCatalogTests.Search_keeps_provider_scoped_identity_and_unknown_metadata [15 ms]
  Passed HavenOS.Home.Tests.HomeDiscoverCatalogTests.Compare_reports_missing_models_without_collapsing_provider_identity [4 ms]
  Passed HavenOS.Home.Tests.HomeDiscoverCatalogTests.A_provider_failure_is_reported_without_hiding_other_catalogues [1 ms]
  Passed HavenOS.Home.Tests.HomeObservedRejectedClaimAuditTests.Consumed_claim_failure_is_audited_without_issuing_or_restoring_owner_permission(failure: "io", failAudit: True, unauthorizedAudit: False) [35 ms]
  Passed HavenOS.Home.Tests.HomeDiscoverCatalogTests.Voice_recommendations_are_mode_specific_and_require_measured_evidence [11 ms]
  Passed HavenOS.Home.Tests.HomeDiscoverCatalogTests.Search_uses_bounded_stable_cursors_and_rejects_stale_provider_revisions [3 ms]
  Passed HavenOS.Home.Tests.HomeDiscoverCatalogTests.Duplicate_provider_registrations_are_rejected [< 1 ms]
  Passed HavenOS.Home.Tests.HomeEquationObjectTests.Nonempty_visual_graph_cannot_be_silently_discarded_by_source_edit_or_generic_clone [11 ms]
  Passed HavenOS.Home.Tests.HomeEquationObjectTests.Canonical_equation_projection_and_source_edit_retain_ids_unknowns_and_noncache_fields [7 ms]
  Passed HavenOS.Home.Tests.HomeRejectedBeginAuditTests.Admission_store_failure_never_issues_owner_capability_and_recovery_only_records_negative_outcome(afterPublication: False, denyAudit: False, cancelled: False) [40 ms]
  Passed HavenOS.Home.Tests.HomeEquationObjectTests.Canonical_identity_source_and_bounds_are_required_without_deserializing_new_ids [2 ms]
  Passed HavenOS.Home.Tests.HomeObservedRejectedClaimAuditTests.Consumed_claim_failure_is_audited_without_issuing_or_restoring_owner_permission(failure: "io", failAudit: False, unauthorizedAudit: False) [29 ms]
  Passed HavenOS.Home.Tests.HomeRejectedBeginAuditTests.Admission_store_failure_never_issues_owner_capability_and_recovery_only_records_negative_outcome(afterPublication: False, denyAudit: True, cancelled: True) [15 ms]
  Passed HavenOS.Home.Tests.HomeObservedRejectedClaimAuditTests.Consumed_claim_failure_is_audited_without_issuing_or_restoring_owner_permission(failure: "identity", failAudit: False, unauthorizedAudit: False) [10 ms]
  Passed HavenOS.Home.Tests.HomeObservedRejectedClaimAuditTests.Consumed_claim_failure_is_audited_without_issuing_or_restoring_owner_permission(failure: "cancel", failAudit: False, unauthorizedAudit: False) [10 ms]
  Passed HavenOS.Home.Tests.DenReadLifetimeTests.List_filters_an_earlier_object_revoked_while_later_objects_are_read [14 ms]
  Passed HavenOS.Home.Tests.DenReadLifetimeTests.Shared_blob_collection_requires_current_Den_admin_through_publication(denyAt: 2) [13 ms]
  Passed HavenOS.Home.Tests.DenReadLifetimeTests.Shared_blob_collection_requires_current_Den_admin_through_publication(denyAt: 2147483647) [20 ms]
  Passed HavenOS.Home.Tests.DenReadLifetimeTests.Shared_blob_collection_requires_current_Den_admin_through_publication(denyAt: 3) [6 ms]
[xUnit.net 00:00:03.17]   Finished:    HavenOS.Home.Tests
Data collector 'Blame' message: All tests finished running, Sequence file will not be generated.
  Passed HavenOS.Home.Tests.DenReadLifetimeTests.Shared_blob_collection_requires_current_Den_admin_through_publication(denyAt: 1) [6 ms]
  Passed HavenOS.Home.Tests.DenReadLifetimeTests.Denied_object_is_not_materialized_even_when_its_private_file_is_corrupt [10 ms]
  Passed HavenOS.Home.Tests.DenReadLifetimeTests.Export_rechecks_current_read_after_snapshot_materialization [16 ms]
  Passed HavenOS.Home.Tests.DenReadLifetimeTests.Cancellation_while_file_lease_is_held_releases_process_writer_gate [11 ms]

Test Run Successful.
Total tests: 355
     Passed: 355
 Total time: 3.8802 Seconds
Results File: /home/runner/work/9to1/9to1/artifacts/desktop-visible-owning/trx/home.trx
