Test run for /home/runner/work/9to1/9to1/artifacts/root14-managed-build/bin/Haven.Infrastructure.Tests/release_linux-x64/Haven.Infrastructure.Tests.dll (.NETCoreApp,Version=v10.0)
A total of 1 test files matched the specified pattern.
/home/runner/work/9to1/9to1/artifacts/root14-managed-build/bin/Haven.Infrastructure.Tests/release_linux-x64/Haven.Infrastructure.Tests.dll
[xUnit.net 00:00:00.00] xUnit.net VSTest Adapter v3.1.5+1b188a7b0a (64-bit .NET 10.0.12)
[xUnit.net 00:00:00.15]   Discovering: Haven.Infrastructure.Tests
[xUnit.net 00:00:00.32]   Discovered:  Haven.Infrastructure.Tests
[xUnit.net 00:00:00.38]   Starting:    Haven.Infrastructure.Tests
  Passed Haven.Infrastructure.Tests.ShelfItemEditCommitAdmissionTests.Actual_pin_tags_and_order_edit_requires_admission_and_keeps_original_target(allowed: True) [180 ms]
  Passed Haven.Infrastructure.Tests.ShelfItemEditCommitAdmissionTests.Actual_pin_tags_and_order_edit_requires_admission_and_keeps_original_target(allowed: False) [3 ms]
  Passed Haven.Infrastructure.Tests.ShelfItemEditCommitAdmissionTests.Tags_are_captured_before_actual_publication_wait_and_later_caller_mutation_is_not_saved [6 ms]
  Passed Haven.Infrastructure.Tests.DataLocalStoreAuthorityTests.Record_create_commit_rechecks_actual_actor_or_binding_inside_canonical_workbook_lease(revokeBinding: True) [491 ms]
  Passed Haven.Infrastructure.Tests.DataLocalStoreAuthorityTests.Record_create_commit_rechecks_actual_actor_or_binding_inside_canonical_workbook_lease(revokeBinding: False) [87 ms]
  Passed Haven.Infrastructure.Tests.DataLocalStoreAuthorityTests.Actual_relationship_owner_port_creates_edits_and_removes_self_reference_without_changing_records [219 ms]
  Passed Haven.Infrastructure.Tests.DataLocalStoreAuthorityTests.Exact_schema_approval_preserves_actual_records_and_rechecks_owner_under_writer_lease(change: 0) [61 ms]
  Passed Haven.Infrastructure.Tests.DataLocalStoreAuthorityTests.Exact_schema_approval_preserves_actual_records_and_rechecks_owner_under_writer_lease(change: 1) [57 ms]
  Passed Haven.Infrastructure.Tests.DataLocalStoreAuthorityTests.Exact_schema_approval_preserves_actual_records_and_rechecks_owner_under_writer_lease(change: -1) [43 ms]
  Passed Haven.Infrastructure.Tests.DataLocalStoreAuthorityTests.Originally_displayed_selection_denies_replacement_before_review_even_with_colliding_workbook_identity(replaceStore: True) [170 ms]
  Passed Haven.Infrastructure.Tests.DataLocalStoreAuthorityTests.Originally_displayed_selection_denies_replacement_before_review_even_with_colliding_workbook_identity(replaceStore: False) [25 ms]
  Passed Haven.Infrastructure.Tests.DataLocalStoreAuthorityTests.Lying_scalar_collection_is_bounded_before_actual_display_review_without_pending_or_writes(duplicate: True) [30 ms]
  Passed Haven.Infrastructure.Tests.DataLocalStoreAuthorityTests.Lying_scalar_collection_is_bounded_before_actual_display_review_without_pending_or_writes(duplicate: False) [18 ms]
  Passed Haven.Infrastructure.Tests.DataLocalStoreAuthorityTests.Exact_Home_record_operation_commits_once_or_reports_validation_failure(invalid: True, fromForm: False) [86 ms]
  Passed Haven.Infrastructure.Tests.DataLocalStoreAuthorityTests.Exact_Home_record_operation_commits_once_or_reports_validation_failure(invalid: False, fromForm: False) [53 ms]
  Passed Haven.Infrastructure.Tests.DataLocalStoreAuthorityTests.Exact_Home_record_operation_commits_once_or_reports_validation_failure(invalid: False, fromForm: True) [199 ms]
  Passed Haven.Infrastructure.Tests.DataLocalStoreAuthorityTests.Held_workbook_lease_rechecks_actor_binding_and_actual_root(change: 1) [41 ms]
  Passed Haven.Infrastructure.Tests.DataLocalStoreAuthorityTests.Held_workbook_lease_rechecks_actor_binding_and_actual_root(change: 2) [77 ms]
  Passed Haven.Infrastructure.Tests.DataLocalStoreAuthorityTests.Held_workbook_lease_rechecks_actor_binding_and_actual_root(change: 0) [95 ms]
  Passed Haven.Infrastructure.Tests.DataLocalStoreAuthorityTests.Held_workbook_lease_rechecks_actor_binding_and_actual_root(change: 3) [30 ms]
  Passed Haven.Infrastructure.Tests.DataLocalStoreAuthorityTests.Junction_commit_rechecks_actual_actor_or_binding_inside_canonical_workbook_lease(revokeBinding: True) [252 ms]
  Passed Haven.Infrastructure.Tests.DataLocalStoreAuthorityTests.Junction_commit_rechecks_actual_actor_or_binding_inside_canonical_workbook_lease(revokeBinding: False) [173 ms]
  Passed Haven.Infrastructure.Tests.DataLocalStoreAuthorityTests.Relationship_commit_rechecks_actual_actor_or_binding_under_physical_workbook_lease(revokeBinding: True) [58 ms]
  Passed Haven.Infrastructure.Tests.DataLocalStoreAuthorityTests.Relationship_commit_rechecks_actual_actor_or_binding_under_physical_workbook_lease(revokeBinding: False) [104 ms]
  Passed Haven.Infrastructure.Tests.DataLocalStoreAuthorityTests.Actual_record_review_captures_caller_scalars_before_held_physical_load_and_approval [62 ms]
  Passed Haven.Infrastructure.Tests.DataLocalStoreAuthorityTests.Existing_unreadable_Data_is_not_reported_as_empty_for_binding [5 ms]
  Passed Haven.Infrastructure.Tests.DataLocalStoreAuthorityTests.Actual_owner_designer_reviews_saved_schema_and_recovers_committed_receipt_without_replaying [186 ms]
  Passed Haven.Infrastructure.Tests.DataLocalStoreAuthorityTests.Actual_record_creator_reviews_defaults_and_dependent_calculation_before_atomic_persistence [173 ms]
  Passed Haven.Infrastructure.Tests.DataLocalStoreAuthorityTests.Real_Home_receipt_allows_exact_commit_without_reentering_Data_evidence [12 ms]
  Passed Haven.Infrastructure.Tests.DataLocalStoreAuthorityTests.Actual_junction_owner_creates_one_canonical_association_table_without_copying_source_records [63 ms]
  Passed Haven.Infrastructure.Tests.DataLocalStoreAuthorityTests.Final_publication_denial_preserves_current_and_backup_after_temporary_preparation [19 ms]
  Passed Haven.Infrastructure.Tests.DataLocalStoreAuthorityTests.Caller_captured_schema_cannot_misrepresent_actual_record_impact_in_Home_review [44 ms]
  Passed Haven.Infrastructure.Tests.ShelfCollectionCommitAdmissionTests.Collection_mutations_require_final_admission_and_preserve_physical_root_on_refusal(membership: False) [12 ms]
  Passed Haven.Infrastructure.Tests.ShelfCollectionCommitAdmissionTests.Collection_mutations_require_final_admission_and_preserve_physical_root_on_refusal(membership: True) [9 ms]
  Passed Haven.Infrastructure.Tests.HomeDataConversationRegistrationTests.Actual_graph_resolves_single_owning_stores_and_guards_without_implicitly_binding_existing_data [148 ms]
  Passed Haven.Infrastructure.Tests.ShelfLibraryWorkspaceTests.Queued_original_factory_keeps_prequeue_UUID_and_rejects_replacement_without_adopting_it [43 ms]
  Passed Haven.Infrastructure.Tests.ShelfLibraryWorkspaceTests.Real_manual_target_review_requires_Home_accept_then_reload_keeps_canonical_identity_and_Finish_never_replays [141 ms]
  Passed Haven.Infrastructure.Tests.ShelfLibraryWorkspaceTests.Retired_original_host_after_reload_denies_original_approved_review_without_new_Home_or_settings_effect [35 ms]
  Passed Haven.Infrastructure.Tests.ShelfLibraryWorkspaceTests.Close_retains_pending_request_for_real_Home_decline_and_audit_only_Finish [23 ms]
  Passed Haven.Infrastructure.Tests.ShelfLibraryWorkspaceTests.Original_display_refuses_changed_physical_UUID_on_review_and_reload_without_foreign_write [14 ms]
  Passed Haven.Infrastructure.Tests.FormDataReferenceLookupSourceTests.Actual_original_session_never_adopts_replaced_same_profile_receipt_but_explicit_fresh_open_can_read(resourceKind: "data") [876 ms]
  Passed Haven.Infrastructure.Tests.FormDataReferenceLookupSourceTests.Actual_original_session_never_adopts_replaced_same_profile_receipt_but_explicit_fresh_open_can_read(resourceKind: "forms") [643 ms]
  Passed Haven.Infrastructure.Tests.FormDataReferenceLookupSourceTests.Canonical_Respond_route_requires_explicit_actual_lookup_and_retains_same_durable_response_on_reopen(configured: True) [1 s]
  Passed Haven.Infrastructure.Tests.FormDataReferenceLookupSourceTests.Canonical_Respond_route_requires_explicit_actual_lookup_and_retains_same_durable_response_on_reopen(configured: False) [167 ms]
  Passed Haven.Infrastructure.Tests.FormDataReferenceLookupSourceTests.Actual_foreign_Home_composition_and_foreign_response_or_table_configuration_do_not_gain_lookup_reads [170 ms]
  Passed Haven.Infrastructure.Tests.FormDataReferenceLookupSourceTests.Actual_mounted_reference_response_uses_personal_Data_owner_and_saves_only_selected_original_reference(lostReadReturn: 0) [472 ms]
  Passed Haven.Infrastructure.Tests.FormDataReferenceLookupSourceTests.Actual_mounted_reference_response_uses_personal_Data_owner_and_saves_only_selected_original_reference(lostReadReturn: 2) [563 ms]
  Passed Haven.Infrastructure.Tests.FormDataReferenceLookupSourceTests.Actual_mounted_reference_response_uses_personal_Data_owner_and_saves_only_selected_original_reference(lostReadReturn: 1) [538 ms]
  Passed Haven.Infrastructure.Tests.FormDataReferenceLookupSourceTests.Actual_native_query_change_retires_completed_old_record_selection_before_answer_publication [643 ms]
  Passed Haven.Infrastructure.Tests.FormDataReferenceLookupSourceTests.Actual_completed_repository_read_lost_return_reports_unavailable_not_empty_and_invalidates_original_choices [483 ms]
  Passed Haven.Infrastructure.Tests.FormDataReferenceLookupSourceTests.Actual_original_publication_and_response_reads_refuse_foreign_actor_and_store_before_content_load [99 ms]
  Passed Haven.Infrastructure.Tests.FormDataReferenceLookupSourceTests.Actual_completed_repository_return_cannot_publish_after_original_lifetime_or_Data_revision_retires(change: 2) [158 ms]
  Passed Haven.Infrastructure.Tests.FormDataReferenceLookupSourceTests.Actual_completed_repository_return_cannot_publish_after_original_lifetime_or_Data_revision_retires(change: 0) [169 ms]
  Passed Haven.Infrastructure.Tests.FormDataReferenceLookupSourceTests.Actual_completed_repository_return_cannot_publish_after_original_lifetime_or_Data_revision_retires(change: 1) [193 ms]
  Passed Haven.Infrastructure.Tests.FormDataReferenceLookupSourceTests.Actual_personal_bound_stores_read_paginated_canonical_choices_and_retain_reference_answer_without_lookup_writes [628 ms]
  Passed Haven.Infrastructure.Tests.FormDataReferenceLookupSourceTests.Actual_original_ownership_receipt_retired_during_final_repository_identity_withholds_choices [161 ms]
  Passed Haven.Infrastructure.Tests.ShelfMapsFinalClaimFenceTests.Genuine_claimed_collection_capture_refuses_substitution_or_foreign_composition_without_consuming_original_effect(membership: False, attack: "arguments") [61 ms]
  Passed Haven.Infrastructure.Tests.ShelfMapsFinalClaimFenceTests.Genuine_claimed_collection_capture_refuses_substitution_or_foreign_composition_without_consuming_original_effect(membership: True, attack: "arguments") [159 ms]
  Passed Haven.Infrastructure.Tests.ShelfMapsFinalClaimFenceTests.Genuine_claimed_collection_capture_refuses_substitution_or_foreign_composition_without_consuming_original_effect(membership: True, attack: "foreignHome") [145 ms]
  Passed Haven.Infrastructure.Tests.ShelfMapsFinalClaimFenceTests.Genuine_claimed_collection_capture_refuses_substitution_or_foreign_composition_without_consuming_original_effect(membership: False, attack: "foreignHome") [41 ms]
  Passed Haven.Infrastructure.Tests.ShelfMapsFinalClaimFenceTests.Genuine_claimed_collection_capture_refuses_substitution_or_foreign_composition_without_consuming_original_effect(membership: True, attack: "action") [148 ms]
  Passed Haven.Infrastructure.Tests.ShelfMapsFinalClaimFenceTests.Genuine_claimed_collection_capture_refuses_substitution_or_foreign_composition_without_consuming_original_effect(membership: False, attack: "action") [40 ms]
  Passed Haven.Infrastructure.Tests.ShelfMapsFinalClaimFenceTests.Actual_collection_competing_independent_store_revision_preserves_competitor_without_original_commit(membership: True) [148 ms]
  Passed Haven.Infrastructure.Tests.ShelfMapsFinalClaimFenceTests.Actual_collection_competing_independent_store_revision_preserves_competitor_without_original_commit(membership: False) [37 ms]
  Passed Haven.Infrastructure.Tests.ShelfMapsFinalClaimFenceTests.Genuine_collection_final_claim_denies_actual_late_Home_change_without_publication_or_replay(membership: False, change: "binding") [37 ms]
  Passed Haven.Infrastructure.Tests.ShelfMapsFinalClaimFenceTests.Genuine_collection_final_claim_denies_actual_late_Home_change_without_publication_or_replay(membership: False, change: "blocked") [42 ms]
  Passed Haven.Infrastructure.Tests.ShelfMapsFinalClaimFenceTests.Genuine_collection_final_claim_denies_actual_late_Home_change_without_publication_or_replay(membership: False, change: "terminal") [42 ms]
  Passed Haven.Infrastructure.Tests.ShelfMapsFinalClaimFenceTests.Genuine_collection_final_claim_denies_actual_late_Home_change_without_publication_or_replay(membership: True, change: "terminal") [132 ms]
  Passed Haven.Infrastructure.Tests.ShelfMapsFinalClaimFenceTests.Genuine_collection_final_claim_denies_actual_late_Home_change_without_publication_or_replay(membership: True, change: "binding") [147 ms]
  Passed Haven.Infrastructure.Tests.ShelfMapsFinalClaimFenceTests.Genuine_collection_final_claim_denies_actual_late_Home_change_without_publication_or_replay(membership: True, change: "blocked") [131 ms]
  Passed Haven.Infrastructure.Tests.ShelfMapsFinalClaimFenceTests.Actual_smart_collection_known_or_hidden_lost_return_recovers_only_original_receipt(hideReceipt: True) [272 ms]
  Passed Haven.Infrastructure.Tests.ShelfMapsFinalClaimFenceTests.Actual_smart_collection_known_or_hidden_lost_return_recovers_only_original_receipt(hideReceipt: False) [238 ms]
  Passed Haven.Infrastructure.Tests.ShelfMapsFinalClaimFenceTests.Actual_physical_settings_held_before_final_Home_acquisition_denies_late_action_or_original_receipt_change(maps: False, change: "blocked") [41 ms]
  Passed Haven.Infrastructure.Tests.ShelfMapsFinalClaimFenceTests.Actual_physical_settings_held_before_final_Home_acquisition_denies_late_action_or_original_receipt_change(maps: True, change: "terminal") [130 ms]
  Passed Haven.Infrastructure.Tests.ShelfMapsFinalClaimFenceTests.Actual_physical_settings_held_before_final_Home_acquisition_denies_late_action_or_original_receipt_change(maps: False, change: "terminal") [33 ms]
  Passed Haven.Infrastructure.Tests.ShelfMapsFinalClaimFenceTests.Actual_physical_settings_held_before_final_Home_acquisition_denies_late_action_or_original_receipt_change(maps: False, change: "binding") [40 ms]
  Passed Haven.Infrastructure.Tests.ShelfMapsFinalClaimFenceTests.Actual_physical_settings_held_before_final_Home_acquisition_denies_late_action_or_original_receipt_change(maps: True, change: "binding") [37 ms]
  Passed Haven.Infrastructure.Tests.ShelfMapsFinalClaimFenceTests.Actual_physical_settings_held_before_final_Home_acquisition_denies_late_action_or_original_receipt_change(maps: True, change: "blocked") [31 ms]
  Passed Haven.Infrastructure.Tests.ShelfMapsFinalClaimFenceTests.Genuine_smart_collection_freezes_local_criteria_and_retains_canonical_match_after_reopen(holdIdentity: True) [217 ms]
  Passed Haven.Infrastructure.Tests.ShelfMapsFinalClaimFenceTests.Genuine_smart_collection_freezes_local_criteria_and_retains_canonical_match_after_reopen(holdIdentity: False) [210 ms]
  Passed Haven.Infrastructure.Tests.ShelfMapsFinalClaimFenceTests.Actual_commit_return_loss_and_hidden_receipt_stays_unknown_until_original_evidence_without_Home_reentry_deadlock(maps: False) [51 ms]
  Passed Haven.Infrastructure.Tests.ShelfMapsFinalClaimFenceTests.Actual_commit_return_loss_and_hidden_receipt_stays_unknown_until_original_evidence_without_Home_reentry_deadlock(maps: True) [57 ms]
  Passed Haven.Infrastructure.Tests.ShelfMapsFinalClaimFenceTests.Missing_actual_final_fence_composition_denies_without_owner_write_or_replay(maps: True) [22 ms]
  Passed Haven.Infrastructure.Tests.ShelfMapsFinalClaimFenceTests.Missing_actual_final_fence_composition_denies_without_owner_write_or_replay(maps: False) [18 ms]
  Passed Haven.Infrastructure.Tests.ShelfMapsFinalClaimFenceTests.Genuine_original_collection_review_commits_once_and_recovers_only_exact_physical_receipt(membership: False, lostReturn: True) [53 ms]
  Passed Haven.Infrastructure.Tests.ShelfMapsFinalClaimFenceTests.Genuine_original_collection_review_commits_once_and_recovers_only_exact_physical_receipt(membership: True, lostReturn: False) [147 ms]
  Passed Haven.Infrastructure.Tests.ShelfMapsFinalClaimFenceTests.Genuine_original_collection_review_commits_once_and_recovers_only_exact_physical_receipt(membership: True, lostReturn: True) [157 ms]
  Passed Haven.Infrastructure.Tests.ShelfMapsFinalClaimFenceTests.Genuine_original_collection_review_commits_once_and_recovers_only_exact_physical_receipt(membership: False, lostReturn: False) [33 ms]
  Passed Haven.Infrastructure.Tests.ShelfMapsFinalClaimFenceTests.Genuine_item_edit_final_original_Home_change_denies_physical_publication(change: "blocked") [81 ms]
  Passed Haven.Infrastructure.Tests.ShelfMapsFinalClaimFenceTests.Genuine_item_edit_final_original_Home_change_denies_physical_publication(change: "binding") [74 ms]
  Passed Haven.Infrastructure.Tests.ShelfMapsFinalClaimFenceTests.Genuine_item_edit_final_original_Home_change_denies_physical_publication(change: "terminal") [70 ms]
  Passed Haven.Infrastructure.Tests.ShelfMapsFinalClaimFenceTests.Genuine_Settings_first_Home_lease_holds_late_block_until_physical_owner_commit_then_preserves_known_receipt(maps: False) [35 ms]
  Passed Haven.Infrastructure.Tests.ShelfMapsFinalClaimFenceTests.Genuine_Settings_first_Home_lease_holds_late_block_until_physical_owner_commit_then_preserves_known_receipt(maps: True) [33 ms]
  Passed Haven.Infrastructure.Tests.ShelfMapsFinalClaimFenceTests.Actual_collection_original_display_retirement_denies_before_claim_and_preserves_both_stores(membership: True) [101 ms]
  Passed Haven.Infrastructure.Tests.ShelfMapsFinalClaimFenceTests.Actual_collection_original_display_retirement_denies_before_claim_and_preserves_both_stores(membership: False) [15 ms]
  Passed Haven.Infrastructure.Tests.ShelfMapsFinalClaimFenceTests.Genuine_smart_collection_final_original_Home_change_denies_physical_publication(change: "blocked") [205 ms]
  Passed Haven.Infrastructure.Tests.ShelfMapsFinalClaimFenceTests.Genuine_smart_collection_final_original_Home_change_denies_physical_publication(change: "terminal") [202 ms]
  Passed Haven.Infrastructure.Tests.ShelfMapsFinalClaimFenceTests.Genuine_smart_collection_final_original_Home_change_denies_physical_publication(change: "binding") [153 ms]
  Passed Haven.Infrastructure.Tests.ShelfMapsFinalClaimFenceTests.Genuine_claimed_item_edit_capture_refuses_substitution_or_foreign_composition_without_consuming_original_effect(attack: "arguments") [59 ms]
  Passed Haven.Infrastructure.Tests.ShelfMapsFinalClaimFenceTests.Genuine_claimed_item_edit_capture_refuses_substitution_or_foreign_composition_without_consuming_original_effect(attack: "foreignHome") [56 ms]
  Passed Haven.Infrastructure.Tests.ShelfMapsFinalClaimFenceTests.Genuine_claimed_item_edit_capture_refuses_substitution_or_foreign_composition_without_consuming_original_effect(attack: "action") [64 ms]
  Passed Haven.Infrastructure.Tests.ShelfMapsFinalClaimFenceTests.Actual_original_capability_competing_completion_waits_for_physical_owner_publication_and_cannot_erase_receipt(maps: False) [38 ms]
  Passed Haven.Infrastructure.Tests.ShelfMapsFinalClaimFenceTests.Actual_original_capability_competing_completion_waits_for_physical_owner_publication_and_cannot_erase_receipt(maps: True) [25 ms]
  Passed Haven.Infrastructure.Tests.ShelfMapsFinalClaimFenceTests.Genuine_approved_original_request_rejects_misbound_raw_source_before_consumption_or_publication(maps: True, sourceMode: "profiles") [18 ms]
  Passed Haven.Infrastructure.Tests.ShelfMapsFinalClaimFenceTests.Genuine_approved_original_request_rejects_misbound_raw_source_before_consumption_or_publication(maps: False, sourceMode: "rawHome") [12 ms]
  Passed Haven.Infrastructure.Tests.ShelfMapsFinalClaimFenceTests.Genuine_approved_original_request_rejects_misbound_raw_source_before_consumption_or_publication(maps: False, sourceMode: "profiles") [12 ms]
  Passed Haven.Infrastructure.Tests.ShelfMapsFinalClaimFenceTests.Genuine_approved_original_request_rejects_misbound_raw_source_before_consumption_or_publication(maps: True, sourceMode: "rawHome") [14 ms]
  Passed Haven.Infrastructure.Tests.ShelfMapsFinalClaimFenceTests.Genuine_item_edit_approval_original_receipt_and_lost_return_recovery_never_replays(loseReturn: True, hideReceipt: False) [72 ms]
  Passed Haven.Infrastructure.Tests.ShelfMapsFinalClaimFenceTests.Genuine_item_edit_approval_original_receipt_and_lost_return_recovery_never_replays(loseReturn: False, hideReceipt: False) [62 ms]
  Passed Haven.Infrastructure.Tests.ShelfMapsFinalClaimFenceTests.Genuine_item_edit_approval_original_receipt_and_lost_return_recovery_never_replays(loseReturn: True, hideReceipt: True) [66 ms]
  Passed Haven.Infrastructure.Tests.ShelfMapsFinalClaimFenceTests.Actual_item_edit_independent_same_store_revision_preserves_competitor_and_never_replays [63 ms]
  Passed Haven.Infrastructure.Tests.ShelfMapsFinalClaimFenceTests.Original_item_edit_tags_are_frozen_before_real_identity_return_wait [56 ms]
  Passed Haven.Infrastructure.Tests.ShelfMapsFinalClaimFenceTests.Genuine_item_edit_original_completion_waits_for_actual_publication_and_cannot_erase_known_receipt [59 ms]
  Passed Haven.Infrastructure.Tests.ShelfMapsFinalClaimFenceTests.Genuine_collection_original_completion_waits_for_actual_publication_and_cannot_erase_known_receipt(membership: True) [103 ms]
  Passed Haven.Infrastructure.Tests.ShelfMapsFinalClaimFenceTests.Genuine_collection_original_completion_waits_for_actual_publication_and_cannot_erase_known_receipt(membership: False) [31 ms]
  Passed Haven.Infrastructure.Tests.ShelfMapsFinalClaimFenceTests.Actual_owner_library_revision_change_before_settings_transaction_preserves_competing_root_without_commit(maps: True) [33 ms]
  Passed Haven.Infrastructure.Tests.ShelfMapsFinalClaimFenceTests.Actual_owner_library_revision_change_before_settings_transaction_preserves_competing_root_without_commit(maps: False) [29 ms]
  Passed Haven.Infrastructure.Tests.ShelfMapsOwnedLibraryTests.Actual_UUID_replacement_before_review_cannot_be_adopted_by_old_display_and_supplied_bytes_are_preserved(maps: False) [23 ms]
  Passed Haven.Infrastructure.Tests.ShelfMapsOwnedLibraryTests.Actual_UUID_replacement_before_review_cannot_be_adopted_by_old_display_and_supplied_bytes_are_preserved(maps: True) [11 ms]
  Passed Haven.Infrastructure.Tests.ShelfMapsOwnedLibraryTests.Actual_settings_final_publication_lease_rejects_revoked_actor_or_disposed_display(maps: True, dispose: False) [35 ms]
  Passed Haven.Infrastructure.Tests.ShelfMapsOwnedLibraryTests.Actual_settings_final_publication_lease_rejects_revoked_actor_or_disposed_display(maps: False, dispose: True) [29 ms]
  Passed Haven.Infrastructure.Tests.ShelfMapsOwnedLibraryTests.Actual_settings_final_publication_lease_rejects_revoked_actor_or_disposed_display(maps: True, dispose: True) [26 ms]
  Passed Haven.Infrastructure.Tests.ShelfMapsOwnedLibraryTests.Actual_settings_final_publication_lease_rejects_revoked_actor_or_disposed_display(maps: False, dispose: False) [24 ms]
  Passed Haven.Infrastructure.Tests.ShelfMapsOwnedLibraryTests.Actual_pending_publication_origin_loss_returns_exact_unavailable_review_for_explicit_Home_closure(maps: False, dispose: True) [19 ms]
  Passed Haven.Infrastructure.Tests.ShelfMapsOwnedLibraryTests.Actual_pending_publication_origin_loss_returns_exact_unavailable_review_for_explicit_Home_closure(maps: False, dispose: False) [19 ms]
  Passed Haven.Infrastructure.Tests.ShelfMapsOwnedLibraryTests.Actual_pending_publication_origin_loss_returns_exact_unavailable_review_for_explicit_Home_closure(maps: True, dispose: True) [17 ms]
  Passed Haven.Infrastructure.Tests.ShelfMapsOwnedLibraryTests.Actual_pending_publication_origin_loss_returns_exact_unavailable_review_for_explicit_Home_closure(maps: True, dispose: False) [17 ms]
  Passed Haven.Infrastructure.Tests.ShelfMapsOwnedLibraryTests.Owning_proposal_count_lie_stops_at_sentinel_before_actual_identity_or_Home_work(maps: False) [13 ms]
  Passed Haven.Infrastructure.Tests.ShelfMapsOwnedLibraryTests.Owning_proposal_count_lie_stops_at_sentinel_before_actual_identity_or_Home_work(maps: True) [9 ms]
  Passed Haven.Infrastructure.Tests.ShelfMapsOwnedLibraryTests.Actual_rejected_begin_or_claim_retains_exact_audit_attempt_without_Begin_Claim_or_owner_write_replay(maps: False, failure: 0) [26 ms]
  Passed Haven.Infrastructure.Tests.ShelfMapsOwnedLibraryTests.Actual_rejected_begin_or_claim_retains_exact_audit_attempt_without_Begin_Claim_or_owner_write_replay(maps: True, failure: 0) [21 ms]
  Passed Haven.Infrastructure.Tests.ShelfMapsOwnedLibraryTests.Actual_rejected_begin_or_claim_retains_exact_audit_attempt_without_Begin_Claim_or_owner_write_replay(maps: False, failure: 1) [21 ms]
  Passed Haven.Infrastructure.Tests.ShelfMapsOwnedLibraryTests.Actual_rejected_begin_or_claim_retains_exact_audit_attempt_without_Begin_Claim_or_owner_write_replay(maps: True, failure: 1) [19 ms]
  Passed Haven.Infrastructure.Tests.ShelfMapsOwnedLibraryTests.Actual_rejected_begin_or_claim_retains_exact_audit_attempt_without_Begin_Claim_or_owner_write_replay(maps: False, failure: 2) [17 ms]
  Passed Haven.Infrastructure.Tests.ShelfMapsOwnedLibraryTests.Actual_rejected_begin_or_claim_retains_exact_audit_attempt_without_Begin_Claim_or_owner_write_replay(maps: True, failure: 2) [19 ms]
  Passed Haven.Infrastructure.Tests.ShelfMapsOwnedLibraryTests.Actual_owning_review_detaches_caller_lists_before_suspended_identity_then_commits_only_reviewed_values(maps: True) [31 ms]
  Passed Haven.Infrastructure.Tests.ShelfMapsOwnedLibraryTests.Actual_owning_review_detaches_caller_lists_before_suspended_identity_then_commits_only_reviewed_values(maps: False) [32 ms]
  Passed Haven.Infrastructure.Tests.ShelfMapsOwnedLibraryTests.Suspended_actual_identity_read_rejects_actor_change_before_first_library_display_without_mutation_or_pending(maps: True) [8 ms]
  Passed Haven.Infrastructure.Tests.ShelfMapsOwnedLibraryTests.Suspended_actual_identity_read_rejects_actor_change_before_first_library_display_without_mutation_or_pending(maps: False) [7 ms]
  Passed Haven.Infrastructure.Tests.ShelfMapsOwnedLibraryTests.Actual_inner_publication_lost_return_uses_exact_receipt_or_retains_unknown_without_replay(maps: False, hideObservation: True) [42 ms]
  Passed Haven.Infrastructure.Tests.ShelfMapsOwnedLibraryTests.Actual_inner_publication_lost_return_uses_exact_receipt_or_retains_unknown_without_replay(maps: True, hideObservation: True) [39 ms]
  Passed Haven.Infrastructure.Tests.ShelfMapsOwnedLibraryTests.Actual_inner_publication_lost_return_uses_exact_receipt_or_retains_unknown_without_replay(maps: True, hideObservation: False) [28 ms]
  Passed Haven.Infrastructure.Tests.ShelfMapsOwnedLibraryTests.Actual_inner_publication_lost_return_uses_exact_receipt_or_retains_unknown_without_replay(maps: False, hideObservation: False) [31 ms]
  Passed Haven.Infrastructure.Tests.ShelfMapsOwnedLibraryTests.Actual_SQLite_Home_settings_owner_requires_individual_approval_and_retains_exact_known_commit_on_retry(maps: True) [71 ms]
[xUnit.net 00:00:17.14]   Finished:    Haven.Infrastructure.Tests
Data collector 'Blame' message: All tests finished running, Sequence file will not be generated.
  Passed Haven.Infrastructure.Tests.ShelfMapsOwnedLibraryTests.Actual_SQLite_Home_settings_owner_requires_individual_approval_and_retains_exact_known_commit_on_retry(maps: False) [33 ms]
  Passed Haven.Infrastructure.Tests.ShelfMapsOwnedLibraryTests.Actual_canonical_proposal_validation_denies_invalid_target_or_missing_place_before_Home_pending(maps: False) [10 ms]
  Passed Haven.Infrastructure.Tests.ShelfMapsOwnedLibraryTests.Actual_canonical_proposal_validation_denies_invalid_target_or_missing_place_before_Home_pending(maps: True) [9 ms]

Test Run Successful.
Total tests: 147
     Passed: 147
 Total time: 17.8721 Seconds
Results File: /home/runner/work/9to1/9to1/artifacts/desktop-visible-owning/trx/infrastructure.trx
