Test run for /home/runner/work/9to1/9to1/artifacts/root14-managed-build/bin/CakeOS.Cui.Runtime.Tests/release_linux-x64/CakeOS.Cui.Runtime.Tests.dll (.NETCoreApp,Version=v10.0)
A total of 1 test files matched the specified pattern.
/home/runner/work/9to1/9to1/artifacts/root14-managed-build/bin/CakeOS.Cui.Runtime.Tests/release_linux-x64/CakeOS.Cui.Runtime.Tests.dll
[xUnit.net 00:00:00.00] xUnit.net VSTest Adapter v3.1.5+1b188a7b0a (64-bit .NET 10.0.12)
[xUnit.net 00:00:00.09]   Discovering: CakeOS.Cui.Runtime.Tests
[xUnit.net 00:00:00.16]   Discovered:  CakeOS.Cui.Runtime.Tests
[xUnit.net 00:00:00.20]   Starting:    CakeOS.Cui.Runtime.Tests
  Passed CakeOS.Cui.Runtime.Tests.BackendReferenceTests.Invalid_cast_does_not_increment_or_dispose_the_existing_counter [11 ms]
  Passed CakeOS.Cui.Runtime.Tests.CuiThemeTests.Contrast_critical_palettes_keep_safe_relationships [14 ms]
  Passed CakeOS.Cui.Runtime.Tests.BackendReferenceTests.Source_backend_cast_clones_share_real_counter_and_dispose_resource_exactly_once [2 ms]
  Passed CakeOS.Cui.Runtime.Tests.CuiThemeTests.All_theme_names_resolve_correctly(name: "bubble", expected: Bubble) [3 ms]
  Passed CakeOS.Cui.Runtime.Tests.CuiThemeTests.All_theme_names_resolve_correctly(name: "default", expected: Glow) [< 1 ms]
  Passed CakeOS.Cui.Runtime.Tests.CuiThemeTests.All_theme_names_resolve_correctly(name: "Playful", expected: Playful) [< 1 ms]
  Passed CakeOS.Cui.Runtime.Tests.CuiThemeTests.All_theme_names_resolve_correctly(name: "professional", expected: Professional) [< 1 ms]
  Passed CakeOS.Cui.Runtime.Tests.CuiThemeTests.All_theme_names_resolve_correctly(name: "Professional", expected: Professional) [< 1 ms]
  Passed CakeOS.Cui.Runtime.Tests.CuiThemeTests.All_theme_names_resolve_correctly(name: "glow", expected: Glow) [< 1 ms]
  Passed CakeOS.Cui.Runtime.Tests.CuiThemeTests.All_theme_names_resolve_correctly(name: "Glow", expected: Glow) [< 1 ms]
  Passed CakeOS.Cui.Runtime.Tests.CuiThemeTests.All_theme_names_resolve_correctly(name: "Cinematic", expected: Cinematic) [< 1 ms]
  Passed CakeOS.Cui.Runtime.Tests.CuiThemeTests.All_theme_names_resolve_correctly(name: "Retro", expected: Retro) [< 1 ms]
  Passed CakeOS.Cui.Runtime.Tests.CuiThemeTests.All_theme_names_resolve_correctly(name: "Bubble", expected: Bubble) [< 1 ms]
  Passed CakeOS.Cui.Runtime.Tests.CuiThemeTests.DefaultTheme_element_loads_and_applies_theme_via_control_loader [170 ms]
  Passed CakeOS.Cui.Runtime.Tests.CuiThemeTests.ThemeScopeStack_push_pop_restores_parent [< 1 ms]
  Passed CakeOS.Cui.Runtime.Tests.CuiThemeTests.High_contrast_palette_has_distinct_nontransparent_focus_and_readable_text_in_every_appearance [2 ms]
  Passed CakeOS.Cui.Runtime.Tests.CuiThemeTests.Every_theme_resolves_for_every_surface_and_appearance [3 ms]
  Passed CakeOS.Cui.Runtime.Tests.CuiThemeTests.Accessibility_defaults_include_interface_and_code_font_fallbacks [< 1 ms]
  Passed CakeOS.Cui.Runtime.Tests.CuiThemeTests.Custom_theme_inheritance_merges_element_and_type_defaults_base_first [13 ms]
  Passed CakeOS.Cui.Runtime.Tests.CuiThemeTests.Unknown_theme_names_fall_back_to_glow(name: "BogusTheme") [< 1 ms]
  Passed CakeOS.Cui.Runtime.Tests.CuiThemeTests.Unknown_theme_names_fall_back_to_glow(name: null) [< 1 ms]
  Passed CakeOS.Cui.Runtime.Tests.CuiThemeTests.Applying_global_theme_updates_active_theme_for_subsequent_surface_loads [2 ms]
  Passed CakeOS.Cui.Runtime.Tests.CuiThemeTests.DefaultTheme_with_attribute_value_is_parsed [2 ms]
  Passed CakeOS.Cui.Runtime.Tests.CuiThemeTests.Custom_theme_catalog_rejects_shadowing_unknown_bases_and_inheritance_cycles [1 ms]
  Passed CakeOS.Cui.Runtime.Tests.CuiThemeTests.Nested_DefaultTheme_scopes_load_correctly [3 ms]
  Passed CakeOS.Cui.Runtime.Tests.CuiThemeTests.Native_hosts_read_the_existing_Haven_theme_preference_without_writing_it [10 ms]
  Passed CakeOS.Cui.Runtime.Tests.CuiThemeTests.Theme_scope_uses_supplied_default_instead_of_process_global [< 1 ms]
  Passed CakeOS.Cui.Runtime.Tests.CuiThemeTests.Localization_context_formats_culture_and_selects_rtl_flow_direction [70 ms]
  Passed CakeOS.Cui.Runtime.Tests.CuiThemeTests.Invalid_theme_name_falls_back_to_global_default [< 1 ms]
  Passed CakeOS.Cui.Runtime.Tests.CuiThemeTests.SurfacePaletteCatalog_For_with_explicit_theme_override_works [< 1 ms]
  Passed CakeOS.Cui.Runtime.Tests.CuiThemeTests.Unknown_accent_names_do_not_enable_override(name: null) [< 1 ms]
  Passed CakeOS.Cui.Runtime.Tests.CuiThemeTests.Unknown_accent_names_do_not_enable_override(name: "NotAPalette") [< 1 ms]
  Passed CakeOS.Cui.Runtime.Tests.CuiThemeTests.Accessibility_semantics_apply_name_description_role_focus_order_and_shortcut [15 ms]
  Passed CakeOS.Cui.Runtime.Tests.CuiThemeTests.Glow_baseline_radius_values_match_original [2 ms]
  Passed CakeOS.Cui.Runtime.Tests.CuiThemeTests.Playful_theme_has_opaque_panels [< 1 ms]
  Passed CakeOS.Cui.Runtime.Tests.CuiThemeTests.Contrast_correction_meets_requested_ratio_without_changing_background [1 ms]
  Passed CakeOS.Cui.Runtime.Tests.CuiThemeTests.Nested_theme_scopes_inherit_and_restore [< 1 ms]
  Passed CakeOS.Cui.Runtime.Tests.CuiThemeTests.ThemeScopeStack_cannot_pop_below_initial [< 1 ms]
  Passed CakeOS.Cui.Runtime.Tests.CuiThemeTests.DefaultTheme_resolves_to_global_default [< 1 ms]
  Passed CakeOS.Cui.Runtime.Tests.CuiThemeTests.Glow_palette_matches_the_pre_theme_baseline [< 1 ms]
  Passed CakeOS.Cui.Runtime.Tests.CuiThemeTests.Theme_expression_values_are_distinct_per_theme [6 ms]
  Passed CakeOS.Cui.Runtime.Tests.CuiThemeTests.Theme_name_catalog_returns_correct_names [< 1 ms]
  Passed CakeOS.Cui.Runtime.Tests.CuiThemeTests.Accent_override_replaces_surface_hues_while_off_keeps_them [< 1 ms]
  Passed CakeOS.Cui.Runtime.Tests.CuiThemeTests.Non_glow_themes_change_interaction_treatment_without_changing_text_colours [< 1 ms]
  Passed CakeOS.Cui.Runtime.Tests.CuiThemeTests.Accent_palette_has_three_tiers [< 1 ms]
  Passed CakeOS.Cui.Runtime.Tests.CuiThemeTests.Accessibility_settings_reject_invalid_display_scales [< 1 ms]
  Passed CakeOS.Cui.Runtime.Tests.CuiThemeTests.Theme_expressions_scale_geometry_motion_and_shadow_distinctly [2 ms]
  Passed CakeOS.Cui.Runtime.Tests.CuiThemeTests.Cinematic_theme_has_heavier_shadows [< 1 ms]
  Passed CakeOS.Cui.Runtime.Tests.CuiThemeTests.All_four_appearances_resolve_for_each_theme [< 1 ms]
  Passed CakeOS.Cui.Runtime.Tests.CuiThemeTests.Bubble_theme_has_translucent_panels [< 1 ms]
  Passed CakeOS.Cui.Runtime.Tests.CuiThemeTests.Retro_theme_has_sharper_corners [< 1 ms]
  Passed CakeOS.Cui.Runtime.Tests.CuiThemeTests.DefaultTheme_element_is_parsed_as_theme_scope [1 ms]
  Passed CakeOS.Cui.Runtime.Tests.CuiThemeTests.All_thirteen_accent_palettes_resolve_for_both_appearance_families [2 ms]
  Passed CakeOS.Cui.Runtime.Tests.CuiThemeTests.Accessibility_profile_applies_high_contrast_reduced_motion_and_display_scaling [1 ms]
  Passed CakeOS.Cui.Runtime.Tests.CuiThemeTests.Unknown_numeric_theme_names_do_not_escape_the_fallback [< 1 ms]
  Passed CakeOS.Cui.Runtime.Tests.CuiThemeTests.DefaultTheme_Glow_resolves_to_Glow_regardless_of_global [< 1 ms]
  Passed CakeOS.Cui.Runtime.Tests.CuiThemeTests.Loader_reads_global_theme_at_load_time_and_preserves_explicit_scope [1 ms]
  Passed CakeOS.Cui.Runtime.Tests.CuiThemeTests.Null_or_empty_theme_name_uses_global_default [< 1 ms]
  Passed CakeOS.Cui.Runtime.Tests.CuiToAvaloniaPipelineTests.Axaml_rejected_by_CuiProjectItems [2 ms]
  Passed CakeOS.Cui.Runtime.Tests.CuiToAvaloniaPipelineTests.Direct_Page_root_is_valid_CUI_markup [1 ms]
  Passed CakeOS.Cui.Runtime.Tests.CuiToAvaloniaPipelineTests.Layer_order_is_signed_and_inherited_by_descendants [1 ms]
  Passed CakeOS.Cui.Runtime.Tests.CuiToAvaloniaPipelineTests.Grid_attached_coordinates_do_not_replace_a_nested_grids_definitions [16 ms]
  Passed CakeOS.Cui.Runtime.Tests.CuiToAvaloniaPipelineTests.Reused_loader_does_not_resolve_resources_from_a_previous_document [1 ms]
  Passed CakeOS.Cui.Runtime.Tests.CuiToAvaloniaPipelineTests.Container_types_lower_to_their_declared_native_layout_type(type: "Vertical Stack", expectedType: typeof(Avalonia.Controls.StackPanel)) [7 ms]
  Passed CakeOS.Cui.Runtime.Tests.CuiToAvaloniaPipelineTests.Container_types_lower_to_their_declared_native_layout_type(type: "Grid", expectedType: typeof(Avalonia.Controls.Grid)) [< 1 ms]
  Passed CakeOS.Cui.Runtime.Tests.CuiToAvaloniaPipelineTests.Container_types_lower_to_their_declared_native_layout_type(type: "Absolute", expectedType: typeof(Avalonia.Controls.Canvas)) [1 ms]
  Passed CakeOS.Cui.Runtime.Tests.CuiToAvaloniaPipelineTests.Container_types_lower_to_their_declared_native_layout_type(type: "Horizontal Stack", expectedType: typeof(Avalonia.Controls.StackPanel)) [< 1 ms]
  Passed CakeOS.Cui.Runtime.Tests.CuiToAvaloniaPipelineTests.Invalid_markup_produces_diagnostics [1 ms]
  Passed CakeOS.Cui.Runtime.Tests.CuiToAvaloniaPipelineTests.Compact_CUI_elements_lower_to_native_Avalonia_controls [9 ms]
  Passed CakeOS.Cui.Runtime.Tests.CuiToAvaloniaPipelineTests.Authored_component_ids_remain_named_and_automatable_in_the_control_tree [< 1 ms]
  Passed CakeOS.Cui.Runtime.Tests.CuiToAvaloniaPipelineTests.Object_requires_a_registered_specialised_renderer [2 ms]
  Passed CakeOS.Cui.Runtime.Tests.CuiToAvaloniaPipelineTests.Complex_chat_space_structure_loads [23 ms]
  Passed CakeOS.Cui.Runtime.Tests.CuiToAvaloniaPipelineTests.Properties_apply_to_Avalonia_controls [12 ms]
  Passed CakeOS.Cui.Runtime.Tests.CuiToAvaloniaPipelineTests.Selector_rejects_string_or_two_way_items_sources_instead_of_enumerating_characters [21 ms]
  Passed CakeOS.Cui.Runtime.Tests.CuiToAvaloniaPipelineTests.Missing_document_root_is_rejected [< 1 ms]
  Passed CakeOS.Cui.Runtime.Tests.CuiToAvaloniaPipelineTests.Binding_values_produce_binding_controls [< 1 ms]
  Passed CakeOS.Cui.Runtime.Tests.CuiToAvaloniaPipelineTests.Runtime_surface_keeps_last_tree_on_failure_and_preserves_input_on_success [34 ms]
  Passed CakeOS.Cui.Runtime.Tests.CuiToAvaloniaPipelineTests.Resource_references_resolve [< 1 ms]
  Passed CakeOS.Cui.Runtime.Tests.CuiToAvaloniaPipelineTests.Invalid_parser_diagnostics_prevent_partial_runtime_lowering [< 1 ms]
  Passed CakeOS.Cui.Runtime.Tests.CuiToAvaloniaPipelineTests.Live_if_condition_switches_branches_when_its_binding_changes [49 ms]
  Passed CakeOS.Cui.Runtime.Tests.CuiToAvaloniaPipelineTests.Selector_collection_snapshots_and_two_way_index_do_not_write_host_refreshes_back(element: "ListBox") [33 ms]
  Passed CakeOS.Cui.Runtime.Tests.CuiToAvaloniaPipelineTests.Selector_collection_snapshots_and_two_way_index_do_not_write_host_refreshes_back(element: "ComboBox") [3 ms]
  Passed CakeOS.Cui.Runtime.Tests.CuiToAvaloniaPipelineTests.Simple_page_loads_as_Avalonia_Panel [1 ms]
  Passed CakeOS.Cui.Runtime.Tests.CuiToAvaloniaPipelineTests.Named_action_dispatches_its_typed_parameter [6 ms]
  Passed CakeOS.Cui.Runtime.Tests.CuiToAvaloniaPipelineTests.Classes_apply_to_Avalonia_controls [1 ms]
  Passed CakeOS.Cui.Runtime.Tests.CuiToAvaloniaPipelineTests.ParseValue_detects_binding_syntax [2 ms]
  Passed CakeOS.Cui.Runtime.Tests.CuiToAvaloniaPipelineTests.Effect_blur_uses_native_element_effect_and_backdrop_blur_fails_explicitly [5 ms]
  Passed CakeOS.Cui.Runtime.Tests.CuiToAvaloniaPipelineTests.Transform_components_compose_and_lifecycle_properties_lower [7 ms]
  Passed CakeOS.Cui.Runtime.Tests.CuiToAvaloniaPipelineTests.Nested_layout_produces_correct_control_tree [1 ms]
  Passed CakeOS.Cui.Runtime.Tests.CuiToAvaloniaPipelineTests.Linear_and_radial_gradient_values_produce_native_gradient_brushes [10 ms]
  Passed CakeOS.Cui.Runtime.Tests.CuiToAvaloniaPipelineTests.Two_way_text_input_updates_the_host_value_and_notifies_live_bindings [6 ms]
  Passed CakeOS.Cui.Runtime.Tests.CuiToAvaloniaPipelineTests.Compiler_and_runtime_share_the_canonical_component_and_property_registry [4 ms]
  Passed CakeOS.Cui.Runtime.Tests.CuiToAvaloniaPipelineTests.Unknown_component_types_fail_with_a_source_mapped_runtime_diagnostic [< 1 ms]
  Passed CakeOS.Cui.Runtime.Tests.CuiToAvaloniaPipelineTests.Invalid_two_way_input_preserves_the_source_and_exposes_validation_state [< 1 ms]
  Passed CakeOS.Cui.Runtime.Tests.CuiToAvaloniaPipelineTests.Scrolling_container_uses_native_scroll_viewer [5 ms]
  Passed CakeOS.Cui.Runtime.Tests.CuiSceneHostTests.Real_retained_scene_bindings_actions_and_disposal_run_on_native_headless_backend [17 ms]
  Passed CakeOS.Cui.Runtime.Tests.CuiSceneHostTests.Native_window_uses_owning_scene_object_renderer [90 ms]
  Passed CakeOS.Cui.Runtime.Tests.CuiSceneHostTests.Failed_handshake_shows_real_status_without_mounting_authorised_actions [4 ms]
  Passed CakeOS.Cui.Runtime.Tests.CuiSceneAppearanceTests.Scene_surface_and_canonical_appearance_reach_native_templates(surface: "Data", appearance: SuperDark) [362 ms]
  Passed CakeOS.Cui.Runtime.Tests.CuiSceneAppearanceTests.Scene_surface_and_canonical_appearance_reach_native_templates(surface: "Write", appearance: Bright) [13 ms]
  Passed CakeOS.Cui.Runtime.Tests.CuiRepeatLayoutTests.Repeated_items_have_distinct_layout_and_live_enabled_state(orientation: "Vertical") [11 ms]
  Passed CakeOS.Cui.Runtime.Tests.CuiRepeatLayoutTests.Repeated_items_have_distinct_layout_and_live_enabled_state(orientation: "Horizontal") [2 ms]
  Passed CakeOS.Cui.Runtime.Tests.CuiRepeatLayoutTests.Nested_repeat_collection_changes_retain_captured_parent_scope [9 ms]
  Passed CakeOS.Cui.Runtime.Tests.CuiRepeatLayoutTests.Grid_repeat_places_stable_wrappers_and_updates_bound_coordinates [15 ms]
  Passed CakeOS.Cui.Runtime.Tests.CuiNativeRenderingTests.Native_primitive_templates_render_and_pointer_hit_testing_dispatches_action [280 ms]
  Passed CakeOS.Cui.Runtime.Tests.CuiDynamicActionLifetimeTests.Removed_repeat_button_cannot_dispatch_and_new_item_is_wired_once [8 ms]
  Passed CakeOS.Cui.Runtime.Tests.CuiDynamicActionLifetimeTests.Disposed_scene_cancels_inflight_action_and_retained_button_cannot_dispatch [9 ms]
  Passed CakeOS.Cui.Runtime.Tests.CuiDynamicActionLifetimeTests.Failed_action_has_safe_visible_status_without_private_exception_text [9 ms]
[xUnit.net 00:00:01.89]   Finished:    CakeOS.Cui.Runtime.Tests
Data collector 'Blame' message: All tests finished running, Sequence file will not be generated.
  Passed CakeOS.Cui.Runtime.Tests.CuiDynamicActionLifetimeTests.Removed_conditional_branch_cannot_dispatch_and_new_branch_is_wired_once [6 ms]
  Passed CakeOS.Cui.Runtime.Tests.CuiAuthoredAiBarTests.Packaged_authored_bar_renders_and_submit_uses_host_dispatcher [150 ms]
  Passed CakeOS.Cui.Runtime.Tests.CuiActionCompletionObservationTests.Actual_click_snapshot_awaits_dispatcher_cleanup_after_disposal_and_retained_click_is_inert [6 ms]
  Passed CakeOS.Cui.Runtime.Tests.CuiActionCompletionObservationTests.Snapshot_does_not_dispatch_or_wait_for_a_future_click [3 ms]

Test Run Successful.
Total tests: 112
     Passed: 112
 Total time: 2.5901 Seconds
Results File: /home/runner/work/9to1/9to1/artifacts/desktop-visible-owning/trx/runtime.trx
