✔ profile update snapshots scalar fields before deferred token acquisition (29.102738ms)
✔ post-call invalid fields and values cannot enter a validated profile patch (1.145769ms)
✔ profile success must return exactly expected revision plus one (2.530428ms)
✔ profile revision rejects unrepresentable next integer before token or network work (0.444968ms)
✔ sequential server CAS success preserves wire body at normal and safe integer upper bounds (1.323667ms)
✔ profile patch validates the same single scalar snapshot used for dispatch (0.508794ms)
✔ caller serialization hooks cannot replace the validated profile fields (0.496876ms)
✔ requires explicit secure origin and cleanup/token boundaries (2.292561ms)
✔ current account preserves exact wire body and uses protected fetch policy (4.814455ms)
✔ profile patch preserves omitted fields and explicit nullable clears; no client entitlement body (1.037397ms)
✔ source conflict and error codes remain unchanged, with revision; no mutation retries (0.615594ms)
✔ malformed success, invalid identity/schema and invented success are rejected (2.6516ms)
✔ session list retains source fields and rejects mixed-account or duplicate identities (1.267712ms)
✔ session mutations clear prior context and exactly use source routes/status (1.525309ms)
✔ revoked/expired server session invalidates other pending requests and preserves source failure (0.460722ms)
✔ explicit account/organisation switch drops late private result (0.322163ms)
✔ cancelled token acquisition and fetch never become successful data (0.367581ms)
✔ transport errors and missing authentication never log/expose tokens or retry writes (0.304988ms)
✔ failed cleanup blocks mutation before any dispatch (0.158238ms)
✔ session mutations bind original token before cleanup can replace/remove token context (0.421503ms)
✔ concurrent context switch during asynchronous session cleanup prevents dispatch (0.204167ms)
✔ invalid original token cannot be replaced by a new account token during cleanup (0.303175ms)
✔ 401 from previous context cannot surface after an additional switch while reading its body (0.260191ms)
✔ real-fetch successful body cancellation remains Cancelled instead of malformed JSON (26.337308ms)
✔ 401 and missing token preserve cleanup failure distinctly (0.435173ms)
✔ redirect responses and foreign response URL are rejected (0.34016ms)
✔ streamed real-fetch 401 body survives invalidation; explicit body-phase abort is cancelled (8.273877ms)
✔ real fetch loopback redirect does not transmit bearer to second origin (transport fixture, not issuer acceptance) (4.116252ms)
ℹ tests 28
ℹ suites 0
ℹ pass 28
ℹ fail 0
ℹ cancelled 0
ℹ skipped 0
ℹ todo 0
ℹ duration_ms 185.806122
