{
  "Properties": {
    "MSBuildProjectFullPath": "/workspace/team-c/c3-admin-compile-validation/9to1 Workspace/Sites/HavenOS.Sites.csproj",
    "MSBuildProjectName": "HavenOS.Sites",
    "AssemblyName": "HavenOS.Sites",
    "TargetPath": "/workspace/team-c/c3-admin-compile-validation/9to1 Workspace/Sites/bin/HavenOS.Sites/debug_linux-x64/HavenOS.Sites.dll",
    "OutputPath": "/workspace/team-c/c3-admin-compile-validation/9to1 Workspace/Sites/bin/HavenOS.Sites/debug_linux-x64/",
    "Configuration": "Debug",
    "TargetFramework": "net10.0",
    "ProjectAssetsFile": "/workspace/team-c/c3-admin-compile-validation/9to1 Workspace/Sites/obj/HavenOS.Sites/project.assets.json",
    "MSBuildProjectExtensionsPath": "/workspace/team-c/c3-admin-compile-validation/9to1 Workspace/Sites/obj/HavenOS.Sites/",
    "AvaloniaBuildTasksLocation": "/workspace/team-c/c3-admin-compile-validation/artifacts/root14-host-build-tasks/bin/Avalonia.Build.Tasks/debug/Avalonia.Build.Tasks.dll",
    "EmitCompilerGeneratedFiles": "true",
    "IntermediateOutputPath": "/workspace/team-c/c3-admin-compile-validation/9to1 Workspace/Sites/obj/HavenOS.Sites/debug_linux-x64/",
    "CompilerGeneratedFilesOutputPath": "/workspace/team-c/c3-admin-compile-validation/9to1 Workspace/Sites/obj/HavenOS.Sites/debug_linux-x64//generated"
  },
  "Items": {
    "Compile": [
      {
        "Identity": "Application/SiteActionAuthorization.cs",
        "FullPath": "/workspace/team-c/c3-admin-compile-validation/9to1 Workspace/Sites/Application/SiteActionAuthorization.cs",
        "RootDir": "/",
        "Filename": "SiteActionAuthorization",
        "Extension": ".cs",
        "RelativeDir": "Application/",
        "Directory": "workspace/team-c/c3-admin-compile-validation/9to1 Workspace/Sites/Application/",
        "RecursiveDir": "Application/",
        "ModifiedTime": "",
        "CreatedTime": "",
        "AccessedTime": "",
        "DefiningProjectFullPath": "/workspace/.tools/dotnet/sdk/10.0.401/Sdks/Microsoft.NET.Sdk/targets/Microsoft.NET.Sdk.DefaultItems.props",
        "DefiningProjectDirectory": "/workspace/.tools/dotnet/sdk/10.0.401/Sdks/Microsoft.NET.Sdk/targets/",
        "DefiningProjectName": "Microsoft.NET.Sdk.DefaultItems",
        "DefiningProjectExtension": ".props"
      },
      {
        "Identity": "Application/SiteArtifactAuthoringService.cs",
        "FullPath": "/workspace/team-c/c3-admin-compile-validation/9to1 Workspace/Sites/Application/SiteArtifactAuthoringService.cs",
        "RootDir": "/",
        "Filename": "SiteArtifactAuthoringService",
        "Extension": ".cs",
        "RelativeDir": "Application/",
        "Directory": "workspace/team-c/c3-admin-compile-validation/9to1 Workspace/Sites/Application/",
        "RecursiveDir": "Application/",
        "ModifiedTime": "",
        "CreatedTime": "",
        "AccessedTime": "",
        "DefiningProjectFullPath": "/workspace/.tools/dotnet/sdk/10.0.401/Sdks/Microsoft.NET.Sdk/targets/Microsoft.NET.Sdk.DefaultItems.props",
        "DefiningProjectDirectory": "/workspace/.tools/dotnet/sdk/10.0.401/Sdks/Microsoft.NET.Sdk/targets/",
        "DefiningProjectName": "Microsoft.NET.Sdk.DefaultItems",
        "DefiningProjectExtension": ".props"
      },
      {
        "Identity": "Application/SiteAuthoringService.cs",
        "FullPath": "/workspace/team-c/c3-admin-compile-validation/9to1 Workspace/Sites/Application/SiteAuthoringService.cs",
        "RootDir": "/",
        "Filename": "SiteAuthoringService",
        "Extension": ".cs",
        "RelativeDir": "Application/",
        "Directory": "workspace/team-c/c3-admin-compile-validation/9to1 Workspace/Sites/Application/",
        "RecursiveDir": "Application/",
        "ModifiedTime": "",
        "CreatedTime": "",
        "AccessedTime": "",
        "DefiningProjectFullPath": "/workspace/.tools/dotnet/sdk/10.0.401/Sdks/Microsoft.NET.Sdk/targets/Microsoft.NET.Sdk.DefaultItems.props",
        "DefiningProjectDirectory": "/workspace/.tools/dotnet/sdk/10.0.401/Sdks/Microsoft.NET.Sdk/targets/",
        "DefiningProjectName": "Microsoft.NET.Sdk.DefaultItems",
        "DefiningProjectExtension": ".props"
      },
      {
        "Identity": "Application/SiteContentSelectionAuthoringService.cs",
        "FullPath": "/workspace/team-c/c3-admin-compile-validation/9to1 Workspace/Sites/Application/SiteContentSelectionAuthoringService.cs",
        "RootDir": "/",
        "Filename": "SiteContentSelectionAuthoringService",
        "Extension": ".cs",
        "RelativeDir": "Application/",
        "Directory": "workspace/team-c/c3-admin-compile-validation/9to1 Workspace/Sites/Application/",
        "RecursiveDir": "Application/",
        "ModifiedTime": "",
        "CreatedTime": "",
        "AccessedTime": "",
        "DefiningProjectFullPath": "/workspace/.tools/dotnet/sdk/10.0.401/Sdks/Microsoft.NET.Sdk/targets/Microsoft.NET.Sdk.DefaultItems.props",
        "DefiningProjectDirectory": "/workspace/.tools/dotnet/sdk/10.0.401/Sdks/Microsoft.NET.Sdk/targets/",
        "DefiningProjectName": "Microsoft.NET.Sdk.DefaultItems",
        "DefiningProjectExtension": ".props"
      },
      {
        "Identity": "Application/SiteHtmlContentImporter.cs",
        "FullPath": "/workspace/team-c/c3-admin-compile-validation/9to1 Workspace/Sites/Application/SiteHtmlContentImporter.cs",
        "RootDir": "/",
        "Filename": "SiteHtmlContentImporter",
        "Extension": ".cs",
        "RelativeDir": "Application/",
        "Directory": "workspace/team-c/c3-admin-compile-validation/9to1 Workspace/Sites/Application/",
        "RecursiveDir": "Application/",
        "ModifiedTime": "",
        "CreatedTime": "",
        "AccessedTime": "",
        "DefiningProjectFullPath": "/workspace/.tools/dotnet/sdk/10.0.401/Sdks/Microsoft.NET.Sdk/targets/Microsoft.NET.Sdk.DefaultItems.props",
        "DefiningProjectDirectory": "/workspace/.tools/dotnet/sdk/10.0.401/Sdks/Microsoft.NET.Sdk/targets/",
        "DefiningProjectName": "Microsoft.NET.Sdk.DefaultItems",
        "DefiningProjectExtension": ".props"
      },
      {
        "Identity": "Application/SiteNameVerificationService.cs",
        "FullPath": "/workspace/team-c/c3-admin-compile-validation/9to1 Workspace/Sites/Application/SiteNameVerificationService.cs",
        "RootDir": "/",
        "Filename": "SiteNameVerificationService",
        "Extension": ".cs",
        "RelativeDir": "Application/",
        "Directory": "workspace/team-c/c3-admin-compile-validation/9to1 Workspace/Sites/Application/",
        "RecursiveDir": "Application/",
        "ModifiedTime": "",
        "CreatedTime": "",
        "AccessedTime": "",
        "DefiningProjectFullPath": "/workspace/.tools/dotnet/sdk/10.0.401/Sdks/Microsoft.NET.Sdk/targets/Microsoft.NET.Sdk.DefaultItems.props",
        "DefiningProjectDirectory": "/workspace/.tools/dotnet/sdk/10.0.401/Sdks/Microsoft.NET.Sdk/targets/",
        "DefiningProjectName": "Microsoft.NET.Sdk.DefaultItems",
        "DefiningProjectExtension": ".props"
      },
      {
        "Identity": "Application/SiteNativeActionPolicies.cs",
        "FullPath": "/workspace/team-c/c3-admin-compile-validation/9to1 Workspace/Sites/Application/SiteNativeActionPolicies.cs",
        "RootDir": "/",
        "Filename": "SiteNativeActionPolicies",
        "Extension": ".cs",
        "RelativeDir": "Application/",
        "Directory": "workspace/team-c/c3-admin-compile-validation/9to1 Workspace/Sites/Application/",
        "RecursiveDir": "Application/",
        "ModifiedTime": "",
        "CreatedTime": "",
        "AccessedTime": "",
        "DefiningProjectFullPath": "/workspace/.tools/dotnet/sdk/10.0.401/Sdks/Microsoft.NET.Sdk/targets/Microsoft.NET.Sdk.DefaultItems.props",
        "DefiningProjectDirectory": "/workspace/.tools/dotnet/sdk/10.0.401/Sdks/Microsoft.NET.Sdk/targets/",
        "DefiningProjectName": "Microsoft.NET.Sdk.DefaultItems",
        "DefiningProjectExtension": ".props"
      },
      {
        "Identity": "Application/SiteNativeProjectAccessResolver.cs",
        "FullPath": "/workspace/team-c/c3-admin-compile-validation/9to1 Workspace/Sites/Application/SiteNativeProjectAccessResolver.cs",
        "RootDir": "/",
        "Filename": "SiteNativeProjectAccessResolver",
        "Extension": ".cs",
        "RelativeDir": "Application/",
        "Directory": "workspace/team-c/c3-admin-compile-validation/9to1 Workspace/Sites/Application/",
        "RecursiveDir": "Application/",
        "ModifiedTime": "",
        "CreatedTime": "",
        "AccessedTime": "",
        "DefiningProjectFullPath": "/workspace/.tools/dotnet/sdk/10.0.401/Sdks/Microsoft.NET.Sdk/targets/Microsoft.NET.Sdk.DefaultItems.props",
        "DefiningProjectDirectory": "/workspace/.tools/dotnet/sdk/10.0.401/Sdks/Microsoft.NET.Sdk/targets/",
        "DefiningProjectName": "Microsoft.NET.Sdk.DefaultItems",
        "DefiningProjectExtension": ".props"
      },
      {
        "Identity": "Application/SiteNativeWorkspaceAuthority.cs",
        "FullPath": "/workspace/team-c/c3-admin-compile-validation/9to1 Workspace/Sites/Application/SiteNativeWorkspaceAuthority.cs",
        "RootDir": "/",
        "Filename": "SiteNativeWorkspaceAuthority",
        "Extension": ".cs",
        "RelativeDir": "Application/",
        "Directory": "workspace/team-c/c3-admin-compile-validation/9to1 Workspace/Sites/Application/",
        "RecursiveDir": "Application/",
        "ModifiedTime": "",
        "CreatedTime": "",
        "AccessedTime": "",
        "DefiningProjectFullPath": "/workspace/.tools/dotnet/sdk/10.0.401/Sdks/Microsoft.NET.Sdk/targets/Microsoft.NET.Sdk.DefaultItems.props",
        "DefiningProjectDirectory": "/workspace/.tools/dotnet/sdk/10.0.401/Sdks/Microsoft.NET.Sdk/targets/",
        "DefiningProjectName": "Microsoft.NET.Sdk.DefaultItems",
        "DefiningProjectExtension": ".props"
      },
      {
        "Identity": "Application/SiteNativeWriteCoordinator.cs",
        "FullPath": "/workspace/team-c/c3-admin-compile-validation/9to1 Workspace/Sites/Application/SiteNativeWriteCoordinator.cs",
        "RootDir": "/",
        "Filename": "SiteNativeWriteCoordinator",
        "Extension": ".cs",
        "RelativeDir": "Application/",
        "Directory": "workspace/team-c/c3-admin-compile-validation/9to1 Workspace/Sites/Application/",
        "RecursiveDir": "Application/",
        "ModifiedTime": "",
        "CreatedTime": "",
        "AccessedTime": "",
        "DefiningProjectFullPath": "/workspace/.tools/dotnet/sdk/10.0.401/Sdks/Microsoft.NET.Sdk/targets/Microsoft.NET.Sdk.DefaultItems.props",
        "DefiningProjectDirectory": "/workspace/.tools/dotnet/sdk/10.0.401/Sdks/Microsoft.NET.Sdk/targets/",
        "DefiningProjectName": "Microsoft.NET.Sdk.DefaultItems",
        "DefiningProjectExtension": ".props"
      },
      {
        "Identity": "Application/SiteProjectService.cs",
        "FullPath": "/workspace/team-c/c3-admin-compile-validation/9to1 Workspace/Sites/Application/SiteProjectService.cs",
        "RootDir": "/",
        "Filename": "SiteProjectService",
        "Extension": ".cs",
        "RelativeDir": "Application/",
        "Directory": "workspace/team-c/c3-admin-compile-validation/9to1 Workspace/Sites/Application/",
        "RecursiveDir": "Application/",
        "ModifiedTime": "",
        "CreatedTime": "",
        "AccessedTime": "",
        "DefiningProjectFullPath": "/workspace/.tools/dotnet/sdk/10.0.401/Sdks/Microsoft.NET.Sdk/targets/Microsoft.NET.Sdk.DefaultItems.props",
        "DefiningProjectDirectory": "/workspace/.tools/dotnet/sdk/10.0.401/Sdks/Microsoft.NET.Sdk/targets/",
        "DefiningProjectName": "Microsoft.NET.Sdk.DefaultItems",
        "DefiningProjectExtension": ".props"
      },
      {
        "Identity": "Application/SitePublicIdentityService.cs",
        "FullPath": "/workspace/team-c/c3-admin-compile-validation/9to1 Workspace/Sites/Application/SitePublicIdentityService.cs",
        "RootDir": "/",
        "Filename": "SitePublicIdentityService",
        "Extension": ".cs",
        "RelativeDir": "Application/",
        "Directory": "workspace/team-c/c3-admin-compile-validation/9to1 Workspace/Sites/Application/",
        "RecursiveDir": "Application/",
        "ModifiedTime": "",
        "CreatedTime": "",
        "AccessedTime": "",
        "DefiningProjectFullPath": "/workspace/.tools/dotnet/sdk/10.0.401/Sdks/Microsoft.NET.Sdk/targets/Microsoft.NET.Sdk.DefaultItems.props",
        "DefiningProjectDirectory": "/workspace/.tools/dotnet/sdk/10.0.401/Sdks/Microsoft.NET.Sdk/targets/",
        "DefiningProjectName": "Microsoft.NET.Sdk.DefaultItems",
        "DefiningProjectExtension": ".props"
      },
      {
        "Identity": "Domain/SiteModels.cs",
        "FullPath": "/workspace/team-c/c3-admin-compile-validation/9to1 Workspace/Sites/Domain/SiteModels.cs",
        "RootDir": "/",
        "Filename": "SiteModels",
        "Extension": ".cs",
        "RelativeDir": "Domain/",
        "Directory": "workspace/team-c/c3-admin-compile-validation/9to1 Workspace/Sites/Domain/",
        "RecursiveDir": "Domain/",
        "ModifiedTime": "",
        "CreatedTime": "",
        "AccessedTime": "",
        "DefiningProjectFullPath": "/workspace/.tools/dotnet/sdk/10.0.401/Sdks/Microsoft.NET.Sdk/targets/Microsoft.NET.Sdk.DefaultItems.props",
        "DefiningProjectDirectory": "/workspace/.tools/dotnet/sdk/10.0.401/Sdks/Microsoft.NET.Sdk/targets/",
        "DefiningProjectName": "Microsoft.NET.Sdk.DefaultItems",
        "DefiningProjectExtension": ".props"
      },
      {
        "Identity": "Domain/SiteSlug.cs",
        "FullPath": "/workspace/team-c/c3-admin-compile-validation/9to1 Workspace/Sites/Domain/SiteSlug.cs",
        "RootDir": "/",
        "Filename": "SiteSlug",
        "Extension": ".cs",
        "RelativeDir": "Domain/",
        "Directory": "workspace/team-c/c3-admin-compile-validation/9to1 Workspace/Sites/Domain/",
        "RecursiveDir": "Domain/",
        "ModifiedTime": "",
        "CreatedTime": "",
        "AccessedTime": "",
        "DefiningProjectFullPath": "/workspace/.tools/dotnet/sdk/10.0.401/Sdks/Microsoft.NET.Sdk/targets/Microsoft.NET.Sdk.DefaultItems.props",
        "DefiningProjectDirectory": "/workspace/.tools/dotnet/sdk/10.0.401/Sdks/Microsoft.NET.Sdk/targets/",
        "DefiningProjectName": "Microsoft.NET.Sdk.DefaultItems",
        "DefiningProjectExtension": ".props"
      },
      {
        "Identity": "Hosting/NativeSiteBuildPipeline.cs",
        "FullPath": "/workspace/team-c/c3-admin-compile-validation/9to1 Workspace/Sites/Hosting/NativeSiteBuildPipeline.cs",
        "RootDir": "/",
        "Filename": "NativeSiteBuildPipeline",
        "Extension": ".cs",
        "RelativeDir": "Hosting/",
        "Directory": "workspace/team-c/c3-admin-compile-validation/9to1 Workspace/Sites/Hosting/",
        "RecursiveDir": "Hosting/",
        "ModifiedTime": "",
        "CreatedTime": "",
        "AccessedTime": "",
        "DefiningProjectFullPath": "/workspace/.tools/dotnet/sdk/10.0.401/Sdks/Microsoft.NET.Sdk/targets/Microsoft.NET.Sdk.DefaultItems.props",
        "DefiningProjectDirectory": "/workspace/.tools/dotnet/sdk/10.0.401/Sdks/Microsoft.NET.Sdk/targets/",
        "DefiningProjectName": "Microsoft.NET.Sdk.DefaultItems",
        "DefiningProjectExtension": ".props"
      },
      {
        "Identity": "Hosting/SiteDeploymentService.cs",
        "FullPath": "/workspace/team-c/c3-admin-compile-validation/9to1 Workspace/Sites/Hosting/SiteDeploymentService.cs",
        "RootDir": "/",
        "Filename": "SiteDeploymentService",
        "Extension": ".cs",
        "RelativeDir": "Hosting/",
        "Directory": "workspace/team-c/c3-admin-compile-validation/9to1 Workspace/Sites/Hosting/",
        "RecursiveDir": "Hosting/",
        "ModifiedTime": "",
        "CreatedTime": "",
        "AccessedTime": "",
        "DefiningProjectFullPath": "/workspace/.tools/dotnet/sdk/10.0.401/Sdks/Microsoft.NET.Sdk/targets/Microsoft.NET.Sdk.DefaultItems.props",
        "DefiningProjectDirectory": "/workspace/.tools/dotnet/sdk/10.0.401/Sdks/Microsoft.NET.Sdk/targets/",
        "DefiningProjectName": "Microsoft.NET.Sdk.DefaultItems",
        "DefiningProjectExtension": ".props"
      },
      {
        "Identity": "Hosting/SiteHostingContracts.cs",
        "FullPath": "/workspace/team-c/c3-admin-compile-validation/9to1 Workspace/Sites/Hosting/SiteHostingContracts.cs",
        "RootDir": "/",
        "Filename": "SiteHostingContracts",
        "Extension": ".cs",
        "RelativeDir": "Hosting/",
        "Directory": "workspace/team-c/c3-admin-compile-validation/9to1 Workspace/Sites/Hosting/",
        "RecursiveDir": "Hosting/",
        "ModifiedTime": "",
        "CreatedTime": "",
        "AccessedTime": "",
        "DefiningProjectFullPath": "/workspace/.tools/dotnet/sdk/10.0.401/Sdks/Microsoft.NET.Sdk/targets/Microsoft.NET.Sdk.DefaultItems.props",
        "DefiningProjectDirectory": "/workspace/.tools/dotnet/sdk/10.0.401/Sdks/Microsoft.NET.Sdk/targets/",
        "DefiningProjectName": "Microsoft.NET.Sdk.DefaultItems",
        "DefiningProjectExtension": ".props"
      },
      {
        "Identity": "Infrastructure/FileSiteWorkspaceStore.cs",
        "FullPath": "/workspace/team-c/c3-admin-compile-validation/9to1 Workspace/Sites/Infrastructure/FileSiteWorkspaceStore.cs",
        "RootDir": "/",
        "Filename": "FileSiteWorkspaceStore",
        "Extension": ".cs",
        "RelativeDir": "Infrastructure/",
        "Directory": "workspace/team-c/c3-admin-compile-validation/9to1 Workspace/Sites/Infrastructure/",
        "RecursiveDir": "Infrastructure/",
        "ModifiedTime": "",
        "CreatedTime": "",
        "AccessedTime": "",
        "DefiningProjectFullPath": "/workspace/.tools/dotnet/sdk/10.0.401/Sdks/Microsoft.NET.Sdk/targets/Microsoft.NET.Sdk.DefaultItems.props",
        "DefiningProjectDirectory": "/workspace/.tools/dotnet/sdk/10.0.401/Sdks/Microsoft.NET.Sdk/targets/",
        "DefiningProjectName": "Microsoft.NET.Sdk.DefaultItems",
        "DefiningProjectExtension": ".props"
      },
      {
        "Identity": "Runtime/SiteDocumentRenderer.cs",
        "FullPath": "/workspace/team-c/c3-admin-compile-validation/9to1 Workspace/Sites/Runtime/SiteDocumentRenderer.cs",
        "RootDir": "/",
        "Filename": "SiteDocumentRenderer",
        "Extension": ".cs",
        "RelativeDir": "Runtime/",
        "Directory": "workspace/team-c/c3-admin-compile-validation/9to1 Workspace/Sites/Runtime/",
        "RecursiveDir": "Runtime/",
        "ModifiedTime": "",
        "CreatedTime": "",
        "AccessedTime": "",
        "DefiningProjectFullPath": "/workspace/.tools/dotnet/sdk/10.0.401/Sdks/Microsoft.NET.Sdk/targets/Microsoft.NET.Sdk.DefaultItems.props",
        "DefiningProjectDirectory": "/workspace/.tools/dotnet/sdk/10.0.401/Sdks/Microsoft.NET.Sdk/targets/",
        "DefiningProjectName": "Microsoft.NET.Sdk.DefaultItems",
        "DefiningProjectExtension": ".props"
      },
      {
        "Identity": "/workspace/team-c/c3-admin-compile-validation/9to1 Workspace/Sites/obj/HavenOS.Sites/debug_linux-x64/HavenOS.Sites.GlobalUsings.g.cs",
        "FullPath": "/workspace/team-c/c3-admin-compile-validation/9to1 Workspace/Sites/obj/HavenOS.Sites/debug_linux-x64/HavenOS.Sites.GlobalUsings.g.cs",
        "RootDir": "/",
        "Filename": "HavenOS.Sites.GlobalUsings.g",
        "Extension": ".cs",
        "RelativeDir": "/workspace/team-c/c3-admin-compile-validation/9to1 Workspace/Sites/obj/HavenOS.Sites/debug_linux-x64/",
        "Directory": "workspace/team-c/c3-admin-compile-validation/9to1 Workspace/Sites/obj/HavenOS.Sites/debug_linux-x64/",
        "RecursiveDir": "",
        "ModifiedTime": "2026-10-03 21:32:53.8714468",
        "CreatedTime": "2026-10-03 21:32:53.8714468",
        "AccessedTime": "2026-10-03 21:33:18.2581396",
        "DefiningProjectFullPath": "/workspace/.tools/dotnet/sdk/10.0.401/Sdks/Microsoft.NET.Sdk/targets/Microsoft.NET.GenerateGlobalUsings.targets",
        "DefiningProjectDirectory": "/workspace/.tools/dotnet/sdk/10.0.401/Sdks/Microsoft.NET.Sdk/targets/",
        "DefiningProjectName": "Microsoft.NET.GenerateGlobalUsings",
        "DefiningProjectExtension": ".targets"
      },
      {
        "Identity": "/workspace/team-c/c3-admin-compile-validation/9to1 Workspace/Sites/obj/HavenOS.Sites/debug_linux-x64/.NETCoreApp,Version=v10.0.AssemblyAttributes.cs",
        "FullPath": "/workspace/team-c/c3-admin-compile-validation/9to1 Workspace/Sites/obj/HavenOS.Sites/debug_linux-x64/.NETCoreApp,Version=v10.0.AssemblyAttributes.cs",
        "RootDir": "/",
        "Filename": ".NETCoreApp,Version=v10.0.AssemblyAttributes",
        "Extension": ".cs",
        "RelativeDir": "/workspace/team-c/c3-admin-compile-validation/9to1 Workspace/Sites/obj/HavenOS.Sites/debug_linux-x64/",
        "Directory": "workspace/team-c/c3-admin-compile-validation/9to1 Workspace/Sites/obj/HavenOS.Sites/debug_linux-x64/",
        "RecursiveDir": "",
        "ModifiedTime": "2026-10-03 21:33:18.0664346",
        "CreatedTime": "2026-10-03 21:33:18.0664346",
        "AccessedTime": "2026-10-03 21:33:18.2581396",
        "DefiningProjectFullPath": "/workspace/.tools/dotnet/sdk/10.0.401/Microsoft.Common.CurrentVersion.targets",
        "DefiningProjectDirectory": "/workspace/.tools/dotnet/sdk/10.0.401/",
        "DefiningProjectName": "Microsoft.Common.CurrentVersion",
        "DefiningProjectExtension": ".targets"
      },
      {
        "Identity": "/workspace/team-c/c3-admin-compile-validation/9to1 Workspace/Sites/obj/HavenOS.Sites/debug_linux-x64/HavenOS.Sites.AssemblyInfo.cs",
        "FullPath": "/workspace/team-c/c3-admin-compile-validation/9to1 Workspace/Sites/obj/HavenOS.Sites/debug_linux-x64/HavenOS.Sites.AssemblyInfo.cs",
        "RootDir": "/",
        "Filename": "HavenOS.Sites.AssemblyInfo",
        "Extension": ".cs",
        "RelativeDir": "/workspace/team-c/c3-admin-compile-validation/9to1 Workspace/Sites/obj/HavenOS.Sites/debug_linux-x64/",
        "Directory": "workspace/team-c/c3-admin-compile-validation/9to1 Workspace/Sites/obj/HavenOS.Sites/debug_linux-x64/",
        "RecursiveDir": "",
        "ModifiedTime": "2026-10-03 21:33:18.0681353",
        "CreatedTime": "2026-10-03 21:33:18.0681353",
        "AccessedTime": "2026-10-03 21:33:18.2621397",
        "DefiningProjectFullPath": "/workspace/.tools/dotnet/sdk/10.0.401/Sdks/Microsoft.NET.Sdk/targets/Microsoft.NET.GenerateAssemblyInfo.targets",
        "DefiningProjectDirectory": "/workspace/.tools/dotnet/sdk/10.0.401/Sdks/Microsoft.NET.Sdk/targets/",
        "DefiningProjectName": "Microsoft.NET.GenerateAssemblyInfo",
        "DefiningProjectExtension": ".targets"
      }
    ]
  }
}
