{
  "Properties": {
    "MSBuildProjectFullPath": "/workspace/team-c/c3-admin-compile-validation/framework/CUI/Runtime/CakeOS.Cui.Runtime.csproj",
    "MSBuildProjectName": "CakeOS.Cui.Runtime",
    "AssemblyName": "CakeOS.Cui.Runtime",
    "TargetPath": "/workspace/team-c/c3-admin-compile-validation/artifacts/root14-managed-build/bin/CakeOS.Cui.Runtime/debug_linux-x64/CakeOS.Cui.Runtime.dll",
    "OutputPath": "/workspace/team-c/c3-admin-compile-validation/artifacts/root14-managed-build/bin/CakeOS.Cui.Runtime/debug_linux-x64/",
    "Configuration": "Debug",
    "TargetFramework": "net10.0",
    "ProjectAssetsFile": "/workspace/team-c/c3-admin-compile-validation/artifacts/root14-managed-build/obj/CakeOS.Cui.Runtime/project.assets.json",
    "MSBuildProjectExtensionsPath": "/workspace/team-c/c3-admin-compile-validation/artifacts/root14-managed-build/obj/CakeOS.Cui.Runtime/",
    "AvaloniaBuildTasksLocation": "/workspace/team-c/c3-admin-compile-validation/artifacts/root14-host-build-tasks/bin/Avalonia.Build.Tasks/debug/Avalonia.Build.Tasks.dll",
    "EmitCompilerGeneratedFiles": "true",
    "IntermediateOutputPath": "/workspace/team-c/c3-admin-compile-validation/artifacts/root14-managed-build/obj/CakeOS.Cui.Runtime/debug_linux-x64/",
    "CompilerGeneratedFilesOutputPath": "/workspace/team-c/c3-admin-compile-validation/artifacts/root14-managed-build/obj/CakeOS.Cui.Runtime/debug_linux-x64//generated"
  },
  "Items": {
    "Compile": [
      {
        "Identity": "CuiActionFailure.cs",
        "FullPath": "/workspace/team-c/c3-admin-compile-validation/framework/CUI/Runtime/CuiActionFailure.cs",
        "RootDir": "/",
        "Filename": "CuiActionFailure",
        "Extension": ".cs",
        "RelativeDir": "",
        "Directory": "workspace/team-c/c3-admin-compile-validation/framework/CUI/Runtime/",
        "RecursiveDir": "",
        "ModifiedTime": "",
        "CreatedTime": "",
        "AccessedTime": "",
        "DefiningProjectFullPath": "/workspace/.tools/dotnet/sdk/10.0.401/Sdks/Microsoft.NET.Sdk/targets/Microsoft.NET.Sdk.DefaultItems.props",
        "DefiningProjectDirectory": "/workspace/.tools/dotnet/sdk/10.0.401/Sdks/Microsoft.NET.Sdk/targets/",
        "DefiningProjectName": "Microsoft.NET.Sdk.DefaultItems",
        "DefiningProjectExtension": ".props"
      },
      {
        "Identity": "CuiControlDiagnostics.cs",
        "FullPath": "/workspace/team-c/c3-admin-compile-validation/framework/CUI/Runtime/CuiControlDiagnostics.cs",
        "RootDir": "/",
        "Filename": "CuiControlDiagnostics",
        "Extension": ".cs",
        "RelativeDir": "",
        "Directory": "workspace/team-c/c3-admin-compile-validation/framework/CUI/Runtime/",
        "RecursiveDir": "",
        "ModifiedTime": "",
        "CreatedTime": "",
        "AccessedTime": "",
        "DefiningProjectFullPath": "/workspace/.tools/dotnet/sdk/10.0.401/Sdks/Microsoft.NET.Sdk/targets/Microsoft.NET.Sdk.DefaultItems.props",
        "DefiningProjectDirectory": "/workspace/.tools/dotnet/sdk/10.0.401/Sdks/Microsoft.NET.Sdk/targets/",
        "DefiningProjectName": "Microsoft.NET.Sdk.DefaultItems",
        "DefiningProjectExtension": ".props"
      },
      {
        "Identity": "CuiControlLoader.cs",
        "FullPath": "/workspace/team-c/c3-admin-compile-validation/framework/CUI/Runtime/CuiControlLoader.cs",
        "RootDir": "/",
        "Filename": "CuiControlLoader",
        "Extension": ".cs",
        "RelativeDir": "",
        "Directory": "workspace/team-c/c3-admin-compile-validation/framework/CUI/Runtime/",
        "RecursiveDir": "",
        "ModifiedTime": "",
        "CreatedTime": "",
        "AccessedTime": "",
        "DefiningProjectFullPath": "/workspace/.tools/dotnet/sdk/10.0.401/Sdks/Microsoft.NET.Sdk/targets/Microsoft.NET.Sdk.DefaultItems.props",
        "DefiningProjectDirectory": "/workspace/.tools/dotnet/sdk/10.0.401/Sdks/Microsoft.NET.Sdk/targets/",
        "DefiningProjectName": "Microsoft.NET.Sdk.DefaultItems",
        "DefiningProjectExtension": ".props"
      },
      {
        "Identity": "CuiControlRegistry.cs",
        "FullPath": "/workspace/team-c/c3-admin-compile-validation/framework/CUI/Runtime/CuiControlRegistry.cs",
        "RootDir": "/",
        "Filename": "CuiControlRegistry",
        "Extension": ".cs",
        "RelativeDir": "",
        "Directory": "workspace/team-c/c3-admin-compile-validation/framework/CUI/Runtime/",
        "RecursiveDir": "",
        "ModifiedTime": "",
        "CreatedTime": "",
        "AccessedTime": "",
        "DefiningProjectFullPath": "/workspace/.tools/dotnet/sdk/10.0.401/Sdks/Microsoft.NET.Sdk/targets/Microsoft.NET.Sdk.DefaultItems.props",
        "DefiningProjectDirectory": "/workspace/.tools/dotnet/sdk/10.0.401/Sdks/Microsoft.NET.Sdk/targets/",
        "DefiningProjectName": "Microsoft.NET.Sdk.DefaultItems",
        "DefiningProjectExtension": ".props"
      },
      {
        "Identity": "CuiHeadlessRenderer.cs",
        "FullPath": "/workspace/team-c/c3-admin-compile-validation/framework/CUI/Runtime/CuiHeadlessRenderer.cs",
        "RootDir": "/",
        "Filename": "CuiHeadlessRenderer",
        "Extension": ".cs",
        "RelativeDir": "",
        "Directory": "workspace/team-c/c3-admin-compile-validation/framework/CUI/Runtime/",
        "RecursiveDir": "",
        "ModifiedTime": "",
        "CreatedTime": "",
        "AccessedTime": "",
        "DefiningProjectFullPath": "/workspace/.tools/dotnet/sdk/10.0.401/Sdks/Microsoft.NET.Sdk/targets/Microsoft.NET.Sdk.DefaultItems.props",
        "DefiningProjectDirectory": "/workspace/.tools/dotnet/sdk/10.0.401/Sdks/Microsoft.NET.Sdk/targets/",
        "DefiningProjectName": "Microsoft.NET.Sdk.DefaultItems",
        "DefiningProjectExtension": ".props"
      },
      {
        "Identity": "CuiInputValidation.cs",
        "FullPath": "/workspace/team-c/c3-admin-compile-validation/framework/CUI/Runtime/CuiInputValidation.cs",
        "RootDir": "/",
        "Filename": "CuiInputValidation",
        "Extension": ".cs",
        "RelativeDir": "",
        "Directory": "workspace/team-c/c3-admin-compile-validation/framework/CUI/Runtime/",
        "RecursiveDir": "",
        "ModifiedTime": "",
        "CreatedTime": "",
        "AccessedTime": "",
        "DefiningProjectFullPath": "/workspace/.tools/dotnet/sdk/10.0.401/Sdks/Microsoft.NET.Sdk/targets/Microsoft.NET.Sdk.DefaultItems.props",
        "DefiningProjectDirectory": "/workspace/.tools/dotnet/sdk/10.0.401/Sdks/Microsoft.NET.Sdk/targets/",
        "DefiningProjectName": "Microsoft.NET.Sdk.DefaultItems",
        "DefiningProjectExtension": ".props"
      },
      {
        "Identity": "CuiNativeHost.cs",
        "FullPath": "/workspace/team-c/c3-admin-compile-validation/framework/CUI/Runtime/CuiNativeHost.cs",
        "RootDir": "/",
        "Filename": "CuiNativeHost",
        "Extension": ".cs",
        "RelativeDir": "",
        "Directory": "workspace/team-c/c3-admin-compile-validation/framework/CUI/Runtime/",
        "RecursiveDir": "",
        "ModifiedTime": "",
        "CreatedTime": "",
        "AccessedTime": "",
        "DefiningProjectFullPath": "/workspace/.tools/dotnet/sdk/10.0.401/Sdks/Microsoft.NET.Sdk/targets/Microsoft.NET.Sdk.DefaultItems.props",
        "DefiningProjectDirectory": "/workspace/.tools/dotnet/sdk/10.0.401/Sdks/Microsoft.NET.Sdk/targets/",
        "DefiningProjectName": "Microsoft.NET.Sdk.DefaultItems",
        "DefiningProjectExtension": ".props"
      },
      {
        "Identity": "CuiRuntimeCompatibility.cs",
        "FullPath": "/workspace/team-c/c3-admin-compile-validation/framework/CUI/Runtime/CuiRuntimeCompatibility.cs",
        "RootDir": "/",
        "Filename": "CuiRuntimeCompatibility",
        "Extension": ".cs",
        "RelativeDir": "",
        "Directory": "workspace/team-c/c3-admin-compile-validation/framework/CUI/Runtime/",
        "RecursiveDir": "",
        "ModifiedTime": "",
        "CreatedTime": "",
        "AccessedTime": "",
        "DefiningProjectFullPath": "/workspace/.tools/dotnet/sdk/10.0.401/Sdks/Microsoft.NET.Sdk/targets/Microsoft.NET.Sdk.DefaultItems.props",
        "DefiningProjectDirectory": "/workspace/.tools/dotnet/sdk/10.0.401/Sdks/Microsoft.NET.Sdk/targets/",
        "DefiningProjectName": "Microsoft.NET.Sdk.DefaultItems",
        "DefiningProjectExtension": ".props"
      },
      {
        "Identity": "CuiRuntimeDescriptors.cs",
        "FullPath": "/workspace/team-c/c3-admin-compile-validation/framework/CUI/Runtime/CuiRuntimeDescriptors.cs",
        "RootDir": "/",
        "Filename": "CuiRuntimeDescriptors",
        "Extension": ".cs",
        "RelativeDir": "",
        "Directory": "workspace/team-c/c3-admin-compile-validation/framework/CUI/Runtime/",
        "RecursiveDir": "",
        "ModifiedTime": "",
        "CreatedTime": "",
        "AccessedTime": "",
        "DefiningProjectFullPath": "/workspace/.tools/dotnet/sdk/10.0.401/Sdks/Microsoft.NET.Sdk/targets/Microsoft.NET.Sdk.DefaultItems.props",
        "DefiningProjectDirectory": "/workspace/.tools/dotnet/sdk/10.0.401/Sdks/Microsoft.NET.Sdk/targets/",
        "DefiningProjectName": "Microsoft.NET.Sdk.DefaultItems",
        "DefiningProjectExtension": ".props"
      },
      {
        "Identity": "CuiRuntimeIdentity.cs",
        "FullPath": "/workspace/team-c/c3-admin-compile-validation/framework/CUI/Runtime/CuiRuntimeIdentity.cs",
        "RootDir": "/",
        "Filename": "CuiRuntimeIdentity",
        "Extension": ".cs",
        "RelativeDir": "",
        "Directory": "workspace/team-c/c3-admin-compile-validation/framework/CUI/Runtime/",
        "RecursiveDir": "",
        "ModifiedTime": "",
        "CreatedTime": "",
        "AccessedTime": "",
        "DefiningProjectFullPath": "/workspace/.tools/dotnet/sdk/10.0.401/Sdks/Microsoft.NET.Sdk/targets/Microsoft.NET.Sdk.DefaultItems.props",
        "DefiningProjectDirectory": "/workspace/.tools/dotnet/sdk/10.0.401/Sdks/Microsoft.NET.Sdk/targets/",
        "DefiningProjectName": "Microsoft.NET.Sdk.DefaultItems",
        "DefiningProjectExtension": ".props"
      },
      {
        "Identity": "CuiRuntimeLoadException.cs",
        "FullPath": "/workspace/team-c/c3-admin-compile-validation/framework/CUI/Runtime/CuiRuntimeLoadException.cs",
        "RootDir": "/",
        "Filename": "CuiRuntimeLoadException",
        "Extension": ".cs",
        "RelativeDir": "",
        "Directory": "workspace/team-c/c3-admin-compile-validation/framework/CUI/Runtime/",
        "RecursiveDir": "",
        "ModifiedTime": "",
        "CreatedTime": "",
        "AccessedTime": "",
        "DefiningProjectFullPath": "/workspace/.tools/dotnet/sdk/10.0.401/Sdks/Microsoft.NET.Sdk/targets/Microsoft.NET.Sdk.DefaultItems.props",
        "DefiningProjectDirectory": "/workspace/.tools/dotnet/sdk/10.0.401/Sdks/Microsoft.NET.Sdk/targets/",
        "DefiningProjectName": "Microsoft.NET.Sdk.DefaultItems",
        "DefiningProjectExtension": ".props"
      },
      {
        "Identity": "CuiRuntimeSurface.cs",
        "FullPath": "/workspace/team-c/c3-admin-compile-validation/framework/CUI/Runtime/CuiRuntimeSurface.cs",
        "RootDir": "/",
        "Filename": "CuiRuntimeSurface",
        "Extension": ".cs",
        "RelativeDir": "",
        "Directory": "workspace/team-c/c3-admin-compile-validation/framework/CUI/Runtime/",
        "RecursiveDir": "",
        "ModifiedTime": "",
        "CreatedTime": "",
        "AccessedTime": "",
        "DefiningProjectFullPath": "/workspace/.tools/dotnet/sdk/10.0.401/Sdks/Microsoft.NET.Sdk/targets/Microsoft.NET.Sdk.DefaultItems.props",
        "DefiningProjectDirectory": "/workspace/.tools/dotnet/sdk/10.0.401/Sdks/Microsoft.NET.Sdk/targets/",
        "DefiningProjectName": "Microsoft.NET.Sdk.DefaultItems",
        "DefiningProjectExtension": ".props"
      },
      {
        "Identity": "CuiRuntimeTransformProperties.cs",
        "FullPath": "/workspace/team-c/c3-admin-compile-validation/framework/CUI/Runtime/CuiRuntimeTransformProperties.cs",
        "RootDir": "/",
        "Filename": "CuiRuntimeTransformProperties",
        "Extension": ".cs",
        "RelativeDir": "",
        "Directory": "workspace/team-c/c3-admin-compile-validation/framework/CUI/Runtime/",
        "RecursiveDir": "",
        "ModifiedTime": "",
        "CreatedTime": "",
        "AccessedTime": "",
        "DefiningProjectFullPath": "/workspace/.tools/dotnet/sdk/10.0.401/Sdks/Microsoft.NET.Sdk/targets/Microsoft.NET.Sdk.DefaultItems.props",
        "DefiningProjectDirectory": "/workspace/.tools/dotnet/sdk/10.0.401/Sdks/Microsoft.NET.Sdk/targets/",
        "DefiningProjectName": "Microsoft.NET.Sdk.DefaultItems",
        "DefiningProjectExtension": ".props"
      },
      {
        "Identity": "CuiSceneHost.cs",
        "FullPath": "/workspace/team-c/c3-admin-compile-validation/framework/CUI/Runtime/CuiSceneHost.cs",
        "RootDir": "/",
        "Filename": "CuiSceneHost",
        "Extension": ".cs",
        "RelativeDir": "",
        "Directory": "workspace/team-c/c3-admin-compile-validation/framework/CUI/Runtime/",
        "RecursiveDir": "",
        "ModifiedTime": "",
        "CreatedTime": "",
        "AccessedTime": "",
        "DefiningProjectFullPath": "/workspace/.tools/dotnet/sdk/10.0.401/Sdks/Microsoft.NET.Sdk/targets/Microsoft.NET.Sdk.DefaultItems.props",
        "DefiningProjectDirectory": "/workspace/.tools/dotnet/sdk/10.0.401/Sdks/Microsoft.NET.Sdk/targets/",
        "DefiningProjectName": "Microsoft.NET.Sdk.DefaultItems",
        "DefiningProjectExtension": ".props"
      },
      {
        "Identity": "CuiSceneVisualResources.cs",
        "FullPath": "/workspace/team-c/c3-admin-compile-validation/framework/CUI/Runtime/CuiSceneVisualResources.cs",
        "RootDir": "/",
        "Filename": "CuiSceneVisualResources",
        "Extension": ".cs",
        "RelativeDir": "",
        "Directory": "workspace/team-c/c3-admin-compile-validation/framework/CUI/Runtime/",
        "RecursiveDir": "",
        "ModifiedTime": "",
        "CreatedTime": "",
        "AccessedTime": "",
        "DefiningProjectFullPath": "/workspace/.tools/dotnet/sdk/10.0.401/Sdks/Microsoft.NET.Sdk/targets/Microsoft.NET.Sdk.DefaultItems.props",
        "DefiningProjectDirectory": "/workspace/.tools/dotnet/sdk/10.0.401/Sdks/Microsoft.NET.Sdk/targets/",
        "DefiningProjectName": "Microsoft.NET.Sdk.DefaultItems",
        "DefiningProjectExtension": ".props"
      },
      {
        "Identity": "CuiViewModel.cs",
        "FullPath": "/workspace/team-c/c3-admin-compile-validation/framework/CUI/Runtime/CuiViewModel.cs",
        "RootDir": "/",
        "Filename": "CuiViewModel",
        "Extension": ".cs",
        "RelativeDir": "",
        "Directory": "workspace/team-c/c3-admin-compile-validation/framework/CUI/Runtime/",
        "RecursiveDir": "",
        "ModifiedTime": "",
        "CreatedTime": "",
        "AccessedTime": "",
        "DefiningProjectFullPath": "/workspace/.tools/dotnet/sdk/10.0.401/Sdks/Microsoft.NET.Sdk/targets/Microsoft.NET.Sdk.DefaultItems.props",
        "DefiningProjectDirectory": "/workspace/.tools/dotnet/sdk/10.0.401/Sdks/Microsoft.NET.Sdk/targets/",
        "DefiningProjectName": "Microsoft.NET.Sdk.DefaultItems",
        "DefiningProjectExtension": ".props"
      },
      {
        "Identity": "ICuiBackdropRenderer.cs",
        "FullPath": "/workspace/team-c/c3-admin-compile-validation/framework/CUI/Runtime/ICuiBackdropRenderer.cs",
        "RootDir": "/",
        "Filename": "ICuiBackdropRenderer",
        "Extension": ".cs",
        "RelativeDir": "",
        "Directory": "workspace/team-c/c3-admin-compile-validation/framework/CUI/Runtime/",
        "RecursiveDir": "",
        "ModifiedTime": "",
        "CreatedTime": "",
        "AccessedTime": "",
        "DefiningProjectFullPath": "/workspace/.tools/dotnet/sdk/10.0.401/Sdks/Microsoft.NET.Sdk/targets/Microsoft.NET.Sdk.DefaultItems.props",
        "DefiningProjectDirectory": "/workspace/.tools/dotnet/sdk/10.0.401/Sdks/Microsoft.NET.Sdk/targets/",
        "DefiningProjectName": "Microsoft.NET.Sdk.DefaultItems",
        "DefiningProjectExtension": ".props"
      },
      {
        "Identity": "ICuiRepeatItemBindingContext.cs",
        "FullPath": "/workspace/team-c/c3-admin-compile-validation/framework/CUI/Runtime/ICuiRepeatItemBindingContext.cs",
        "RootDir": "/",
        "Filename": "ICuiRepeatItemBindingContext",
        "Extension": ".cs",
        "RelativeDir": "",
        "Directory": "workspace/team-c/c3-admin-compile-validation/framework/CUI/Runtime/",
        "RecursiveDir": "",
        "ModifiedTime": "",
        "CreatedTime": "",
        "AccessedTime": "",
        "DefiningProjectFullPath": "/workspace/.tools/dotnet/sdk/10.0.401/Sdks/Microsoft.NET.Sdk/targets/Microsoft.NET.Sdk.DefaultItems.props",
        "DefiningProjectDirectory": "/workspace/.tools/dotnet/sdk/10.0.401/Sdks/Microsoft.NET.Sdk/targets/",
        "DefiningProjectName": "Microsoft.NET.Sdk.DefaultItems",
        "DefiningProjectExtension": ".props"
      },
      {
        "Identity": "ICuiWritableBindingContext.cs",
        "FullPath": "/workspace/team-c/c3-admin-compile-validation/framework/CUI/Runtime/ICuiWritableBindingContext.cs",
        "RootDir": "/",
        "Filename": "ICuiWritableBindingContext",
        "Extension": ".cs",
        "RelativeDir": "",
        "Directory": "workspace/team-c/c3-admin-compile-validation/framework/CUI/Runtime/",
        "RecursiveDir": "",
        "ModifiedTime": "",
        "CreatedTime": "",
        "AccessedTime": "",
        "DefiningProjectFullPath": "/workspace/.tools/dotnet/sdk/10.0.401/Sdks/Microsoft.NET.Sdk/targets/Microsoft.NET.Sdk.DefaultItems.props",
        "DefiningProjectDirectory": "/workspace/.tools/dotnet/sdk/10.0.401/Sdks/Microsoft.NET.Sdk/targets/",
        "DefiningProjectName": "Microsoft.NET.Sdk.DefaultItems",
        "DefiningProjectExtension": ".props"
      },
      {
        "Identity": "/workspace/team-c/c3-admin-compile-validation/artifacts/root14-managed-build/obj/CakeOS.Cui.Runtime/debug_linux-x64/CakeOS.Cui.Runtime.GlobalUsings.g.cs",
        "FullPath": "/workspace/team-c/c3-admin-compile-validation/artifacts/root14-managed-build/obj/CakeOS.Cui.Runtime/debug_linux-x64/CakeOS.Cui.Runtime.GlobalUsings.g.cs",
        "RootDir": "/",
        "Filename": "CakeOS.Cui.Runtime.GlobalUsings.g",
        "Extension": ".cs",
        "RelativeDir": "/workspace/team-c/c3-admin-compile-validation/artifacts/root14-managed-build/obj/CakeOS.Cui.Runtime/debug_linux-x64/",
        "Directory": "workspace/team-c/c3-admin-compile-validation/artifacts/root14-managed-build/obj/CakeOS.Cui.Runtime/debug_linux-x64/",
        "RecursiveDir": "",
        "ModifiedTime": "2026-10-03 21:33:27.3694769",
        "CreatedTime": "2026-10-03 21:33:27.3694769",
        "AccessedTime": "2026-10-03 21:35:22.6936281",
        "DefiningProjectFullPath": "/workspace/.tools/dotnet/sdk/10.0.401/Sdks/Microsoft.NET.Sdk/targets/Microsoft.NET.GenerateGlobalUsings.targets",
        "DefiningProjectDirectory": "/workspace/.tools/dotnet/sdk/10.0.401/Sdks/Microsoft.NET.Sdk/targets/",
        "DefiningProjectName": "Microsoft.NET.GenerateGlobalUsings",
        "DefiningProjectExtension": ".targets"
      },
      {
        "Identity": "/workspace/team-c/c3-admin-compile-validation/artifacts/root14-managed-build/obj/CakeOS.Cui.Runtime/debug_linux-x64/.NETCoreApp,Version=v10.0.AssemblyAttributes.cs",
        "FullPath": "/workspace/team-c/c3-admin-compile-validation/artifacts/root14-managed-build/obj/CakeOS.Cui.Runtime/debug_linux-x64/.NETCoreApp,Version=v10.0.AssemblyAttributes.cs",
        "RootDir": "/",
        "Filename": ".NETCoreApp,Version=v10.0.AssemblyAttributes",
        "Extension": ".cs",
        "RelativeDir": "/workspace/team-c/c3-admin-compile-validation/artifacts/root14-managed-build/obj/CakeOS.Cui.Runtime/debug_linux-x64/",
        "Directory": "workspace/team-c/c3-admin-compile-validation/artifacts/root14-managed-build/obj/CakeOS.Cui.Runtime/debug_linux-x64/",
        "RecursiveDir": "",
        "ModifiedTime": "2026-10-03 21:35:22.5394724",
        "CreatedTime": "2026-10-03 21:35:22.5394724",
        "AccessedTime": "2026-10-03 21:35:22.6976282",
        "DefiningProjectFullPath": "/workspace/.tools/dotnet/sdk/10.0.401/Microsoft.Common.CurrentVersion.targets",
        "DefiningProjectDirectory": "/workspace/.tools/dotnet/sdk/10.0.401/",
        "DefiningProjectName": "Microsoft.Common.CurrentVersion",
        "DefiningProjectExtension": ".targets"
      },
      {
        "Identity": "/workspace/team-c/c3-admin-compile-validation/artifacts/root14-managed-build/obj/CakeOS.Cui.Runtime/debug_linux-x64/CakeOS.Cui.Runtime.AssemblyInfo.cs",
        "FullPath": "/workspace/team-c/c3-admin-compile-validation/artifacts/root14-managed-build/obj/CakeOS.Cui.Runtime/debug_linux-x64/CakeOS.Cui.Runtime.AssemblyInfo.cs",
        "RootDir": "/",
        "Filename": "CakeOS.Cui.Runtime.AssemblyInfo",
        "Extension": ".cs",
        "RelativeDir": "/workspace/team-c/c3-admin-compile-validation/artifacts/root14-managed-build/obj/CakeOS.Cui.Runtime/debug_linux-x64/",
        "Directory": "workspace/team-c/c3-admin-compile-validation/artifacts/root14-managed-build/obj/CakeOS.Cui.Runtime/debug_linux-x64/",
        "RecursiveDir": "",
        "ModifiedTime": "2026-10-03 21:35:22.5412986",
        "CreatedTime": "2026-10-03 21:35:22.5412986",
        "AccessedTime": "2026-10-03 21:35:22.6976282",
        "DefiningProjectFullPath": "/workspace/.tools/dotnet/sdk/10.0.401/Sdks/Microsoft.NET.Sdk/targets/Microsoft.NET.GenerateAssemblyInfo.targets",
        "DefiningProjectDirectory": "/workspace/.tools/dotnet/sdk/10.0.401/Sdks/Microsoft.NET.Sdk/targets/",
        "DefiningProjectName": "Microsoft.NET.GenerateAssemblyInfo",
        "DefiningProjectExtension": ".targets"
      }
    ]
  }
}
