{
  "Properties": {
    "MSBuildProjectFullPath": "/workspace/team-c/c3-admin-compile-validation/framework/CUI/AI/NineToOne.Cui.AI.csproj",
    "MSBuildProjectName": "NineToOne.Cui.AI",
    "AssemblyName": "NineToOne.Cui.AI",
    "TargetPath": "/workspace/team-c/c3-admin-compile-validation/artifacts/root14-managed-build/bin/NineToOne.Cui.AI/debug_linux-x64/NineToOne.Cui.AI.dll",
    "OutputPath": "/workspace/team-c/c3-admin-compile-validation/artifacts/root14-managed-build/bin/NineToOne.Cui.AI/debug_linux-x64/",
    "Configuration": "Debug",
    "TargetFramework": "net10.0",
    "ProjectAssetsFile": "/workspace/team-c/c3-admin-compile-validation/artifacts/root14-managed-build/obj/NineToOne.Cui.AI/project.assets.json",
    "MSBuildProjectExtensionsPath": "/workspace/team-c/c3-admin-compile-validation/artifacts/root14-managed-build/obj/NineToOne.Cui.AI/",
    "AvaloniaBuildTasksLocation": "/workspace/team-c/c3-admin-compile-validation/artifacts/root14-host-build-tasks/bin/Avalonia.Build.Tasks/debug/Avalonia.Build.Tasks.dll",
    "EmitCompilerGeneratedFiles": "true",
    "IntermediateOutputPath": "/workspace/team-c/c3-admin-compile-validation/artifacts/root14-managed-build/obj/NineToOne.Cui.AI/debug_linux-x64/",
    "CompilerGeneratedFilesOutputPath": "/workspace/team-c/c3-admin-compile-validation/artifacts/root14-managed-build/obj/NineToOne.Cui.AI/debug_linux-x64//generated"
  },
  "Items": {
    "Compile": [
      {
        "Identity": "ActionJsonSchemaValidator.cs",
        "FullPath": "/workspace/team-c/c3-admin-compile-validation/framework/CUI/AI/ActionJsonSchemaValidator.cs",
        "RootDir": "/",
        "Filename": "ActionJsonSchemaValidator",
        "Extension": ".cs",
        "RelativeDir": "",
        "Directory": "workspace/team-c/c3-admin-compile-validation/framework/CUI/AI/",
        "RecursiveDir": "",
        "ModifiedTime": "",
        "CreatedTime": "",
        "AccessedTime": "",
        "DefiningProjectFullPath": "/workspace/.tools/dotnet/sdk/10.0.401/Sdks/Microsoft.NET.Sdk/targets/Microsoft.NET.Sdk.DefaultItems.props",
        "DefiningProjectDirectory": "/workspace/.tools/dotnet/sdk/10.0.401/Sdks/Microsoft.NET.Sdk/targets/",
        "DefiningProjectName": "Microsoft.NET.Sdk.DefaultItems",
        "DefiningProjectExtension": ".props"
      },
      {
        "Identity": "AppAiContracts.cs",
        "FullPath": "/workspace/team-c/c3-admin-compile-validation/framework/CUI/AI/AppAiContracts.cs",
        "RootDir": "/",
        "Filename": "AppAiContracts",
        "Extension": ".cs",
        "RelativeDir": "",
        "Directory": "workspace/team-c/c3-admin-compile-validation/framework/CUI/AI/",
        "RecursiveDir": "",
        "ModifiedTime": "",
        "CreatedTime": "",
        "AccessedTime": "",
        "DefiningProjectFullPath": "/workspace/.tools/dotnet/sdk/10.0.401/Sdks/Microsoft.NET.Sdk/targets/Microsoft.NET.Sdk.DefaultItems.props",
        "DefiningProjectDirectory": "/workspace/.tools/dotnet/sdk/10.0.401/Sdks/Microsoft.NET.Sdk/targets/",
        "DefiningProjectName": "Microsoft.NET.Sdk.DefaultItems",
        "DefiningProjectExtension": ".props"
      },
      {
        "Identity": "AppAiCoordinator.cs",
        "FullPath": "/workspace/team-c/c3-admin-compile-validation/framework/CUI/AI/AppAiCoordinator.cs",
        "RootDir": "/",
        "Filename": "AppAiCoordinator",
        "Extension": ".cs",
        "RelativeDir": "",
        "Directory": "workspace/team-c/c3-admin-compile-validation/framework/CUI/AI/",
        "RecursiveDir": "",
        "ModifiedTime": "",
        "CreatedTime": "",
        "AccessedTime": "",
        "DefiningProjectFullPath": "/workspace/.tools/dotnet/sdk/10.0.401/Sdks/Microsoft.NET.Sdk/targets/Microsoft.NET.Sdk.DefaultItems.props",
        "DefiningProjectDirectory": "/workspace/.tools/dotnet/sdk/10.0.401/Sdks/Microsoft.NET.Sdk/targets/",
        "DefiningProjectName": "Microsoft.NET.Sdk.DefaultItems",
        "DefiningProjectExtension": ".props"
      },
      {
        "Identity": "AppAiCoordinatorFactory.cs",
        "FullPath": "/workspace/team-c/c3-admin-compile-validation/framework/CUI/AI/AppAiCoordinatorFactory.cs",
        "RootDir": "/",
        "Filename": "AppAiCoordinatorFactory",
        "Extension": ".cs",
        "RelativeDir": "",
        "Directory": "workspace/team-c/c3-admin-compile-validation/framework/CUI/AI/",
        "RecursiveDir": "",
        "ModifiedTime": "",
        "CreatedTime": "",
        "AccessedTime": "",
        "DefiningProjectFullPath": "/workspace/.tools/dotnet/sdk/10.0.401/Sdks/Microsoft.NET.Sdk/targets/Microsoft.NET.Sdk.DefaultItems.props",
        "DefiningProjectDirectory": "/workspace/.tools/dotnet/sdk/10.0.401/Sdks/Microsoft.NET.Sdk/targets/",
        "DefiningProjectName": "Microsoft.NET.Sdk.DefaultItems",
        "DefiningProjectExtension": ".props"
      },
      {
        "Identity": "FloatingAiBarScene.cs",
        "FullPath": "/workspace/team-c/c3-admin-compile-validation/framework/CUI/AI/FloatingAiBarScene.cs",
        "RootDir": "/",
        "Filename": "FloatingAiBarScene",
        "Extension": ".cs",
        "RelativeDir": "",
        "Directory": "workspace/team-c/c3-admin-compile-validation/framework/CUI/AI/",
        "RecursiveDir": "",
        "ModifiedTime": "",
        "CreatedTime": "",
        "AccessedTime": "",
        "DefiningProjectFullPath": "/workspace/.tools/dotnet/sdk/10.0.401/Sdks/Microsoft.NET.Sdk/targets/Microsoft.NET.Sdk.DefaultItems.props",
        "DefiningProjectDirectory": "/workspace/.tools/dotnet/sdk/10.0.401/Sdks/Microsoft.NET.Sdk/targets/",
        "DefiningProjectName": "Microsoft.NET.Sdk.DefaultItems",
        "DefiningProjectExtension": ".props"
      },
      {
        "Identity": "FloatingAiBarState.cs",
        "FullPath": "/workspace/team-c/c3-admin-compile-validation/framework/CUI/AI/FloatingAiBarState.cs",
        "RootDir": "/",
        "Filename": "FloatingAiBarState",
        "Extension": ".cs",
        "RelativeDir": "",
        "Directory": "workspace/team-c/c3-admin-compile-validation/framework/CUI/AI/",
        "RecursiveDir": "",
        "ModifiedTime": "",
        "CreatedTime": "",
        "AccessedTime": "",
        "DefiningProjectFullPath": "/workspace/.tools/dotnet/sdk/10.0.401/Sdks/Microsoft.NET.Sdk/targets/Microsoft.NET.Sdk.DefaultItems.props",
        "DefiningProjectDirectory": "/workspace/.tools/dotnet/sdk/10.0.401/Sdks/Microsoft.NET.Sdk/targets/",
        "DefiningProjectName": "Microsoft.NET.Sdk.DefaultItems",
        "DefiningProjectExtension": ".props"
      },
      {
        "Identity": "InvocationCompose.cs",
        "FullPath": "/workspace/team-c/c3-admin-compile-validation/framework/CUI/AI/InvocationCompose.cs",
        "RootDir": "/",
        "Filename": "InvocationCompose",
        "Extension": ".cs",
        "RelativeDir": "",
        "Directory": "workspace/team-c/c3-admin-compile-validation/framework/CUI/AI/",
        "RecursiveDir": "",
        "ModifiedTime": "",
        "CreatedTime": "",
        "AccessedTime": "",
        "DefiningProjectFullPath": "/workspace/.tools/dotnet/sdk/10.0.401/Sdks/Microsoft.NET.Sdk/targets/Microsoft.NET.Sdk.DefaultItems.props",
        "DefiningProjectDirectory": "/workspace/.tools/dotnet/sdk/10.0.401/Sdks/Microsoft.NET.Sdk/targets/",
        "DefiningProjectName": "Microsoft.NET.Sdk.DefaultItems",
        "DefiningProjectExtension": ".props"
      },
      {
        "Identity": "/workspace/team-c/c3-admin-compile-validation/artifacts/root14-managed-build/obj/NineToOne.Cui.AI/debug_linux-x64/NineToOne.Cui.AI.GlobalUsings.g.cs",
        "FullPath": "/workspace/team-c/c3-admin-compile-validation/artifacts/root14-managed-build/obj/NineToOne.Cui.AI/debug_linux-x64/NineToOne.Cui.AI.GlobalUsings.g.cs",
        "RootDir": "/",
        "Filename": "NineToOne.Cui.AI.GlobalUsings.g",
        "Extension": ".cs",
        "RelativeDir": "/workspace/team-c/c3-admin-compile-validation/artifacts/root14-managed-build/obj/NineToOne.Cui.AI/debug_linux-x64/",
        "Directory": "workspace/team-c/c3-admin-compile-validation/artifacts/root14-managed-build/obj/NineToOne.Cui.AI/debug_linux-x64/",
        "RecursiveDir": "",
        "ModifiedTime": "2026-10-03 21:33:00.8738193",
        "CreatedTime": "2026-10-03 21:33:00.8738193",
        "AccessedTime": "2026-10-03 21:33:01.0576463",
        "DefiningProjectFullPath": "/workspace/.tools/dotnet/sdk/10.0.401/Sdks/Microsoft.NET.Sdk/targets/Microsoft.NET.GenerateGlobalUsings.targets",
        "DefiningProjectDirectory": "/workspace/.tools/dotnet/sdk/10.0.401/Sdks/Microsoft.NET.Sdk/targets/",
        "DefiningProjectName": "Microsoft.NET.GenerateGlobalUsings",
        "DefiningProjectExtension": ".targets"
      },
      {
        "Identity": "/workspace/team-c/c3-admin-compile-validation/artifacts/root14-managed-build/obj/NineToOne.Cui.AI/debug_linux-x64/.NETCoreApp,Version=v10.0.AssemblyAttributes.cs",
        "FullPath": "/workspace/team-c/c3-admin-compile-validation/artifacts/root14-managed-build/obj/NineToOne.Cui.AI/debug_linux-x64/.NETCoreApp,Version=v10.0.AssemblyAttributes.cs",
        "RootDir": "/",
        "Filename": ".NETCoreApp,Version=v10.0.AssemblyAttributes",
        "Extension": ".cs",
        "RelativeDir": "/workspace/team-c/c3-admin-compile-validation/artifacts/root14-managed-build/obj/NineToOne.Cui.AI/debug_linux-x64/",
        "Directory": "workspace/team-c/c3-admin-compile-validation/artifacts/root14-managed-build/obj/NineToOne.Cui.AI/debug_linux-x64/",
        "RecursiveDir": "",
        "ModifiedTime": "2026-10-03 21:33:00.8856407",
        "CreatedTime": "2026-10-03 21:33:00.8856407",
        "AccessedTime": "2026-10-03 21:33:01.0576463",
        "DefiningProjectFullPath": "/workspace/.tools/dotnet/sdk/10.0.401/Microsoft.Common.CurrentVersion.targets",
        "DefiningProjectDirectory": "/workspace/.tools/dotnet/sdk/10.0.401/",
        "DefiningProjectName": "Microsoft.Common.CurrentVersion",
        "DefiningProjectExtension": ".targets"
      },
      {
        "Identity": "/workspace/team-c/c3-admin-compile-validation/artifacts/root14-managed-build/obj/NineToOne.Cui.AI/debug_linux-x64/NineToOne.Cui.AI.AssemblyInfo.cs",
        "FullPath": "/workspace/team-c/c3-admin-compile-validation/artifacts/root14-managed-build/obj/NineToOne.Cui.AI/debug_linux-x64/NineToOne.Cui.AI.AssemblyInfo.cs",
        "RootDir": "/",
        "Filename": "NineToOne.Cui.AI.AssemblyInfo",
        "Extension": ".cs",
        "RelativeDir": "/workspace/team-c/c3-admin-compile-validation/artifacts/root14-managed-build/obj/NineToOne.Cui.AI/debug_linux-x64/",
        "Directory": "workspace/team-c/c3-admin-compile-validation/artifacts/root14-managed-build/obj/NineToOne.Cui.AI/debug_linux-x64/",
        "RecursiveDir": "",
        "ModifiedTime": "2026-10-03 21:33:00.8906951",
        "CreatedTime": "2026-10-03 21:33:00.8906951",
        "AccessedTime": "2026-10-03 21:33:01.0576463",
        "DefiningProjectFullPath": "/workspace/.tools/dotnet/sdk/10.0.401/Sdks/Microsoft.NET.Sdk/targets/Microsoft.NET.GenerateAssemblyInfo.targets",
        "DefiningProjectDirectory": "/workspace/.tools/dotnet/sdk/10.0.401/Sdks/Microsoft.NET.Sdk/targets/",
        "DefiningProjectName": "Microsoft.NET.GenerateAssemblyInfo",
        "DefiningProjectExtension": ".targets"
      }
    ]
  }
}
