{"candidate": "a44ca3a10a538afd0715f3ad3dcd8d83931c2f70", "command": ["npm", "test"], "cwd": "/workspace/team-c/integration/cloud/cake-id-auth", "startUTC": "2026-10-03T17:43:12.998911+00:00", "environmentOverrides": {"XDG_CONFIG_HOME": "/workspace/team-c/evidence/final-candidate/config", "XDG_CACHE_HOME": "/workspace/team-c/evidence/final-candidate/cache", "WRANGLER_LOG_PATH": "/workspace/team-c/evidence/final-candidate/wrangler.log", "WRANGLER_SEND_METRICS": "false"}}

> @cake/cake-id-worker@0.1.0 test
> node tests/integration.mjs

{
  "result": "passed",
  "assertionsExecuted": 222,
  "environment": "local Wrangler Workerd + local D1 only",
  "issuer": "http://127.0.0.1:8798/api/auth",
  "authorizationEndpoint": "http://127.0.0.1:8798/api/auth/oauth2/authorize",
  "tokenEndpoint": "http://127.0.0.1:8798/api/auth/oauth2/token",
  "jwksUri": "http://127.0.0.1:8798/api/auth/jwks",
  "publicClientRegistration": "synthetic and local only; client id intentionally not printed",
  "redirectUri": "https://client.example.test/callback (synthetic test only)",
  "passwordResetAndLoginMs": 387,
  "passwordLoginAndTokenExchangeMs": 164,
  "externalEmailDelivery": "not tested; messages captured in local D1 outbox",
  "cloudflareDeployment": "none"
}
npm notice
npm notice New major version of npm available! 11.9.0 -> 12.2.0
npm notice Changelog: https://github.com/npm/cli/releases/tag/v12.2.0
npm notice To update run: npm install -g npm@12.2.0
npm notice
