
Welcome to .NET 10.0!
---------------------
SDK Version: 10.0.401

----------------
Installed an ASP.NET Core HTTPS development certificate.
To trust the certificate, run 'dotnet dev-certs https --trust'
Learn about HTTPS: https://aka.ms/dotnet-https

----------------
Write your first app: https://aka.ms/dotnet-hello-world
Find out what's new: https://aka.ms/dotnet-whats-new
Explore documentation: https://aka.ms/dotnet-docs
Report issues and find source on GitHub: https://github.com/dotnet/core
Use 'dotnet --help' to see available commands or visit: https://aka.ms/dotnet-cli
--------------------------------------------------------------------------------------
PASS B1-ROUTE-01-default-dashboard
PASS B1-ROUTE-02-opaque-identities
PASS B1-ROUTE-03-null-empty-distinct
PASS B1-ROUTE-04-unambiguous-fields
PASS B1-ROUTE-05-malformed-link-negative
PASS B1-ROUTE-06-size-bounds
PASS B1-ROUTE-07-unspecified-picker-preserved-as-error
PASS B1-ROUTE-08-control-character-encoding
PASS B1-ROUTE-09-route-case-preserved
PASS B1-ROUTE-10-action-remains-data
PASS B1-REGISTRY-01-unavailable-no-render
PASS B1-REGISTRY-02-owner-result-required
PASS B1-REGISTRY-03-mismatched-view-blocked
PASS B1-REGISTRY-04-reset-rejects-late-private-view
PASS B1-REGISTRY-05-cancelled-no-render
PASS B1-REGISTRY-06-duplicate-owner-not-overwritten
Discovered: 16; executed: 16; passed: 16; failed: 0. Backend/browser acceptance: NOT-RUN.
