<?xml version="1.0" encoding="utf-8"?>
<TestRun id="45bbe68b-e015-4fb6-af61-8f3cd55e2679" name="@5f26f397bc73 2026-10-03 17:41:49" xmlns="http://microsoft.com/schemas/VisualStudio/TeamTest/2010">
  <Times creation="2026-10-03T17:41:49.2754107+00:00" queuing="2026-10-03T17:41:49.2754108+00:00" start="2026-10-03T17:41:48.6510244+00:00" finish="2026-10-03T17:41:49.5337926+00:00" />
  <TestSettings name="default" id="35d645d3-2746-45b6-80d9-ac78107d9b6f">
    <Deployment runDeploymentRoot="_5f26f397bc73_2026-10-03_17_41_49" />
  </TestSettings>
  <Results>
    <UnitTestResult executionId="553dfe00-2be8-4700-9a49-5d59bf4b52ae" testId="e16b6fc0-9273-6852-2b68-65a47cdc6274" testName="HavenOS.Apps.Sites.Tests.SiteDeploymentSafetyTests.Rollback_rejects_wrong_candidate_identity_without_promoting(fault: &quot;provider-id&quot;)" computerName="5f26f397bc73" duration="00:00:00.0076145" startTime="2026-10-03T17:41:49.4206518+00:00" endTime="2026-10-03T17:41:49.4280185+00:00" testType="13cdc9d9-ddb5-4fa4-a97d-d965ccfc6d4b" outcome="Passed" testListId="8c84fa94-04c1-424b-9868-57a2d4851a1d" relativeResultsDirectory="553dfe00-2be8-4700-9a49-5d59bf4b52ae" />
    <UnitTestResult executionId="d2a6a980-d679-4c5e-a5e3-99d913f5a0d2" testId="14db1b29-5a7e-ac00-fc5a-31be7ef00271" testName="HavenOS.Apps.Sites.Tests.SiteDeploymentSafetyTests.Rollback_rejects_invalid_retained_artifacts_before_upload(fault: &quot;invalid-id&quot;)" computerName="5f26f397bc73" duration="00:00:00.0020391" startTime="2026-10-03T17:41:49.4016673+00:00" endTime="2026-10-03T17:41:49.4036804+00:00" testType="13cdc9d9-ddb5-4fa4-a97d-d965ccfc6d4b" outcome="Passed" testListId="8c84fa94-04c1-424b-9868-57a2d4851a1d" relativeResultsDirectory="d2a6a980-d679-4c5e-a5e3-99d913f5a0d2" />
    <UnitTestResult executionId="e60d569b-4165-4734-a3f9-f957fc28abc7" testId="cd5e2096-00e3-1d5a-7a12-9d9de4793c4d" testName="HavenOS.Apps.Sites.Tests.SiteAddressAndStoreTests.NormalizeSlug_rejects_names_longer_than_one_dns_label" computerName="5f26f397bc73" duration="00:00:00.0002394" startTime="2026-10-03T17:41:49.2189519+00:00" endTime="2026-10-03T17:41:49.2190169+00:00" testType="13cdc9d9-ddb5-4fa4-a97d-d965ccfc6d4b" outcome="Passed" testListId="8c84fa94-04c1-424b-9868-57a2d4851a1d" relativeResultsDirectory="e60d569b-4165-4734-a3f9-f957fc28abc7" />
    <UnitTestResult executionId="6c78196e-d262-4f23-8153-dcdca4ce9f57" testId="99161707-5b4f-b5e1-d031-87438007e22c" testName="HavenOS.Apps.Sites.Tests.SiteAddressAndStoreTests.NormalizeHostname_canonicalizes_idn_to_ascii" computerName="5f26f397bc73" duration="00:00:00.0013407" startTime="2026-10-03T17:41:49.2186887+00:00" endTime="2026-10-03T17:41:49.2187536+00:00" testType="13cdc9d9-ddb5-4fa4-a97d-d965ccfc6d4b" outcome="Passed" testListId="8c84fa94-04c1-424b-9868-57a2d4851a1d" relativeResultsDirectory="6c78196e-d262-4f23-8153-dcdca4ce9f57" />
    <UnitTestResult executionId="b2c6d12a-49da-47da-920c-1e585ae3c6d0" testId="ead9445d-f790-a161-92fc-3b451b8907e8" testName="HavenOS.Apps.Sites.Tests.SiteAddressAndStoreTests.Concurrent_slug_reservations_cannot_claim_the_same_name" computerName="5f26f397bc73" duration="00:00:00.0091315" startTime="2026-10-03T17:41:49.3714462+00:00" endTime="2026-10-03T17:41:49.3815986+00:00" testType="13cdc9d9-ddb5-4fa4-a97d-d965ccfc6d4b" outcome="Passed" testListId="8c84fa94-04c1-424b-9868-57a2d4851a1d" relativeResultsDirectory="b2c6d12a-49da-47da-920c-1e585ae3c6d0" />
    <UnitTestResult executionId="f5ccc74d-40a4-4d7d-995e-48324c38c6ed" testId="1eb547be-8ca0-1c35-dede-a3f8fe1bb347" testName="HavenOS.Apps.Sites.Tests.SiteDeploymentSafetyTests.Rollback_preserves_newer_source_and_records_successful_retained_deployment" computerName="5f26f397bc73" duration="00:00:00.0103009" startTime="2026-10-03T17:41:49.4426452+00:00" endTime="2026-10-03T17:41:49.4530936+00:00" testType="13cdc9d9-ddb5-4fa4-a97d-d965ccfc6d4b" outcome="Passed" testListId="8c84fa94-04c1-424b-9868-57a2d4851a1d" relativeResultsDirectory="f5ccc74d-40a4-4d7d-995e-48324c38c6ed" />
    <UnitTestResult executionId="01b64e73-acab-4ca1-8e46-bbf3b6ee930b" testId="fa3921cc-6311-fb4a-ec91-bcd0dce0fa58" testName="HavenOS.Apps.Sites.Tests.SiteDomainVerificationTests.Denied_permission_performs_no_dns_lookup_or_metadata_mutation" computerName="5f26f397bc73" duration="00:00:00.0045478" startTime="2026-10-03T17:41:49.4261501+00:00" endTime="2026-10-03T17:41:49.4301729+00:00" testType="13cdc9d9-ddb5-4fa4-a97d-d965ccfc6d4b" outcome="Passed" testListId="8c84fa94-04c1-424b-9868-57a2d4851a1d" relativeResultsDirectory="01b64e73-acab-4ca1-8e46-bbf3b6ee930b" />
    <UnitTestResult executionId="456b818a-f27c-468b-acea-07f61b77409e" testId="8a07d843-4443-ed2a-4a28-5c4f3f1af434" testName="HavenOS.Apps.Sites.Tests.SiteDomainVerificationTests.Wrong_txt_token_cannot_verify_domain" computerName="5f26f397bc73" duration="00:00:00.2073674" startTime="2026-10-03T17:41:49.2528999+00:00" endTime="2026-10-03T17:41:49.4254248+00:00" testType="13cdc9d9-ddb5-4fa4-a97d-d965ccfc6d4b" outcome="Passed" testListId="8c84fa94-04c1-424b-9868-57a2d4851a1d" relativeResultsDirectory="456b818a-f27c-468b-acea-07f61b77409e" />
    <UnitTestResult executionId="11fab259-8784-47c3-9066-91bc07ab9c53" testId="b47451dc-9f06-1eae-804f-30a21dea4947" testName="HavenOS.Apps.Sites.Tests.SiteDeploymentSafetyTests.Rollback_rejects_promotion_confirmation_from_other_context(fault: &quot;site&quot;)" computerName="5f26f397bc73" duration="00:00:00.0032261" startTime="2026-10-03T17:41:49.3866816+00:00" endTime="2026-10-03T17:41:49.3873889+00:00" testType="13cdc9d9-ddb5-4fa4-a97d-d965ccfc6d4b" outcome="Passed" testListId="8c84fa94-04c1-424b-9868-57a2d4851a1d" relativeResultsDirectory="11fab259-8784-47c3-9066-91bc07ab9c53" />
    <UnitTestResult executionId="de8d1568-e371-4833-bc79-0355d5ee798e" testId="6e2e7f15-5353-0076-c264-eab06b393ff1" testName="HavenOS.Apps.Sites.Tests.SiteDeploymentSafetyTests.Rollback_rejects_invalid_retained_artifacts_before_upload(fault: &quot;secret&quot;)" computerName="5f26f397bc73" duration="00:00:00.0010240" startTime="2026-10-03T17:41:49.4065218+00:00" endTime="2026-10-03T17:41:49.4077339+00:00" testType="13cdc9d9-ddb5-4fa4-a97d-d965ccfc6d4b" outcome="Passed" testListId="8c84fa94-04c1-424b-9868-57a2d4851a1d" relativeResultsDirectory="de8d1568-e371-4833-bc79-0355d5ee798e" />
    <UnitTestResult executionId="d2ccc6a8-4ceb-49b4-a0e7-b7ec7ecfdaed" testId="07cccaf7-0f0a-e699-eb2b-56e54ff8e625" testName="HavenOS.Apps.Sites.Tests.SiteDomainVerificationTests.Expired_challenge_fails_without_dns_lookup_and_preserves_token_history" computerName="5f26f397bc73" duration="00:00:00.0067277" startTime="2026-10-03T17:41:49.4446141+00:00" endTime="2026-10-03T17:41:49.4513988+00:00" testType="13cdc9d9-ddb5-4fa4-a97d-d965ccfc6d4b" outcome="Passed" testListId="8c84fa94-04c1-424b-9868-57a2d4851a1d" relativeResultsDirectory="d2ccc6a8-4ceb-49b4-a0e7-b7ec7ecfdaed" />
    <UnitTestResult executionId="1159abd1-acb7-4538-a5e5-8cd2a805ae8a" testId="e5180c0b-fb90-f6bc-3613-27b7b7925c43" testName="HavenOS.Apps.Sites.Tests.SiteDeploymentSafetyTests.Rollback_rejects_promotion_confirmation_from_other_context(fault: &quot;provider&quot;)" computerName="5f26f397bc73" duration="00:00:00.1873624" startTime="2026-10-03T17:41:49.1953926+00:00" endTime="2026-10-03T17:41:49.3865799+00:00" testType="13cdc9d9-ddb5-4fa4-a97d-d965ccfc6d4b" outcome="Passed" testListId="8c84fa94-04c1-424b-9868-57a2d4851a1d" relativeResultsDirectory="1159abd1-acb7-4538-a5e5-8cd2a805ae8a" />
    <UnitTestResult executionId="3a96eefb-635d-4393-89f2-f9a66f0a8bc3" testId="aa2c9a02-146d-70e1-4f2d-c97eaa43ad0b" testName="HavenOS.Apps.Sites.Tests.SiteAddressAndStoreTests.NormalizeSlug_rejects_invalid_or_reserved_names(input: &quot;site-&quot;)" computerName="5f26f397bc73" duration="00:00:00.0000043" startTime="2026-10-03T17:41:49.2175683+00:00" endTime="2026-10-03T17:41:49.2176398+00:00" testType="13cdc9d9-ddb5-4fa4-a97d-d965ccfc6d4b" outcome="Passed" testListId="8c84fa94-04c1-424b-9868-57a2d4851a1d" relativeResultsDirectory="3a96eefb-635d-4393-89f2-f9a66f0a8bc3" />
    <UnitTestResult executionId="0fbc1920-5cef-4d59-a1a9-1d547c0ba260" testId="75590588-0462-4350-709c-58f4802d253f" testName="HavenOS.Apps.Sites.Tests.SiteAddressAndStoreTests.NormalizeSlug_accepts_only_canonical_lowercase_names(input: &quot;my-site&quot;, expected: &quot;my-site&quot;)" computerName="5f26f397bc73" duration="00:00:00.0001741" startTime="2026-10-03T17:41:49.3608454+00:00" endTime="2026-10-03T17:41:49.3608772+00:00" testType="13cdc9d9-ddb5-4fa4-a97d-d965ccfc6d4b" outcome="Passed" testListId="8c84fa94-04c1-424b-9868-57a2d4851a1d" relativeResultsDirectory="0fbc1920-5cef-4d59-a1a9-1d547c0ba260" />
    <UnitTestResult executionId="bedb4912-c026-4187-b39e-eff6716f24fe" testId="883d68ca-d7c0-ab8e-7ed1-1c614a64f824" testName="HavenOS.Apps.Sites.Tests.SiteAddressAndStoreTests.Unsupported_schema_is_rejected_without_rewriting_the_index" computerName="5f26f397bc73" duration="00:00:00.1494046" startTime="2026-10-03T17:41:49.2527477+00:00" endTime="2026-10-03T17:41:49.3605531+00:00" testType="13cdc9d9-ddb5-4fa4-a97d-d965ccfc6d4b" outcome="Passed" testListId="8c84fa94-04c1-424b-9868-57a2d4851a1d" relativeResultsDirectory="bedb4912-c026-4187-b39e-eff6716f24fe" />
    <UnitTestResult executionId="fe2a7cf2-1ae1-4ed3-856e-54118e348933" testId="9e73ceca-3b73-c46c-def8-3a2e95b5be1a" testName="HavenOS.Apps.Sites.Tests.SiteDeploymentSafetyTests.Disabled_environment_prevents_new_deployment_and_rollback" computerName="5f26f397bc73" duration="00:00:00.0108197" startTime="2026-10-03T17:41:49.4089755+00:00" endTime="2026-10-03T17:41:49.4205090+00:00" testType="13cdc9d9-ddb5-4fa4-a97d-d965ccfc6d4b" outcome="Passed" testListId="8c84fa94-04c1-424b-9868-57a2d4851a1d" relativeResultsDirectory="fe2a7cf2-1ae1-4ed3-856e-54118e348933" />
    <UnitTestResult executionId="8ffb8735-5f80-4980-b78f-857e4e7db975" testId="d3a552e9-c86d-a4fa-a016-d6ef504c4ed5" testName="HavenOS.Apps.Sites.Tests.SiteDomainVerificationTests.Resolver_failure_preserves_metadata_for_retry" computerName="5f26f397bc73" duration="00:00:00.0032594" startTime="2026-10-03T17:41:49.4664061+00:00" endTime="2026-10-03T17:41:49.4703663+00:00" testType="13cdc9d9-ddb5-4fa4-a97d-d965ccfc6d4b" outcome="Passed" testListId="8c84fa94-04c1-424b-9868-57a2d4851a1d" relativeResultsDirectory="8ffb8735-5f80-4980-b78f-857e4e7db975" />
    <UnitTestResult executionId="a188918c-0da3-4924-b45d-1bbbf6918b1c" testId="74d9dad0-4899-0c06-f35b-e6e80a742c66" testName="HavenOS.Apps.Sites.Tests.SiteDomainVerificationTests.Stale_dns_response_cannot_modify_rotated_challenge(matching: False)" computerName="5f26f397bc73" duration="00:00:00.0095503" startTime="2026-10-03T17:41:49.4515476+00:00" endTime="2026-10-03T17:41:49.4613636+00:00" testType="13cdc9d9-ddb5-4fa4-a97d-d965ccfc6d4b" outcome="Passed" testListId="8c84fa94-04c1-424b-9868-57a2d4851a1d" relativeResultsDirectory="a188918c-0da3-4924-b45d-1bbbf6918b1c" />
    <UnitTestResult executionId="0fdbf60f-abf2-4fbb-943a-144bdc701cbb" testId="c52e2dff-9907-452b-8a0c-44514a7b7663" testName="HavenOS.Apps.Sites.Tests.SiteAddressAndStoreTests.NormalizeSlug_rejects_invalid_or_reserved_names(input: &quot;MySite&quot;)" computerName="5f26f397bc73" duration="00:00:00.0049644" startTime="2026-10-03T17:41:49.1939299+00:00" endTime="2026-10-03T17:41:49.2035166+00:00" testType="13cdc9d9-ddb5-4fa4-a97d-d965ccfc6d4b" outcome="Passed" testListId="8c84fa94-04c1-424b-9868-57a2d4851a1d" relativeResultsDirectory="0fdbf60f-abf2-4fbb-943a-144bdc701cbb" />
    <UnitTestResult executionId="3f3322a2-95d7-4257-a814-e9d3c1d347d6" testId="d7be5099-fcab-ea9c-fe44-9402362a782c" testName="HavenOS.Apps.Sites.Tests.SiteDeploymentSafetyTests.Rollback_rejects_invalid_retained_artifacts_before_upload(fault: &quot;validation&quot;)" computerName="5f26f397bc73" duration="00:00:00.0053880" startTime="2026-10-03T17:41:49.3955646+00:00" endTime="2026-10-03T17:41:49.4015401+00:00" testType="13cdc9d9-ddb5-4fa4-a97d-d965ccfc6d4b" outcome="Passed" testListId="8c84fa94-04c1-424b-9868-57a2d4851a1d" relativeResultsDirectory="3f3322a2-95d7-4257-a814-e9d3c1d347d6" />
    <UnitTestResult executionId="964f53c6-62a8-40fb-b615-fdf1026fb9c7" testId="ff383dde-30ac-9edd-a175-de429d824bde" testName="HavenOS.Apps.Sites.Tests.SiteDeploymentSafetyTests.Rollback_rejects_wrong_candidate_identity_without_promoting(fault: &quot;configuration&quot;)" computerName="5f26f397bc73" duration="00:00:00.0027128" startTime="2026-10-03T17:41:49.4281184+00:00" endTime="2026-10-03T17:41:49.4311284+00:00" testType="13cdc9d9-ddb5-4fa4-a97d-d965ccfc6d4b" outcome="Passed" testListId="8c84fa94-04c1-424b-9868-57a2d4851a1d" relativeResultsDirectory="964f53c6-62a8-40fb-b615-fdf1026fb9c7" />
    <UnitTestResult executionId="c7280011-827d-4db7-8d32-eca3bd2e88d8" testId="176130d1-f397-e9d7-5aec-b43e8d851cd4" testName="HavenOS.Apps.Sites.Tests.SiteDeploymentSafetyTests.Rollback_cancellation_is_persisted_and_does_not_promote" computerName="5f26f397bc73" duration="00:00:00.0079504" startTime="2026-10-03T17:41:49.4537660+00:00" endTime="2026-10-03T17:41:49.4617137+00:00" testType="13cdc9d9-ddb5-4fa4-a97d-d965ccfc6d4b" outcome="Passed" testListId="8c84fa94-04c1-424b-9868-57a2d4851a1d" relativeResultsDirectory="c7280011-827d-4db7-8d32-eca3bd2e88d8" />
    <UnitTestResult executionId="31af5373-7f99-4f4f-a5b9-2bfaffcd177a" testId="7090ee92-3437-eaf4-34b8-1157ac9d56db" testName="HavenOS.Apps.Sites.Tests.SiteAddressAndStoreTests.NormalizeSlug_rejects_invalid_or_reserved_names(input: &quot;admin&quot;)" computerName="5f26f397bc73" duration="00:00:00.0004707" startTime="2026-10-03T17:41:49.2159685+00:00" endTime="2026-10-03T17:41:49.2161415+00:00" testType="13cdc9d9-ddb5-4fa4-a97d-d965ccfc6d4b" outcome="Passed" testListId="8c84fa94-04c1-424b-9868-57a2d4851a1d" relativeResultsDirectory="31af5373-7f99-4f4f-a5b9-2bfaffcd177a" />
    <UnitTestResult executionId="4aab503d-8ba1-44e3-9a21-b3297cc68069" testId="621ae4d2-dacb-e889-6ab7-5f1087201836" testName="HavenOS.Apps.Sites.Tests.SiteDomainVerificationTests.Matching_challenge_commits_site_bound_ownership_and_survives_reopen" computerName="5f26f397bc73" duration="00:00:00.0055359" startTime="2026-10-03T17:41:49.4765587+00:00" endTime="2026-10-03T17:41:49.4820120+00:00" testType="13cdc9d9-ddb5-4fa4-a97d-d965ccfc6d4b" outcome="Passed" testListId="8c84fa94-04c1-424b-9868-57a2d4851a1d" relativeResultsDirectory="4aab503d-8ba1-44e3-9a21-b3297cc68069" />
    <UnitTestResult executionId="cf1bdbd9-d719-45ba-b198-33ff6dac8630" testId="5dc6ace1-2343-dd8b-e117-1547dad7479a" testName="HavenOS.Apps.Sites.Tests.SiteDeploymentSafetyTests.Rollback_rejects_invalid_retained_artifacts_before_upload(fault: &quot;source&quot;)" computerName="5f26f397bc73" duration="00:00:00.0011891" startTime="2026-10-03T17:41:49.4038039+00:00" endTime="2026-10-03T17:41:49.4051035+00:00" testType="13cdc9d9-ddb5-4fa4-a97d-d965ccfc6d4b" outcome="Passed" testListId="8c84fa94-04c1-424b-9868-57a2d4851a1d" relativeResultsDirectory="cf1bdbd9-d719-45ba-b198-33ff6dac8630" />
    <UnitTestResult executionId="c5200ad5-60e2-4372-a2a8-3d055b37d8ef" testId="2544503e-58b8-dd74-dc4b-497c91255f30" testName="HavenOS.Apps.Sites.Tests.SiteAddressAndStoreTests.NormalizeSlug_accepts_only_canonical_lowercase_names(input: &quot;studio&quot;, expected: &quot;studio&quot;)" computerName="5f26f397bc73" duration="00:00:00.0000821" startTime="2026-10-03T17:41:49.3607458+00:00" endTime="2026-10-03T17:41:49.3607867+00:00" testType="13cdc9d9-ddb5-4fa4-a97d-d965ccfc6d4b" outcome="Passed" testListId="8c84fa94-04c1-424b-9868-57a2d4851a1d" relativeResultsDirectory="c5200ad5-60e2-4372-a2a8-3d055b37d8ef" />
    <UnitTestResult executionId="0a0fa66c-d447-4c57-8bc1-c6489f8d795e" testId="17705aa3-8496-6aa0-cec4-e0b3352bcb58" testName="HavenOS.Apps.Sites.Tests.SiteDomainVerificationTests.Stale_negative_dns_response_cannot_revoke_concurrently_verified_ownership" computerName="5f26f397bc73" duration="00:00:00.0138284" startTime="2026-10-03T17:41:49.4303119+00:00" endTime="2026-10-03T17:41:49.4444969+00:00" testType="13cdc9d9-ddb5-4fa4-a97d-d965ccfc6d4b" outcome="Passed" testListId="8c84fa94-04c1-424b-9868-57a2d4851a1d" relativeResultsDirectory="0a0fa66c-d447-4c57-8bc1-c6489f8d795e" />
    <UnitTestResult executionId="618f8966-563e-43f7-a563-8303c6072175" testId="af269272-8c91-03f6-f5be-5933a51ef05a" testName="HavenOS.Apps.Sites.Tests.SiteDeploymentSafetyTests.Rollback_rejects_promotion_confirmation_from_other_context(fault: &quot;environment&quot;)" computerName="5f26f397bc73" duration="00:00:00.0076846" startTime="2026-10-03T17:41:49.3888933+00:00" endTime="2026-10-03T17:41:49.3954008+00:00" testType="13cdc9d9-ddb5-4fa4-a97d-d965ccfc6d4b" outcome="Passed" testListId="8c84fa94-04c1-424b-9868-57a2d4851a1d" relativeResultsDirectory="618f8966-563e-43f7-a563-8303c6072175" />
    <UnitTestResult executionId="462df68c-c1e0-41de-a190-d4b67f16fd10" testId="9fcb7022-ddcc-9e08-6b8a-0110ec36f201" testName="HavenOS.Apps.Sites.Tests.SiteAddressAndStoreTests.NormalizeHostname_rejects_single_label_names" computerName="5f26f397bc73" duration="00:00:00.0001582" startTime="2026-10-03T17:41:49.2521125+00:00" endTime="2026-10-03T17:41:49.2522158+00:00" testType="13cdc9d9-ddb5-4fa4-a97d-d965ccfc6d4b" outcome="Passed" testListId="8c84fa94-04c1-424b-9868-57a2d4851a1d" relativeResultsDirectory="462df68c-c1e0-41de-a190-d4b67f16fd10" />
    <UnitTestResult executionId="30a9981a-9e42-4327-8538-0a4307c232ac" testId="462977f1-6d20-beec-820b-c44471dc6677" testName="HavenOS.Apps.Sites.Tests.SiteAddressAndStoreTests.NormalizeSlug_rejects_invalid_or_reserved_names(input: &quot;my--site&quot;)" computerName="5f26f397bc73" duration="00:00:00.0000281" startTime="2026-10-03T17:41:49.2170036+00:00" endTime="2026-10-03T17:41:49.2170926+00:00" testType="13cdc9d9-ddb5-4fa4-a97d-d965ccfc6d4b" outcome="Passed" testListId="8c84fa94-04c1-424b-9868-57a2d4851a1d" relativeResultsDirectory="30a9981a-9e42-4327-8538-0a4307c232ac" />
    <UnitTestResult executionId="6b551757-ad68-4dcd-a17a-b1a9e3e18b8b" testId="67cedca8-7b52-23f7-f042-8a29b1835e14" testName="HavenOS.Apps.Sites.Tests.SiteAddressAndStoreTests.NormalizeSlug_rejects_invalid_or_reserved_names(input: &quot;a1&quot;)" computerName="5f26f397bc73" duration="00:00:00.0000049" startTime="2026-10-03T17:41:49.2172119+00:00" endTime="2026-10-03T17:41:49.2172970+00:00" testType="13cdc9d9-ddb5-4fa4-a97d-d965ccfc6d4b" outcome="Passed" testListId="8c84fa94-04c1-424b-9868-57a2d4851a1d" relativeResultsDirectory="6b551757-ad68-4dcd-a17a-b1a9e3e18b8b" />
    <UnitTestResult executionId="d289b8e9-2a03-4dd6-a8ab-6b544f508ceb" testId="57cd9da1-5063-a5df-82a7-4f4650a4fdfe" testName="HavenOS.Apps.Sites.Tests.SiteDeploymentSafetyTests.Rollback_rejects_invalid_retained_artifacts_before_upload(fault: &quot;artifact&quot;)" computerName="5f26f397bc73" duration="00:00:00.0010806" startTime="2026-10-03T17:41:49.4078095+00:00" endTime="2026-10-03T17:41:49.4088678+00:00" testType="13cdc9d9-ddb5-4fa4-a97d-d965ccfc6d4b" outcome="Passed" testListId="8c84fa94-04c1-424b-9868-57a2d4851a1d" relativeResultsDirectory="d289b8e9-2a03-4dd6-a8ab-6b544f508ceb" />
    <UnitTestResult executionId="2bed63a4-574b-4022-86fc-7e961fc3786f" testId="3571ad7e-4f38-3a0c-cb35-09e170a0d547" testName="HavenOS.Apps.Sites.Tests.SiteAddressAndStoreTests.NormalizeSlug_rejects_invalid_or_reserved_names(input: &quot;-site&quot;)" computerName="5f26f397bc73" duration="00:00:00.0000038" startTime="2026-10-03T17:41:49.2173906+00:00" endTime="2026-10-03T17:41:49.2174510+00:00" testType="13cdc9d9-ddb5-4fa4-a97d-d965ccfc6d4b" outcome="Passed" testListId="8c84fa94-04c1-424b-9868-57a2d4851a1d" relativeResultsDirectory="2bed63a4-574b-4022-86fc-7e961fc3786f" />
    <UnitTestResult executionId="fd0683f5-7300-4e7e-862e-d67d9fa5cb7d" testId="f8d6b3e4-654d-e4db-bf91-78c963211626" testName="HavenOS.Apps.Sites.Tests.SiteDomainVerificationTests.Stale_dns_response_cannot_modify_rotated_challenge(matching: True)" computerName="5f26f397bc73" duration="00:00:00.0033670" startTime="2026-10-03T17:41:49.4614578+00:00" endTime="2026-10-03T17:41:49.4662939+00:00" testType="13cdc9d9-ddb5-4fa4-a97d-d965ccfc6d4b" outcome="Passed" testListId="8c84fa94-04c1-424b-9868-57a2d4851a1d" relativeResultsDirectory="fd0683f5-7300-4e7e-862e-d67d9fa5cb7d" />
    <UnitTestResult executionId="44d4c305-0292-4306-ab70-d9e873a6fc31" testId="b1c4dbf7-34f3-5723-caf1-d45b3a5b2afc" testName="HavenOS.Apps.Sites.Tests.SiteDomainVerificationTests.Second_site_cannot_take_verified_domain" computerName="5f26f397bc73" duration="00:00:00.0058367" startTime="2026-10-03T17:41:49.4704878+00:00" endTime="2026-10-03T17:41:49.4763723+00:00" testType="13cdc9d9-ddb5-4fa4-a97d-d965ccfc6d4b" outcome="Passed" testListId="8c84fa94-04c1-424b-9868-57a2d4851a1d" relativeResultsDirectory="44d4c305-0292-4306-ab70-d9e873a6fc31" />
    <UnitTestResult executionId="a25b4e85-ecd7-498d-93f6-13ca5c155463" testId="b5a50bf5-b30c-1e76-08da-9d050a4b9c70" testName="HavenOS.Apps.Sites.Tests.SiteAddressAndStoreTests.NormalizeRoutePath_preserves_segments_and_supports_parameters" computerName="5f26f397bc73" duration="00:00:00.0112335" startTime="2026-10-03T17:41:49.3609534+00:00" endTime="2026-10-03T17:41:49.3711616+00:00" testType="13cdc9d9-ddb5-4fa4-a97d-d965ccfc6d4b" outcome="Passed" testListId="8c84fa94-04c1-424b-9868-57a2d4851a1d" relativeResultsDirectory="a25b4e85-ecd7-498d-93f6-13ca5c155463" />
    <UnitTestResult executionId="33751018-9c23-40d8-9e4d-a40c8ab5a109" testId="01786ecd-2580-146a-a088-81f183862b0e" testName="HavenOS.Apps.Sites.Tests.SiteDeploymentSafetyTests.Rollback_rejects_wrong_candidate_identity_without_promoting(fault: &quot;artifact&quot;)" computerName="5f26f397bc73" duration="00:00:00.0028154" startTime="2026-10-03T17:41:49.4312116+00:00" endTime="2026-10-03T17:41:49.4342441+00:00" testType="13cdc9d9-ddb5-4fa4-a97d-d965ccfc6d4b" outcome="Passed" testListId="8c84fa94-04c1-424b-9868-57a2d4851a1d" relativeResultsDirectory="33751018-9c23-40d8-9e4d-a40c8ab5a109" />
    <UnitTestResult executionId="f81e4ea3-187f-4847-94be-940d09a7c199" testId="d51d7ef2-7fb1-cdb9-1aa9-e5edba215e7b" testName="HavenOS.Apps.Sites.Tests.SiteDeploymentSafetyTests.Rollback_rejects_invalid_retained_artifacts_before_upload(fault: &quot;configuration&quot;)" computerName="5f26f397bc73" duration="00:00:00.0009721" startTime="2026-10-03T17:41:49.4051820+00:00" endTime="2026-10-03T17:41:49.4064428+00:00" testType="13cdc9d9-ddb5-4fa4-a97d-d965ccfc6d4b" outcome="Passed" testListId="8c84fa94-04c1-424b-9868-57a2d4851a1d" relativeResultsDirectory="f81e4ea3-187f-4847-94be-940d09a7c199" />
    <UnitTestResult executionId="a7846cb0-5514-4639-96be-bff8a5bb2815" testId="790041d3-2ebf-48c1-5d61-ef2ba0481a75" testName="HavenOS.Apps.Sites.Tests.SiteDeploymentSafetyTests.Rollback_rejects_wrong_candidate_identity_without_promoting(fault: &quot;source&quot;)" computerName="5f26f397bc73" duration="00:00:00.0080964" startTime="2026-10-03T17:41:49.4343444+00:00" endTime="2026-10-03T17:41:49.4424825+00:00" testType="13cdc9d9-ddb5-4fa4-a97d-d965ccfc6d4b" outcome="Passed" testListId="8c84fa94-04c1-424b-9868-57a2d4851a1d" relativeResultsDirectory="a7846cb0-5514-4639-96be-bff8a5bb2815" />
  </Results>
  <TestDefinitions>
    <UnitTest name="HavenOS.Apps.Sites.Tests.SiteAddressAndStoreTests.NormalizeHostname_rejects_single_label_names" storage="/workspace/team-c/integration/eng/service-validation/bin/release/net10.0/sites.source.tests.dll" id="9fcb7022-ddcc-9e08-6b8a-0110ec36f201">
      <Execution id="462df68c-c1e0-41de-a190-d4b67f16fd10" />
      <TestMethod codeBase="/workspace/team-c/integration/eng/service-validation/bin/Release/net10.0/Sites.Source.Tests.dll" adapterTypeName="executor://xunit/VsTestRunner3/netcore/" className="HavenOS.Apps.Sites.Tests.SiteAddressAndStoreTests" name="NormalizeHostname_rejects_single_label_names" />
    </UnitTest>
    <UnitTest name="HavenOS.Apps.Sites.Tests.SiteAddressAndStoreTests.Concurrent_slug_reservations_cannot_claim_the_same_name" storage="/workspace/team-c/integration/eng/service-validation/bin/release/net10.0/sites.source.tests.dll" id="ead9445d-f790-a161-92fc-3b451b8907e8">
      <Execution id="b2c6d12a-49da-47da-920c-1e585ae3c6d0" />
      <TestMethod codeBase="/workspace/team-c/integration/eng/service-validation/bin/Release/net10.0/Sites.Source.Tests.dll" adapterTypeName="executor://xunit/VsTestRunner3/netcore/" className="HavenOS.Apps.Sites.Tests.SiteAddressAndStoreTests" name="Concurrent_slug_reservations_cannot_claim_the_same_name" />
    </UnitTest>
    <UnitTest name="HavenOS.Apps.Sites.Tests.SiteDomainVerificationTests.Expired_challenge_fails_without_dns_lookup_and_preserves_token_history" storage="/workspace/team-c/integration/eng/service-validation/bin/release/net10.0/sites.source.tests.dll" id="07cccaf7-0f0a-e699-eb2b-56e54ff8e625">
      <Execution id="d2ccc6a8-4ceb-49b4-a0e7-b7ec7ecfdaed" />
      <TestMethod codeBase="/workspace/team-c/integration/eng/service-validation/bin/Release/net10.0/Sites.Source.Tests.dll" adapterTypeName="executor://xunit/VsTestRunner3/netcore/" className="HavenOS.Apps.Sites.Tests.SiteDomainVerificationTests" name="Expired_challenge_fails_without_dns_lookup_and_preserves_token_history" />
    </UnitTest>
    <UnitTest name="HavenOS.Apps.Sites.Tests.SiteDeploymentSafetyTests.Rollback_rejects_invalid_retained_artifacts_before_upload(fault: &quot;invalid-id&quot;)" storage="/workspace/team-c/integration/eng/service-validation/bin/release/net10.0/sites.source.tests.dll" id="14db1b29-5a7e-ac00-fc5a-31be7ef00271">
      <Execution id="d2a6a980-d679-4c5e-a5e3-99d913f5a0d2" />
      <TestMethod codeBase="/workspace/team-c/integration/eng/service-validation/bin/Release/net10.0/Sites.Source.Tests.dll" adapterTypeName="executor://xunit/VsTestRunner3/netcore/" className="HavenOS.Apps.Sites.Tests.SiteDeploymentSafetyTests" name="Rollback_rejects_invalid_retained_artifacts_before_upload" />
    </UnitTest>
    <UnitTest name="HavenOS.Apps.Sites.Tests.SiteDomainVerificationTests.Second_site_cannot_take_verified_domain" storage="/workspace/team-c/integration/eng/service-validation/bin/release/net10.0/sites.source.tests.dll" id="b1c4dbf7-34f3-5723-caf1-d45b3a5b2afc">
      <Execution id="44d4c305-0292-4306-ab70-d9e873a6fc31" />
      <TestMethod codeBase="/workspace/team-c/integration/eng/service-validation/bin/Release/net10.0/Sites.Source.Tests.dll" adapterTypeName="executor://xunit/VsTestRunner3/netcore/" className="HavenOS.Apps.Sites.Tests.SiteDomainVerificationTests" name="Second_site_cannot_take_verified_domain" />
    </UnitTest>
    <UnitTest name="HavenOS.Apps.Sites.Tests.SiteDeploymentSafetyTests.Rollback_rejects_invalid_retained_artifacts_before_upload(fault: &quot;configuration&quot;)" storage="/workspace/team-c/integration/eng/service-validation/bin/release/net10.0/sites.source.tests.dll" id="d51d7ef2-7fb1-cdb9-1aa9-e5edba215e7b">
      <Execution id="f81e4ea3-187f-4847-94be-940d09a7c199" />
      <TestMethod codeBase="/workspace/team-c/integration/eng/service-validation/bin/Release/net10.0/Sites.Source.Tests.dll" adapterTypeName="executor://xunit/VsTestRunner3/netcore/" className="HavenOS.Apps.Sites.Tests.SiteDeploymentSafetyTests" name="Rollback_rejects_invalid_retained_artifacts_before_upload" />
    </UnitTest>
    <UnitTest name="HavenOS.Apps.Sites.Tests.SiteAddressAndStoreTests.NormalizeSlug_rejects_invalid_or_reserved_names(input: &quot;a1&quot;)" storage="/workspace/team-c/integration/eng/service-validation/bin/release/net10.0/sites.source.tests.dll" id="67cedca8-7b52-23f7-f042-8a29b1835e14">
      <Execution id="6b551757-ad68-4dcd-a17a-b1a9e3e18b8b" />
      <TestMethod codeBase="/workspace/team-c/integration/eng/service-validation/bin/Release/net10.0/Sites.Source.Tests.dll" adapterTypeName="executor://xunit/VsTestRunner3/netcore/" className="HavenOS.Apps.Sites.Tests.SiteAddressAndStoreTests" name="NormalizeSlug_rejects_invalid_or_reserved_names" />
    </UnitTest>
    <UnitTest name="HavenOS.Apps.Sites.Tests.SiteAddressAndStoreTests.NormalizeSlug_rejects_invalid_or_reserved_names(input: &quot;my--site&quot;)" storage="/workspace/team-c/integration/eng/service-validation/bin/release/net10.0/sites.source.tests.dll" id="462977f1-6d20-beec-820b-c44471dc6677">
      <Execution id="30a9981a-9e42-4327-8538-0a4307c232ac" />
      <TestMethod codeBase="/workspace/team-c/integration/eng/service-validation/bin/Release/net10.0/Sites.Source.Tests.dll" adapterTypeName="executor://xunit/VsTestRunner3/netcore/" className="HavenOS.Apps.Sites.Tests.SiteAddressAndStoreTests" name="NormalizeSlug_rejects_invalid_or_reserved_names" />
    </UnitTest>
    <UnitTest name="HavenOS.Apps.Sites.Tests.SiteDomainVerificationTests.Stale_dns_response_cannot_modify_rotated_challenge(matching: True)" storage="/workspace/team-c/integration/eng/service-validation/bin/release/net10.0/sites.source.tests.dll" id="f8d6b3e4-654d-e4db-bf91-78c963211626">
      <Execution id="fd0683f5-7300-4e7e-862e-d67d9fa5cb7d" />
      <TestMethod codeBase="/workspace/team-c/integration/eng/service-validation/bin/Release/net10.0/Sites.Source.Tests.dll" adapterTypeName="executor://xunit/VsTestRunner3/netcore/" className="HavenOS.Apps.Sites.Tests.SiteDomainVerificationTests" name="Stale_dns_response_cannot_modify_rotated_challenge" />
    </UnitTest>
    <UnitTest name="HavenOS.Apps.Sites.Tests.SiteDomainVerificationTests.Stale_dns_response_cannot_modify_rotated_challenge(matching: False)" storage="/workspace/team-c/integration/eng/service-validation/bin/release/net10.0/sites.source.tests.dll" id="74d9dad0-4899-0c06-f35b-e6e80a742c66">
      <Execution id="a188918c-0da3-4924-b45d-1bbbf6918b1c" />
      <TestMethod codeBase="/workspace/team-c/integration/eng/service-validation/bin/Release/net10.0/Sites.Source.Tests.dll" adapterTypeName="executor://xunit/VsTestRunner3/netcore/" className="HavenOS.Apps.Sites.Tests.SiteDomainVerificationTests" name="Stale_dns_response_cannot_modify_rotated_challenge" />
    </UnitTest>
    <UnitTest name="HavenOS.Apps.Sites.Tests.SiteDeploymentSafetyTests.Rollback_preserves_newer_source_and_records_successful_retained_deployment" storage="/workspace/team-c/integration/eng/service-validation/bin/release/net10.0/sites.source.tests.dll" id="1eb547be-8ca0-1c35-dede-a3f8fe1bb347">
      <Execution id="f5ccc74d-40a4-4d7d-995e-48324c38c6ed" />
      <TestMethod codeBase="/workspace/team-c/integration/eng/service-validation/bin/Release/net10.0/Sites.Source.Tests.dll" adapterTypeName="executor://xunit/VsTestRunner3/netcore/" className="HavenOS.Apps.Sites.Tests.SiteDeploymentSafetyTests" name="Rollback_preserves_newer_source_and_records_successful_retained_deployment" />
    </UnitTest>
    <UnitTest name="HavenOS.Apps.Sites.Tests.SiteAddressAndStoreTests.NormalizeRoutePath_preserves_segments_and_supports_parameters" storage="/workspace/team-c/integration/eng/service-validation/bin/release/net10.0/sites.source.tests.dll" id="b5a50bf5-b30c-1e76-08da-9d050a4b9c70">
      <Execution id="a25b4e85-ecd7-498d-93f6-13ca5c155463" />
      <TestMethod codeBase="/workspace/team-c/integration/eng/service-validation/bin/Release/net10.0/Sites.Source.Tests.dll" adapterTypeName="executor://xunit/VsTestRunner3/netcore/" className="HavenOS.Apps.Sites.Tests.SiteAddressAndStoreTests" name="NormalizeRoutePath_preserves_segments_and_supports_parameters" />
    </UnitTest>
    <UnitTest name="HavenOS.Apps.Sites.Tests.SiteDomainVerificationTests.Stale_negative_dns_response_cannot_revoke_concurrently_verified_ownership" storage="/workspace/team-c/integration/eng/service-validation/bin/release/net10.0/sites.source.tests.dll" id="17705aa3-8496-6aa0-cec4-e0b3352bcb58">
      <Execution id="0a0fa66c-d447-4c57-8bc1-c6489f8d795e" />
      <TestMethod codeBase="/workspace/team-c/integration/eng/service-validation/bin/Release/net10.0/Sites.Source.Tests.dll" adapterTypeName="executor://xunit/VsTestRunner3/netcore/" className="HavenOS.Apps.Sites.Tests.SiteDomainVerificationTests" name="Stale_negative_dns_response_cannot_revoke_concurrently_verified_ownership" />
    </UnitTest>
    <UnitTest name="HavenOS.Apps.Sites.Tests.SiteDeploymentSafetyTests.Rollback_rejects_promotion_confirmation_from_other_context(fault: &quot;provider&quot;)" storage="/workspace/team-c/integration/eng/service-validation/bin/release/net10.0/sites.source.tests.dll" id="e5180c0b-fb90-f6bc-3613-27b7b7925c43">
      <Execution id="1159abd1-acb7-4538-a5e5-8cd2a805ae8a" />
      <TestMethod codeBase="/workspace/team-c/integration/eng/service-validation/bin/Release/net10.0/Sites.Source.Tests.dll" adapterTypeName="executor://xunit/VsTestRunner3/netcore/" className="HavenOS.Apps.Sites.Tests.SiteDeploymentSafetyTests" name="Rollback_rejects_promotion_confirmation_from_other_context" />
    </UnitTest>
    <UnitTest name="HavenOS.Apps.Sites.Tests.SiteDeploymentSafetyTests.Rollback_rejects_invalid_retained_artifacts_before_upload(fault: &quot;source&quot;)" storage="/workspace/team-c/integration/eng/service-validation/bin/release/net10.0/sites.source.tests.dll" id="5dc6ace1-2343-dd8b-e117-1547dad7479a">
      <Execution id="cf1bdbd9-d719-45ba-b198-33ff6dac8630" />
      <TestMethod codeBase="/workspace/team-c/integration/eng/service-validation/bin/Release/net10.0/Sites.Source.Tests.dll" adapterTypeName="executor://xunit/VsTestRunner3/netcore/" className="HavenOS.Apps.Sites.Tests.SiteDeploymentSafetyTests" name="Rollback_rejects_invalid_retained_artifacts_before_upload" />
    </UnitTest>
    <UnitTest name="HavenOS.Apps.Sites.Tests.SiteDeploymentSafetyTests.Rollback_cancellation_is_persisted_and_does_not_promote" storage="/workspace/team-c/integration/eng/service-validation/bin/release/net10.0/sites.source.tests.dll" id="176130d1-f397-e9d7-5aec-b43e8d851cd4">
      <Execution id="c7280011-827d-4db7-8d32-eca3bd2e88d8" />
      <TestMethod codeBase="/workspace/team-c/integration/eng/service-validation/bin/Release/net10.0/Sites.Source.Tests.dll" adapterTypeName="executor://xunit/VsTestRunner3/netcore/" className="HavenOS.Apps.Sites.Tests.SiteDeploymentSafetyTests" name="Rollback_cancellation_is_persisted_and_does_not_promote" />
    </UnitTest>
    <UnitTest name="HavenOS.Apps.Sites.Tests.SiteAddressAndStoreTests.NormalizeSlug_rejects_invalid_or_reserved_names(input: &quot;MySite&quot;)" storage="/workspace/team-c/integration/eng/service-validation/bin/release/net10.0/sites.source.tests.dll" id="c52e2dff-9907-452b-8a0c-44514a7b7663">
      <Execution id="0fdbf60f-abf2-4fbb-943a-144bdc701cbb" />
      <TestMethod codeBase="/workspace/team-c/integration/eng/service-validation/bin/Release/net10.0/Sites.Source.Tests.dll" adapterTypeName="executor://xunit/VsTestRunner3/netcore/" className="HavenOS.Apps.Sites.Tests.SiteAddressAndStoreTests" name="NormalizeSlug_rejects_invalid_or_reserved_names" />
    </UnitTest>
    <UnitTest name="HavenOS.Apps.Sites.Tests.SiteAddressAndStoreTests.Unsupported_schema_is_rejected_without_rewriting_the_index" storage="/workspace/team-c/integration/eng/service-validation/bin/release/net10.0/sites.source.tests.dll" id="883d68ca-d7c0-ab8e-7ed1-1c614a64f824">
      <Execution id="bedb4912-c026-4187-b39e-eff6716f24fe" />
      <TestMethod codeBase="/workspace/team-c/integration/eng/service-validation/bin/Release/net10.0/Sites.Source.Tests.dll" adapterTypeName="executor://xunit/VsTestRunner3/netcore/" className="HavenOS.Apps.Sites.Tests.SiteAddressAndStoreTests" name="Unsupported_schema_is_rejected_without_rewriting_the_index" />
    </UnitTest>
    <UnitTest name="HavenOS.Apps.Sites.Tests.SiteDeploymentSafetyTests.Rollback_rejects_wrong_candidate_identity_without_promoting(fault: &quot;artifact&quot;)" storage="/workspace/team-c/integration/eng/service-validation/bin/release/net10.0/sites.source.tests.dll" id="01786ecd-2580-146a-a088-81f183862b0e">
      <Execution id="33751018-9c23-40d8-9e4d-a40c8ab5a109" />
      <TestMethod codeBase="/workspace/team-c/integration/eng/service-validation/bin/Release/net10.0/Sites.Source.Tests.dll" adapterTypeName="executor://xunit/VsTestRunner3/netcore/" className="HavenOS.Apps.Sites.Tests.SiteDeploymentSafetyTests" name="Rollback_rejects_wrong_candidate_identity_without_promoting" />
    </UnitTest>
    <UnitTest name="HavenOS.Apps.Sites.Tests.SiteAddressAndStoreTests.NormalizeSlug_accepts_only_canonical_lowercase_names(input: &quot;studio&quot;, expected: &quot;studio&quot;)" storage="/workspace/team-c/integration/eng/service-validation/bin/release/net10.0/sites.source.tests.dll" id="2544503e-58b8-dd74-dc4b-497c91255f30">
      <Execution id="c5200ad5-60e2-4372-a2a8-3d055b37d8ef" />
      <TestMethod codeBase="/workspace/team-c/integration/eng/service-validation/bin/Release/net10.0/Sites.Source.Tests.dll" adapterTypeName="executor://xunit/VsTestRunner3/netcore/" className="HavenOS.Apps.Sites.Tests.SiteAddressAndStoreTests" name="NormalizeSlug_accepts_only_canonical_lowercase_names" />
    </UnitTest>
    <UnitTest name="HavenOS.Apps.Sites.Tests.SiteAddressAndStoreTests.NormalizeSlug_rejects_invalid_or_reserved_names(input: &quot;site-&quot;)" storage="/workspace/team-c/integration/eng/service-validation/bin/release/net10.0/sites.source.tests.dll" id="aa2c9a02-146d-70e1-4f2d-c97eaa43ad0b">
      <Execution id="3a96eefb-635d-4393-89f2-f9a66f0a8bc3" />
      <TestMethod codeBase="/workspace/team-c/integration/eng/service-validation/bin/Release/net10.0/Sites.Source.Tests.dll" adapterTypeName="executor://xunit/VsTestRunner3/netcore/" className="HavenOS.Apps.Sites.Tests.SiteAddressAndStoreTests" name="NormalizeSlug_rejects_invalid_or_reserved_names" />
    </UnitTest>
    <UnitTest name="HavenOS.Apps.Sites.Tests.SiteDeploymentSafetyTests.Rollback_rejects_invalid_retained_artifacts_before_upload(fault: &quot;secret&quot;)" storage="/workspace/team-c/integration/eng/service-validation/bin/release/net10.0/sites.source.tests.dll" id="6e2e7f15-5353-0076-c264-eab06b393ff1">
      <Execution id="de8d1568-e371-4833-bc79-0355d5ee798e" />
      <TestMethod codeBase="/workspace/team-c/integration/eng/service-validation/bin/Release/net10.0/Sites.Source.Tests.dll" adapterTypeName="executor://xunit/VsTestRunner3/netcore/" className="HavenOS.Apps.Sites.Tests.SiteDeploymentSafetyTests" name="Rollback_rejects_invalid_retained_artifacts_before_upload" />
    </UnitTest>
    <UnitTest name="HavenOS.Apps.Sites.Tests.SiteDeploymentSafetyTests.Rollback_rejects_invalid_retained_artifacts_before_upload(fault: &quot;artifact&quot;)" storage="/workspace/team-c/integration/eng/service-validation/bin/release/net10.0/sites.source.tests.dll" id="57cd9da1-5063-a5df-82a7-4f4650a4fdfe">
      <Execution id="d289b8e9-2a03-4dd6-a8ab-6b544f508ceb" />
      <TestMethod codeBase="/workspace/team-c/integration/eng/service-validation/bin/Release/net10.0/Sites.Source.Tests.dll" adapterTypeName="executor://xunit/VsTestRunner3/netcore/" className="HavenOS.Apps.Sites.Tests.SiteDeploymentSafetyTests" name="Rollback_rejects_invalid_retained_artifacts_before_upload" />
    </UnitTest>
    <UnitTest name="HavenOS.Apps.Sites.Tests.SiteDomainVerificationTests.Denied_permission_performs_no_dns_lookup_or_metadata_mutation" storage="/workspace/team-c/integration/eng/service-validation/bin/release/net10.0/sites.source.tests.dll" id="fa3921cc-6311-fb4a-ec91-bcd0dce0fa58">
      <Execution id="01b64e73-acab-4ca1-8e46-bbf3b6ee930b" />
      <TestMethod codeBase="/workspace/team-c/integration/eng/service-validation/bin/Release/net10.0/Sites.Source.Tests.dll" adapterTypeName="executor://xunit/VsTestRunner3/netcore/" className="HavenOS.Apps.Sites.Tests.SiteDomainVerificationTests" name="Denied_permission_performs_no_dns_lookup_or_metadata_mutation" />
    </UnitTest>
    <UnitTest name="HavenOS.Apps.Sites.Tests.SiteDomainVerificationTests.Resolver_failure_preserves_metadata_for_retry" storage="/workspace/team-c/integration/eng/service-validation/bin/release/net10.0/sites.source.tests.dll" id="d3a552e9-c86d-a4fa-a016-d6ef504c4ed5">
      <Execution id="8ffb8735-5f80-4980-b78f-857e4e7db975" />
      <TestMethod codeBase="/workspace/team-c/integration/eng/service-validation/bin/Release/net10.0/Sites.Source.Tests.dll" adapterTypeName="executor://xunit/VsTestRunner3/netcore/" className="HavenOS.Apps.Sites.Tests.SiteDomainVerificationTests" name="Resolver_failure_preserves_metadata_for_retry" />
    </UnitTest>
    <UnitTest name="HavenOS.Apps.Sites.Tests.SiteDeploymentSafetyTests.Rollback_rejects_wrong_candidate_identity_without_promoting(fault: &quot;configuration&quot;)" storage="/workspace/team-c/integration/eng/service-validation/bin/release/net10.0/sites.source.tests.dll" id="ff383dde-30ac-9edd-a175-de429d824bde">
      <Execution id="964f53c6-62a8-40fb-b615-fdf1026fb9c7" />
      <TestMethod codeBase="/workspace/team-c/integration/eng/service-validation/bin/Release/net10.0/Sites.Source.Tests.dll" adapterTypeName="executor://xunit/VsTestRunner3/netcore/" className="HavenOS.Apps.Sites.Tests.SiteDeploymentSafetyTests" name="Rollback_rejects_wrong_candidate_identity_without_promoting" />
    </UnitTest>
    <UnitTest name="HavenOS.Apps.Sites.Tests.SiteAddressAndStoreTests.NormalizeSlug_rejects_invalid_or_reserved_names(input: &quot;-site&quot;)" storage="/workspace/team-c/integration/eng/service-validation/bin/release/net10.0/sites.source.tests.dll" id="3571ad7e-4f38-3a0c-cb35-09e170a0d547">
      <Execution id="2bed63a4-574b-4022-86fc-7e961fc3786f" />
      <TestMethod codeBase="/workspace/team-c/integration/eng/service-validation/bin/Release/net10.0/Sites.Source.Tests.dll" adapterTypeName="executor://xunit/VsTestRunner3/netcore/" className="HavenOS.Apps.Sites.Tests.SiteAddressAndStoreTests" name="NormalizeSlug_rejects_invalid_or_reserved_names" />
    </UnitTest>
    <UnitTest name="HavenOS.Apps.Sites.Tests.SiteAddressAndStoreTests.NormalizeSlug_accepts_only_canonical_lowercase_names(input: &quot;my-site&quot;, expected: &quot;my-site&quot;)" storage="/workspace/team-c/integration/eng/service-validation/bin/release/net10.0/sites.source.tests.dll" id="75590588-0462-4350-709c-58f4802d253f">
      <Execution id="0fbc1920-5cef-4d59-a1a9-1d547c0ba260" />
      <TestMethod codeBase="/workspace/team-c/integration/eng/service-validation/bin/Release/net10.0/Sites.Source.Tests.dll" adapterTypeName="executor://xunit/VsTestRunner3/netcore/" className="HavenOS.Apps.Sites.Tests.SiteAddressAndStoreTests" name="NormalizeSlug_accepts_only_canonical_lowercase_names" />
    </UnitTest>
    <UnitTest name="HavenOS.Apps.Sites.Tests.SiteDeploymentSafetyTests.Disabled_environment_prevents_new_deployment_and_rollback" storage="/workspace/team-c/integration/eng/service-validation/bin/release/net10.0/sites.source.tests.dll" id="9e73ceca-3b73-c46c-def8-3a2e95b5be1a">
      <Execution id="fe2a7cf2-1ae1-4ed3-856e-54118e348933" />
      <TestMethod codeBase="/workspace/team-c/integration/eng/service-validation/bin/Release/net10.0/Sites.Source.Tests.dll" adapterTypeName="executor://xunit/VsTestRunner3/netcore/" className="HavenOS.Apps.Sites.Tests.SiteDeploymentSafetyTests" name="Disabled_environment_prevents_new_deployment_and_rollback" />
    </UnitTest>
    <UnitTest name="HavenOS.Apps.Sites.Tests.SiteDeploymentSafetyTests.Rollback_rejects_wrong_candidate_identity_without_promoting(fault: &quot;source&quot;)" storage="/workspace/team-c/integration/eng/service-validation/bin/release/net10.0/sites.source.tests.dll" id="790041d3-2ebf-48c1-5d61-ef2ba0481a75">
      <Execution id="a7846cb0-5514-4639-96be-bff8a5bb2815" />
      <TestMethod codeBase="/workspace/team-c/integration/eng/service-validation/bin/Release/net10.0/Sites.Source.Tests.dll" adapterTypeName="executor://xunit/VsTestRunner3/netcore/" className="HavenOS.Apps.Sites.Tests.SiteDeploymentSafetyTests" name="Rollback_rejects_wrong_candidate_identity_without_promoting" />
    </UnitTest>
    <UnitTest name="HavenOS.Apps.Sites.Tests.SiteAddressAndStoreTests.NormalizeSlug_rejects_names_longer_than_one_dns_label" storage="/workspace/team-c/integration/eng/service-validation/bin/release/net10.0/sites.source.tests.dll" id="cd5e2096-00e3-1d5a-7a12-9d9de4793c4d">
      <Execution id="e60d569b-4165-4734-a3f9-f957fc28abc7" />
      <TestMethod codeBase="/workspace/team-c/integration/eng/service-validation/bin/Release/net10.0/Sites.Source.Tests.dll" adapterTypeName="executor://xunit/VsTestRunner3/netcore/" className="HavenOS.Apps.Sites.Tests.SiteAddressAndStoreTests" name="NormalizeSlug_rejects_names_longer_than_one_dns_label" />
    </UnitTest>
    <UnitTest name="HavenOS.Apps.Sites.Tests.SiteAddressAndStoreTests.NormalizeHostname_canonicalizes_idn_to_ascii" storage="/workspace/team-c/integration/eng/service-validation/bin/release/net10.0/sites.source.tests.dll" id="99161707-5b4f-b5e1-d031-87438007e22c">
      <Execution id="6c78196e-d262-4f23-8153-dcdca4ce9f57" />
      <TestMethod codeBase="/workspace/team-c/integration/eng/service-validation/bin/Release/net10.0/Sites.Source.Tests.dll" adapterTypeName="executor://xunit/VsTestRunner3/netcore/" className="HavenOS.Apps.Sites.Tests.SiteAddressAndStoreTests" name="NormalizeHostname_canonicalizes_idn_to_ascii" />
    </UnitTest>
    <UnitTest name="HavenOS.Apps.Sites.Tests.SiteDeploymentSafetyTests.Rollback_rejects_promotion_confirmation_from_other_context(fault: &quot;site&quot;)" storage="/workspace/team-c/integration/eng/service-validation/bin/release/net10.0/sites.source.tests.dll" id="b47451dc-9f06-1eae-804f-30a21dea4947">
      <Execution id="11fab259-8784-47c3-9066-91bc07ab9c53" />
      <TestMethod codeBase="/workspace/team-c/integration/eng/service-validation/bin/Release/net10.0/Sites.Source.Tests.dll" adapterTypeName="executor://xunit/VsTestRunner3/netcore/" className="HavenOS.Apps.Sites.Tests.SiteDeploymentSafetyTests" name="Rollback_rejects_promotion_confirmation_from_other_context" />
    </UnitTest>
    <UnitTest name="HavenOS.Apps.Sites.Tests.SiteAddressAndStoreTests.NormalizeSlug_rejects_invalid_or_reserved_names(input: &quot;admin&quot;)" storage="/workspace/team-c/integration/eng/service-validation/bin/release/net10.0/sites.source.tests.dll" id="7090ee92-3437-eaf4-34b8-1157ac9d56db">
      <Execution id="31af5373-7f99-4f4f-a5b9-2bfaffcd177a" />
      <TestMethod codeBase="/workspace/team-c/integration/eng/service-validation/bin/Release/net10.0/Sites.Source.Tests.dll" adapterTypeName="executor://xunit/VsTestRunner3/netcore/" className="HavenOS.Apps.Sites.Tests.SiteAddressAndStoreTests" name="NormalizeSlug_rejects_invalid_or_reserved_names" />
    </UnitTest>
    <UnitTest name="HavenOS.Apps.Sites.Tests.SiteDeploymentSafetyTests.Rollback_rejects_invalid_retained_artifacts_before_upload(fault: &quot;validation&quot;)" storage="/workspace/team-c/integration/eng/service-validation/bin/release/net10.0/sites.source.tests.dll" id="d7be5099-fcab-ea9c-fe44-9402362a782c">
      <Execution id="3f3322a2-95d7-4257-a814-e9d3c1d347d6" />
      <TestMethod codeBase="/workspace/team-c/integration/eng/service-validation/bin/Release/net10.0/Sites.Source.Tests.dll" adapterTypeName="executor://xunit/VsTestRunner3/netcore/" className="HavenOS.Apps.Sites.Tests.SiteDeploymentSafetyTests" name="Rollback_rejects_invalid_retained_artifacts_before_upload" />
    </UnitTest>
    <UnitTest name="HavenOS.Apps.Sites.Tests.SiteDomainVerificationTests.Matching_challenge_commits_site_bound_ownership_and_survives_reopen" storage="/workspace/team-c/integration/eng/service-validation/bin/release/net10.0/sites.source.tests.dll" id="621ae4d2-dacb-e889-6ab7-5f1087201836">
      <Execution id="4aab503d-8ba1-44e3-9a21-b3297cc68069" />
      <TestMethod codeBase="/workspace/team-c/integration/eng/service-validation/bin/Release/net10.0/Sites.Source.Tests.dll" adapterTypeName="executor://xunit/VsTestRunner3/netcore/" className="HavenOS.Apps.Sites.Tests.SiteDomainVerificationTests" name="Matching_challenge_commits_site_bound_ownership_and_survives_reopen" />
    </UnitTest>
    <UnitTest name="HavenOS.Apps.Sites.Tests.SiteDeploymentSafetyTests.Rollback_rejects_wrong_candidate_identity_without_promoting(fault: &quot;provider-id&quot;)" storage="/workspace/team-c/integration/eng/service-validation/bin/release/net10.0/sites.source.tests.dll" id="e16b6fc0-9273-6852-2b68-65a47cdc6274">
      <Execution id="553dfe00-2be8-4700-9a49-5d59bf4b52ae" />
      <TestMethod codeBase="/workspace/team-c/integration/eng/service-validation/bin/Release/net10.0/Sites.Source.Tests.dll" adapterTypeName="executor://xunit/VsTestRunner3/netcore/" className="HavenOS.Apps.Sites.Tests.SiteDeploymentSafetyTests" name="Rollback_rejects_wrong_candidate_identity_without_promoting" />
    </UnitTest>
    <UnitTest name="HavenOS.Apps.Sites.Tests.SiteDomainVerificationTests.Wrong_txt_token_cannot_verify_domain" storage="/workspace/team-c/integration/eng/service-validation/bin/release/net10.0/sites.source.tests.dll" id="8a07d843-4443-ed2a-4a28-5c4f3f1af434">
      <Execution id="456b818a-f27c-468b-acea-07f61b77409e" />
      <TestMethod codeBase="/workspace/team-c/integration/eng/service-validation/bin/Release/net10.0/Sites.Source.Tests.dll" adapterTypeName="executor://xunit/VsTestRunner3/netcore/" className="HavenOS.Apps.Sites.Tests.SiteDomainVerificationTests" name="Wrong_txt_token_cannot_verify_domain" />
    </UnitTest>
    <UnitTest name="HavenOS.Apps.Sites.Tests.SiteDeploymentSafetyTests.Rollback_rejects_promotion_confirmation_from_other_context(fault: &quot;environment&quot;)" storage="/workspace/team-c/integration/eng/service-validation/bin/release/net10.0/sites.source.tests.dll" id="af269272-8c91-03f6-f5be-5933a51ef05a">
      <Execution id="618f8966-563e-43f7-a563-8303c6072175" />
      <TestMethod codeBase="/workspace/team-c/integration/eng/service-validation/bin/Release/net10.0/Sites.Source.Tests.dll" adapterTypeName="executor://xunit/VsTestRunner3/netcore/" className="HavenOS.Apps.Sites.Tests.SiteDeploymentSafetyTests" name="Rollback_rejects_promotion_confirmation_from_other_context" />
    </UnitTest>
  </TestDefinitions>
  <TestEntries>
    <TestEntry testId="e16b6fc0-9273-6852-2b68-65a47cdc6274" executionId="553dfe00-2be8-4700-9a49-5d59bf4b52ae" testListId="8c84fa94-04c1-424b-9868-57a2d4851a1d" />
    <TestEntry testId="14db1b29-5a7e-ac00-fc5a-31be7ef00271" executionId="d2a6a980-d679-4c5e-a5e3-99d913f5a0d2" testListId="8c84fa94-04c1-424b-9868-57a2d4851a1d" />
    <TestEntry testId="cd5e2096-00e3-1d5a-7a12-9d9de4793c4d" executionId="e60d569b-4165-4734-a3f9-f957fc28abc7" testListId="8c84fa94-04c1-424b-9868-57a2d4851a1d" />
    <TestEntry testId="99161707-5b4f-b5e1-d031-87438007e22c" executionId="6c78196e-d262-4f23-8153-dcdca4ce9f57" testListId="8c84fa94-04c1-424b-9868-57a2d4851a1d" />
    <TestEntry testId="ead9445d-f790-a161-92fc-3b451b8907e8" executionId="b2c6d12a-49da-47da-920c-1e585ae3c6d0" testListId="8c84fa94-04c1-424b-9868-57a2d4851a1d" />
    <TestEntry testId="1eb547be-8ca0-1c35-dede-a3f8fe1bb347" executionId="f5ccc74d-40a4-4d7d-995e-48324c38c6ed" testListId="8c84fa94-04c1-424b-9868-57a2d4851a1d" />
    <TestEntry testId="fa3921cc-6311-fb4a-ec91-bcd0dce0fa58" executionId="01b64e73-acab-4ca1-8e46-bbf3b6ee930b" testListId="8c84fa94-04c1-424b-9868-57a2d4851a1d" />
    <TestEntry testId="8a07d843-4443-ed2a-4a28-5c4f3f1af434" executionId="456b818a-f27c-468b-acea-07f61b77409e" testListId="8c84fa94-04c1-424b-9868-57a2d4851a1d" />
    <TestEntry testId="b47451dc-9f06-1eae-804f-30a21dea4947" executionId="11fab259-8784-47c3-9066-91bc07ab9c53" testListId="8c84fa94-04c1-424b-9868-57a2d4851a1d" />
    <TestEntry testId="6e2e7f15-5353-0076-c264-eab06b393ff1" executionId="de8d1568-e371-4833-bc79-0355d5ee798e" testListId="8c84fa94-04c1-424b-9868-57a2d4851a1d" />
    <TestEntry testId="07cccaf7-0f0a-e699-eb2b-56e54ff8e625" executionId="d2ccc6a8-4ceb-49b4-a0e7-b7ec7ecfdaed" testListId="8c84fa94-04c1-424b-9868-57a2d4851a1d" />
    <TestEntry testId="e5180c0b-fb90-f6bc-3613-27b7b7925c43" executionId="1159abd1-acb7-4538-a5e5-8cd2a805ae8a" testListId="8c84fa94-04c1-424b-9868-57a2d4851a1d" />
    <TestEntry testId="aa2c9a02-146d-70e1-4f2d-c97eaa43ad0b" executionId="3a96eefb-635d-4393-89f2-f9a66f0a8bc3" testListId="8c84fa94-04c1-424b-9868-57a2d4851a1d" />
    <TestEntry testId="75590588-0462-4350-709c-58f4802d253f" executionId="0fbc1920-5cef-4d59-a1a9-1d547c0ba260" testListId="8c84fa94-04c1-424b-9868-57a2d4851a1d" />
    <TestEntry testId="883d68ca-d7c0-ab8e-7ed1-1c614a64f824" executionId="bedb4912-c026-4187-b39e-eff6716f24fe" testListId="8c84fa94-04c1-424b-9868-57a2d4851a1d" />
    <TestEntry testId="9e73ceca-3b73-c46c-def8-3a2e95b5be1a" executionId="fe2a7cf2-1ae1-4ed3-856e-54118e348933" testListId="8c84fa94-04c1-424b-9868-57a2d4851a1d" />
    <TestEntry testId="d3a552e9-c86d-a4fa-a016-d6ef504c4ed5" executionId="8ffb8735-5f80-4980-b78f-857e4e7db975" testListId="8c84fa94-04c1-424b-9868-57a2d4851a1d" />
    <TestEntry testId="74d9dad0-4899-0c06-f35b-e6e80a742c66" executionId="a188918c-0da3-4924-b45d-1bbbf6918b1c" testListId="8c84fa94-04c1-424b-9868-57a2d4851a1d" />
    <TestEntry testId="c52e2dff-9907-452b-8a0c-44514a7b7663" executionId="0fdbf60f-abf2-4fbb-943a-144bdc701cbb" testListId="8c84fa94-04c1-424b-9868-57a2d4851a1d" />
    <TestEntry testId="d7be5099-fcab-ea9c-fe44-9402362a782c" executionId="3f3322a2-95d7-4257-a814-e9d3c1d347d6" testListId="8c84fa94-04c1-424b-9868-57a2d4851a1d" />
    <TestEntry testId="ff383dde-30ac-9edd-a175-de429d824bde" executionId="964f53c6-62a8-40fb-b615-fdf1026fb9c7" testListId="8c84fa94-04c1-424b-9868-57a2d4851a1d" />
    <TestEntry testId="176130d1-f397-e9d7-5aec-b43e8d851cd4" executionId="c7280011-827d-4db7-8d32-eca3bd2e88d8" testListId="8c84fa94-04c1-424b-9868-57a2d4851a1d" />
    <TestEntry testId="7090ee92-3437-eaf4-34b8-1157ac9d56db" executionId="31af5373-7f99-4f4f-a5b9-2bfaffcd177a" testListId="8c84fa94-04c1-424b-9868-57a2d4851a1d" />
    <TestEntry testId="621ae4d2-dacb-e889-6ab7-5f1087201836" executionId="4aab503d-8ba1-44e3-9a21-b3297cc68069" testListId="8c84fa94-04c1-424b-9868-57a2d4851a1d" />
    <TestEntry testId="5dc6ace1-2343-dd8b-e117-1547dad7479a" executionId="cf1bdbd9-d719-45ba-b198-33ff6dac8630" testListId="8c84fa94-04c1-424b-9868-57a2d4851a1d" />
    <TestEntry testId="2544503e-58b8-dd74-dc4b-497c91255f30" executionId="c5200ad5-60e2-4372-a2a8-3d055b37d8ef" testListId="8c84fa94-04c1-424b-9868-57a2d4851a1d" />
    <TestEntry testId="17705aa3-8496-6aa0-cec4-e0b3352bcb58" executionId="0a0fa66c-d447-4c57-8bc1-c6489f8d795e" testListId="8c84fa94-04c1-424b-9868-57a2d4851a1d" />
    <TestEntry testId="af269272-8c91-03f6-f5be-5933a51ef05a" executionId="618f8966-563e-43f7-a563-8303c6072175" testListId="8c84fa94-04c1-424b-9868-57a2d4851a1d" />
    <TestEntry testId="9fcb7022-ddcc-9e08-6b8a-0110ec36f201" executionId="462df68c-c1e0-41de-a190-d4b67f16fd10" testListId="8c84fa94-04c1-424b-9868-57a2d4851a1d" />
    <TestEntry testId="462977f1-6d20-beec-820b-c44471dc6677" executionId="30a9981a-9e42-4327-8538-0a4307c232ac" testListId="8c84fa94-04c1-424b-9868-57a2d4851a1d" />
    <TestEntry testId="67cedca8-7b52-23f7-f042-8a29b1835e14" executionId="6b551757-ad68-4dcd-a17a-b1a9e3e18b8b" testListId="8c84fa94-04c1-424b-9868-57a2d4851a1d" />
    <TestEntry testId="57cd9da1-5063-a5df-82a7-4f4650a4fdfe" executionId="d289b8e9-2a03-4dd6-a8ab-6b544f508ceb" testListId="8c84fa94-04c1-424b-9868-57a2d4851a1d" />
    <TestEntry testId="3571ad7e-4f38-3a0c-cb35-09e170a0d547" executionId="2bed63a4-574b-4022-86fc-7e961fc3786f" testListId="8c84fa94-04c1-424b-9868-57a2d4851a1d" />
    <TestEntry testId="f8d6b3e4-654d-e4db-bf91-78c963211626" executionId="fd0683f5-7300-4e7e-862e-d67d9fa5cb7d" testListId="8c84fa94-04c1-424b-9868-57a2d4851a1d" />
    <TestEntry testId="b1c4dbf7-34f3-5723-caf1-d45b3a5b2afc" executionId="44d4c305-0292-4306-ab70-d9e873a6fc31" testListId="8c84fa94-04c1-424b-9868-57a2d4851a1d" />
    <TestEntry testId="b5a50bf5-b30c-1e76-08da-9d050a4b9c70" executionId="a25b4e85-ecd7-498d-93f6-13ca5c155463" testListId="8c84fa94-04c1-424b-9868-57a2d4851a1d" />
    <TestEntry testId="01786ecd-2580-146a-a088-81f183862b0e" executionId="33751018-9c23-40d8-9e4d-a40c8ab5a109" testListId="8c84fa94-04c1-424b-9868-57a2d4851a1d" />
    <TestEntry testId="d51d7ef2-7fb1-cdb9-1aa9-e5edba215e7b" executionId="f81e4ea3-187f-4847-94be-940d09a7c199" testListId="8c84fa94-04c1-424b-9868-57a2d4851a1d" />
    <TestEntry testId="790041d3-2ebf-48c1-5d61-ef2ba0481a75" executionId="a7846cb0-5514-4639-96be-bff8a5bb2815" testListId="8c84fa94-04c1-424b-9868-57a2d4851a1d" />
  </TestEntries>
  <TestLists>
    <TestList name="Results Not in a List" id="8c84fa94-04c1-424b-9868-57a2d4851a1d" />
    <TestList name="All Loaded Results" id="19431567-8539-422a-85d7-44ee4e166bda" />
  </TestLists>
  <ResultSummary outcome="Completed">
    <Counters total="39" executed="39" passed="39" failed="0" error="0" timeout="0" aborted="0" inconclusive="0" passedButRunAborted="0" notRunnable="0" notExecuted="0" disconnected="0" warning="0" completed="0" inProgress="0" pending="0" />
    <Output>
      <StdOut>[xUnit.net 00:00:00.00] xUnit.net VSTest Adapter v3.1.5+1b188a7b0a (64-bit .NET 10.0.12)
[xUnit.net 00:00:00.07]   Discovering: Sites.Source.Tests
[xUnit.net 00:00:00.13]   Discovered:  Sites.Source.Tests
[xUnit.net 00:00:00.16]   Starting:    Sites.Source.Tests
[xUnit.net 00:00:00.47]   Finished:    Sites.Source.Tests
</StdOut>
    </Output>
  </ResultSummary>
</TestRun>