{
  "Properties": {
    "MSBuildProjectFullPath": "/workspace/team-c/c3-admin-generated-validation/9to1 Workspace/Accounts/Tests/OrgPools.Specs.csproj",
    "MSBuildProjectName": "OrgPools.Specs",
    "AssemblyName": "OrgPools.Specs",
    "TargetPath": "/workspace/team-c/c3-admin-generated-validation/artifacts/root14-managed-build/bin/OrgPools.Specs/debug_linux-x64/OrgPools.Specs.dll",
    "OutputPath": "/workspace/team-c/c3-admin-generated-validation/artifacts/root14-managed-build/bin/OrgPools.Specs/debug_linux-x64/",
    "Configuration": "Debug",
    "TargetFramework": "net10.0",
    "ProjectAssetsFile": "/workspace/team-c/c3-admin-generated-validation/artifacts/root14-managed-build/obj/OrgPools.Specs/project.assets.json",
    "MSBuildProjectExtensionsPath": "/workspace/team-c/c3-admin-generated-validation/artifacts/root14-managed-build/obj/OrgPools.Specs/",
    "AvaloniaBuildTasksLocation": "/workspace/team-c/c3-admin-generated-validation/artifacts/root14-host-build-tasks/bin/Avalonia.Build.Tasks/debug/Avalonia.Build.Tasks.dll",
    "EmitCompilerGeneratedFiles": "true",
    "IntermediateOutputPath": "/workspace/team-c/c3-admin-generated-validation/artifacts/root14-managed-build/obj/OrgPools.Specs/debug_linux-x64/",
    "CompilerGeneratedFilesOutputPath": "/workspace/team-c/c3-admin-generated-validation/artifacts/root14-managed-build/obj/OrgPools.Specs/debug_linux-x64//generated"
  },
  "Items": {
    "Compile": [
      {
        "Identity": "OrgPoolsProgram.cs",
        "FullPath": "/workspace/team-c/c3-admin-generated-validation/9to1 Workspace/Accounts/Tests/OrgPoolsProgram.cs",
        "RootDir": "/",
        "Filename": "OrgPoolsProgram",
        "Extension": ".cs",
        "RelativeDir": "",
        "Directory": "workspace/team-c/c3-admin-generated-validation/9to1 Workspace/Accounts/Tests/",
        "RecursiveDir": "",
        "ModifiedTime": "",
        "CreatedTime": "",
        "AccessedTime": "",
        "DefiningProjectFullPath": "/workspace/team-c/c3-admin-generated-validation/9to1 Workspace/Accounts/Tests/OrgPools.Specs.csproj",
        "DefiningProjectDirectory": "/workspace/team-c/c3-admin-generated-validation/9to1 Workspace/Accounts/Tests/",
        "DefiningProjectName": "OrgPools.Specs",
        "DefiningProjectExtension": ".csproj"
      }
    ]
  }
}
