{
  "Properties": {
    "MSBuildProjectFullPath": "/workspace/team-c/c3-admin-generated-validation/9to1 Workspace/Accounts/Remote/NineToOne.Accounts.Remote.csproj",
    "MSBuildProjectName": "NineToOne.Accounts.Remote",
    "AssemblyName": "NineToOne.Accounts.Remote",
    "TargetPath": "/workspace/team-c/c3-admin-generated-validation/artifacts/root14-managed-build/bin/NineToOne.Accounts.Remote/debug_linux-x64/NineToOne.Accounts.Remote.dll",
    "OutputPath": "/workspace/team-c/c3-admin-generated-validation/artifacts/root14-managed-build/bin/NineToOne.Accounts.Remote/debug_linux-x64/",
    "Configuration": "Debug",
    "TargetFramework": "net10.0",
    "ProjectAssetsFile": "/workspace/team-c/c3-admin-generated-validation/artifacts/root14-managed-build/obj/NineToOne.Accounts.Remote/project.assets.json",
    "MSBuildProjectExtensionsPath": "/workspace/team-c/c3-admin-generated-validation/artifacts/root14-managed-build/obj/NineToOne.Accounts.Remote/",
    "AvaloniaBuildTasksLocation": "/workspace/team-c/c3-admin-generated-validation/artifacts/root14-host-build-tasks/bin/Avalonia.Build.Tasks/debug/Avalonia.Build.Tasks.dll",
    "EmitCompilerGeneratedFiles": "true",
    "IntermediateOutputPath": "/workspace/team-c/c3-admin-generated-validation/artifacts/root14-managed-build/obj/NineToOne.Accounts.Remote/debug_linux-x64/",
    "CompilerGeneratedFilesOutputPath": "/workspace/team-c/c3-admin-generated-validation/artifacts/root14-managed-build/obj/NineToOne.Accounts.Remote/debug_linux-x64//generated"
  },
  "Items": {
    "Compile": [
      {
        "Identity": "AssemblyInfo.cs",
        "FullPath": "/workspace/team-c/c3-admin-generated-validation/9to1 Workspace/Accounts/Remote/AssemblyInfo.cs",
        "RootDir": "/",
        "Filename": "AssemblyInfo",
        "Extension": ".cs",
        "RelativeDir": "",
        "Directory": "workspace/team-c/c3-admin-generated-validation/9to1 Workspace/Accounts/Remote/",
        "RecursiveDir": "",
        "ModifiedTime": "",
        "CreatedTime": "",
        "AccessedTime": "",
        "DefiningProjectFullPath": "/workspace/team-c/c3-admin-generated-validation/9to1 Workspace/Accounts/Remote/NineToOne.Accounts.Remote.csproj",
        "DefiningProjectDirectory": "/workspace/team-c/c3-admin-generated-validation/9to1 Workspace/Accounts/Remote/",
        "DefiningProjectName": "NineToOne.Accounts.Remote",
        "DefiningProjectExtension": ".csproj"
      },
      {
        "Identity": "BoundedIssuerKeysSource.cs",
        "FullPath": "/workspace/team-c/c3-admin-generated-validation/9to1 Workspace/Accounts/Remote/BoundedIssuerKeysSource.cs",
        "RootDir": "/",
        "Filename": "BoundedIssuerKeysSource",
        "Extension": ".cs",
        "RelativeDir": "",
        "Directory": "workspace/team-c/c3-admin-generated-validation/9to1 Workspace/Accounts/Remote/",
        "RecursiveDir": "",
        "ModifiedTime": "",
        "CreatedTime": "",
        "AccessedTime": "",
        "DefiningProjectFullPath": "/workspace/team-c/c3-admin-generated-validation/9to1 Workspace/Accounts/Remote/NineToOne.Accounts.Remote.csproj",
        "DefiningProjectDirectory": "/workspace/team-c/c3-admin-generated-validation/9to1 Workspace/Accounts/Remote/",
        "DefiningProjectName": "NineToOne.Accounts.Remote",
        "DefiningProjectExtension": ".csproj"
      },
      {
        "Identity": "IdentityModelIssuerReader.cs",
        "FullPath": "/workspace/team-c/c3-admin-generated-validation/9to1 Workspace/Accounts/Remote/IdentityModelIssuerReader.cs",
        "RootDir": "/",
        "Filename": "IdentityModelIssuerReader",
        "Extension": ".cs",
        "RelativeDir": "",
        "Directory": "workspace/team-c/c3-admin-generated-validation/9to1 Workspace/Accounts/Remote/",
        "RecursiveDir": "",
        "ModifiedTime": "",
        "CreatedTime": "",
        "AccessedTime": "",
        "DefiningProjectFullPath": "/workspace/team-c/c3-admin-generated-validation/9to1 Workspace/Accounts/Remote/NineToOne.Accounts.Remote.csproj",
        "DefiningProjectDirectory": "/workspace/team-c/c3-admin-generated-validation/9to1 Workspace/Accounts/Remote/",
        "DefiningProjectName": "NineToOne.Accounts.Remote",
        "DefiningProjectExtension": ".csproj"
      },
      {
        "Identity": "OidcPublicClient.cs",
        "FullPath": "/workspace/team-c/c3-admin-generated-validation/9to1 Workspace/Accounts/Remote/OidcPublicClient.cs",
        "RootDir": "/",
        "Filename": "OidcPublicClient",
        "Extension": ".cs",
        "RelativeDir": "",
        "Directory": "workspace/team-c/c3-admin-generated-validation/9to1 Workspace/Accounts/Remote/",
        "RecursiveDir": "",
        "ModifiedTime": "",
        "CreatedTime": "",
        "AccessedTime": "",
        "DefiningProjectFullPath": "/workspace/team-c/c3-admin-generated-validation/9to1 Workspace/Accounts/Remote/NineToOne.Accounts.Remote.csproj",
        "DefiningProjectDirectory": "/workspace/team-c/c3-admin-generated-validation/9to1 Workspace/Accounts/Remote/",
        "DefiningProjectName": "NineToOne.Accounts.Remote",
        "DefiningProjectExtension": ".csproj"
      },
      {
        "Identity": "OidcResourceConsumer.cs",
        "FullPath": "/workspace/team-c/c3-admin-generated-validation/9to1 Workspace/Accounts/Remote/OidcResourceConsumer.cs",
        "RootDir": "/",
        "Filename": "OidcResourceConsumer",
        "Extension": ".cs",
        "RelativeDir": "",
        "Directory": "workspace/team-c/c3-admin-generated-validation/9to1 Workspace/Accounts/Remote/",
        "RecursiveDir": "",
        "ModifiedTime": "",
        "CreatedTime": "",
        "AccessedTime": "",
        "DefiningProjectFullPath": "/workspace/team-c/c3-admin-generated-validation/9to1 Workspace/Accounts/Remote/NineToOne.Accounts.Remote.csproj",
        "DefiningProjectDirectory": "/workspace/team-c/c3-admin-generated-validation/9to1 Workspace/Accounts/Remote/",
        "DefiningProjectName": "NineToOne.Accounts.Remote",
        "DefiningProjectExtension": ".csproj"
      },
      {
        "Identity": "WorkerAccountApiClient.cs",
        "FullPath": "/workspace/team-c/c3-admin-generated-validation/9to1 Workspace/Accounts/Remote/WorkerAccountApiClient.cs",
        "RootDir": "/",
        "Filename": "WorkerAccountApiClient",
        "Extension": ".cs",
        "RelativeDir": "",
        "Directory": "workspace/team-c/c3-admin-generated-validation/9to1 Workspace/Accounts/Remote/",
        "RecursiveDir": "",
        "ModifiedTime": "",
        "CreatedTime": "",
        "AccessedTime": "",
        "DefiningProjectFullPath": "/workspace/team-c/c3-admin-generated-validation/9to1 Workspace/Accounts/Remote/NineToOne.Accounts.Remote.csproj",
        "DefiningProjectDirectory": "/workspace/team-c/c3-admin-generated-validation/9to1 Workspace/Accounts/Remote/",
        "DefiningProjectName": "NineToOne.Accounts.Remote",
        "DefiningProjectExtension": ".csproj"
      }
    ]
  }
}
