{
  "Properties": {
    "MSBuildProjectFullPath": "/workspace/team-c/c3-admin-generated-validation/9to1 Workspace/Admin/NineToOne.Admin.csproj",
    "MSBuildProjectName": "NineToOne.Admin",
    "AssemblyName": "NineToOne.Admin",
    "TargetPath": "/workspace/team-c/c3-admin-generated-validation/artifacts/root14-managed-build/bin/NineToOne.Admin/debug_linux-x64/NineToOne.Admin.dll",
    "OutputPath": "/workspace/team-c/c3-admin-generated-validation/artifacts/root14-managed-build/bin/NineToOne.Admin/debug_linux-x64/",
    "Configuration": "Debug",
    "TargetFramework": "net10.0",
    "ProjectAssetsFile": "/workspace/team-c/c3-admin-generated-validation/artifacts/root14-managed-build/obj/NineToOne.Admin/project.assets.json",
    "MSBuildProjectExtensionsPath": "/workspace/team-c/c3-admin-generated-validation/artifacts/root14-managed-build/obj/NineToOne.Admin/",
    "AvaloniaBuildTasksLocation": "/workspace/team-c/c3-admin-generated-validation/artifacts/root14-host-build-tasks/bin/Avalonia.Build.Tasks/debug/Avalonia.Build.Tasks.dll",
    "EmitCompilerGeneratedFiles": "true",
    "IntermediateOutputPath": "/workspace/team-c/c3-admin-generated-validation/artifacts/root14-managed-build/obj/NineToOne.Admin/debug_linux-x64/",
    "CompilerGeneratedFilesOutputPath": "/workspace/team-c/c3-admin-generated-validation/artifacts/root14-managed-build/obj/NineToOne.Admin/debug_linux-x64//generated"
  },
  "Items": {
    "Compile": [
      {
        "Identity": "AdminAccountClient.cs",
        "FullPath": "/workspace/team-c/c3-admin-generated-validation/9to1 Workspace/Admin/AdminAccountClient.cs",
        "RootDir": "/",
        "Filename": "AdminAccountClient",
        "Extension": ".cs",
        "RelativeDir": "",
        "Directory": "workspace/team-c/c3-admin-generated-validation/9to1 Workspace/Admin/",
        "RecursiveDir": "",
        "ModifiedTime": "",
        "CreatedTime": "",
        "AccessedTime": "",
        "DefiningProjectFullPath": "/workspace/.tools/dotnet/sdk/10.0.401/Sdks/Microsoft.NET.Sdk/targets/Microsoft.NET.Sdk.DefaultItems.props",
        "DefiningProjectDirectory": "/workspace/.tools/dotnet/sdk/10.0.401/Sdks/Microsoft.NET.Sdk/targets/",
        "DefiningProjectName": "Microsoft.NET.Sdk.DefaultItems",
        "DefiningProjectExtension": ".props"
      },
      {
        "Identity": "AdminCuiController.cs",
        "FullPath": "/workspace/team-c/c3-admin-generated-validation/9to1 Workspace/Admin/AdminCuiController.cs",
        "RootDir": "/",
        "Filename": "AdminCuiController",
        "Extension": ".cs",
        "RelativeDir": "",
        "Directory": "workspace/team-c/c3-admin-generated-validation/9to1 Workspace/Admin/",
        "RecursiveDir": "",
        "ModifiedTime": "",
        "CreatedTime": "",
        "AccessedTime": "",
        "DefiningProjectFullPath": "/workspace/.tools/dotnet/sdk/10.0.401/Sdks/Microsoft.NET.Sdk/targets/Microsoft.NET.Sdk.DefaultItems.props",
        "DefiningProjectDirectory": "/workspace/.tools/dotnet/sdk/10.0.401/Sdks/Microsoft.NET.Sdk/targets/",
        "DefiningProjectName": "Microsoft.NET.Sdk.DefaultItems",
        "DefiningProjectExtension": ".props"
      },
      {
        "Identity": "AdminNativeScene.cs",
        "FullPath": "/workspace/team-c/c3-admin-generated-validation/9to1 Workspace/Admin/AdminNativeScene.cs",
        "RootDir": "/",
        "Filename": "AdminNativeScene",
        "Extension": ".cs",
        "RelativeDir": "",
        "Directory": "workspace/team-c/c3-admin-generated-validation/9to1 Workspace/Admin/",
        "RecursiveDir": "",
        "ModifiedTime": "",
        "CreatedTime": "",
        "AccessedTime": "",
        "DefiningProjectFullPath": "/workspace/.tools/dotnet/sdk/10.0.401/Sdks/Microsoft.NET.Sdk/targets/Microsoft.NET.Sdk.DefaultItems.props",
        "DefiningProjectDirectory": "/workspace/.tools/dotnet/sdk/10.0.401/Sdks/Microsoft.NET.Sdk/targets/",
        "DefiningProjectName": "Microsoft.NET.Sdk.DefaultItems",
        "DefiningProjectExtension": ".props"
      },
      {
        "Identity": "Program.cs",
        "FullPath": "/workspace/team-c/c3-admin-generated-validation/9to1 Workspace/Admin/Program.cs",
        "RootDir": "/",
        "Filename": "Program",
        "Extension": ".cs",
        "RelativeDir": "",
        "Directory": "workspace/team-c/c3-admin-generated-validation/9to1 Workspace/Admin/",
        "RecursiveDir": "",
        "ModifiedTime": "",
        "CreatedTime": "",
        "AccessedTime": "",
        "DefiningProjectFullPath": "/workspace/.tools/dotnet/sdk/10.0.401/Sdks/Microsoft.NET.Sdk/targets/Microsoft.NET.Sdk.DefaultItems.props",
        "DefiningProjectDirectory": "/workspace/.tools/dotnet/sdk/10.0.401/Sdks/Microsoft.NET.Sdk/targets/",
        "DefiningProjectName": "Microsoft.NET.Sdk.DefaultItems",
        "DefiningProjectExtension": ".props"
      }
    ]
  }
}
