{
  "Properties": {
    "MSBuildProjectFullPath": "/workspace/team-c/c3-admin-generated-validation/9to1 Workspace/Web/NineToOne.Web.csproj",
    "MSBuildProjectName": "NineToOne.Web",
    "AssemblyName": "NineToOne.Web",
    "TargetPath": "/workspace/team-c/c3-admin-generated-validation/artifacts/root14-managed-build/bin/NineToOne.Web/debug_linux-x64/NineToOne.Web.dll",
    "OutputPath": "/workspace/team-c/c3-admin-generated-validation/artifacts/root14-managed-build/bin/NineToOne.Web/debug_linux-x64/",
    "Configuration": "Debug",
    "TargetFramework": "net10.0",
    "ProjectAssetsFile": "/workspace/team-c/c3-admin-generated-validation/artifacts/root14-managed-build/obj/NineToOne.Web/project.assets.json",
    "MSBuildProjectExtensionsPath": "/workspace/team-c/c3-admin-generated-validation/artifacts/root14-managed-build/obj/NineToOne.Web/",
    "AvaloniaBuildTasksLocation": "/workspace/team-c/c3-admin-generated-validation/artifacts/root14-host-build-tasks/bin/Avalonia.Build.Tasks/debug/Avalonia.Build.Tasks.dll",
    "EmitCompilerGeneratedFiles": "true",
    "IntermediateOutputPath": "/workspace/team-c/c3-admin-generated-validation/artifacts/root14-managed-build/obj/NineToOne.Web/debug_linux-x64/",
    "CompilerGeneratedFilesOutputPath": "/workspace/team-c/c3-admin-generated-validation/artifacts/root14-managed-build/obj/NineToOne.Web/debug_linux-x64//generated"
  },
  "Items": {
    "Compile": [
      {
        "Identity": "AdminWebDomain.cs",
        "FullPath": "/workspace/team-c/c3-admin-generated-validation/9to1 Workspace/Web/AdminWebDomain.cs",
        "RootDir": "/",
        "Filename": "AdminWebDomain",
        "Extension": ".cs",
        "RelativeDir": "",
        "Directory": "workspace/team-c/c3-admin-generated-validation/9to1 Workspace/Web/",
        "RecursiveDir": "",
        "ModifiedTime": "",
        "CreatedTime": "",
        "AccessedTime": "",
        "DefiningProjectFullPath": "/workspace/.tools/dotnet/sdk/10.0.401/Sdks/Microsoft.NET.Sdk/targets/Microsoft.NET.Sdk.DefaultItems.props",
        "DefiningProjectDirectory": "/workspace/.tools/dotnet/sdk/10.0.401/Sdks/Microsoft.NET.Sdk/targets/",
        "DefiningProjectName": "Microsoft.NET.Sdk.DefaultItems",
        "DefiningProjectExtension": ".props"
      },
      {
        "Identity": "CakeAuthenticatedResourceActorSource.cs",
        "FullPath": "/workspace/team-c/c3-admin-generated-validation/9to1 Workspace/Web/CakeAuthenticatedResourceActorSource.cs",
        "RootDir": "/",
        "Filename": "CakeAuthenticatedResourceActorSource",
        "Extension": ".cs",
        "RelativeDir": "",
        "Directory": "workspace/team-c/c3-admin-generated-validation/9to1 Workspace/Web/",
        "RecursiveDir": "",
        "ModifiedTime": "",
        "CreatedTime": "",
        "AccessedTime": "",
        "DefiningProjectFullPath": "/workspace/.tools/dotnet/sdk/10.0.401/Sdks/Microsoft.NET.Sdk/targets/Microsoft.NET.Sdk.DefaultItems.props",
        "DefiningProjectDirectory": "/workspace/.tools/dotnet/sdk/10.0.401/Sdks/Microsoft.NET.Sdk/targets/",
        "DefiningProjectName": "Microsoft.NET.Sdk.DefaultItems",
        "DefiningProjectExtension": ".props"
      },
      {
        "Identity": "Program.cs",
        "FullPath": "/workspace/team-c/c3-admin-generated-validation/9to1 Workspace/Web/Program.cs",
        "RootDir": "/",
        "Filename": "Program",
        "Extension": ".cs",
        "RelativeDir": "",
        "Directory": "workspace/team-c/c3-admin-generated-validation/9to1 Workspace/Web/",
        "RecursiveDir": "",
        "ModifiedTime": "",
        "CreatedTime": "",
        "AccessedTime": "",
        "DefiningProjectFullPath": "/workspace/.tools/dotnet/sdk/10.0.401/Sdks/Microsoft.NET.Sdk/targets/Microsoft.NET.Sdk.DefaultItems.props",
        "DefiningProjectDirectory": "/workspace/.tools/dotnet/sdk/10.0.401/Sdks/Microsoft.NET.Sdk/targets/",
        "DefiningProjectName": "Microsoft.NET.Sdk.DefaultItems",
        "DefiningProjectExtension": ".props"
      },
      {
        "Identity": "RemoteAccountWebFacade.cs",
        "FullPath": "/workspace/team-c/c3-admin-generated-validation/9to1 Workspace/Web/RemoteAccountWebFacade.cs",
        "RootDir": "/",
        "Filename": "RemoteAccountWebFacade",
        "Extension": ".cs",
        "RelativeDir": "",
        "Directory": "workspace/team-c/c3-admin-generated-validation/9to1 Workspace/Web/",
        "RecursiveDir": "",
        "ModifiedTime": "",
        "CreatedTime": "",
        "AccessedTime": "",
        "DefiningProjectFullPath": "/workspace/.tools/dotnet/sdk/10.0.401/Sdks/Microsoft.NET.Sdk/targets/Microsoft.NET.Sdk.DefaultItems.props",
        "DefiningProjectDirectory": "/workspace/.tools/dotnet/sdk/10.0.401/Sdks/Microsoft.NET.Sdk/targets/",
        "DefiningProjectName": "Microsoft.NET.Sdk.DefaultItems",
        "DefiningProjectExtension": ".props"
      },
      {
        "Identity": "RemoteWebApprovedDiscovery.cs",
        "FullPath": "/workspace/team-c/c3-admin-generated-validation/9to1 Workspace/Web/RemoteWebApprovedDiscovery.cs",
        "RootDir": "/",
        "Filename": "RemoteWebApprovedDiscovery",
        "Extension": ".cs",
        "RelativeDir": "",
        "Directory": "workspace/team-c/c3-admin-generated-validation/9to1 Workspace/Web/",
        "RecursiveDir": "",
        "ModifiedTime": "",
        "CreatedTime": "",
        "AccessedTime": "",
        "DefiningProjectFullPath": "/workspace/.tools/dotnet/sdk/10.0.401/Sdks/Microsoft.NET.Sdk/targets/Microsoft.NET.Sdk.DefaultItems.props",
        "DefiningProjectDirectory": "/workspace/.tools/dotnet/sdk/10.0.401/Sdks/Microsoft.NET.Sdk/targets/",
        "DefiningProjectName": "Microsoft.NET.Sdk.DefaultItems",
        "DefiningProjectExtension": ".props"
      },
      {
        "Identity": "RemoteWebOidcClientComposition.cs",
        "FullPath": "/workspace/team-c/c3-admin-generated-validation/9to1 Workspace/Web/RemoteWebOidcClientComposition.cs",
        "RootDir": "/",
        "Filename": "RemoteWebOidcClientComposition",
        "Extension": ".cs",
        "RelativeDir": "",
        "Directory": "workspace/team-c/c3-admin-generated-validation/9to1 Workspace/Web/",
        "RecursiveDir": "",
        "ModifiedTime": "",
        "CreatedTime": "",
        "AccessedTime": "",
        "DefiningProjectFullPath": "/workspace/.tools/dotnet/sdk/10.0.401/Sdks/Microsoft.NET.Sdk/targets/Microsoft.NET.Sdk.DefaultItems.props",
        "DefiningProjectDirectory": "/workspace/.tools/dotnet/sdk/10.0.401/Sdks/Microsoft.NET.Sdk/targets/",
        "DefiningProjectName": "Microsoft.NET.Sdk.DefaultItems",
        "DefiningProjectExtension": ".props"
      },
      {
        "Identity": "RemoteWebOidcConfiguration.cs",
        "FullPath": "/workspace/team-c/c3-admin-generated-validation/9to1 Workspace/Web/RemoteWebOidcConfiguration.cs",
        "RootDir": "/",
        "Filename": "RemoteWebOidcConfiguration",
        "Extension": ".cs",
        "RelativeDir": "",
        "Directory": "workspace/team-c/c3-admin-generated-validation/9to1 Workspace/Web/",
        "RecursiveDir": "",
        "ModifiedTime": "",
        "CreatedTime": "",
        "AccessedTime": "",
        "DefiningProjectFullPath": "/workspace/.tools/dotnet/sdk/10.0.401/Sdks/Microsoft.NET.Sdk/targets/Microsoft.NET.Sdk.DefaultItems.props",
        "DefiningProjectDirectory": "/workspace/.tools/dotnet/sdk/10.0.401/Sdks/Microsoft.NET.Sdk/targets/",
        "DefiningProjectName": "Microsoft.NET.Sdk.DefaultItems",
        "DefiningProjectExtension": ".props"
      },
      {
        "Identity": "RemoteWebOidcEndpoints.cs",
        "FullPath": "/workspace/team-c/c3-admin-generated-validation/9to1 Workspace/Web/RemoteWebOidcEndpoints.cs",
        "RootDir": "/",
        "Filename": "RemoteWebOidcEndpoints",
        "Extension": ".cs",
        "RelativeDir": "",
        "Directory": "workspace/team-c/c3-admin-generated-validation/9to1 Workspace/Web/",
        "RecursiveDir": "",
        "ModifiedTime": "",
        "CreatedTime": "",
        "AccessedTime": "",
        "DefiningProjectFullPath": "/workspace/.tools/dotnet/sdk/10.0.401/Sdks/Microsoft.NET.Sdk/targets/Microsoft.NET.Sdk.DefaultItems.props",
        "DefiningProjectDirectory": "/workspace/.tools/dotnet/sdk/10.0.401/Sdks/Microsoft.NET.Sdk/targets/",
        "DefiningProjectName": "Microsoft.NET.Sdk.DefaultItems",
        "DefiningProjectExtension": ".props"
      },
      {
        "Identity": "RemoteWebOidcFlow.cs",
        "FullPath": "/workspace/team-c/c3-admin-generated-validation/9to1 Workspace/Web/RemoteWebOidcFlow.cs",
        "RootDir": "/",
        "Filename": "RemoteWebOidcFlow",
        "Extension": ".cs",
        "RelativeDir": "",
        "Directory": "workspace/team-c/c3-admin-generated-validation/9to1 Workspace/Web/",
        "RecursiveDir": "",
        "ModifiedTime": "",
        "CreatedTime": "",
        "AccessedTime": "",
        "DefiningProjectFullPath": "/workspace/.tools/dotnet/sdk/10.0.401/Sdks/Microsoft.NET.Sdk/targets/Microsoft.NET.Sdk.DefaultItems.props",
        "DefiningProjectDirectory": "/workspace/.tools/dotnet/sdk/10.0.401/Sdks/Microsoft.NET.Sdk/targets/",
        "DefiningProjectName": "Microsoft.NET.Sdk.DefaultItems",
        "DefiningProjectExtension": ".props"
      },
      {
        "Identity": "SitesWebDomain.cs",
        "FullPath": "/workspace/team-c/c3-admin-generated-validation/9to1 Workspace/Web/SitesWebDomain.cs",
        "RootDir": "/",
        "Filename": "SitesWebDomain",
        "Extension": ".cs",
        "RelativeDir": "",
        "Directory": "workspace/team-c/c3-admin-generated-validation/9to1 Workspace/Web/",
        "RecursiveDir": "",
        "ModifiedTime": "",
        "CreatedTime": "",
        "AccessedTime": "",
        "DefiningProjectFullPath": "/workspace/.tools/dotnet/sdk/10.0.401/Sdks/Microsoft.NET.Sdk/targets/Microsoft.NET.Sdk.DefaultItems.props",
        "DefiningProjectDirectory": "/workspace/.tools/dotnet/sdk/10.0.401/Sdks/Microsoft.NET.Sdk/targets/",
        "DefiningProjectName": "Microsoft.NET.Sdk.DefaultItems",
        "DefiningProjectExtension": ".props"
      },
      {
        "Identity": "WebOidcAssemblyInfo.cs",
        "FullPath": "/workspace/team-c/c3-admin-generated-validation/9to1 Workspace/Web/WebOidcAssemblyInfo.cs",
        "RootDir": "/",
        "Filename": "WebOidcAssemblyInfo",
        "Extension": ".cs",
        "RelativeDir": "",
        "Directory": "workspace/team-c/c3-admin-generated-validation/9to1 Workspace/Web/",
        "RecursiveDir": "",
        "ModifiedTime": "",
        "CreatedTime": "",
        "AccessedTime": "",
        "DefiningProjectFullPath": "/workspace/.tools/dotnet/sdk/10.0.401/Sdks/Microsoft.NET.Sdk/targets/Microsoft.NET.Sdk.DefaultItems.props",
        "DefiningProjectDirectory": "/workspace/.tools/dotnet/sdk/10.0.401/Sdks/Microsoft.NET.Sdk/targets/",
        "DefiningProjectName": "Microsoft.NET.Sdk.DefaultItems",
        "DefiningProjectExtension": ".props"
      },
      {
        "Identity": "WorkspaceWebDomain.cs",
        "FullPath": "/workspace/team-c/c3-admin-generated-validation/9to1 Workspace/Web/WorkspaceWebDomain.cs",
        "RootDir": "/",
        "Filename": "WorkspaceWebDomain",
        "Extension": ".cs",
        "RelativeDir": "",
        "Directory": "workspace/team-c/c3-admin-generated-validation/9to1 Workspace/Web/",
        "RecursiveDir": "",
        "ModifiedTime": "",
        "CreatedTime": "",
        "AccessedTime": "",
        "DefiningProjectFullPath": "/workspace/.tools/dotnet/sdk/10.0.401/Sdks/Microsoft.NET.Sdk/targets/Microsoft.NET.Sdk.DefaultItems.props",
        "DefiningProjectDirectory": "/workspace/.tools/dotnet/sdk/10.0.401/Sdks/Microsoft.NET.Sdk/targets/",
        "DefiningProjectName": "Microsoft.NET.Sdk.DefaultItems",
        "DefiningProjectExtension": ".props"
      }
    ]
  }
}
