{
  "Properties": {
    "MSBuildProjectFullPath": "/workspace/team-c/c3-admin-generated-validation/framework/CUI/Core/CakeOS.Cui.Core.csproj",
    "MSBuildProjectName": "CakeOS.Cui.Core",
    "AssemblyName": "CakeOS.Cui.Core",
    "TargetPath": "/workspace/team-c/c3-admin-generated-validation/artifacts/root14-managed-build/bin/CakeOS.Cui.Core/debug_linux-x64/CakeOS.Cui.Core.dll",
    "OutputPath": "/workspace/team-c/c3-admin-generated-validation/artifacts/root14-managed-build/bin/CakeOS.Cui.Core/debug_linux-x64/",
    "Configuration": "Debug",
    "TargetFramework": "net10.0",
    "ProjectAssetsFile": "/workspace/team-c/c3-admin-generated-validation/artifacts/root14-managed-build/obj/CakeOS.Cui.Core/project.assets.json",
    "MSBuildProjectExtensionsPath": "/workspace/team-c/c3-admin-generated-validation/artifacts/root14-managed-build/obj/CakeOS.Cui.Core/",
    "AvaloniaBuildTasksLocation": "/workspace/team-c/c3-admin-generated-validation/artifacts/root14-host-build-tasks/bin/Avalonia.Build.Tasks/debug/Avalonia.Build.Tasks.dll",
    "EmitCompilerGeneratedFiles": "true",
    "IntermediateOutputPath": "/workspace/team-c/c3-admin-generated-validation/artifacts/root14-managed-build/obj/CakeOS.Cui.Core/debug_linux-x64/",
    "CompilerGeneratedFilesOutputPath": "/workspace/team-c/c3-admin-generated-validation/artifacts/root14-managed-build/obj/CakeOS.Cui.Core/debug_linux-x64//generated"
  },
  "Items": {
    "Compile": [
      {
        "Identity": "CuiDocument.cs",
        "FullPath": "/workspace/team-c/c3-admin-generated-validation/framework/CUI/Core/CuiDocument.cs",
        "RootDir": "/",
        "Filename": "CuiDocument",
        "Extension": ".cs",
        "RelativeDir": "",
        "Directory": "workspace/team-c/c3-admin-generated-validation/framework/CUI/Core/",
        "RecursiveDir": "",
        "ModifiedTime": "",
        "CreatedTime": "",
        "AccessedTime": "",
        "DefiningProjectFullPath": "/workspace/.tools/dotnet/sdk/10.0.401/Sdks/Microsoft.NET.Sdk/targets/Microsoft.NET.Sdk.DefaultItems.props",
        "DefiningProjectDirectory": "/workspace/.tools/dotnet/sdk/10.0.401/Sdks/Microsoft.NET.Sdk/targets/",
        "DefiningProjectName": "Microsoft.NET.Sdk.DefaultItems",
        "DefiningProjectExtension": ".props"
      },
      {
        "Identity": "CuiRichParser.cs",
        "FullPath": "/workspace/team-c/c3-admin-generated-validation/framework/CUI/Core/CuiRichParser.cs",
        "RootDir": "/",
        "Filename": "CuiRichParser",
        "Extension": ".cs",
        "RelativeDir": "",
        "Directory": "workspace/team-c/c3-admin-generated-validation/framework/CUI/Core/",
        "RecursiveDir": "",
        "ModifiedTime": "",
        "CreatedTime": "",
        "AccessedTime": "",
        "DefiningProjectFullPath": "/workspace/.tools/dotnet/sdk/10.0.401/Sdks/Microsoft.NET.Sdk/targets/Microsoft.NET.Sdk.DefaultItems.props",
        "DefiningProjectDirectory": "/workspace/.tools/dotnet/sdk/10.0.401/Sdks/Microsoft.NET.Sdk/targets/",
        "DefiningProjectName": "Microsoft.NET.Sdk.DefaultItems",
        "DefiningProjectExtension": ".props"
      },
      {
        "Identity": "CuiRuntimeContracts.cs",
        "FullPath": "/workspace/team-c/c3-admin-generated-validation/framework/CUI/Core/CuiRuntimeContracts.cs",
        "RootDir": "/",
        "Filename": "CuiRuntimeContracts",
        "Extension": ".cs",
        "RelativeDir": "",
        "Directory": "workspace/team-c/c3-admin-generated-validation/framework/CUI/Core/",
        "RecursiveDir": "",
        "ModifiedTime": "",
        "CreatedTime": "",
        "AccessedTime": "",
        "DefiningProjectFullPath": "/workspace/.tools/dotnet/sdk/10.0.401/Sdks/Microsoft.NET.Sdk/targets/Microsoft.NET.Sdk.DefaultItems.props",
        "DefiningProjectDirectory": "/workspace/.tools/dotnet/sdk/10.0.401/Sdks/Microsoft.NET.Sdk/targets/",
        "DefiningProjectName": "Microsoft.NET.Sdk.DefaultItems",
        "DefiningProjectExtension": ".props"
      },
      {
        "Identity": "CuiSyntaxNormalizer.cs",
        "FullPath": "/workspace/team-c/c3-admin-generated-validation/framework/CUI/Core/CuiSyntaxNormalizer.cs",
        "RootDir": "/",
        "Filename": "CuiSyntaxNormalizer",
        "Extension": ".cs",
        "RelativeDir": "",
        "Directory": "workspace/team-c/c3-admin-generated-validation/framework/CUI/Core/",
        "RecursiveDir": "",
        "ModifiedTime": "",
        "CreatedTime": "",
        "AccessedTime": "",
        "DefiningProjectFullPath": "/workspace/.tools/dotnet/sdk/10.0.401/Sdks/Microsoft.NET.Sdk/targets/Microsoft.NET.Sdk.DefaultItems.props",
        "DefiningProjectDirectory": "/workspace/.tools/dotnet/sdk/10.0.401/Sdks/Microsoft.NET.Sdk/targets/",
        "DefiningProjectName": "Microsoft.NET.Sdk.DefaultItems",
        "DefiningProjectExtension": ".props"
      },
      {
        "Identity": "CuiValues.cs",
        "FullPath": "/workspace/team-c/c3-admin-generated-validation/framework/CUI/Core/CuiValues.cs",
        "RootDir": "/",
        "Filename": "CuiValues",
        "Extension": ".cs",
        "RelativeDir": "",
        "Directory": "workspace/team-c/c3-admin-generated-validation/framework/CUI/Core/",
        "RecursiveDir": "",
        "ModifiedTime": "",
        "CreatedTime": "",
        "AccessedTime": "",
        "DefiningProjectFullPath": "/workspace/.tools/dotnet/sdk/10.0.401/Sdks/Microsoft.NET.Sdk/targets/Microsoft.NET.Sdk.DefaultItems.props",
        "DefiningProjectDirectory": "/workspace/.tools/dotnet/sdk/10.0.401/Sdks/Microsoft.NET.Sdk/targets/",
        "DefiningProjectName": "Microsoft.NET.Sdk.DefaultItems",
        "DefiningProjectExtension": ".props"
      }
    ]
  }
}
