{
  "Properties": {
    "MSBuildProjectFullPath": "/workspace/team-c/c3-admin-generated-validation/9to1 Models/Dulche Alpha/Den.csproj",
    "MSBuildProjectName": "Den",
    "AssemblyName": "Den",
    "TargetPath": "/workspace/team-c/c3-admin-generated-validation/artifacts/root14-managed-build/bin/Den/debug_linux-x64/Den.dll",
    "OutputPath": "/workspace/team-c/c3-admin-generated-validation/artifacts/root14-managed-build/bin/Den/debug_linux-x64/",
    "Configuration": "Debug",
    "TargetFramework": "net10.0",
    "ProjectAssetsFile": "/workspace/team-c/c3-admin-generated-validation/artifacts/root14-managed-build/obj/Den/project.assets.json",
    "MSBuildProjectExtensionsPath": "/workspace/team-c/c3-admin-generated-validation/artifacts/root14-managed-build/obj/Den/",
    "AvaloniaBuildTasksLocation": "/workspace/team-c/c3-admin-generated-validation/artifacts/root14-host-build-tasks/bin/Avalonia.Build.Tasks/debug/Avalonia.Build.Tasks.dll",
    "EmitCompilerGeneratedFiles": "true",
    "IntermediateOutputPath": "/workspace/team-c/c3-admin-generated-validation/artifacts/root14-managed-build/obj/Den/debug_linux-x64/",
    "CompilerGeneratedFilesOutputPath": "/workspace/team-c/c3-admin-generated-validation/artifacts/root14-managed-build/obj/Den/debug_linux-x64//generated"
  },
  "Items": {
    "Compile": [
      {
        "Identity": "Domain/AgentPresentation.cs",
        "FullPath": "/workspace/team-c/c3-admin-generated-validation/9to1 Models/Dulche Alpha/Domain/AgentPresentation.cs",
        "RootDir": "/",
        "Filename": "AgentPresentation",
        "Extension": ".cs",
        "RelativeDir": "Domain/",
        "Directory": "workspace/team-c/c3-admin-generated-validation/9to1 Models/Dulche Alpha/Domain/",
        "RecursiveDir": "",
        "ModifiedTime": "",
        "CreatedTime": "",
        "AccessedTime": "",
        "DefiningProjectFullPath": "/workspace/team-c/c3-admin-generated-validation/9to1 Models/Dulche Alpha/Den.csproj",
        "DefiningProjectDirectory": "/workspace/team-c/c3-admin-generated-validation/9to1 Models/Dulche Alpha/",
        "DefiningProjectName": "Den",
        "DefiningProjectExtension": ".csproj"
      },
      {
        "Identity": "Domain/DenRecords.cs",
        "FullPath": "/workspace/team-c/c3-admin-generated-validation/9to1 Models/Dulche Alpha/Domain/DenRecords.cs",
        "RootDir": "/",
        "Filename": "DenRecords",
        "Extension": ".cs",
        "RelativeDir": "Domain/",
        "Directory": "workspace/team-c/c3-admin-generated-validation/9to1 Models/Dulche Alpha/Domain/",
        "RecursiveDir": "",
        "ModifiedTime": "",
        "CreatedTime": "",
        "AccessedTime": "",
        "DefiningProjectFullPath": "/workspace/team-c/c3-admin-generated-validation/9to1 Models/Dulche Alpha/Den.csproj",
        "DefiningProjectDirectory": "/workspace/team-c/c3-admin-generated-validation/9to1 Models/Dulche Alpha/",
        "DefiningProjectName": "Den",
        "DefiningProjectExtension": ".csproj"
      },
      {
        "Identity": "Catalogue/LocalModelRegistry.cs",
        "FullPath": "/workspace/team-c/c3-admin-generated-validation/9to1 Models/Dulche Alpha/Catalogue/LocalModelRegistry.cs",
        "RootDir": "/",
        "Filename": "LocalModelRegistry",
        "Extension": ".cs",
        "RelativeDir": "Catalogue/",
        "Directory": "workspace/team-c/c3-admin-generated-validation/9to1 Models/Dulche Alpha/Catalogue/",
        "RecursiveDir": "",
        "ModifiedTime": "",
        "CreatedTime": "",
        "AccessedTime": "",
        "DefiningProjectFullPath": "/workspace/team-c/c3-admin-generated-validation/9to1 Models/Dulche Alpha/Den.csproj",
        "DefiningProjectDirectory": "/workspace/team-c/c3-admin-generated-validation/9to1 Models/Dulche Alpha/",
        "DefiningProjectName": "Den",
        "DefiningProjectExtension": ".csproj"
      },
      {
        "Identity": "Storage/DenStore.cs",
        "FullPath": "/workspace/team-c/c3-admin-generated-validation/9to1 Models/Dulche Alpha/Storage/DenStore.cs",
        "RootDir": "/",
        "Filename": "DenStore",
        "Extension": ".cs",
        "RelativeDir": "Storage/",
        "Directory": "workspace/team-c/c3-admin-generated-validation/9to1 Models/Dulche Alpha/Storage/",
        "RecursiveDir": "",
        "ModifiedTime": "",
        "CreatedTime": "",
        "AccessedTime": "",
        "DefiningProjectFullPath": "/workspace/team-c/c3-admin-generated-validation/9to1 Models/Dulche Alpha/Den.csproj",
        "DefiningProjectDirectory": "/workspace/team-c/c3-admin-generated-validation/9to1 Models/Dulche Alpha/",
        "DefiningProjectName": "Den",
        "DefiningProjectExtension": ".csproj"
      },
      {
        "Identity": "Services/AgentPresentationService.cs",
        "FullPath": "/workspace/team-c/c3-admin-generated-validation/9to1 Models/Dulche Alpha/Services/AgentPresentationService.cs",
        "RootDir": "/",
        "Filename": "AgentPresentationService",
        "Extension": ".cs",
        "RelativeDir": "Services/",
        "Directory": "workspace/team-c/c3-admin-generated-validation/9to1 Models/Dulche Alpha/Services/",
        "RecursiveDir": "",
        "ModifiedTime": "",
        "CreatedTime": "",
        "AccessedTime": "",
        "DefiningProjectFullPath": "/workspace/team-c/c3-admin-generated-validation/9to1 Models/Dulche Alpha/Den.csproj",
        "DefiningProjectDirectory": "/workspace/team-c/c3-admin-generated-validation/9to1 Models/Dulche Alpha/",
        "DefiningProjectName": "Den",
        "DefiningProjectExtension": ".csproj"
      },
      {
        "Identity": "Services/DenAgentPresentationAssets.cs",
        "FullPath": "/workspace/team-c/c3-admin-generated-validation/9to1 Models/Dulche Alpha/Services/DenAgentPresentationAssets.cs",
        "RootDir": "/",
        "Filename": "DenAgentPresentationAssets",
        "Extension": ".cs",
        "RelativeDir": "Services/",
        "Directory": "workspace/team-c/c3-admin-generated-validation/9to1 Models/Dulche Alpha/Services/",
        "RecursiveDir": "",
        "ModifiedTime": "",
        "CreatedTime": "",
        "AccessedTime": "",
        "DefiningProjectFullPath": "/workspace/team-c/c3-admin-generated-validation/9to1 Models/Dulche Alpha/Den.csproj",
        "DefiningProjectDirectory": "/workspace/team-c/c3-admin-generated-validation/9to1 Models/Dulche Alpha/",
        "DefiningProjectName": "Den",
        "DefiningProjectExtension": ".csproj"
      },
      {
        "Identity": "Services/DulcheDen.cs",
        "FullPath": "/workspace/team-c/c3-admin-generated-validation/9to1 Models/Dulche Alpha/Services/DulcheDen.cs",
        "RootDir": "/",
        "Filename": "DulcheDen",
        "Extension": ".cs",
        "RelativeDir": "Services/",
        "Directory": "workspace/team-c/c3-admin-generated-validation/9to1 Models/Dulche Alpha/Services/",
        "RecursiveDir": "",
        "ModifiedTime": "",
        "CreatedTime": "",
        "AccessedTime": "",
        "DefiningProjectFullPath": "/workspace/team-c/c3-admin-generated-validation/9to1 Models/Dulche Alpha/Den.csproj",
        "DefiningProjectDirectory": "/workspace/team-c/c3-admin-generated-validation/9to1 Models/Dulche Alpha/",
        "DefiningProjectName": "Den",
        "DefiningProjectExtension": ".csproj"
      }
    ]
  }
}
