{
  "Properties": {
    "MSBuildProjectFullPath": "/workspace/team-c/c3-admin-generated-validation/9to1 Workspace/Home/NativeUI/HavenOS.Home.NativeUI.csproj",
    "MSBuildProjectName": "HavenOS.Home.NativeUI",
    "AssemblyName": "HavenOS.Home.NativeUI",
    "TargetPath": "/workspace/team-c/c3-admin-generated-validation/artifacts/root14-managed-build/bin/HavenOS.Home.NativeUI/debug_linux-x64/HavenOS.Home.NativeUI.dll",
    "OutputPath": "/workspace/team-c/c3-admin-generated-validation/artifacts/root14-managed-build/bin/HavenOS.Home.NativeUI/debug_linux-x64/",
    "Configuration": "Debug",
    "TargetFramework": "net10.0",
    "ProjectAssetsFile": "/workspace/team-c/c3-admin-generated-validation/artifacts/root14-managed-build/obj/HavenOS.Home.NativeUI/project.assets.json",
    "MSBuildProjectExtensionsPath": "/workspace/team-c/c3-admin-generated-validation/artifacts/root14-managed-build/obj/HavenOS.Home.NativeUI/",
    "AvaloniaBuildTasksLocation": "/workspace/team-c/c3-admin-generated-validation/artifacts/root14-host-build-tasks/bin/Avalonia.Build.Tasks/debug/Avalonia.Build.Tasks.dll",
    "EmitCompilerGeneratedFiles": "true",
    "IntermediateOutputPath": "/workspace/team-c/c3-admin-generated-validation/artifacts/root14-managed-build/obj/HavenOS.Home.NativeUI/debug_linux-x64/",
    "CompilerGeneratedFilesOutputPath": "/workspace/team-c/c3-admin-generated-validation/artifacts/root14-managed-build/obj/HavenOS.Home.NativeUI/debug_linux-x64//generated"
  },
  "Items": {
    "Compile": [
      {
        "Identity": "Controls/HomeApprovalCuiSurface.cs",
        "FullPath": "/workspace/team-c/c3-admin-generated-validation/9to1 Workspace/Home/NativeUI/Controls/HomeApprovalCuiSurface.cs",
        "RootDir": "/",
        "Filename": "HomeApprovalCuiSurface",
        "Extension": ".cs",
        "RelativeDir": "Controls/",
        "Directory": "workspace/team-c/c3-admin-generated-validation/9to1 Workspace/Home/NativeUI/Controls/",
        "RecursiveDir": "Controls/",
        "ModifiedTime": "",
        "CreatedTime": "",
        "AccessedTime": "",
        "DefiningProjectFullPath": "/workspace/.tools/dotnet/sdk/10.0.401/Sdks/Microsoft.NET.Sdk/targets/Microsoft.NET.Sdk.DefaultItems.props",
        "DefiningProjectDirectory": "/workspace/.tools/dotnet/sdk/10.0.401/Sdks/Microsoft.NET.Sdk/targets/",
        "DefiningProjectName": "Microsoft.NET.Sdk.DefaultItems",
        "DefiningProjectExtension": ".props"
      },
      {
        "Identity": "Controls/HomeModelPickerBindings.cs",
        "FullPath": "/workspace/team-c/c3-admin-generated-validation/9to1 Workspace/Home/NativeUI/Controls/HomeModelPickerBindings.cs",
        "RootDir": "/",
        "Filename": "HomeModelPickerBindings",
        "Extension": ".cs",
        "RelativeDir": "Controls/",
        "Directory": "workspace/team-c/c3-admin-generated-validation/9to1 Workspace/Home/NativeUI/Controls/",
        "RecursiveDir": "Controls/",
        "ModifiedTime": "",
        "CreatedTime": "",
        "AccessedTime": "",
        "DefiningProjectFullPath": "/workspace/.tools/dotnet/sdk/10.0.401/Sdks/Microsoft.NET.Sdk/targets/Microsoft.NET.Sdk.DefaultItems.props",
        "DefiningProjectDirectory": "/workspace/.tools/dotnet/sdk/10.0.401/Sdks/Microsoft.NET.Sdk/targets/",
        "DefiningProjectName": "Microsoft.NET.Sdk.DefaultItems",
        "DefiningProjectExtension": ".props"
      },
      {
        "Identity": "Controls/HomeModelPickerCuiSurface.cs",
        "FullPath": "/workspace/team-c/c3-admin-generated-validation/9to1 Workspace/Home/NativeUI/Controls/HomeModelPickerCuiSurface.cs",
        "RootDir": "/",
        "Filename": "HomeModelPickerCuiSurface",
        "Extension": ".cs",
        "RelativeDir": "Controls/",
        "Directory": "workspace/team-c/c3-admin-generated-validation/9to1 Workspace/Home/NativeUI/Controls/",
        "RecursiveDir": "Controls/",
        "ModifiedTime": "",
        "CreatedTime": "",
        "AccessedTime": "",
        "DefiningProjectFullPath": "/workspace/.tools/dotnet/sdk/10.0.401/Sdks/Microsoft.NET.Sdk/targets/Microsoft.NET.Sdk.DefaultItems.props",
        "DefiningProjectDirectory": "/workspace/.tools/dotnet/sdk/10.0.401/Sdks/Microsoft.NET.Sdk/targets/",
        "DefiningProjectName": "Microsoft.NET.Sdk.DefaultItems",
        "DefiningProjectExtension": ".props"
      },
      {
        "Identity": "Controls/HomeNotesObjectRenderer.cs",
        "FullPath": "/workspace/team-c/c3-admin-generated-validation/9to1 Workspace/Home/NativeUI/Controls/HomeNotesObjectRenderer.cs",
        "RootDir": "/",
        "Filename": "HomeNotesObjectRenderer",
        "Extension": ".cs",
        "RelativeDir": "Controls/",
        "Directory": "workspace/team-c/c3-admin-generated-validation/9to1 Workspace/Home/NativeUI/Controls/",
        "RecursiveDir": "Controls/",
        "ModifiedTime": "",
        "CreatedTime": "",
        "AccessedTime": "",
        "DefiningProjectFullPath": "/workspace/.tools/dotnet/sdk/10.0.401/Sdks/Microsoft.NET.Sdk/targets/Microsoft.NET.Sdk.DefaultItems.props",
        "DefiningProjectDirectory": "/workspace/.tools/dotnet/sdk/10.0.401/Sdks/Microsoft.NET.Sdk/targets/",
        "DefiningProjectName": "Microsoft.NET.Sdk.DefaultItems",
        "DefiningProjectExtension": ".props"
      },
      {
        "Identity": "Controls/HomeProductivityCuiSurface.cs",
        "FullPath": "/workspace/team-c/c3-admin-generated-validation/9to1 Workspace/Home/NativeUI/Controls/HomeProductivityCuiSurface.cs",
        "RootDir": "/",
        "Filename": "HomeProductivityCuiSurface",
        "Extension": ".cs",
        "RelativeDir": "Controls/",
        "Directory": "workspace/team-c/c3-admin-generated-validation/9to1 Workspace/Home/NativeUI/Controls/",
        "RecursiveDir": "Controls/",
        "ModifiedTime": "",
        "CreatedTime": "",
        "AccessedTime": "",
        "DefiningProjectFullPath": "/workspace/.tools/dotnet/sdk/10.0.401/Sdks/Microsoft.NET.Sdk/targets/Microsoft.NET.Sdk.DefaultItems.props",
        "DefiningProjectDirectory": "/workspace/.tools/dotnet/sdk/10.0.401/Sdks/Microsoft.NET.Sdk/targets/",
        "DefiningProjectName": "Microsoft.NET.Sdk.DefaultItems",
        "DefiningProjectExtension": ".props"
      },
      {
        "Identity": "HomeEquationObjectRenderer.cs",
        "FullPath": "/workspace/team-c/c3-admin-generated-validation/9to1 Workspace/Home/NativeUI/HomeEquationObjectRenderer.cs",
        "RootDir": "/",
        "Filename": "HomeEquationObjectRenderer",
        "Extension": ".cs",
        "RelativeDir": "",
        "Directory": "workspace/team-c/c3-admin-generated-validation/9to1 Workspace/Home/NativeUI/",
        "RecursiveDir": "",
        "ModifiedTime": "",
        "CreatedTime": "",
        "AccessedTime": "",
        "DefiningProjectFullPath": "/workspace/.tools/dotnet/sdk/10.0.401/Sdks/Microsoft.NET.Sdk/targets/Microsoft.NET.Sdk.DefaultItems.props",
        "DefiningProjectDirectory": "/workspace/.tools/dotnet/sdk/10.0.401/Sdks/Microsoft.NET.Sdk/targets/",
        "DefiningProjectName": "Microsoft.NET.Sdk.DefaultItems",
        "DefiningProjectExtension": ".props"
      },
      {
        "Identity": "HomeLocalStoreSetupCuiSurface.cs",
        "FullPath": "/workspace/team-c/c3-admin-generated-validation/9to1 Workspace/Home/NativeUI/HomeLocalStoreSetupCuiSurface.cs",
        "RootDir": "/",
        "Filename": "HomeLocalStoreSetupCuiSurface",
        "Extension": ".cs",
        "RelativeDir": "",
        "Directory": "workspace/team-c/c3-admin-generated-validation/9to1 Workspace/Home/NativeUI/",
        "RecursiveDir": "",
        "ModifiedTime": "",
        "CreatedTime": "",
        "AccessedTime": "",
        "DefiningProjectFullPath": "/workspace/.tools/dotnet/sdk/10.0.401/Sdks/Microsoft.NET.Sdk/targets/Microsoft.NET.Sdk.DefaultItems.props",
        "DefiningProjectDirectory": "/workspace/.tools/dotnet/sdk/10.0.401/Sdks/Microsoft.NET.Sdk/targets/",
        "DefiningProjectName": "Microsoft.NET.Sdk.DefaultItems",
        "DefiningProjectExtension": ".props"
      },
      {
        "Identity": "HomeProfileCuiReadiness.cs",
        "FullPath": "/workspace/team-c/c3-admin-generated-validation/9to1 Workspace/Home/NativeUI/HomeProfileCuiReadiness.cs",
        "RootDir": "/",
        "Filename": "HomeProfileCuiReadiness",
        "Extension": ".cs",
        "RelativeDir": "",
        "Directory": "workspace/team-c/c3-admin-generated-validation/9to1 Workspace/Home/NativeUI/",
        "RecursiveDir": "",
        "ModifiedTime": "",
        "CreatedTime": "",
        "AccessedTime": "",
        "DefiningProjectFullPath": "/workspace/.tools/dotnet/sdk/10.0.401/Sdks/Microsoft.NET.Sdk/targets/Microsoft.NET.Sdk.DefaultItems.props",
        "DefiningProjectDirectory": "/workspace/.tools/dotnet/sdk/10.0.401/Sdks/Microsoft.NET.Sdk/targets/",
        "DefiningProjectName": "Microsoft.NET.Sdk.DefaultItems",
        "DefiningProjectExtension": ".props"
      },
      {
        "Identity": "HomeResourceCuiReadiness.cs",
        "FullPath": "/workspace/team-c/c3-admin-generated-validation/9to1 Workspace/Home/NativeUI/HomeResourceCuiReadiness.cs",
        "RootDir": "/",
        "Filename": "HomeResourceCuiReadiness",
        "Extension": ".cs",
        "RelativeDir": "",
        "Directory": "workspace/team-c/c3-admin-generated-validation/9to1 Workspace/Home/NativeUI/",
        "RecursiveDir": "",
        "ModifiedTime": "",
        "CreatedTime": "",
        "AccessedTime": "",
        "DefiningProjectFullPath": "/workspace/.tools/dotnet/sdk/10.0.401/Sdks/Microsoft.NET.Sdk/targets/Microsoft.NET.Sdk.DefaultItems.props",
        "DefiningProjectDirectory": "/workspace/.tools/dotnet/sdk/10.0.401/Sdks/Microsoft.NET.Sdk/targets/",
        "DefiningProjectName": "Microsoft.NET.Sdk.DefaultItems",
        "DefiningProjectExtension": ".props"
      },
      {
        "Identity": "HomeVectorObjectRenderer.cs",
        "FullPath": "/workspace/team-c/c3-admin-generated-validation/9to1 Workspace/Home/NativeUI/HomeVectorObjectRenderer.cs",
        "RootDir": "/",
        "Filename": "HomeVectorObjectRenderer",
        "Extension": ".cs",
        "RelativeDir": "",
        "Directory": "workspace/team-c/c3-admin-generated-validation/9to1 Workspace/Home/NativeUI/",
        "RecursiveDir": "",
        "ModifiedTime": "",
        "CreatedTime": "",
        "AccessedTime": "",
        "DefiningProjectFullPath": "/workspace/.tools/dotnet/sdk/10.0.401/Sdks/Microsoft.NET.Sdk/targets/Microsoft.NET.Sdk.DefaultItems.props",
        "DefiningProjectDirectory": "/workspace/.tools/dotnet/sdk/10.0.401/Sdks/Microsoft.NET.Sdk/targets/",
        "DefiningProjectName": "Microsoft.NET.Sdk.DefaultItems",
        "DefiningProjectExtension": ".props"
      }
    ]
  }
}
