{
  "Properties": {
    "MSBuildProjectFullPath": "/workspace/team-c/c3-admin-generated-validation/framework/CUI/Themes/CakeOS.Cui.Themes.csproj",
    "MSBuildProjectName": "CakeOS.Cui.Themes",
    "AssemblyName": "CakeOS.Cui.Themes",
    "TargetPath": "/workspace/team-c/c3-admin-generated-validation/artifacts/root14-managed-build/bin/CakeOS.Cui.Themes/debug_linux-x64/CakeOS.Cui.Themes.dll",
    "OutputPath": "/workspace/team-c/c3-admin-generated-validation/artifacts/root14-managed-build/bin/CakeOS.Cui.Themes/debug_linux-x64/",
    "Configuration": "Debug",
    "TargetFramework": "net10.0",
    "ProjectAssetsFile": "/workspace/team-c/c3-admin-generated-validation/artifacts/root14-managed-build/obj/CakeOS.Cui.Themes/project.assets.json",
    "MSBuildProjectExtensionsPath": "/workspace/team-c/c3-admin-generated-validation/artifacts/root14-managed-build/obj/CakeOS.Cui.Themes/",
    "AvaloniaBuildTasksLocation": "/workspace/team-c/c3-admin-generated-validation/artifacts/root14-host-build-tasks/bin/Avalonia.Build.Tasks/debug/Avalonia.Build.Tasks.dll",
    "EmitCompilerGeneratedFiles": "true",
    "IntermediateOutputPath": "/workspace/team-c/c3-admin-generated-validation/artifacts/root14-managed-build/obj/CakeOS.Cui.Themes/debug_linux-x64/",
    "CompilerGeneratedFilesOutputPath": "/workspace/team-c/c3-admin-generated-validation/artifacts/root14-managed-build/obj/CakeOS.Cui.Themes/debug_linux-x64//generated"
  },
  "Items": {
    "Compile": [
      {
        "Identity": "CuiAccentCatalog.cs",
        "FullPath": "/workspace/team-c/c3-admin-generated-validation/framework/CUI/Themes/CuiAccentCatalog.cs",
        "RootDir": "/",
        "Filename": "CuiAccentCatalog",
        "Extension": ".cs",
        "RelativeDir": "",
        "Directory": "workspace/team-c/c3-admin-generated-validation/framework/CUI/Themes/",
        "RecursiveDir": "",
        "ModifiedTime": "",
        "CreatedTime": "",
        "AccessedTime": "",
        "DefiningProjectFullPath": "/workspace/.tools/dotnet/sdk/10.0.401/Sdks/Microsoft.NET.Sdk/targets/Microsoft.NET.Sdk.DefaultItems.props",
        "DefiningProjectDirectory": "/workspace/.tools/dotnet/sdk/10.0.401/Sdks/Microsoft.NET.Sdk/targets/",
        "DefiningProjectName": "Microsoft.NET.Sdk.DefaultItems",
        "DefiningProjectExtension": ".props"
      },
      {
        "Identity": "CuiAccentPalette.cs",
        "FullPath": "/workspace/team-c/c3-admin-generated-validation/framework/CUI/Themes/CuiAccentPalette.cs",
        "RootDir": "/",
        "Filename": "CuiAccentPalette",
        "Extension": ".cs",
        "RelativeDir": "",
        "Directory": "workspace/team-c/c3-admin-generated-validation/framework/CUI/Themes/",
        "RecursiveDir": "",
        "ModifiedTime": "",
        "CreatedTime": "",
        "AccessedTime": "",
        "DefiningProjectFullPath": "/workspace/.tools/dotnet/sdk/10.0.401/Sdks/Microsoft.NET.Sdk/targets/Microsoft.NET.Sdk.DefaultItems.props",
        "DefiningProjectDirectory": "/workspace/.tools/dotnet/sdk/10.0.401/Sdks/Microsoft.NET.Sdk/targets/",
        "DefiningProjectName": "Microsoft.NET.Sdk.DefaultItems",
        "DefiningProjectExtension": ".props"
      },
      {
        "Identity": "CuiAccessibilitySettings.cs",
        "FullPath": "/workspace/team-c/c3-admin-generated-validation/framework/CUI/Themes/CuiAccessibilitySettings.cs",
        "RootDir": "/",
        "Filename": "CuiAccessibilitySettings",
        "Extension": ".cs",
        "RelativeDir": "",
        "Directory": "workspace/team-c/c3-admin-generated-validation/framework/CUI/Themes/",
        "RecursiveDir": "",
        "ModifiedTime": "",
        "CreatedTime": "",
        "AccessedTime": "",
        "DefiningProjectFullPath": "/workspace/.tools/dotnet/sdk/10.0.401/Sdks/Microsoft.NET.Sdk/targets/Microsoft.NET.Sdk.DefaultItems.props",
        "DefiningProjectDirectory": "/workspace/.tools/dotnet/sdk/10.0.401/Sdks/Microsoft.NET.Sdk/targets/",
        "DefiningProjectName": "Microsoft.NET.Sdk.DefaultItems",
        "DefiningProjectExtension": ".props"
      },
      {
        "Identity": "CuiMotion.cs",
        "FullPath": "/workspace/team-c/c3-admin-generated-validation/framework/CUI/Themes/CuiMotion.cs",
        "RootDir": "/",
        "Filename": "CuiMotion",
        "Extension": ".cs",
        "RelativeDir": "",
        "Directory": "workspace/team-c/c3-admin-generated-validation/framework/CUI/Themes/",
        "RecursiveDir": "",
        "ModifiedTime": "",
        "CreatedTime": "",
        "AccessedTime": "",
        "DefiningProjectFullPath": "/workspace/.tools/dotnet/sdk/10.0.401/Sdks/Microsoft.NET.Sdk/targets/Microsoft.NET.Sdk.DefaultItems.props",
        "DefiningProjectDirectory": "/workspace/.tools/dotnet/sdk/10.0.401/Sdks/Microsoft.NET.Sdk/targets/",
        "DefiningProjectName": "Microsoft.NET.Sdk.DefaultItems",
        "DefiningProjectExtension": ".props"
      },
      {
        "Identity": "CuiSurfacePaletteCatalog.cs",
        "FullPath": "/workspace/team-c/c3-admin-generated-validation/framework/CUI/Themes/CuiSurfacePaletteCatalog.cs",
        "RootDir": "/",
        "Filename": "CuiSurfacePaletteCatalog",
        "Extension": ".cs",
        "RelativeDir": "",
        "Directory": "workspace/team-c/c3-admin-generated-validation/framework/CUI/Themes/",
        "RecursiveDir": "",
        "ModifiedTime": "",
        "CreatedTime": "",
        "AccessedTime": "",
        "DefiningProjectFullPath": "/workspace/.tools/dotnet/sdk/10.0.401/Sdks/Microsoft.NET.Sdk/targets/Microsoft.NET.Sdk.DefaultItems.props",
        "DefiningProjectDirectory": "/workspace/.tools/dotnet/sdk/10.0.401/Sdks/Microsoft.NET.Sdk/targets/",
        "DefiningProjectName": "Microsoft.NET.Sdk.DefaultItems",
        "DefiningProjectExtension": ".props"
      },
      {
        "Identity": "CuiThemeCatalog.cs",
        "FullPath": "/workspace/team-c/c3-admin-generated-validation/framework/CUI/Themes/CuiThemeCatalog.cs",
        "RootDir": "/",
        "Filename": "CuiThemeCatalog",
        "Extension": ".cs",
        "RelativeDir": "",
        "Directory": "workspace/team-c/c3-admin-generated-validation/framework/CUI/Themes/",
        "RecursiveDir": "",
        "ModifiedTime": "",
        "CreatedTime": "",
        "AccessedTime": "",
        "DefiningProjectFullPath": "/workspace/.tools/dotnet/sdk/10.0.401/Sdks/Microsoft.NET.Sdk/targets/Microsoft.NET.Sdk.DefaultItems.props",
        "DefiningProjectDirectory": "/workspace/.tools/dotnet/sdk/10.0.401/Sdks/Microsoft.NET.Sdk/targets/",
        "DefiningProjectName": "Microsoft.NET.Sdk.DefaultItems",
        "DefiningProjectExtension": ".props"
      },
      {
        "Identity": "CuiThemeDefinitions.cs",
        "FullPath": "/workspace/team-c/c3-admin-generated-validation/framework/CUI/Themes/CuiThemeDefinitions.cs",
        "RootDir": "/",
        "Filename": "CuiThemeDefinitions",
        "Extension": ".cs",
        "RelativeDir": "",
        "Directory": "workspace/team-c/c3-admin-generated-validation/framework/CUI/Themes/",
        "RecursiveDir": "",
        "ModifiedTime": "",
        "CreatedTime": "",
        "AccessedTime": "",
        "DefiningProjectFullPath": "/workspace/.tools/dotnet/sdk/10.0.401/Sdks/Microsoft.NET.Sdk/targets/Microsoft.NET.Sdk.DefaultItems.props",
        "DefiningProjectDirectory": "/workspace/.tools/dotnet/sdk/10.0.401/Sdks/Microsoft.NET.Sdk/targets/",
        "DefiningProjectName": "Microsoft.NET.Sdk.DefaultItems",
        "DefiningProjectExtension": ".props"
      },
      {
        "Identity": "CuiThemeEnums.cs",
        "FullPath": "/workspace/team-c/c3-admin-generated-validation/framework/CUI/Themes/CuiThemeEnums.cs",
        "RootDir": "/",
        "Filename": "CuiThemeEnums",
        "Extension": ".cs",
        "RelativeDir": "",
        "Directory": "workspace/team-c/c3-admin-generated-validation/framework/CUI/Themes/",
        "RecursiveDir": "",
        "ModifiedTime": "",
        "CreatedTime": "",
        "AccessedTime": "",
        "DefiningProjectFullPath": "/workspace/.tools/dotnet/sdk/10.0.401/Sdks/Microsoft.NET.Sdk/targets/Microsoft.NET.Sdk.DefaultItems.props",
        "DefiningProjectDirectory": "/workspace/.tools/dotnet/sdk/10.0.401/Sdks/Microsoft.NET.Sdk/targets/",
        "DefiningProjectName": "Microsoft.NET.Sdk.DefaultItems",
        "DefiningProjectExtension": ".props"
      },
      {
        "Identity": "CuiThemeExpression.cs",
        "FullPath": "/workspace/team-c/c3-admin-generated-validation/framework/CUI/Themes/CuiThemeExpression.cs",
        "RootDir": "/",
        "Filename": "CuiThemeExpression",
        "Extension": ".cs",
        "RelativeDir": "",
        "Directory": "workspace/team-c/c3-admin-generated-validation/framework/CUI/Themes/",
        "RecursiveDir": "",
        "ModifiedTime": "",
        "CreatedTime": "",
        "AccessedTime": "",
        "DefiningProjectFullPath": "/workspace/.tools/dotnet/sdk/10.0.401/Sdks/Microsoft.NET.Sdk/targets/Microsoft.NET.Sdk.DefaultItems.props",
        "DefiningProjectDirectory": "/workspace/.tools/dotnet/sdk/10.0.401/Sdks/Microsoft.NET.Sdk/targets/",
        "DefiningProjectName": "Microsoft.NET.Sdk.DefaultItems",
        "DefiningProjectExtension": ".props"
      },
      {
        "Identity": "CuiThemePreferenceReader.cs",
        "FullPath": "/workspace/team-c/c3-admin-generated-validation/framework/CUI/Themes/CuiThemePreferenceReader.cs",
        "RootDir": "/",
        "Filename": "CuiThemePreferenceReader",
        "Extension": ".cs",
        "RelativeDir": "",
        "Directory": "workspace/team-c/c3-admin-generated-validation/framework/CUI/Themes/",
        "RecursiveDir": "",
        "ModifiedTime": "",
        "CreatedTime": "",
        "AccessedTime": "",
        "DefiningProjectFullPath": "/workspace/.tools/dotnet/sdk/10.0.401/Sdks/Microsoft.NET.Sdk/targets/Microsoft.NET.Sdk.DefaultItems.props",
        "DefiningProjectDirectory": "/workspace/.tools/dotnet/sdk/10.0.401/Sdks/Microsoft.NET.Sdk/targets/",
        "DefiningProjectName": "Microsoft.NET.Sdk.DefaultItems",
        "DefiningProjectExtension": ".props"
      },
      {
        "Identity": "CuiThemeResourceApplier.cs",
        "FullPath": "/workspace/team-c/c3-admin-generated-validation/framework/CUI/Themes/CuiThemeResourceApplier.cs",
        "RootDir": "/",
        "Filename": "CuiThemeResourceApplier",
        "Extension": ".cs",
        "RelativeDir": "",
        "Directory": "workspace/team-c/c3-admin-generated-validation/framework/CUI/Themes/",
        "RecursiveDir": "",
        "ModifiedTime": "",
        "CreatedTime": "",
        "AccessedTime": "",
        "DefiningProjectFullPath": "/workspace/.tools/dotnet/sdk/10.0.401/Sdks/Microsoft.NET.Sdk/targets/Microsoft.NET.Sdk.DefaultItems.props",
        "DefiningProjectDirectory": "/workspace/.tools/dotnet/sdk/10.0.401/Sdks/Microsoft.NET.Sdk/targets/",
        "DefiningProjectName": "Microsoft.NET.Sdk.DefaultItems",
        "DefiningProjectExtension": ".props"
      },
      {
        "Identity": "CuiThemeScope.cs",
        "FullPath": "/workspace/team-c/c3-admin-generated-validation/framework/CUI/Themes/CuiThemeScope.cs",
        "RootDir": "/",
        "Filename": "CuiThemeScope",
        "Extension": ".cs",
        "RelativeDir": "",
        "Directory": "workspace/team-c/c3-admin-generated-validation/framework/CUI/Themes/",
        "RecursiveDir": "",
        "ModifiedTime": "",
        "CreatedTime": "",
        "AccessedTime": "",
        "DefiningProjectFullPath": "/workspace/.tools/dotnet/sdk/10.0.401/Sdks/Microsoft.NET.Sdk/targets/Microsoft.NET.Sdk.DefaultItems.props",
        "DefiningProjectDirectory": "/workspace/.tools/dotnet/sdk/10.0.401/Sdks/Microsoft.NET.Sdk/targets/",
        "DefiningProjectName": "Microsoft.NET.Sdk.DefaultItems",
        "DefiningProjectExtension": ".props"
      }
    ]
  }
}
