<?xml version="1.0" encoding="utf-8"?>
<TestRun id="1be6c2f0-7669-4ca2-8122-eab7cc04d2df" name="@runnervm8df0l 2026-10-03 18:47:00" xmlns="http://microsoft.com/schemas/VisualStudio/TeamTest/2010">
  <Times creation="2026-10-03T18:47:00.7256200+00:00" queuing="2026-10-03T18:47:00.7256201+00:00" start="2026-10-03T18:46:59.3919735+00:00" finish="2026-10-03T18:47:04.3806991+00:00" />
  <TestSettings name="default" id="4f1e8de9-d7ba-4e78-bcba-0c1c538e8149">
    <Deployment runDeploymentRoot="_runnervm8df0l_2026-10-03_18_47_00" />
  </TestSettings>
  <Results>
    <UnitTestResult executionId="14b593db-2492-4ebe-b0af-18977b25719a" testId="1f730d52-9e4d-ed62-3af7-74c4b5642897" testName="HavenOS.Forms.Tests.FormNativeHomePublicationResponseTests.Actual_Home_owned_native_publication_recovers_failed_mount_and_original_session_denies_revocation_or_root_replacement(replaceRoot: True)" computerName="runnervm8df0l" duration="00:00:00.3647866" startTime="2026-10-03T18:47:03.7612396+00:00" endTime="2026-10-03T18:47:04.1222704+00:00" testType="13cdc9d9-ddb5-4fa4-a97d-d965ccfc6d4b" outcome="Passed" testListId="8c84fa94-04c1-424b-9868-57a2d4851a1d" relativeResultsDirectory="14b593db-2492-4ebe-b0af-18977b25719a" />
    <UnitTestResult executionId="b66fe09a-2ded-496b-9362-54cef675a9fe" testId="9228ceae-87f7-43a6-0684-c5b8d2021b0c" testName="HavenOS.Forms.Tests.FormNativePreviewTests.Invalid_visible_numeric_text_cannot_submit_last_valid_value(kind: Decimal)" computerName="runnervm8df0l" duration="00:00:00.0259457" startTime="2026-10-03T18:47:03.5481302+00:00" endTime="2026-10-03T18:47:03.5722676+00:00" testType="13cdc9d9-ddb5-4fa4-a97d-d965ccfc6d4b" outcome="Passed" testListId="8c84fa94-04c1-424b-9868-57a2d4851a1d" relativeResultsDirectory="b66fe09a-2ded-496b-9362-54cef675a9fe" />
    <UnitTestResult executionId="fe7e56a6-e19e-451e-b38e-181445d8d84f" testId="cf74b49c-405f-4fb8-0365-557db0945c60" testName="HavenOS.Forms.Tests.FormNativePublicationValidatorTests.Draft_structure_is_editable_but_publication_requires_actual_configured_capability(capability: &quot;theme&quot;)" computerName="runnervm8df0l" duration="00:00:00.0012993" startTime="2026-10-03T18:47:00.5684504+00:00" endTime="2026-10-03T18:47:00.5685303+00:00" testType="13cdc9d9-ddb5-4fa4-a97d-d965ccfc6d4b" outcome="Passed" testListId="8c84fa94-04c1-424b-9868-57a2d4851a1d" relativeResultsDirectory="fe7e56a6-e19e-451e-b38e-181445d8d84f" />
    <UnitTestResult executionId="5a2ef709-01a4-4979-9c70-b68b02545633" testId="3e9f7df1-7c81-dc0d-4675-7fb2b1f47ca2" testName="HavenOS.Forms.Tests.FormsCuiWorkspaceTests.Table_column_inspector_persists_typed_stable_columns_and_preserves_conflicted_drafts" computerName="runnervm8df0l" duration="00:00:00.0547042" startTime="2026-10-03T18:47:01.2584056+00:00" endTime="2026-10-03T18:47:01.3114657+00:00" testType="13cdc9d9-ddb5-4fa4-a97d-d965ccfc6d4b" outcome="Passed" testListId="8c84fa94-04c1-424b-9868-57a2d4851a1d" relativeResultsDirectory="5a2ef709-01a4-4979-9c70-b68b02545633" />
    <UnitTestResult executionId="5a8f6948-134b-46b9-90bf-8f2be60944c1" testId="ff33ef15-c0b6-af7a-4f84-6a81cd650118" testName="HavenOS.Forms.Tests.FormNativeResponseSurfaceTests.Native_answers_save_through_durable_owner_and_invalid_visible_draft_blocks_submission_after_partial_save" computerName="runnervm8df0l" duration="00:00:00.1548491" startTime="2026-10-03T18:47:02.6792169+00:00" endTime="2026-10-03T18:47:02.8321963+00:00" testType="13cdc9d9-ddb5-4fa4-a97d-d965ccfc6d4b" outcome="Passed" testListId="8c84fa94-04c1-424b-9868-57a2d4851a1d" relativeResultsDirectory="5a8f6948-134b-46b9-90bf-8f2be60944c1" />
    <UnitTestResult executionId="f095f128-8d41-4386-af45-da032de2446c" testId="60afd99a-6909-789a-c5c1-97fe101e7f4c" testName="HavenOS.Forms.Tests.FormNativePublicationValidatorTests.Draft_structure_is_editable_but_publication_requires_actual_configured_capability(capability: &quot;graph&quot;)" computerName="runnervm8df0l" duration="00:00:00.0016038" startTime="2026-10-03T18:47:00.5707660+00:00" endTime="2026-10-03T18:47:00.5708950+00:00" testType="13cdc9d9-ddb5-4fa4-a97d-d965ccfc6d4b" outcome="Passed" testListId="8c84fa94-04c1-424b-9868-57a2d4851a1d" relativeResultsDirectory="f095f128-8d41-4386-af45-da032de2446c" />
    <UnitTestResult executionId="ede61700-e5d0-4219-9687-eca3d38b7ece" testId="9e2857af-1443-4c50-f782-b2ba6bb77828" testName="HavenOS.Forms.Tests.FormNativeResponseSurfaceTests.Published_workspace_retry_opens_same_durable_response_and_real_native_answers_save" computerName="runnervm8df0l" duration="00:00:00.1165759" startTime="2026-10-03T18:47:02.5630549+00:00" endTime="2026-10-03T18:47:02.6768711+00:00" testType="13cdc9d9-ddb5-4fa4-a97d-d965ccfc6d4b" outcome="Passed" testListId="8c84fa94-04c1-424b-9868-57a2d4851a1d" relativeResultsDirectory="ede61700-e5d0-4219-9687-eca3d38b7ece" />
    <UnitTestResult executionId="280a2d29-83f0-41af-8d16-82407efa5924" testId="74fd53aa-df6a-b294-5e72-9059046ae567" testName="HavenOS.Forms.Tests.FormNativeHomePublicationResponseTests.Actual_Home_owned_native_publication_recovers_failed_mount_and_original_session_denies_revocation_or_root_replacement(replaceRoot: False)" computerName="runnervm8df0l" duration="00:00:00.1529558" startTime="2026-10-03T18:47:04.1241217+00:00" endTime="2026-10-03T18:47:04.2756218+00:00" testType="13cdc9d9-ddb5-4fa4-a97d-d965ccfc6d4b" outcome="Passed" testListId="8c84fa94-04c1-424b-9868-57a2d4851a1d" relativeResultsDirectory="280a2d29-83f0-41af-8d16-82407efa5924" />
    <UnitTestResult executionId="db1e749c-2013-4e25-bed4-56a7476d9b22" testId="96e191c1-aecf-b113-170e-852d23411e1c" testName="HavenOS.Forms.Tests.FormsCuiWorkspaceTests.Palette_and_choice_inspector_preserve_typed_ids_dirty_edits_and_immutable_publication" computerName="runnervm8df0l" duration="00:00:00.5316111" startTime="2026-10-03T18:47:00.6959406+00:00" endTime="2026-10-03T18:47:01.2044770+00:00" testType="13cdc9d9-ddb5-4fa4-a97d-d965ccfc6d4b" outcome="Passed" testListId="8c84fa94-04c1-424b-9868-57a2d4851a1d" relativeResultsDirectory="db1e749c-2013-4e25-bed4-56a7476d9b22" />
    <UnitTestResult executionId="88fcdb4c-a544-421c-ab4d-0c1d065b88ca" testId="1076f313-f711-dd73-9cd4-258f0408e4a4" testName="HavenOS.Forms.Tests.FormNativePreviewTests.Native_ranking_preserves_option_identity_order_and_blocks_empty_required_draft" computerName="runnervm8df0l" duration="00:00:00.0766329" startTime="2026-10-03T18:47:03.3619966+00:00" endTime="2026-10-03T18:47:03.4422899+00:00" testType="13cdc9d9-ddb5-4fa4-a97d-d965ccfc6d4b" outcome="Passed" testListId="8c84fa94-04c1-424b-9868-57a2d4851a1d" relativeResultsDirectory="88fcdb4c-a544-421c-ab4d-0c1d065b88ca" />
    <UnitTestResult executionId="d9500428-bb3b-4b3b-82e3-d730b4efdcef" testId="9668327a-ec90-4f46-5c0d-add5c001b3df" testName="HavenOS.Forms.Tests.FormNativePreviewTests.Clearing_optional_typed_native_input_removes_prior_value_without_stale_submission(kind: Time, valid: &quot;12:30:00&quot;)" computerName="runnervm8df0l" duration="00:00:00.0174786" startTime="2026-10-03T18:47:03.3266155+00:00" endTime="2026-10-03T18:47:03.3428205+00:00" testType="13cdc9d9-ddb5-4fa4-a97d-d965ccfc6d4b" outcome="Passed" testListId="8c84fa94-04c1-424b-9868-57a2d4851a1d" relativeResultsDirectory="d9500428-bb3b-4b3b-82e3-d730b4efdcef" />
    <UnitTestResult executionId="4db01977-6e48-4ec0-a92d-691f23bda001" testId="3bcfbd51-673f-dd56-ceba-08eac7480ea7" testName="HavenOS.Forms.Tests.FormNativePreviewTests.Invalid_visible_numeric_text_cannot_submit_last_valid_value(kind: Currency)" computerName="runnervm8df0l" duration="00:00:00.0208993" startTime="2026-10-03T18:47:03.5741554+00:00" endTime="2026-10-03T18:47:03.5932672+00:00" testType="13cdc9d9-ddb5-4fa4-a97d-d965ccfc6d4b" outcome="Passed" testListId="8c84fa94-04c1-424b-9868-57a2d4851a1d" relativeResultsDirectory="4db01977-6e48-4ec0-a92d-691f23bda001" />
    <UnitTestResult executionId="f2787ea1-eb92-44fa-9843-f3acec231b72" testId="d04d98d3-42a2-5965-a3a4-fe755a8f44cc" testName="HavenOS.Forms.Tests.FormNativePublicationValidatorTests.Draft_structure_is_editable_but_publication_requires_actual_configured_capability(capability: &quot;renderer&quot;)" computerName="runnervm8df0l" duration="00:00:00.0102622" startTime="2026-10-03T18:47:00.5621007+00:00" endTime="2026-10-03T18:47:00.5622322+00:00" testType="13cdc9d9-ddb5-4fa4-a97d-d965ccfc6d4b" outcome="Passed" testListId="8c84fa94-04c1-424b-9868-57a2d4851a1d" relativeResultsDirectory="f2787ea1-eb92-44fa-9843-f3acec231b72" />
    <UnitTestResult executionId="26bbf30c-e801-42d3-9979-8f86f2e6e87c" testId="e7eca5f4-36ae-048e-48ac-a669536e2836" testName="HavenOS.Forms.Tests.FormNativePreviewTests.Clearing_optional_typed_native_input_removes_prior_value_without_stale_submission(kind: DateTime, valid: &quot;2026-09-30T12:30:00.0000000+00:00&quot;)" computerName="runnervm8df0l" duration="00:00:00.0224866" startTime="2026-10-03T18:47:03.2439545+00:00" endTime="2026-10-03T18:47:03.2651468+00:00" testType="13cdc9d9-ddb5-4fa4-a97d-d965ccfc6d4b" outcome="Passed" testListId="8c84fa94-04c1-424b-9868-57a2d4851a1d" relativeResultsDirectory="26bbf30c-e801-42d3-9979-8f86f2e6e87c" />
    <UnitTestResult executionId="a56e9740-8666-49f3-8fab-ccdfe437d96a" testId="42501a38-92f1-e90b-07ea-0cffa57b6b94" testName="HavenOS.Forms.Tests.FormsCuiWorkspaceTests.Actual_native_publication_capabilities_preserve_advanced_draft_and_prior_active_version" computerName="runnervm8df0l" duration="00:00:00.0131403" startTime="2026-10-03T18:47:01.3678617+00:00" endTime="2026-10-03T18:47:01.3785527+00:00" testType="13cdc9d9-ddb5-4fa4-a97d-d965ccfc6d4b" outcome="Passed" testListId="8c84fa94-04c1-424b-9868-57a2d4851a1d" relativeResultsDirectory="a56e9740-8666-49f3-8fab-ccdfe437d96a" />
    <UnitTestResult executionId="9fd806c7-b5fb-441d-ac0e-c20a4b7359b4" testId="c20ed0ae-be98-fee1-f1e3-5dc2cd2b6bc6" testName="HavenOS.Forms.Tests.FormNativePreviewViewportTests.Actual_preview_columns_reflow_retained_canonical_fields_and_response_without_rebuilding_inputs" computerName="runnervm8df0l" duration="00:00:00.0395601" startTime="2026-10-03T18:47:03.1413987+00:00" endTime="2026-10-03T18:47:03.1787161+00:00" testType="13cdc9d9-ddb5-4fa4-a97d-d965ccfc6d4b" outcome="Passed" testListId="8c84fa94-04c1-424b-9868-57a2d4851a1d" relativeResultsDirectory="9fd806c7-b5fb-441d-ac0e-c20a4b7359b4" />
    <UnitTestResult executionId="4d6e2220-555e-457b-af3e-5d3c219f260d" testId="7e9a3cfa-da5a-9a77-bb84-a63fd63074d3" testName="HavenOS.Forms.Tests.FormNativePublicationValidatorTests.Draft_structure_is_editable_but_publication_requires_actual_configured_capability(capability: &quot;layout&quot;)" computerName="runnervm8df0l" duration="00:00:00.0016204" startTime="2026-10-03T18:47:00.5742366+00:00" endTime="2026-10-03T18:47:00.5743520+00:00" testType="13cdc9d9-ddb5-4fa4-a97d-d965ccfc6d4b" outcome="Passed" testListId="8c84fa94-04c1-424b-9868-57a2d4851a1d" relativeResultsDirectory="4d6e2220-555e-457b-af3e-5d3c219f260d" />
    <UnitTestResult executionId="73a39544-09b2-44cb-adf6-0aa3a8f5f49c" testId="7e35f574-9e05-2f24-4ebf-78ce2685c069" testName="HavenOS.Forms.Tests.FormNativeResponseSurfaceTests.Definition_and_scope_keep_published_schema_and_reject_old_authentication_before_response_operation" computerName="runnervm8df0l" duration="00:00:00.0523418" startTime="2026-10-03T18:47:02.9462288+00:00" endTime="2026-10-03T18:47:02.9967360+00:00" testType="13cdc9d9-ddb5-4fa4-a97d-d965ccfc6d4b" outcome="Passed" testListId="8c84fa94-04c1-424b-9868-57a2d4851a1d" relativeResultsDirectory="73a39544-09b2-44cb-adf6-0aa3a8f5f49c" />
    <UnitTestResult executionId="87dd41e5-e6ad-4d2a-a9d5-480f6853cf94" testId="57513024-f98d-9b0b-e22b-bcb2a50b8d96" testName="HavenOS.Forms.Tests.FormNativeResponseSurfaceTests.Native_conflict_retains_draft_until_explicit_reload_and_authentication_change_clears_surface_without_write" computerName="runnervm8df0l" duration="00:00:00.1111230" startTime="2026-10-03T18:47:02.8359012+00:00" endTime="2026-10-03T18:47:02.9437031+00:00" testType="13cdc9d9-ddb5-4fa4-a97d-d965ccfc6d4b" outcome="Passed" testListId="8c84fa94-04c1-424b-9868-57a2d4851a1d" relativeResultsDirectory="87dd41e5-e6ad-4d2a-a9d5-480f6853cf94" />
    <UnitTestResult executionId="9ddd0d14-b014-45f8-aa67-7de9752508e6" testId="23582dba-6529-ee2c-5d8c-77d6c6e8a5d8" testName="HavenOS.Forms.Tests.FormNativePublicationValidatorTests.Draft_structure_is_editable_but_publication_requires_actual_configured_capability(capability: &quot;audience&quot;)" computerName="runnervm8df0l" duration="00:00:00.0013992" startTime="2026-10-03T18:47:00.5655121+00:00" endTime="2026-10-03T18:47:00.5656293+00:00" testType="13cdc9d9-ddb5-4fa4-a97d-d965ccfc6d4b" outcome="Passed" testListId="8c84fa94-04c1-424b-9868-57a2d4851a1d" relativeResultsDirectory="9ddd0d14-b014-45f8-aa67-7de9752508e6" />
    <UnitTestResult executionId="fb75ae30-e79f-4a41-823e-4c3a74c591b0" testId="54ab800a-750b-a70d-bfde-004231df4cd4" testName="HavenOS.Forms.Tests.FormNativePreviewTests.Invalid_visible_numeric_text_cannot_submit_last_valid_value(kind: Rating)" computerName="runnervm8df0l" duration="00:00:00.0205718" startTime="2026-10-03T18:47:03.5948429+00:00" endTime="2026-10-03T18:47:03.6142712+00:00" testType="13cdc9d9-ddb5-4fa4-a97d-d965ccfc6d4b" outcome="Passed" testListId="8c84fa94-04c1-424b-9868-57a2d4851a1d" relativeResultsDirectory="fb75ae30-e79f-4a41-823e-4c3a74c591b0" />
    <UnitTestResult executionId="64e6ab0c-1886-4ca1-88ec-d260f1b9a1a0" testId="78c0bd87-82a3-369d-1900-6ac1a7eb96da" testName="HavenOS.Forms.Tests.FormNativePreviewViewportTests.Actual_window_width_reflows_visible_fields_in_order_and_quiz_advance_reserves_no_hidden_slots(mode: Form)" computerName="runnervm8df0l" duration="00:00:00.0523891" startTime="2026-10-03T18:47:03.0880194+00:00" endTime="2026-10-03T18:47:03.1386513+00:00" testType="13cdc9d9-ddb5-4fa4-a97d-d965ccfc6d4b" outcome="Passed" testListId="8c84fa94-04c1-424b-9868-57a2d4851a1d" relativeResultsDirectory="64e6ab0c-1886-4ca1-88ec-d260f1b9a1a0" />
    <UnitTestResult executionId="c54f531b-ced1-4a0a-8dec-61101e7965db" testId="80b157cb-0a4c-0e9c-82e0-e015c2aa5d72" testName="HavenOS.Forms.Tests.FormNativePreviewTests.Clearing_optional_typed_native_input_removes_prior_value_without_stale_submission(kind: Email, valid: &quot;person@example.test&quot;)" computerName="runnervm8df0l" duration="00:00:00.0593766" startTime="2026-10-03T18:47:03.2667180+00:00" endTime="2026-10-03T18:47:03.3249596+00:00" testType="13cdc9d9-ddb5-4fa4-a97d-d965ccfc6d4b" outcome="Passed" testListId="8c84fa94-04c1-424b-9868-57a2d4851a1d" relativeResultsDirectory="c54f531b-ced1-4a0a-8dec-61101e7965db" />
    <UnitTestResult executionId="b13c88c1-70ca-4808-b34f-73761a487d74" testId="d3c9f5dd-1539-cd0e-99f7-c838f0bce7ba" testName="HavenOS.Forms.Tests.FormNativePublicationValidatorTests.Typed_table_publishes_but_reference_column_requires_actual_Data_lookup" computerName="runnervm8df0l" duration="00:00:00.2684047" startTime="2026-10-03T18:47:00.3086079+00:00" endTime="2026-10-03T18:47:00.5342791+00:00" testType="13cdc9d9-ddb5-4fa4-a97d-d965ccfc6d4b" outcome="Passed" testListId="8c84fa94-04c1-424b-9868-57a2d4851a1d" relativeResultsDirectory="b13c88c1-70ca-4808-b34f-73761a487d74" />
    <UnitTestResult executionId="b168b486-cace-4bba-a4c6-33e2d5308098" testId="7650acf9-3fee-fc4e-0935-463e194e2b26" testName="HavenOS.Forms.Tests.FormNativePreviewTests.Native_table_edits_typed_cells_preserves_row_ids_and_blocks_stale_valid_submission" computerName="runnervm8df0l" duration="00:00:00.0802495" startTime="2026-10-03T18:47:03.4449624+00:00" endTime="2026-10-03T18:47:03.5202999+00:00" testType="13cdc9d9-ddb5-4fa4-a97d-d965ccfc6d4b" outcome="Passed" testListId="8c84fa94-04c1-424b-9868-57a2d4851a1d" relativeResultsDirectory="b168b486-cace-4bba-a4c6-33e2d5308098" />
    <UnitTestResult executionId="c1f8522e-216d-416d-8135-df075efd371d" testId="e3d016af-8633-f972-915b-afc5dde64ca4" testName="HavenOS.Forms.Tests.FormNativePreviewTests.Invalid_visible_numeric_text_cannot_submit_last_valid_value(kind: Number)" computerName="runnervm8df0l" duration="00:00:00.0248345" startTime="2026-10-03T18:47:03.5232975+00:00" endTime="2026-10-03T18:47:03.5455555+00:00" testType="13cdc9d9-ddb5-4fa4-a97d-d965ccfc6d4b" outcome="Passed" testListId="8c84fa94-04c1-424b-9868-57a2d4851a1d" relativeResultsDirectory="c1f8522e-216d-416d-8135-df075efd371d" />
    <UnitTestResult executionId="1b2d66ce-378a-440b-b0e8-8a2fc5ca2c2d" testId="1e595f80-71f4-ab29-eb5e-f6a9afcb5a86" testName="HavenOS.Forms.Tests.FormNativePreviewTests.Clearing_optional_typed_native_input_removes_prior_value_without_stale_submission(kind: Date, valid: &quot;2026-09-30&quot;)" computerName="runnervm8df0l" duration="00:00:00.0167274" startTime="2026-10-03T18:47:03.3443033+00:00" endTime="2026-10-03T18:47:03.3599488+00:00" testType="13cdc9d9-ddb5-4fa4-a97d-d965ccfc6d4b" outcome="Passed" testListId="8c84fa94-04c1-424b-9868-57a2d4851a1d" relativeResultsDirectory="1b2d66ce-378a-440b-b0e8-8a2fc5ca2c2d" />
    <UnitTestResult executionId="c7a63826-153d-42d8-8463-1d3702c2e9c8" testId="25559fc0-1eac-7e81-03a7-d94baf0d951f" testName="HavenOS.Forms.Tests.FormsCuiWorkspaceTests.Owning_builder_saves_and_moves_canonical_field_then_reopens_immutable_publication_and_preserves_dirty_edit_on_conflict" computerName="runnervm8df0l" duration="00:00:00.0529524" startTime="2026-10-03T18:47:01.3146965+00:00" endTime="2026-10-03T18:47:01.3649273+00:00" testType="13cdc9d9-ddb5-4fa4-a97d-d965ccfc6d4b" outcome="Passed" testListId="8c84fa94-04c1-424b-9868-57a2d4851a1d" relativeResultsDirectory="c7a63826-153d-42d8-8463-1d3702c2e9c8" />
    <UnitTestResult executionId="ffdea7fa-82c5-4067-8ea2-3517efef34ae" testId="b6cd7f6a-c618-b0fc-1934-cefa2565e5b3" testName="HavenOS.Forms.Tests.FormNativePreviewTests.Actual_native_quiz_fields_keep_option_identity_question_release_and_detached_control_isolation" computerName="runnervm8df0l" duration="00:00:00.0505758" startTime="2026-10-03T18:47:03.7078417+00:00" endTime="2026-10-03T18:47:03.7580051+00:00" testType="13cdc9d9-ddb5-4fa4-a97d-d965ccfc6d4b" outcome="Passed" testListId="8c84fa94-04c1-424b-9868-57a2d4851a1d" relativeResultsDirectory="ffdea7fa-82c5-4067-8ea2-3517efef34ae" />
    <UnitTestResult executionId="b41359d1-9ea0-4a16-a270-fd740ec51cd5" testId="a9da52de-41c0-5752-a1e9-ced5943df957" testName="HavenOS.Forms.Tests.FormNativePreviewTests.Clearing_optional_typed_native_input_removes_prior_value_without_stale_submission(kind: Duration, valid: &quot;00:00:01&quot;)" computerName="runnervm8df0l" duration="00:00:00.0310413" startTime="2026-10-03T18:47:03.2122097+00:00" endTime="2026-10-03T18:47:03.2422659+00:00" testType="13cdc9d9-ddb5-4fa4-a97d-d965ccfc6d4b" outcome="Passed" testListId="8c84fa94-04c1-424b-9868-57a2d4851a1d" relativeResultsDirectory="b41359d1-9ea0-4a16-a270-fd740ec51cd5" />
    <UnitTestResult executionId="68fbedad-a286-492d-baa7-8204ace49405" testId="11dc1c60-e61e-5a8f-77f4-eec6602b1358" testName="HavenOS.Forms.Tests.FormNativePreviewTests.Actual_native_set_choices_validate_required_answers_and_mark_stable_ids(kind: CheckboxSet)" computerName="runnervm8df0l" duration="00:00:00.0260984" startTime="2026-10-03T18:47:03.6805381+00:00" endTime="2026-10-03T18:47:03.7052645+00:00" testType="13cdc9d9-ddb5-4fa4-a97d-d965ccfc6d4b" outcome="Passed" testListId="8c84fa94-04c1-424b-9868-57a2d4851a1d" relativeResultsDirectory="68fbedad-a286-492d-baa7-8204ace49405" />
    <UnitTestResult executionId="5223f5e5-06e9-4d82-8fe3-cd15004b250f" testId="dcb677e7-0a98-d369-6c36-c141d173b007" testName="HavenOS.Forms.Tests.FormNativeResponseSurfaceTests.Published_native_columns_reflow_same_inputs_without_saving_draft_then_submit_through_actual_store" computerName="runnervm8df0l" duration="00:00:00.2316750" startTime="2026-10-03T18:47:02.3301723+00:00" endTime="2026-10-03T18:47:02.5597744+00:00" testType="13cdc9d9-ddb5-4fa4-a97d-d965ccfc6d4b" outcome="Passed" testListId="8c84fa94-04c1-424b-9868-57a2d4851a1d" relativeResultsDirectory="5223f5e5-06e9-4d82-8fe3-cd15004b250f" />
    <UnitTestResult executionId="92e84cf5-bb80-4396-b59c-c19bf847417b" testId="799b8a62-bfde-e667-941e-5e4a2513e370" testName="HavenOS.Forms.Tests.FormsCuiWorkspaceTests.Fixed_row_authoring_keeps_stable_ids_and_published_rows_when_draft_changes" computerName="runnervm8df0l" duration="00:00:00.0421264" startTime="2026-10-03T18:47:01.3811642+00:00" endTime="2026-10-03T18:47:01.4213130+00:00" testType="13cdc9d9-ddb5-4fa4-a97d-d965ccfc6d4b" outcome="Passed" testListId="8c84fa94-04c1-424b-9868-57a2d4851a1d" relativeResultsDirectory="92e84cf5-bb80-4396-b59c-c19bf847417b" />
    <UnitTestResult executionId="f1cd2030-bca5-4726-b822-40d50cfce7c3" testId="765af36c-6225-c7d4-0bec-b3173cb4d1c8" testName="HavenOS.Forms.Tests.FormNativePreviewTests.Actual_native_set_choices_validate_required_answers_and_mark_stable_ids(kind: MultipleChoice)" computerName="runnervm8df0l" duration="00:00:00.0639211" startTime="2026-10-03T18:47:03.6159810+00:00" endTime="2026-10-03T18:47:03.6787190+00:00" testType="13cdc9d9-ddb5-4fa4-a97d-d965ccfc6d4b" outcome="Passed" testListId="8c84fa94-04c1-424b-9868-57a2d4851a1d" relativeResultsDirectory="f1cd2030-bca5-4726-b822-40d50cfce7c3" />
    <UnitTestResult executionId="b13607a5-0945-4965-976c-7a900f3e6cf4" testId="20659dd9-9af0-c15d-4c6c-3a12e9c770b8" testName="HavenOS.Forms.Tests.FormNativePageOrderOwnerTests.Native_page_order_actions_preserve_ids_published_version_and_reject_stale_or_revoked_owner" computerName="runnervm8df0l" duration="00:00:00.4058999" startTime="2026-10-03T18:47:00.3062656+00:00" endTime="2026-10-03T18:47:00.6680395+00:00" testType="13cdc9d9-ddb5-4fa4-a97d-d965ccfc6d4b" outcome="Passed" testListId="8c84fa94-04c1-424b-9868-57a2d4851a1d" relativeResultsDirectory="b13607a5-0945-4965-976c-7a900f3e6cf4" />
    <UnitTestResult executionId="26737f51-f318-4f26-a413-2af491fc80c5" testId="3749d595-1364-9fea-df23-c75ae21e9c48" testName="HavenOS.Forms.Tests.FormNativePreviewViewportTests.Actual_native_viewport_switch_preserves_same_canonical_response_and_invalid_numeric_draft" computerName="runnervm8df0l" duration="00:00:00.0313698" startTime="2026-10-03T18:47:03.1831322+00:00" endTime="2026-10-03T18:47:03.2105130+00:00" testType="13cdc9d9-ddb5-4fa4-a97d-d965ccfc6d4b" outcome="Passed" testListId="8c84fa94-04c1-424b-9868-57a2d4851a1d" relativeResultsDirectory="26737f51-f318-4f26-a413-2af491fc80c5" />
    <UnitTestResult executionId="58aeccc4-c8dc-46fb-8c7a-ccdcfcd9a2b3" testId="32cb13a6-a3d6-eea2-ded0-e7c3e2e14a9c" testName="HavenOS.Forms.Tests.FormsCuiWorkspaceTests.Live_regex_tester_uses_runtime_semantics_without_changing_physical_form" computerName="runnervm8df0l" duration="00:00:00.0513066" startTime="2026-10-03T18:47:01.2080641+00:00" endTime="2026-10-03T18:47:01.2562724+00:00" testType="13cdc9d9-ddb5-4fa4-a97d-d965ccfc6d4b" outcome="Passed" testListId="8c84fa94-04c1-424b-9868-57a2d4851a1d" relativeResultsDirectory="58aeccc4-c8dc-46fb-8c7a-ccdcfcd9a2b3" />
    <UnitTestResult executionId="aa6faaa0-46ca-402b-8e8e-bd8981c02d6e" testId="7bdec99a-3222-7d04-87ca-05b1803d36e6" testName="HavenOS.Forms.Tests.FormNativePublicationValidatorTests.Draft_structure_is_editable_but_publication_requires_actual_configured_capability(capability: &quot;data&quot;)" computerName="runnervm8df0l" duration="00:00:00.0083392" startTime="2026-10-03T18:47:00.5779035+00:00" endTime="2026-10-03T18:47:00.5780015+00:00" testType="13cdc9d9-ddb5-4fa4-a97d-d965ccfc6d4b" outcome="Passed" testListId="8c84fa94-04c1-424b-9868-57a2d4851a1d" relativeResultsDirectory="aa6faaa0-46ca-402b-8e8e-bd8981c02d6e" />
    <UnitTestResult executionId="b5e2e1e1-577a-4aea-a5a1-b8769d89272a" testId="1973db37-6179-81ec-1662-89d8c12e1dc3" testName="HavenOS.Forms.Tests.FormsCuiWorkspaceTests.Row_limit_inspector_retains_invalid_and_conflicted_text_until_saved_or_discarded" computerName="runnervm8df0l" duration="00:00:00.0325456" startTime="2026-10-03T18:47:01.4243390+00:00" endTime="2026-10-03T18:47:01.4543960+00:00" testType="13cdc9d9-ddb5-4fa4-a97d-d965ccfc6d4b" outcome="Passed" testListId="8c84fa94-04c1-424b-9868-57a2d4851a1d" relativeResultsDirectory="b5e2e1e1-577a-4aea-a5a1-b8769d89272a" />
    <UnitTestResult executionId="9c71bfa4-e02c-4294-b569-9595607e44bc" testId="fe0572a9-dc56-ab7b-baee-f8311b6aada5" testName="HavenOS.Forms.Tests.FormNativePublicationValidatorTests.Draft_structure_is_editable_but_publication_requires_actual_configured_capability(capability: &quot;review&quot;)" computerName="runnervm8df0l" duration="00:00:00.0011466" startTime="2026-10-03T18:47:00.5813595+00:00" endTime="2026-10-03T18:47:00.5814253+00:00" testType="13cdc9d9-ddb5-4fa4-a97d-d965ccfc6d4b" outcome="Passed" testListId="8c84fa94-04c1-424b-9868-57a2d4851a1d" relativeResultsDirectory="9c71bfa4-e02c-4294-b569-9595607e44bc" />
    <UnitTestResult executionId="9b3a5542-3a48-4d25-81a8-8ed9646c863f" testId="72988e7b-2124-1027-ce94-375c21ac9487" testName="HavenOS.Forms.Tests.FormsCuiWorkspaceTests.Mounted_regex_inputs_refresh_live_results_and_preserve_invalid_pattern" computerName="runnervm8df0l" duration="00:00:00.8723893" startTime="2026-10-03T18:47:01.4588518+00:00" endTime="2026-10-03T18:47:02.3274628+00:00" testType="13cdc9d9-ddb5-4fa4-a97d-d965ccfc6d4b" outcome="Passed" testListId="8c84fa94-04c1-424b-9868-57a2d4851a1d" relativeResultsDirectory="9b3a5542-3a48-4d25-81a8-8ed9646c863f" />
    <UnitTestResult executionId="f34e4874-9184-4b30-8228-588057878a58" testId="875c688e-4374-7575-a122-8bab74650b4d" testName="HavenOS.Forms.Tests.FormNativePreviewViewportTests.Actual_window_width_reflows_visible_fields_in_order_and_quiz_advance_reserves_no_hidden_slots(mode: Quiz)" computerName="runnervm8df0l" duration="00:00:00.0883217" startTime="2026-10-03T18:47:03.0014811+00:00" endTime="2026-10-03T18:47:03.0858128+00:00" testType="13cdc9d9-ddb5-4fa4-a97d-d965ccfc6d4b" outcome="Passed" testListId="8c84fa94-04c1-424b-9868-57a2d4851a1d" relativeResultsDirectory="f34e4874-9184-4b30-8228-588057878a58" />
  </Results>
  <TestDefinitions>
    <UnitTest name="HavenOS.Forms.Tests.FormNativePublicationValidatorTests.Draft_structure_is_editable_but_publication_requires_actual_configured_capability(capability: &quot;review&quot;)" storage="/home/runner/work/9to1/9to1/artifacts/root14-managed-build/bin/havenos.forms.cui.tests/release_linux-x64/havenos.forms.cui.tests.dll" id="fe0572a9-dc56-ab7b-baee-f8311b6aada5">
      <Execution id="9c71bfa4-e02c-4294-b569-9595607e44bc" />
      <TestMethod codeBase="/home/runner/work/9to1/9to1/artifacts/root14-managed-build/bin/HavenOS.Forms.CUI.Tests/release_linux-x64/HavenOS.Forms.CUI.Tests.dll" adapterTypeName="executor://xunit/VsTestRunner3/netcore/" className="HavenOS.Forms.Tests.FormNativePublicationValidatorTests" name="Draft_structure_is_editable_but_publication_requires_actual_configured_capability" />
    </UnitTest>
    <UnitTest name="HavenOS.Forms.Tests.FormsCuiWorkspaceTests.Fixed_row_authoring_keeps_stable_ids_and_published_rows_when_draft_changes" storage="/home/runner/work/9to1/9to1/artifacts/root14-managed-build/bin/havenos.forms.cui.tests/release_linux-x64/havenos.forms.cui.tests.dll" id="799b8a62-bfde-e667-941e-5e4a2513e370">
      <Execution id="92e84cf5-bb80-4396-b59c-c19bf847417b" />
      <TestMethod codeBase="/home/runner/work/9to1/9to1/artifacts/root14-managed-build/bin/HavenOS.Forms.CUI.Tests/release_linux-x64/HavenOS.Forms.CUI.Tests.dll" adapterTypeName="executor://xunit/VsTestRunner3/netcore/" className="HavenOS.Forms.Tests.FormsCuiWorkspaceTests" name="Fixed_row_authoring_keeps_stable_ids_and_published_rows_when_draft_changes" />
    </UnitTest>
    <UnitTest name="HavenOS.Forms.Tests.FormNativePreviewTests.Clearing_optional_typed_native_input_removes_prior_value_without_stale_submission(kind: DateTime, valid: &quot;2026-09-30T12:30:00.0000000+00:00&quot;)" storage="/home/runner/work/9to1/9to1/artifacts/root14-managed-build/bin/havenos.forms.cui.tests/release_linux-x64/havenos.forms.cui.tests.dll" id="e7eca5f4-36ae-048e-48ac-a669536e2836">
      <Execution id="26bbf30c-e801-42d3-9979-8f86f2e6e87c" />
      <TestMethod codeBase="/home/runner/work/9to1/9to1/artifacts/root14-managed-build/bin/HavenOS.Forms.CUI.Tests/release_linux-x64/HavenOS.Forms.CUI.Tests.dll" adapterTypeName="executor://xunit/VsTestRunner3/netcore/" className="HavenOS.Forms.Tests.FormNativePreviewTests" name="Clearing_optional_typed_native_input_removes_prior_value_without_stale_submission" />
    </UnitTest>
    <UnitTest name="HavenOS.Forms.Tests.FormNativePreviewTests.Invalid_visible_numeric_text_cannot_submit_last_valid_value(kind: Currency)" storage="/home/runner/work/9to1/9to1/artifacts/root14-managed-build/bin/havenos.forms.cui.tests/release_linux-x64/havenos.forms.cui.tests.dll" id="3bcfbd51-673f-dd56-ceba-08eac7480ea7">
      <Execution id="4db01977-6e48-4ec0-a92d-691f23bda001" />
      <TestMethod codeBase="/home/runner/work/9to1/9to1/artifacts/root14-managed-build/bin/HavenOS.Forms.CUI.Tests/release_linux-x64/HavenOS.Forms.CUI.Tests.dll" adapterTypeName="executor://xunit/VsTestRunner3/netcore/" className="HavenOS.Forms.Tests.FormNativePreviewTests" name="Invalid_visible_numeric_text_cannot_submit_last_valid_value" />
    </UnitTest>
    <UnitTest name="HavenOS.Forms.Tests.FormNativePublicationValidatorTests.Draft_structure_is_editable_but_publication_requires_actual_configured_capability(capability: &quot;data&quot;)" storage="/home/runner/work/9to1/9to1/artifacts/root14-managed-build/bin/havenos.forms.cui.tests/release_linux-x64/havenos.forms.cui.tests.dll" id="7bdec99a-3222-7d04-87ca-05b1803d36e6">
      <Execution id="aa6faaa0-46ca-402b-8e8e-bd8981c02d6e" />
      <TestMethod codeBase="/home/runner/work/9to1/9to1/artifacts/root14-managed-build/bin/HavenOS.Forms.CUI.Tests/release_linux-x64/HavenOS.Forms.CUI.Tests.dll" adapterTypeName="executor://xunit/VsTestRunner3/netcore/" className="HavenOS.Forms.Tests.FormNativePublicationValidatorTests" name="Draft_structure_is_editable_but_publication_requires_actual_configured_capability" />
    </UnitTest>
    <UnitTest name="HavenOS.Forms.Tests.FormNativeResponseSurfaceTests.Definition_and_scope_keep_published_schema_and_reject_old_authentication_before_response_operation" storage="/home/runner/work/9to1/9to1/artifacts/root14-managed-build/bin/havenos.forms.cui.tests/release_linux-x64/havenos.forms.cui.tests.dll" id="7e35f574-9e05-2f24-4ebf-78ce2685c069">
      <Execution id="73a39544-09b2-44cb-adf6-0aa3a8f5f49c" />
      <TestMethod codeBase="/home/runner/work/9to1/9to1/artifacts/root14-managed-build/bin/HavenOS.Forms.CUI.Tests/release_linux-x64/HavenOS.Forms.CUI.Tests.dll" adapterTypeName="executor://xunit/VsTestRunner3/netcore/" className="HavenOS.Forms.Tests.FormNativeResponseSurfaceTests" name="Definition_and_scope_keep_published_schema_and_reject_old_authentication_before_response_operation" />
    </UnitTest>
    <UnitTest name="HavenOS.Forms.Tests.FormNativePreviewTests.Actual_native_quiz_fields_keep_option_identity_question_release_and_detached_control_isolation" storage="/home/runner/work/9to1/9to1/artifacts/root14-managed-build/bin/havenos.forms.cui.tests/release_linux-x64/havenos.forms.cui.tests.dll" id="b6cd7f6a-c618-b0fc-1934-cefa2565e5b3">
      <Execution id="ffdea7fa-82c5-4067-8ea2-3517efef34ae" />
      <TestMethod codeBase="/home/runner/work/9to1/9to1/artifacts/root14-managed-build/bin/HavenOS.Forms.CUI.Tests/release_linux-x64/HavenOS.Forms.CUI.Tests.dll" adapterTypeName="executor://xunit/VsTestRunner3/netcore/" className="HavenOS.Forms.Tests.FormNativePreviewTests" name="Actual_native_quiz_fields_keep_option_identity_question_release_and_detached_control_isolation" />
    </UnitTest>
    <UnitTest name="HavenOS.Forms.Tests.FormNativeResponseSurfaceTests.Published_native_columns_reflow_same_inputs_without_saving_draft_then_submit_through_actual_store" storage="/home/runner/work/9to1/9to1/artifacts/root14-managed-build/bin/havenos.forms.cui.tests/release_linux-x64/havenos.forms.cui.tests.dll" id="dcb677e7-0a98-d369-6c36-c141d173b007">
      <Execution id="5223f5e5-06e9-4d82-8fe3-cd15004b250f" />
      <TestMethod codeBase="/home/runner/work/9to1/9to1/artifacts/root14-managed-build/bin/HavenOS.Forms.CUI.Tests/release_linux-x64/HavenOS.Forms.CUI.Tests.dll" adapterTypeName="executor://xunit/VsTestRunner3/netcore/" className="HavenOS.Forms.Tests.FormNativeResponseSurfaceTests" name="Published_native_columns_reflow_same_inputs_without_saving_draft_then_submit_through_actual_store" />
    </UnitTest>
    <UnitTest name="HavenOS.Forms.Tests.FormNativePublicationValidatorTests.Draft_structure_is_editable_but_publication_requires_actual_configured_capability(capability: &quot;audience&quot;)" storage="/home/runner/work/9to1/9to1/artifacts/root14-managed-build/bin/havenos.forms.cui.tests/release_linux-x64/havenos.forms.cui.tests.dll" id="23582dba-6529-ee2c-5d8c-77d6c6e8a5d8">
      <Execution id="9ddd0d14-b014-45f8-aa67-7de9752508e6" />
      <TestMethod codeBase="/home/runner/work/9to1/9to1/artifacts/root14-managed-build/bin/HavenOS.Forms.CUI.Tests/release_linux-x64/HavenOS.Forms.CUI.Tests.dll" adapterTypeName="executor://xunit/VsTestRunner3/netcore/" className="HavenOS.Forms.Tests.FormNativePublicationValidatorTests" name="Draft_structure_is_editable_but_publication_requires_actual_configured_capability" />
    </UnitTest>
    <UnitTest name="HavenOS.Forms.Tests.FormNativePreviewTests.Clearing_optional_typed_native_input_removes_prior_value_without_stale_submission(kind: Time, valid: &quot;12:30:00&quot;)" storage="/home/runner/work/9to1/9to1/artifacts/root14-managed-build/bin/havenos.forms.cui.tests/release_linux-x64/havenos.forms.cui.tests.dll" id="9668327a-ec90-4f46-5c0d-add5c001b3df">
      <Execution id="d9500428-bb3b-4b3b-82e3-d730b4efdcef" />
      <TestMethod codeBase="/home/runner/work/9to1/9to1/artifacts/root14-managed-build/bin/HavenOS.Forms.CUI.Tests/release_linux-x64/HavenOS.Forms.CUI.Tests.dll" adapterTypeName="executor://xunit/VsTestRunner3/netcore/" className="HavenOS.Forms.Tests.FormNativePreviewTests" name="Clearing_optional_typed_native_input_removes_prior_value_without_stale_submission" />
    </UnitTest>
    <UnitTest name="HavenOS.Forms.Tests.FormNativePreviewTests.Invalid_visible_numeric_text_cannot_submit_last_valid_value(kind: Rating)" storage="/home/runner/work/9to1/9to1/artifacts/root14-managed-build/bin/havenos.forms.cui.tests/release_linux-x64/havenos.forms.cui.tests.dll" id="54ab800a-750b-a70d-bfde-004231df4cd4">
      <Execution id="fb75ae30-e79f-4a41-823e-4c3a74c591b0" />
      <TestMethod codeBase="/home/runner/work/9to1/9to1/artifacts/root14-managed-build/bin/HavenOS.Forms.CUI.Tests/release_linux-x64/HavenOS.Forms.CUI.Tests.dll" adapterTypeName="executor://xunit/VsTestRunner3/netcore/" className="HavenOS.Forms.Tests.FormNativePreviewTests" name="Invalid_visible_numeric_text_cannot_submit_last_valid_value" />
    </UnitTest>
    <UnitTest name="HavenOS.Forms.Tests.FormNativePreviewTests.Clearing_optional_typed_native_input_removes_prior_value_without_stale_submission(kind: Duration, valid: &quot;00:00:01&quot;)" storage="/home/runner/work/9to1/9to1/artifacts/root14-managed-build/bin/havenos.forms.cui.tests/release_linux-x64/havenos.forms.cui.tests.dll" id="a9da52de-41c0-5752-a1e9-ced5943df957">
      <Execution id="b41359d1-9ea0-4a16-a270-fd740ec51cd5" />
      <TestMethod codeBase="/home/runner/work/9to1/9to1/artifacts/root14-managed-build/bin/HavenOS.Forms.CUI.Tests/release_linux-x64/HavenOS.Forms.CUI.Tests.dll" adapterTypeName="executor://xunit/VsTestRunner3/netcore/" className="HavenOS.Forms.Tests.FormNativePreviewTests" name="Clearing_optional_typed_native_input_removes_prior_value_without_stale_submission" />
    </UnitTest>
    <UnitTest name="HavenOS.Forms.Tests.FormNativePreviewViewportTests.Actual_preview_columns_reflow_retained_canonical_fields_and_response_without_rebuilding_inputs" storage="/home/runner/work/9to1/9to1/artifacts/root14-managed-build/bin/havenos.forms.cui.tests/release_linux-x64/havenos.forms.cui.tests.dll" id="c20ed0ae-be98-fee1-f1e3-5dc2cd2b6bc6">
      <Execution id="9fd806c7-b5fb-441d-ac0e-c20a4b7359b4" />
      <TestMethod codeBase="/home/runner/work/9to1/9to1/artifacts/root14-managed-build/bin/HavenOS.Forms.CUI.Tests/release_linux-x64/HavenOS.Forms.CUI.Tests.dll" adapterTypeName="executor://xunit/VsTestRunner3/netcore/" className="HavenOS.Forms.Tests.FormNativePreviewViewportTests" name="Actual_preview_columns_reflow_retained_canonical_fields_and_response_without_rebuilding_inputs" />
    </UnitTest>
    <UnitTest name="HavenOS.Forms.Tests.FormsCuiWorkspaceTests.Row_limit_inspector_retains_invalid_and_conflicted_text_until_saved_or_discarded" storage="/home/runner/work/9to1/9to1/artifacts/root14-managed-build/bin/havenos.forms.cui.tests/release_linux-x64/havenos.forms.cui.tests.dll" id="1973db37-6179-81ec-1662-89d8c12e1dc3">
      <Execution id="b5e2e1e1-577a-4aea-a5a1-b8769d89272a" />
      <TestMethod codeBase="/home/runner/work/9to1/9to1/artifacts/root14-managed-build/bin/HavenOS.Forms.CUI.Tests/release_linux-x64/HavenOS.Forms.CUI.Tests.dll" adapterTypeName="executor://xunit/VsTestRunner3/netcore/" className="HavenOS.Forms.Tests.FormsCuiWorkspaceTests" name="Row_limit_inspector_retains_invalid_and_conflicted_text_until_saved_or_discarded" />
    </UnitTest>
    <UnitTest name="HavenOS.Forms.Tests.FormNativeResponseSurfaceTests.Native_answers_save_through_durable_owner_and_invalid_visible_draft_blocks_submission_after_partial_save" storage="/home/runner/work/9to1/9to1/artifacts/root14-managed-build/bin/havenos.forms.cui.tests/release_linux-x64/havenos.forms.cui.tests.dll" id="ff33ef15-c0b6-af7a-4f84-6a81cd650118">
      <Execution id="5a8f6948-134b-46b9-90bf-8f2be60944c1" />
      <TestMethod codeBase="/home/runner/work/9to1/9to1/artifacts/root14-managed-build/bin/HavenOS.Forms.CUI.Tests/release_linux-x64/HavenOS.Forms.CUI.Tests.dll" adapterTypeName="executor://xunit/VsTestRunner3/netcore/" className="HavenOS.Forms.Tests.FormNativeResponseSurfaceTests" name="Native_answers_save_through_durable_owner_and_invalid_visible_draft_blocks_submission_after_partial_save" />
    </UnitTest>
    <UnitTest name="HavenOS.Forms.Tests.FormsCuiWorkspaceTests.Owning_builder_saves_and_moves_canonical_field_then_reopens_immutable_publication_and_preserves_dirty_edit_on_conflict" storage="/home/runner/work/9to1/9to1/artifacts/root14-managed-build/bin/havenos.forms.cui.tests/release_linux-x64/havenos.forms.cui.tests.dll" id="25559fc0-1eac-7e81-03a7-d94baf0d951f">
      <Execution id="c7a63826-153d-42d8-8463-1d3702c2e9c8" />
      <TestMethod codeBase="/home/runner/work/9to1/9to1/artifacts/root14-managed-build/bin/HavenOS.Forms.CUI.Tests/release_linux-x64/HavenOS.Forms.CUI.Tests.dll" adapterTypeName="executor://xunit/VsTestRunner3/netcore/" className="HavenOS.Forms.Tests.FormsCuiWorkspaceTests" name="Owning_builder_saves_and_moves_canonical_field_then_reopens_immutable_publication_and_preserves_dirty_edit_on_conflict" />
    </UnitTest>
    <UnitTest name="HavenOS.Forms.Tests.FormNativePublicationValidatorTests.Draft_structure_is_editable_but_publication_requires_actual_configured_capability(capability: &quot;graph&quot;)" storage="/home/runner/work/9to1/9to1/artifacts/root14-managed-build/bin/havenos.forms.cui.tests/release_linux-x64/havenos.forms.cui.tests.dll" id="60afd99a-6909-789a-c5c1-97fe101e7f4c">
      <Execution id="f095f128-8d41-4386-af45-da032de2446c" />
      <TestMethod codeBase="/home/runner/work/9to1/9to1/artifacts/root14-managed-build/bin/HavenOS.Forms.CUI.Tests/release_linux-x64/HavenOS.Forms.CUI.Tests.dll" adapterTypeName="executor://xunit/VsTestRunner3/netcore/" className="HavenOS.Forms.Tests.FormNativePublicationValidatorTests" name="Draft_structure_is_editable_but_publication_requires_actual_configured_capability" />
    </UnitTest>
    <UnitTest name="HavenOS.Forms.Tests.FormNativePublicationValidatorTests.Draft_structure_is_editable_but_publication_requires_actual_configured_capability(capability: &quot;layout&quot;)" storage="/home/runner/work/9to1/9to1/artifacts/root14-managed-build/bin/havenos.forms.cui.tests/release_linux-x64/havenos.forms.cui.tests.dll" id="7e9a3cfa-da5a-9a77-bb84-a63fd63074d3">
      <Execution id="4d6e2220-555e-457b-af3e-5d3c219f260d" />
      <TestMethod codeBase="/home/runner/work/9to1/9to1/artifacts/root14-managed-build/bin/HavenOS.Forms.CUI.Tests/release_linux-x64/HavenOS.Forms.CUI.Tests.dll" adapterTypeName="executor://xunit/VsTestRunner3/netcore/" className="HavenOS.Forms.Tests.FormNativePublicationValidatorTests" name="Draft_structure_is_editable_but_publication_requires_actual_configured_capability" />
    </UnitTest>
    <UnitTest name="HavenOS.Forms.Tests.FormNativePreviewViewportTests.Actual_window_width_reflows_visible_fields_in_order_and_quiz_advance_reserves_no_hidden_slots(mode: Form)" storage="/home/runner/work/9to1/9to1/artifacts/root14-managed-build/bin/havenos.forms.cui.tests/release_linux-x64/havenos.forms.cui.tests.dll" id="78c0bd87-82a3-369d-1900-6ac1a7eb96da">
      <Execution id="64e6ab0c-1886-4ca1-88ec-d260f1b9a1a0" />
      <TestMethod codeBase="/home/runner/work/9to1/9to1/artifacts/root14-managed-build/bin/HavenOS.Forms.CUI.Tests/release_linux-x64/HavenOS.Forms.CUI.Tests.dll" adapterTypeName="executor://xunit/VsTestRunner3/netcore/" className="HavenOS.Forms.Tests.FormNativePreviewViewportTests" name="Actual_window_width_reflows_visible_fields_in_order_and_quiz_advance_reserves_no_hidden_slots" />
    </UnitTest>
    <UnitTest name="HavenOS.Forms.Tests.FormsCuiWorkspaceTests.Live_regex_tester_uses_runtime_semantics_without_changing_physical_form" storage="/home/runner/work/9to1/9to1/artifacts/root14-managed-build/bin/havenos.forms.cui.tests/release_linux-x64/havenos.forms.cui.tests.dll" id="32cb13a6-a3d6-eea2-ded0-e7c3e2e14a9c">
      <Execution id="58aeccc4-c8dc-46fb-8c7a-ccdcfcd9a2b3" />
      <TestMethod codeBase="/home/runner/work/9to1/9to1/artifacts/root14-managed-build/bin/HavenOS.Forms.CUI.Tests/release_linux-x64/HavenOS.Forms.CUI.Tests.dll" adapterTypeName="executor://xunit/VsTestRunner3/netcore/" className="HavenOS.Forms.Tests.FormsCuiWorkspaceTests" name="Live_regex_tester_uses_runtime_semantics_without_changing_physical_form" />
    </UnitTest>
    <UnitTest name="HavenOS.Forms.Tests.FormNativePreviewTests.Invalid_visible_numeric_text_cannot_submit_last_valid_value(kind: Decimal)" storage="/home/runner/work/9to1/9to1/artifacts/root14-managed-build/bin/havenos.forms.cui.tests/release_linux-x64/havenos.forms.cui.tests.dll" id="9228ceae-87f7-43a6-0684-c5b8d2021b0c">
      <Execution id="b66fe09a-2ded-496b-9362-54cef675a9fe" />
      <TestMethod codeBase="/home/runner/work/9to1/9to1/artifacts/root14-managed-build/bin/HavenOS.Forms.CUI.Tests/release_linux-x64/HavenOS.Forms.CUI.Tests.dll" adapterTypeName="executor://xunit/VsTestRunner3/netcore/" className="HavenOS.Forms.Tests.FormNativePreviewTests" name="Invalid_visible_numeric_text_cannot_submit_last_valid_value" />
    </UnitTest>
    <UnitTest name="HavenOS.Forms.Tests.FormNativePreviewTests.Native_table_edits_typed_cells_preserves_row_ids_and_blocks_stale_valid_submission" storage="/home/runner/work/9to1/9to1/artifacts/root14-managed-build/bin/havenos.forms.cui.tests/release_linux-x64/havenos.forms.cui.tests.dll" id="7650acf9-3fee-fc4e-0935-463e194e2b26">
      <Execution id="b168b486-cace-4bba-a4c6-33e2d5308098" />
      <TestMethod codeBase="/home/runner/work/9to1/9to1/artifacts/root14-managed-build/bin/HavenOS.Forms.CUI.Tests/release_linux-x64/HavenOS.Forms.CUI.Tests.dll" adapterTypeName="executor://xunit/VsTestRunner3/netcore/" className="HavenOS.Forms.Tests.FormNativePreviewTests" name="Native_table_edits_typed_cells_preserves_row_ids_and_blocks_stale_valid_submission" />
    </UnitTest>
    <UnitTest name="HavenOS.Forms.Tests.FormsCuiWorkspaceTests.Actual_native_publication_capabilities_preserve_advanced_draft_and_prior_active_version" storage="/home/runner/work/9to1/9to1/artifacts/root14-managed-build/bin/havenos.forms.cui.tests/release_linux-x64/havenos.forms.cui.tests.dll" id="42501a38-92f1-e90b-07ea-0cffa57b6b94">
      <Execution id="a56e9740-8666-49f3-8fab-ccdfe437d96a" />
      <TestMethod codeBase="/home/runner/work/9to1/9to1/artifacts/root14-managed-build/bin/HavenOS.Forms.CUI.Tests/release_linux-x64/HavenOS.Forms.CUI.Tests.dll" adapterTypeName="executor://xunit/VsTestRunner3/netcore/" className="HavenOS.Forms.Tests.FormsCuiWorkspaceTests" name="Actual_native_publication_capabilities_preserve_advanced_draft_and_prior_active_version" />
    </UnitTest>
    <UnitTest name="HavenOS.Forms.Tests.FormNativePreviewTests.Actual_native_set_choices_validate_required_answers_and_mark_stable_ids(kind: MultipleChoice)" storage="/home/runner/work/9to1/9to1/artifacts/root14-managed-build/bin/havenos.forms.cui.tests/release_linux-x64/havenos.forms.cui.tests.dll" id="765af36c-6225-c7d4-0bec-b3173cb4d1c8">
      <Execution id="f1cd2030-bca5-4726-b822-40d50cfce7c3" />
      <TestMethod codeBase="/home/runner/work/9to1/9to1/artifacts/root14-managed-build/bin/HavenOS.Forms.CUI.Tests/release_linux-x64/HavenOS.Forms.CUI.Tests.dll" adapterTypeName="executor://xunit/VsTestRunner3/netcore/" className="HavenOS.Forms.Tests.FormNativePreviewTests" name="Actual_native_set_choices_validate_required_answers_and_mark_stable_ids" />
    </UnitTest>
    <UnitTest name="HavenOS.Forms.Tests.FormNativePublicationValidatorTests.Draft_structure_is_editable_but_publication_requires_actual_configured_capability(capability: &quot;renderer&quot;)" storage="/home/runner/work/9to1/9to1/artifacts/root14-managed-build/bin/havenos.forms.cui.tests/release_linux-x64/havenos.forms.cui.tests.dll" id="d04d98d3-42a2-5965-a3a4-fe755a8f44cc">
      <Execution id="f2787ea1-eb92-44fa-9843-f3acec231b72" />
      <TestMethod codeBase="/home/runner/work/9to1/9to1/artifacts/root14-managed-build/bin/HavenOS.Forms.CUI.Tests/release_linux-x64/HavenOS.Forms.CUI.Tests.dll" adapterTypeName="executor://xunit/VsTestRunner3/netcore/" className="HavenOS.Forms.Tests.FormNativePublicationValidatorTests" name="Draft_structure_is_editable_but_publication_requires_actual_configured_capability" />
    </UnitTest>
    <UnitTest name="HavenOS.Forms.Tests.FormNativePreviewTests.Clearing_optional_typed_native_input_removes_prior_value_without_stale_submission(kind: Date, valid: &quot;2026-09-30&quot;)" storage="/home/runner/work/9to1/9to1/artifacts/root14-managed-build/bin/havenos.forms.cui.tests/release_linux-x64/havenos.forms.cui.tests.dll" id="1e595f80-71f4-ab29-eb5e-f6a9afcb5a86">
      <Execution id="1b2d66ce-378a-440b-b0e8-8a2fc5ca2c2d" />
      <TestMethod codeBase="/home/runner/work/9to1/9to1/artifacts/root14-managed-build/bin/HavenOS.Forms.CUI.Tests/release_linux-x64/HavenOS.Forms.CUI.Tests.dll" adapterTypeName="executor://xunit/VsTestRunner3/netcore/" className="HavenOS.Forms.Tests.FormNativePreviewTests" name="Clearing_optional_typed_native_input_removes_prior_value_without_stale_submission" />
    </UnitTest>
    <UnitTest name="HavenOS.Forms.Tests.FormNativePublicationValidatorTests.Draft_structure_is_editable_but_publication_requires_actual_configured_capability(capability: &quot;theme&quot;)" storage="/home/runner/work/9to1/9to1/artifacts/root14-managed-build/bin/havenos.forms.cui.tests/release_linux-x64/havenos.forms.cui.tests.dll" id="cf74b49c-405f-4fb8-0365-557db0945c60">
      <Execution id="fe7e56a6-e19e-451e-b38e-181445d8d84f" />
      <TestMethod codeBase="/home/runner/work/9to1/9to1/artifacts/root14-managed-build/bin/HavenOS.Forms.CUI.Tests/release_linux-x64/HavenOS.Forms.CUI.Tests.dll" adapterTypeName="executor://xunit/VsTestRunner3/netcore/" className="HavenOS.Forms.Tests.FormNativePublicationValidatorTests" name="Draft_structure_is_editable_but_publication_requires_actual_configured_capability" />
    </UnitTest>
    <UnitTest name="HavenOS.Forms.Tests.FormNativeHomePublicationResponseTests.Actual_Home_owned_native_publication_recovers_failed_mount_and_original_session_denies_revocation_or_root_replacement(replaceRoot: True)" storage="/home/runner/work/9to1/9to1/artifacts/root14-managed-build/bin/havenos.forms.cui.tests/release_linux-x64/havenos.forms.cui.tests.dll" id="1f730d52-9e4d-ed62-3af7-74c4b5642897">
      <Execution id="14b593db-2492-4ebe-b0af-18977b25719a" />
      <TestMethod codeBase="/home/runner/work/9to1/9to1/artifacts/root14-managed-build/bin/HavenOS.Forms.CUI.Tests/release_linux-x64/HavenOS.Forms.CUI.Tests.dll" adapterTypeName="executor://xunit/VsTestRunner3/netcore/" className="HavenOS.Forms.Tests.FormNativeHomePublicationResponseTests" name="Actual_Home_owned_native_publication_recovers_failed_mount_and_original_session_denies_revocation_or_root_replacement" />
    </UnitTest>
    <UnitTest name="HavenOS.Forms.Tests.FormsCuiWorkspaceTests.Palette_and_choice_inspector_preserve_typed_ids_dirty_edits_and_immutable_publication" storage="/home/runner/work/9to1/9to1/artifacts/root14-managed-build/bin/havenos.forms.cui.tests/release_linux-x64/havenos.forms.cui.tests.dll" id="96e191c1-aecf-b113-170e-852d23411e1c">
      <Execution id="db1e749c-2013-4e25-bed4-56a7476d9b22" />
      <TestMethod codeBase="/home/runner/work/9to1/9to1/artifacts/root14-managed-build/bin/HavenOS.Forms.CUI.Tests/release_linux-x64/HavenOS.Forms.CUI.Tests.dll" adapterTypeName="executor://xunit/VsTestRunner3/netcore/" className="HavenOS.Forms.Tests.FormsCuiWorkspaceTests" name="Palette_and_choice_inspector_preserve_typed_ids_dirty_edits_and_immutable_publication" />
    </UnitTest>
    <UnitTest name="HavenOS.Forms.Tests.FormNativeResponseSurfaceTests.Published_workspace_retry_opens_same_durable_response_and_real_native_answers_save" storage="/home/runner/work/9to1/9to1/artifacts/root14-managed-build/bin/havenos.forms.cui.tests/release_linux-x64/havenos.forms.cui.tests.dll" id="9e2857af-1443-4c50-f782-b2ba6bb77828">
      <Execution id="ede61700-e5d0-4219-9687-eca3d38b7ece" />
      <TestMethod codeBase="/home/runner/work/9to1/9to1/artifacts/root14-managed-build/bin/HavenOS.Forms.CUI.Tests/release_linux-x64/HavenOS.Forms.CUI.Tests.dll" adapterTypeName="executor://xunit/VsTestRunner3/netcore/" className="HavenOS.Forms.Tests.FormNativeResponseSurfaceTests" name="Published_workspace_retry_opens_same_durable_response_and_real_native_answers_save" />
    </UnitTest>
    <UnitTest name="HavenOS.Forms.Tests.FormNativePreviewTests.Clearing_optional_typed_native_input_removes_prior_value_without_stale_submission(kind: Email, valid: &quot;person@example.test&quot;)" storage="/home/runner/work/9to1/9to1/artifacts/root14-managed-build/bin/havenos.forms.cui.tests/release_linux-x64/havenos.forms.cui.tests.dll" id="80b157cb-0a4c-0e9c-82e0-e015c2aa5d72">
      <Execution id="c54f531b-ced1-4a0a-8dec-61101e7965db" />
      <TestMethod codeBase="/home/runner/work/9to1/9to1/artifacts/root14-managed-build/bin/HavenOS.Forms.CUI.Tests/release_linux-x64/HavenOS.Forms.CUI.Tests.dll" adapterTypeName="executor://xunit/VsTestRunner3/netcore/" className="HavenOS.Forms.Tests.FormNativePreviewTests" name="Clearing_optional_typed_native_input_removes_prior_value_without_stale_submission" />
    </UnitTest>
    <UnitTest name="HavenOS.Forms.Tests.FormNativeHomePublicationResponseTests.Actual_Home_owned_native_publication_recovers_failed_mount_and_original_session_denies_revocation_or_root_replacement(replaceRoot: False)" storage="/home/runner/work/9to1/9to1/artifacts/root14-managed-build/bin/havenos.forms.cui.tests/release_linux-x64/havenos.forms.cui.tests.dll" id="74fd53aa-df6a-b294-5e72-9059046ae567">
      <Execution id="280a2d29-83f0-41af-8d16-82407efa5924" />
      <TestMethod codeBase="/home/runner/work/9to1/9to1/artifacts/root14-managed-build/bin/HavenOS.Forms.CUI.Tests/release_linux-x64/HavenOS.Forms.CUI.Tests.dll" adapterTypeName="executor://xunit/VsTestRunner3/netcore/" className="HavenOS.Forms.Tests.FormNativeHomePublicationResponseTests" name="Actual_Home_owned_native_publication_recovers_failed_mount_and_original_session_denies_revocation_or_root_replacement" />
    </UnitTest>
    <UnitTest name="HavenOS.Forms.Tests.FormNativePreviewTests.Invalid_visible_numeric_text_cannot_submit_last_valid_value(kind: Number)" storage="/home/runner/work/9to1/9to1/artifacts/root14-managed-build/bin/havenos.forms.cui.tests/release_linux-x64/havenos.forms.cui.tests.dll" id="e3d016af-8633-f972-915b-afc5dde64ca4">
      <Execution id="c1f8522e-216d-416d-8135-df075efd371d" />
      <TestMethod codeBase="/home/runner/work/9to1/9to1/artifacts/root14-managed-build/bin/HavenOS.Forms.CUI.Tests/release_linux-x64/HavenOS.Forms.CUI.Tests.dll" adapterTypeName="executor://xunit/VsTestRunner3/netcore/" className="HavenOS.Forms.Tests.FormNativePreviewTests" name="Invalid_visible_numeric_text_cannot_submit_last_valid_value" />
    </UnitTest>
    <UnitTest name="HavenOS.Forms.Tests.FormNativePageOrderOwnerTests.Native_page_order_actions_preserve_ids_published_version_and_reject_stale_or_revoked_owner" storage="/home/runner/work/9to1/9to1/artifacts/root14-managed-build/bin/havenos.forms.cui.tests/release_linux-x64/havenos.forms.cui.tests.dll" id="20659dd9-9af0-c15d-4c6c-3a12e9c770b8">
      <Execution id="b13607a5-0945-4965-976c-7a900f3e6cf4" />
      <TestMethod codeBase="/home/runner/work/9to1/9to1/artifacts/root14-managed-build/bin/HavenOS.Forms.CUI.Tests/release_linux-x64/HavenOS.Forms.CUI.Tests.dll" adapterTypeName="executor://xunit/VsTestRunner3/netcore/" className="HavenOS.Forms.Tests.FormNativePageOrderOwnerTests" name="Native_page_order_actions_preserve_ids_published_version_and_reject_stale_or_revoked_owner" />
    </UnitTest>
    <UnitTest name="HavenOS.Forms.Tests.FormsCuiWorkspaceTests.Mounted_regex_inputs_refresh_live_results_and_preserve_invalid_pattern" storage="/home/runner/work/9to1/9to1/artifacts/root14-managed-build/bin/havenos.forms.cui.tests/release_linux-x64/havenos.forms.cui.tests.dll" id="72988e7b-2124-1027-ce94-375c21ac9487">
      <Execution id="9b3a5542-3a48-4d25-81a8-8ed9646c863f" />
      <TestMethod codeBase="/home/runner/work/9to1/9to1/artifacts/root14-managed-build/bin/HavenOS.Forms.CUI.Tests/release_linux-x64/HavenOS.Forms.CUI.Tests.dll" adapterTypeName="executor://xunit/VsTestRunner3/netcore/" className="HavenOS.Forms.Tests.FormsCuiWorkspaceTests" name="Mounted_regex_inputs_refresh_live_results_and_preserve_invalid_pattern" />
    </UnitTest>
    <UnitTest name="HavenOS.Forms.Tests.FormsCuiWorkspaceTests.Table_column_inspector_persists_typed_stable_columns_and_preserves_conflicted_drafts" storage="/home/runner/work/9to1/9to1/artifacts/root14-managed-build/bin/havenos.forms.cui.tests/release_linux-x64/havenos.forms.cui.tests.dll" id="3e9f7df1-7c81-dc0d-4675-7fb2b1f47ca2">
      <Execution id="5a2ef709-01a4-4979-9c70-b68b02545633" />
      <TestMethod codeBase="/home/runner/work/9to1/9to1/artifacts/root14-managed-build/bin/HavenOS.Forms.CUI.Tests/release_linux-x64/HavenOS.Forms.CUI.Tests.dll" adapterTypeName="executor://xunit/VsTestRunner3/netcore/" className="HavenOS.Forms.Tests.FormsCuiWorkspaceTests" name="Table_column_inspector_persists_typed_stable_columns_and_preserves_conflicted_drafts" />
    </UnitTest>
    <UnitTest name="HavenOS.Forms.Tests.FormNativePreviewTests.Actual_native_set_choices_validate_required_answers_and_mark_stable_ids(kind: CheckboxSet)" storage="/home/runner/work/9to1/9to1/artifacts/root14-managed-build/bin/havenos.forms.cui.tests/release_linux-x64/havenos.forms.cui.tests.dll" id="11dc1c60-e61e-5a8f-77f4-eec6602b1358">
      <Execution id="68fbedad-a286-492d-baa7-8204ace49405" />
      <TestMethod codeBase="/home/runner/work/9to1/9to1/artifacts/root14-managed-build/bin/HavenOS.Forms.CUI.Tests/release_linux-x64/HavenOS.Forms.CUI.Tests.dll" adapterTypeName="executor://xunit/VsTestRunner3/netcore/" className="HavenOS.Forms.Tests.FormNativePreviewTests" name="Actual_native_set_choices_validate_required_answers_and_mark_stable_ids" />
    </UnitTest>
    <UnitTest name="HavenOS.Forms.Tests.FormNativeResponseSurfaceTests.Native_conflict_retains_draft_until_explicit_reload_and_authentication_change_clears_surface_without_write" storage="/home/runner/work/9to1/9to1/artifacts/root14-managed-build/bin/havenos.forms.cui.tests/release_linux-x64/havenos.forms.cui.tests.dll" id="57513024-f98d-9b0b-e22b-bcb2a50b8d96">
      <Execution id="87dd41e5-e6ad-4d2a-a9d5-480f6853cf94" />
      <TestMethod codeBase="/home/runner/work/9to1/9to1/artifacts/root14-managed-build/bin/HavenOS.Forms.CUI.Tests/release_linux-x64/HavenOS.Forms.CUI.Tests.dll" adapterTypeName="executor://xunit/VsTestRunner3/netcore/" className="HavenOS.Forms.Tests.FormNativeResponseSurfaceTests" name="Native_conflict_retains_draft_until_explicit_reload_and_authentication_change_clears_surface_without_write" />
    </UnitTest>
    <UnitTest name="HavenOS.Forms.Tests.FormNativePreviewViewportTests.Actual_native_viewport_switch_preserves_same_canonical_response_and_invalid_numeric_draft" storage="/home/runner/work/9to1/9to1/artifacts/root14-managed-build/bin/havenos.forms.cui.tests/release_linux-x64/havenos.forms.cui.tests.dll" id="3749d595-1364-9fea-df23-c75ae21e9c48">
      <Execution id="26737f51-f318-4f26-a413-2af491fc80c5" />
      <TestMethod codeBase="/home/runner/work/9to1/9to1/artifacts/root14-managed-build/bin/HavenOS.Forms.CUI.Tests/release_linux-x64/HavenOS.Forms.CUI.Tests.dll" adapterTypeName="executor://xunit/VsTestRunner3/netcore/" className="HavenOS.Forms.Tests.FormNativePreviewViewportTests" name="Actual_native_viewport_switch_preserves_same_canonical_response_and_invalid_numeric_draft" />
    </UnitTest>
    <UnitTest name="HavenOS.Forms.Tests.FormNativePreviewTests.Native_ranking_preserves_option_identity_order_and_blocks_empty_required_draft" storage="/home/runner/work/9to1/9to1/artifacts/root14-managed-build/bin/havenos.forms.cui.tests/release_linux-x64/havenos.forms.cui.tests.dll" id="1076f313-f711-dd73-9cd4-258f0408e4a4">
      <Execution id="88fcdb4c-a544-421c-ab4d-0c1d065b88ca" />
      <TestMethod codeBase="/home/runner/work/9to1/9to1/artifacts/root14-managed-build/bin/HavenOS.Forms.CUI.Tests/release_linux-x64/HavenOS.Forms.CUI.Tests.dll" adapterTypeName="executor://xunit/VsTestRunner3/netcore/" className="HavenOS.Forms.Tests.FormNativePreviewTests" name="Native_ranking_preserves_option_identity_order_and_blocks_empty_required_draft" />
    </UnitTest>
    <UnitTest name="HavenOS.Forms.Tests.FormNativePreviewViewportTests.Actual_window_width_reflows_visible_fields_in_order_and_quiz_advance_reserves_no_hidden_slots(mode: Quiz)" storage="/home/runner/work/9to1/9to1/artifacts/root14-managed-build/bin/havenos.forms.cui.tests/release_linux-x64/havenos.forms.cui.tests.dll" id="875c688e-4374-7575-a122-8bab74650b4d">
      <Execution id="f34e4874-9184-4b30-8228-588057878a58" />
      <TestMethod codeBase="/home/runner/work/9to1/9to1/artifacts/root14-managed-build/bin/HavenOS.Forms.CUI.Tests/release_linux-x64/HavenOS.Forms.CUI.Tests.dll" adapterTypeName="executor://xunit/VsTestRunner3/netcore/" className="HavenOS.Forms.Tests.FormNativePreviewViewportTests" name="Actual_window_width_reflows_visible_fields_in_order_and_quiz_advance_reserves_no_hidden_slots" />
    </UnitTest>
    <UnitTest name="HavenOS.Forms.Tests.FormNativePublicationValidatorTests.Typed_table_publishes_but_reference_column_requires_actual_Data_lookup" storage="/home/runner/work/9to1/9to1/artifacts/root14-managed-build/bin/havenos.forms.cui.tests/release_linux-x64/havenos.forms.cui.tests.dll" id="d3c9f5dd-1539-cd0e-99f7-c838f0bce7ba">
      <Execution id="b13c88c1-70ca-4808-b34f-73761a487d74" />
      <TestMethod codeBase="/home/runner/work/9to1/9to1/artifacts/root14-managed-build/bin/HavenOS.Forms.CUI.Tests/release_linux-x64/HavenOS.Forms.CUI.Tests.dll" adapterTypeName="executor://xunit/VsTestRunner3/netcore/" className="HavenOS.Forms.Tests.FormNativePublicationValidatorTests" name="Typed_table_publishes_but_reference_column_requires_actual_Data_lookup" />
    </UnitTest>
  </TestDefinitions>
  <TestEntries>
    <TestEntry testId="1f730d52-9e4d-ed62-3af7-74c4b5642897" executionId="14b593db-2492-4ebe-b0af-18977b25719a" testListId="8c84fa94-04c1-424b-9868-57a2d4851a1d" />
    <TestEntry testId="9228ceae-87f7-43a6-0684-c5b8d2021b0c" executionId="b66fe09a-2ded-496b-9362-54cef675a9fe" testListId="8c84fa94-04c1-424b-9868-57a2d4851a1d" />
    <TestEntry testId="cf74b49c-405f-4fb8-0365-557db0945c60" executionId="fe7e56a6-e19e-451e-b38e-181445d8d84f" testListId="8c84fa94-04c1-424b-9868-57a2d4851a1d" />
    <TestEntry testId="3e9f7df1-7c81-dc0d-4675-7fb2b1f47ca2" executionId="5a2ef709-01a4-4979-9c70-b68b02545633" testListId="8c84fa94-04c1-424b-9868-57a2d4851a1d" />
    <TestEntry testId="ff33ef15-c0b6-af7a-4f84-6a81cd650118" executionId="5a8f6948-134b-46b9-90bf-8f2be60944c1" testListId="8c84fa94-04c1-424b-9868-57a2d4851a1d" />
    <TestEntry testId="60afd99a-6909-789a-c5c1-97fe101e7f4c" executionId="f095f128-8d41-4386-af45-da032de2446c" testListId="8c84fa94-04c1-424b-9868-57a2d4851a1d" />
    <TestEntry testId="9e2857af-1443-4c50-f782-b2ba6bb77828" executionId="ede61700-e5d0-4219-9687-eca3d38b7ece" testListId="8c84fa94-04c1-424b-9868-57a2d4851a1d" />
    <TestEntry testId="74fd53aa-df6a-b294-5e72-9059046ae567" executionId="280a2d29-83f0-41af-8d16-82407efa5924" testListId="8c84fa94-04c1-424b-9868-57a2d4851a1d" />
    <TestEntry testId="96e191c1-aecf-b113-170e-852d23411e1c" executionId="db1e749c-2013-4e25-bed4-56a7476d9b22" testListId="8c84fa94-04c1-424b-9868-57a2d4851a1d" />
    <TestEntry testId="1076f313-f711-dd73-9cd4-258f0408e4a4" executionId="88fcdb4c-a544-421c-ab4d-0c1d065b88ca" testListId="8c84fa94-04c1-424b-9868-57a2d4851a1d" />
    <TestEntry testId="9668327a-ec90-4f46-5c0d-add5c001b3df" executionId="d9500428-bb3b-4b3b-82e3-d730b4efdcef" testListId="8c84fa94-04c1-424b-9868-57a2d4851a1d" />
    <TestEntry testId="3bcfbd51-673f-dd56-ceba-08eac7480ea7" executionId="4db01977-6e48-4ec0-a92d-691f23bda001" testListId="8c84fa94-04c1-424b-9868-57a2d4851a1d" />
    <TestEntry testId="d04d98d3-42a2-5965-a3a4-fe755a8f44cc" executionId="f2787ea1-eb92-44fa-9843-f3acec231b72" testListId="8c84fa94-04c1-424b-9868-57a2d4851a1d" />
    <TestEntry testId="e7eca5f4-36ae-048e-48ac-a669536e2836" executionId="26bbf30c-e801-42d3-9979-8f86f2e6e87c" testListId="8c84fa94-04c1-424b-9868-57a2d4851a1d" />
    <TestEntry testId="42501a38-92f1-e90b-07ea-0cffa57b6b94" executionId="a56e9740-8666-49f3-8fab-ccdfe437d96a" testListId="8c84fa94-04c1-424b-9868-57a2d4851a1d" />
    <TestEntry testId="c20ed0ae-be98-fee1-f1e3-5dc2cd2b6bc6" executionId="9fd806c7-b5fb-441d-ac0e-c20a4b7359b4" testListId="8c84fa94-04c1-424b-9868-57a2d4851a1d" />
    <TestEntry testId="7e9a3cfa-da5a-9a77-bb84-a63fd63074d3" executionId="4d6e2220-555e-457b-af3e-5d3c219f260d" testListId="8c84fa94-04c1-424b-9868-57a2d4851a1d" />
    <TestEntry testId="7e35f574-9e05-2f24-4ebf-78ce2685c069" executionId="73a39544-09b2-44cb-adf6-0aa3a8f5f49c" testListId="8c84fa94-04c1-424b-9868-57a2d4851a1d" />
    <TestEntry testId="57513024-f98d-9b0b-e22b-bcb2a50b8d96" executionId="87dd41e5-e6ad-4d2a-a9d5-480f6853cf94" testListId="8c84fa94-04c1-424b-9868-57a2d4851a1d" />
    <TestEntry testId="23582dba-6529-ee2c-5d8c-77d6c6e8a5d8" executionId="9ddd0d14-b014-45f8-aa67-7de9752508e6" testListId="8c84fa94-04c1-424b-9868-57a2d4851a1d" />
    <TestEntry testId="54ab800a-750b-a70d-bfde-004231df4cd4" executionId="fb75ae30-e79f-4a41-823e-4c3a74c591b0" testListId="8c84fa94-04c1-424b-9868-57a2d4851a1d" />
    <TestEntry testId="78c0bd87-82a3-369d-1900-6ac1a7eb96da" executionId="64e6ab0c-1886-4ca1-88ec-d260f1b9a1a0" testListId="8c84fa94-04c1-424b-9868-57a2d4851a1d" />
    <TestEntry testId="80b157cb-0a4c-0e9c-82e0-e015c2aa5d72" executionId="c54f531b-ced1-4a0a-8dec-61101e7965db" testListId="8c84fa94-04c1-424b-9868-57a2d4851a1d" />
    <TestEntry testId="d3c9f5dd-1539-cd0e-99f7-c838f0bce7ba" executionId="b13c88c1-70ca-4808-b34f-73761a487d74" testListId="8c84fa94-04c1-424b-9868-57a2d4851a1d" />
    <TestEntry testId="7650acf9-3fee-fc4e-0935-463e194e2b26" executionId="b168b486-cace-4bba-a4c6-33e2d5308098" testListId="8c84fa94-04c1-424b-9868-57a2d4851a1d" />
    <TestEntry testId="e3d016af-8633-f972-915b-afc5dde64ca4" executionId="c1f8522e-216d-416d-8135-df075efd371d" testListId="8c84fa94-04c1-424b-9868-57a2d4851a1d" />
    <TestEntry testId="1e595f80-71f4-ab29-eb5e-f6a9afcb5a86" executionId="1b2d66ce-378a-440b-b0e8-8a2fc5ca2c2d" testListId="8c84fa94-04c1-424b-9868-57a2d4851a1d" />
    <TestEntry testId="25559fc0-1eac-7e81-03a7-d94baf0d951f" executionId="c7a63826-153d-42d8-8463-1d3702c2e9c8" testListId="8c84fa94-04c1-424b-9868-57a2d4851a1d" />
    <TestEntry testId="b6cd7f6a-c618-b0fc-1934-cefa2565e5b3" executionId="ffdea7fa-82c5-4067-8ea2-3517efef34ae" testListId="8c84fa94-04c1-424b-9868-57a2d4851a1d" />
    <TestEntry testId="a9da52de-41c0-5752-a1e9-ced5943df957" executionId="b41359d1-9ea0-4a16-a270-fd740ec51cd5" testListId="8c84fa94-04c1-424b-9868-57a2d4851a1d" />
    <TestEntry testId="11dc1c60-e61e-5a8f-77f4-eec6602b1358" executionId="68fbedad-a286-492d-baa7-8204ace49405" testListId="8c84fa94-04c1-424b-9868-57a2d4851a1d" />
    <TestEntry testId="dcb677e7-0a98-d369-6c36-c141d173b007" executionId="5223f5e5-06e9-4d82-8fe3-cd15004b250f" testListId="8c84fa94-04c1-424b-9868-57a2d4851a1d" />
    <TestEntry testId="799b8a62-bfde-e667-941e-5e4a2513e370" executionId="92e84cf5-bb80-4396-b59c-c19bf847417b" testListId="8c84fa94-04c1-424b-9868-57a2d4851a1d" />
    <TestEntry testId="765af36c-6225-c7d4-0bec-b3173cb4d1c8" executionId="f1cd2030-bca5-4726-b822-40d50cfce7c3" testListId="8c84fa94-04c1-424b-9868-57a2d4851a1d" />
    <TestEntry testId="20659dd9-9af0-c15d-4c6c-3a12e9c770b8" executionId="b13607a5-0945-4965-976c-7a900f3e6cf4" testListId="8c84fa94-04c1-424b-9868-57a2d4851a1d" />
    <TestEntry testId="3749d595-1364-9fea-df23-c75ae21e9c48" executionId="26737f51-f318-4f26-a413-2af491fc80c5" testListId="8c84fa94-04c1-424b-9868-57a2d4851a1d" />
    <TestEntry testId="32cb13a6-a3d6-eea2-ded0-e7c3e2e14a9c" executionId="58aeccc4-c8dc-46fb-8c7a-ccdcfcd9a2b3" testListId="8c84fa94-04c1-424b-9868-57a2d4851a1d" />
    <TestEntry testId="7bdec99a-3222-7d04-87ca-05b1803d36e6" executionId="aa6faaa0-46ca-402b-8e8e-bd8981c02d6e" testListId="8c84fa94-04c1-424b-9868-57a2d4851a1d" />
    <TestEntry testId="1973db37-6179-81ec-1662-89d8c12e1dc3" executionId="b5e2e1e1-577a-4aea-a5a1-b8769d89272a" testListId="8c84fa94-04c1-424b-9868-57a2d4851a1d" />
    <TestEntry testId="fe0572a9-dc56-ab7b-baee-f8311b6aada5" executionId="9c71bfa4-e02c-4294-b569-9595607e44bc" testListId="8c84fa94-04c1-424b-9868-57a2d4851a1d" />
    <TestEntry testId="72988e7b-2124-1027-ce94-375c21ac9487" executionId="9b3a5542-3a48-4d25-81a8-8ed9646c863f" testListId="8c84fa94-04c1-424b-9868-57a2d4851a1d" />
    <TestEntry testId="875c688e-4374-7575-a122-8bab74650b4d" executionId="f34e4874-9184-4b30-8228-588057878a58" testListId="8c84fa94-04c1-424b-9868-57a2d4851a1d" />
  </TestEntries>
  <TestLists>
    <TestList name="Results Not in a List" id="8c84fa94-04c1-424b-9868-57a2d4851a1d" />
    <TestList name="All Loaded Results" id="19431567-8539-422a-85d7-44ee4e166bda" />
  </TestLists>
  <ResultSummary outcome="Completed">
    <Counters total="42" executed="42" passed="42" failed="0" error="0" timeout="0" aborted="0" inconclusive="0" passedButRunAborted="0" notRunnable="0" notExecuted="0" disconnected="0" warning="0" completed="0" inProgress="0" pending="0" />
    <Output>
      <StdOut>[xUnit.net 00:00:00.00] xUnit.net VSTest Adapter v3.1.5+1b188a7b0a (64-bit .NET 10.0.12)
[xUnit.net 00:00:00.09]   Discovering: HavenOS.Forms.CUI.Tests
[xUnit.net 00:00:00.16]   Discovered:  HavenOS.Forms.CUI.Tests
[xUnit.net 00:00:00.20]   Starting:    HavenOS.Forms.CUI.Tests
[xUnit.net 00:00:04.26]   Finished:    HavenOS.Forms.CUI.Tests
</StdOut>
    </Output>
    <RunInfos>
      <RunInfo computerName="runnervm8df0l" outcome="Warning" timestamp="2026-10-03T18:47:04.3318160+00:00">
        <Text>Data collector 'Blame' message: All tests finished running, Sequence file will not be generated.</Text>
      </RunInfo>
    </RunInfos>
  </ResultSummary>
</TestRun>