  Determining projects to restore...
  Restored /workspace/team-b-astra-browser-validation/framework/CUI/vendor/Avalonia/src/tools/Avalonia.Generators/Avalonia.Generators.csproj (in 1.15 sec).
  Restored /workspace/team-b-astra-browser-validation/framework/CUI/vendor/Avalonia/src/tools/Avalonia.DBus.Generators/Avalonia.DBus.Generators.csproj (in 1.15 sec).
  Restored /workspace/team-b-astra-browser-validation/framework/CUI/vendor/Avalonia/src/Avalonia.Dialogs/Avalonia.Dialogs.csproj (in 1.11 sec).
  Restored /workspace/team-b-astra-browser-validation/framework/CUI/vendor/Avalonia/src/Avalonia.Desktop/Avalonia.Desktop.csproj (in 1.11 sec).
  Restored /workspace/team-b-astra-browser-validation/framework/CUI/vendor/Avalonia/src/Avalonia.DesignerSupport/Avalonia.DesignerSupport.csproj (in 9 ms).
  Restored /workspace/team-b-astra-browser-validation/framework/CUI/vendor/Avalonia/src/Avalonia.Themes.Fluent/Avalonia.Themes.Fluent.csproj (in 7 ms).
  Restored /workspace/team-b-astra-browser-validation/framework/CUI/vendor/Avalonia/packages/Avalonia/Avalonia.csproj (in 17 ms).
  Restored /workspace/team-b-astra-browser-validation/framework/CUI/vendor/Avalonia/src/Avalonia.MicroCom/Avalonia.MicroCom.csproj (in 4 ms).
  Restored /workspace/team-b-astra-browser-validation/framework/CUI/vendor/Avalonia/src/Markup/Avalonia.Markup.Xaml/Avalonia.Markup.Xaml.csproj (in 6 ms).
  Restored /workspace/team-b-astra-browser-validation/framework/CUI/vendor/Avalonia/src/Avalonia.X11/Avalonia.X11.csproj (in 20 ms).
  Restored /workspace/team-b-astra-browser-validation/framework/CUI/vendor/Avalonia/src/Avalonia.Native/Avalonia.Native.csproj (in 16 ms).
  Restored /workspace/team-b-astra-browser-validation/framework/CUI/vendor/Avalonia/src/Headless/Avalonia.Headless/Avalonia.Headless.csproj (in 11 ms).
  Restored /workspace/team-b-astra-browser-validation/framework/CUI/vendor/Avalonia/src/Avalonia.FreeDesktop/Avalonia.FreeDesktop.csproj (in 14 ms).
  Restored /workspace/team-b-astra-browser-validation/framework/CUI/vendor/Avalonia/src/Avalonia.FreeDesktop.AtSpi/Avalonia.FreeDesktop.AtSpi.csproj (in 13 ms).
  Restored /workspace/team-b-astra-browser-validation/9to1 Workspace/shared/src/Haven.Application/Haven.Application.csproj (in 2 ms).
  Restored /workspace/team-b-astra-browser-validation/framework/CUI/vendor/Avalonia/src/Browser/Avalonia.Browser/Avalonia.Browser.csproj (in 48 ms).
  Restored /workspace/team-b-astra-browser-validation/9to1 Models/Dulche Alpha/Dulche.Runtime.csproj (in 2 ms).
  Restored /workspace/team-b-astra-browser-validation/9to1 Workspace/Home/HavenOS.Home.csproj (in 4 ms).
  Restored /workspace/team-b-astra-browser-validation/framework/CUI/Runtime/CakeOS.Cui.Runtime.csproj (in 26 ms).
  Restored /workspace/team-b-astra-browser-validation/framework/CUI/vendor/Avalonia/src/Windows/Avalonia.Win32/Avalonia.Win32.csproj (in 23 ms).
  Restored /workspace/team-b-astra-browser-validation/apps/Web/NineToOne.Web.csproj (in 48 ms).
  22 of 43 projects are up-to-date for restore.
  DevAnalyzers -> /workspace/team-b-astra-browser-validation/framework/CUI/vendor/Avalonia/src/tools/DevAnalyzers/bin/Release/netstandard2.0/DevAnalyzers.dll
  Avalonia.Analyzers.CSharp -> /workspace/team-b-astra-browser-validation/framework/CUI/vendor/Avalonia/src/tools/Avalonia.Analyzers.CSharp/bin/Release/netstandard2.0/Avalonia.Analyzers.CSharp.dll
  Avalonia.Analyzers.CodeFixes.CSharp -> /workspace/team-b-astra-browser-validation/framework/CUI/vendor/Avalonia/src/tools/Avalonia.Analyzers.CodeFixes.CSharp/bin/Release/netstandard2.0/Avalonia.Analyzers.CodeFixes.CSharp.dll
  CakeOS.Cui.Language -> /workspace/team-b-astra-browser-validation/framework/CUI/Language/bin/Release/net10.0/CakeOS.Cui.Language.dll
  Avalonia.Analyzers.VisualBasic -> /workspace/team-b-astra-browser-validation/framework/CUI/vendor/Avalonia/src/tools/Avalonia.Analyzers.VisualBasic/bin/Release/netstandard2.0/Avalonia.Analyzers.VisualBasic.dll
  CakeOS.Cui.Core -> /workspace/team-b-astra-browser-validation/framework/CUI/Core/bin/Release/net10.0/CakeOS.Cui.Core.dll
  DevGenerators -> /workspace/team-b-astra-browser-validation/framework/CUI/vendor/Avalonia/src/tools/DevGenerators/bin/Release/netstandard2.0/DevGenerators.dll
  Avalonia.Remote.Protocol -> /workspace/team-b-astra-browser-validation/framework/CUI/vendor/Avalonia/src/Avalonia.Remote.Protocol/bin/Release/net10.0/Avalonia.Remote.Protocol.dll
  Avalonia.DBus.Generators -> /workspace/team-b-astra-browser-validation/framework/CUI/vendor/Avalonia/src/tools/Avalonia.DBus.Generators/bin/Release/netstandard2.0/Avalonia.DBus.Generators.dll
  NineToOne.Cui.AI -> /workspace/team-b-astra-browser-validation/framework/CUI/AI/bin/Release/net10.0/NineToOne.Cui.AI.dll
  Haven.Core -> /workspace/team-b-astra-browser-validation/9to1 Workspace/shared/src/Haven.Core/bin/Release/net10.0/Haven.Core.dll
  Den -> /workspace/team-b-astra-browser-validation/9to1 Models/Dulche Alpha/bin/Release/net10.0/Den.dll
  Haven.Application -> /workspace/team-b-astra-browser-validation/9to1 Workspace/shared/src/Haven.Application/bin/Release/net10.0/Haven.Application.dll
  Avalonia.Build.Tasks -> /workspace/team-b-astra-browser-validation/framework/CUI/vendor/Avalonia/src/Avalonia.Build.Tasks/bin/Release/netstandard2.0/Avalonia.Build.Tasks.dll
  Avalonia.Base -> /workspace/team-b-astra-browser-validation/framework/CUI/vendor/Avalonia/src/Avalonia.Base/bin/Release/net10.0/Avalonia.Base.dll
  Dulche.Runtime -> /workspace/team-b-astra-browser-validation/9to1 Models/Dulche Alpha/bin/Release/net10.0/Dulche.Runtime.dll
  Avalonia.MicroCom -> /workspace/team-b-astra-browser-validation/framework/CUI/vendor/Avalonia/src/Avalonia.MicroCom/bin/Release/net10.0/Avalonia.MicroCom.dll
  Avalonia.Markup -> /workspace/team-b-astra-browser-validation/framework/CUI/vendor/Avalonia/src/Markup/Avalonia.Markup/bin/Release/net10.0/Avalonia.Markup.dll
  HavenOS.Home -> /workspace/team-b-astra-browser-validation/9to1 Workspace/Home/bin/Release/net10.0/HavenOS.Home.dll
  Avalonia.Controls -> /workspace/team-b-astra-browser-validation/framework/CUI/vendor/Avalonia/src/Avalonia.Controls/bin/Release/net10.0/Avalonia.Controls.dll
  Avalonia.Metal -> /workspace/team-b-astra-browser-validation/framework/CUI/vendor/Avalonia/src/Avalonia.Metal/bin/Release/net10.0/Avalonia.Metal.dll
  Avalonia.Win32.Automation -> /workspace/team-b-astra-browser-validation/framework/CUI/vendor/Avalonia/src/Windows/Avalonia.Win32.Automation/bin/Release/net10.0/Avalonia.Win32.Automation.dll
  Avalonia.Vulkan -> /workspace/team-b-astra-browser-validation/framework/CUI/vendor/Avalonia/src/Avalonia.Vulkan/bin/Release/net10.0/Avalonia.Vulkan.dll
  CakeOS.Cui.Themes -> /workspace/team-b-astra-browser-validation/framework/CUI/Themes/bin/Release/net10.0/CakeOS.Cui.Themes.dll
  Avalonia.OpenGL -> /workspace/team-b-astra-browser-validation/framework/CUI/vendor/Avalonia/src/Avalonia.OpenGL/bin/Release/net10.0/Avalonia.OpenGL.dll
  Avalonia.HarfBuzz -> /workspace/team-b-astra-browser-validation/framework/CUI/vendor/Avalonia/src/HarfBuzz/Avalonia.HarfBuzz/bin/Release/net10.0/Avalonia.HarfBuzz.dll
  Avalonia.Markup.Xaml -> /workspace/team-b-astra-browser-validation/framework/CUI/vendor/Avalonia/src/Markup/Avalonia.Markup.Xaml/bin/Release/net10.0/Avalonia.Markup.Xaml.dll
  Avalonia.Fonts.Inter -> /workspace/team-b-astra-browser-validation/framework/CUI/vendor/Avalonia/src/Avalonia.Fonts.Inter/bin/Release/net10.0/Avalonia.Fonts.Inter.dll
  Avalonia.Dialogs -> /workspace/team-b-astra-browser-validation/framework/CUI/vendor/Avalonia/src/Avalonia.Dialogs/bin/Release/net10.0/Avalonia.Dialogs.dll
  Avalonia.FreeDesktop -> /workspace/team-b-astra-browser-validation/framework/CUI/vendor/Avalonia/src/Avalonia.FreeDesktop/bin/Release/net10.0/Avalonia.FreeDesktop.dll
  Avalonia.Skia -> /workspace/team-b-astra-browser-validation/framework/CUI/vendor/Avalonia/src/Skia/Avalonia.Skia/bin/Release/net10.0/Avalonia.Skia.dll
  Avalonia.DesignerSupport -> /workspace/team-b-astra-browser-validation/framework/CUI/vendor/Avalonia/src/Avalonia.DesignerSupport/bin/Release/net10.0/Avalonia.DesignerSupport.dll
  Avalonia.Generators -> /workspace/team-b-astra-browser-validation/framework/CUI/vendor/Avalonia/src/tools/Avalonia.Generators/bin/Release/netstandard2.0/Avalonia.Generators.dll
  Avalonia.Themes.Fluent -> /workspace/team-b-astra-browser-validation/framework/CUI/vendor/Avalonia/src/Avalonia.Themes.Fluent/bin/Release/net10.0/Avalonia.Themes.Fluent.dll
  Avalonia.Win32 -> /workspace/team-b-astra-browser-validation/framework/CUI/vendor/Avalonia/src/Windows/Avalonia.Win32/bin/Release/net10.0/Avalonia.Win32.dll
  Avalonia.Headless -> /workspace/team-b-astra-browser-validation/framework/CUI/vendor/Avalonia/src/Headless/Avalonia.Headless/bin/Release/net10.0/Avalonia.Headless.dll
  Avalonia -> /workspace/team-b-astra-browser-validation/framework/CUI/vendor/Avalonia/packages/Avalonia/bin/Release/net10.0/Avalonia.dll
  Avalonia.Native -> /workspace/team-b-astra-browser-validation/framework/CUI/vendor/Avalonia/src/Avalonia.Native/bin/Release/net10.0/Avalonia.Native.dll
  Avalonia.FreeDesktop.AtSpi -> /workspace/team-b-astra-browser-validation/framework/CUI/vendor/Avalonia/src/Avalonia.FreeDesktop.AtSpi/bin/Release/net10.0/Avalonia.FreeDesktop.AtSpi.dll
  Avalonia.X11 -> /workspace/team-b-astra-browser-validation/framework/CUI/vendor/Avalonia/src/Avalonia.X11/bin/Release/net10.0/Avalonia.X11.dll
  Avalonia.Desktop -> /workspace/team-b-astra-browser-validation/framework/CUI/vendor/Avalonia/src/Avalonia.Desktop/bin/Release/net10.0/Avalonia.Desktop.dll
  CakeOS.Cui.Runtime -> /workspace/team-b-astra-browser-validation/framework/CUI/Runtime/bin/Release/net10.0/CakeOS.Cui.Runtime.dll
  Avalonia.Browser -> /workspace/team-b-astra-browser-validation/framework/CUI/vendor/Avalonia/src/Browser/Avalonia.Browser/bin/Release/net10.0/Avalonia.Browser.dll
  NineToOne.Web -> /workspace/team-b-astra-browser-validation/apps/Web/bin/Release/net10.0/NineToOne.Web.dll
  Optimizing assemblies for size. This process might take a while.
  CakeOS.Cui.Language -> /workspace/team-b-astra-browser-validation/framework/CUI/Language/bin/Release/net10.0/CakeOS.Cui.Language.dll
  NineToOne.Cui.AI -> /workspace/team-b-astra-browser-validation/framework/CUI/AI/bin/Release/net10.0/NineToOne.Cui.AI.dll
  Haven.Core -> /workspace/team-b-astra-browser-validation/9to1 Workspace/shared/src/Haven.Core/bin/Release/net10.0/Haven.Core.dll
  Den -> /workspace/team-b-astra-browser-validation/9to1 Models/Dulche Alpha/bin/Release/net10.0/Den.dll
  Avalonia.Remote.Protocol -> /workspace/team-b-astra-browser-validation/framework/CUI/vendor/Avalonia/src/Avalonia.Remote.Protocol/bin/Release/net10.0/Avalonia.Remote.Protocol.dll
  Avalonia.Analyzers.CSharp -> /workspace/team-b-astra-browser-validation/framework/CUI/vendor/Avalonia/src/tools/Avalonia.Analyzers.CSharp/bin/Release/netstandard2.0/Avalonia.Analyzers.CSharp.dll
  DevAnalyzers -> /workspace/team-b-astra-browser-validation/framework/CUI/vendor/Avalonia/src/tools/DevAnalyzers/bin/Release/netstandard2.0/DevAnalyzers.dll
  Avalonia.Analyzers.CodeFixes.CSharp -> /workspace/team-b-astra-browser-validation/framework/CUI/vendor/Avalonia/src/tools/Avalonia.Analyzers.CodeFixes.CSharp/bin/Release/netstandard2.0/Avalonia.Analyzers.CodeFixes.CSharp.dll
  DevGenerators -> /workspace/team-b-astra-browser-validation/framework/CUI/vendor/Avalonia/src/tools/DevGenerators/bin/Release/netstandard2.0/DevGenerators.dll
  Avalonia.Analyzers.VisualBasic -> /workspace/team-b-astra-browser-validation/framework/CUI/vendor/Avalonia/src/tools/Avalonia.Analyzers.VisualBasic/bin/Release/netstandard2.0/Avalonia.Analyzers.VisualBasic.dll
  Avalonia.DBus.Generators -> /workspace/team-b-astra-browser-validation/framework/CUI/vendor/Avalonia/src/tools/Avalonia.DBus.Generators/bin/Release/netstandard2.0/Avalonia.DBus.Generators.dll
  Avalonia.Build.Tasks -> /workspace/team-b-astra-browser-validation/framework/CUI/vendor/Avalonia/src/Avalonia.Build.Tasks/bin/Release/netstandard2.0/Avalonia.Build.Tasks.dll
  Avalonia.Base -> /workspace/team-b-astra-browser-validation/framework/CUI/vendor/Avalonia/src/Avalonia.Base/bin/Release/net10.0/Avalonia.Base.dll
  CakeOS.Cui.Core -> /workspace/team-b-astra-browser-validation/framework/CUI/Core/bin/Release/net10.0/CakeOS.Cui.Core.dll
  Avalonia.MicroCom -> /workspace/team-b-astra-browser-validation/framework/CUI/vendor/Avalonia/src/Avalonia.MicroCom/bin/Release/net10.0/Avalonia.MicroCom.dll
  Avalonia.Controls -> /workspace/team-b-astra-browser-validation/framework/CUI/vendor/Avalonia/src/Avalonia.Controls/bin/Release/net10.0/Avalonia.Controls.dll
  Avalonia.Markup -> /workspace/team-b-astra-browser-validation/framework/CUI/vendor/Avalonia/src/Markup/Avalonia.Markup/bin/Release/net10.0/Avalonia.Markup.dll
  Avalonia.Vulkan -> /workspace/team-b-astra-browser-validation/framework/CUI/vendor/Avalonia/src/Avalonia.Vulkan/bin/Release/net10.0/Avalonia.Vulkan.dll
  Avalonia.Fonts.Inter -> /workspace/team-b-astra-browser-validation/framework/CUI/vendor/Avalonia/src/Avalonia.Fonts.Inter/bin/Release/net10.0/Avalonia.Fonts.Inter.dll
  Avalonia.Metal -> /workspace/team-b-astra-browser-validation/framework/CUI/vendor/Avalonia/src/Avalonia.Metal/bin/Release/net10.0/Avalonia.Metal.dll
  Avalonia.HarfBuzz -> /workspace/team-b-astra-browser-validation/framework/CUI/vendor/Avalonia/src/HarfBuzz/Avalonia.HarfBuzz/bin/Release/net10.0/Avalonia.HarfBuzz.dll
  Avalonia.OpenGL -> /workspace/team-b-astra-browser-validation/framework/CUI/vendor/Avalonia/src/Avalonia.OpenGL/bin/Release/net10.0/Avalonia.OpenGL.dll
  Avalonia.Markup.Xaml -> /workspace/team-b-astra-browser-validation/framework/CUI/vendor/Avalonia/src/Markup/Avalonia.Markup.Xaml/bin/Release/net10.0/Avalonia.Markup.Xaml.dll
  Haven.Application -> /workspace/team-b-astra-browser-validation/9to1 Workspace/shared/src/Haven.Application/bin/Release/net10.0/Haven.Application.dll
  Avalonia.Skia -> /workspace/team-b-astra-browser-validation/framework/CUI/vendor/Avalonia/src/Skia/Avalonia.Skia/bin/Release/net10.0/Avalonia.Skia.dll
  Avalonia.DesignerSupport -> /workspace/team-b-astra-browser-validation/framework/CUI/vendor/Avalonia/src/Avalonia.DesignerSupport/bin/Release/net10.0/Avalonia.DesignerSupport.dll
  Avalonia.Dialogs -> /workspace/team-b-astra-browser-validation/framework/CUI/vendor/Avalonia/src/Avalonia.Dialogs/bin/Release/net10.0/Avalonia.Dialogs.dll
  Avalonia.Win32.Automation -> /workspace/team-b-astra-browser-validation/framework/CUI/vendor/Avalonia/src/Windows/Avalonia.Win32.Automation/bin/Release/net10.0/Avalonia.Win32.Automation.dll
  Avalonia.Themes.Fluent -> /workspace/team-b-astra-browser-validation/framework/CUI/vendor/Avalonia/src/Avalonia.Themes.Fluent/bin/Release/net10.0/Avalonia.Themes.Fluent.dll
  Avalonia.Win32 -> /workspace/team-b-astra-browser-validation/framework/CUI/vendor/Avalonia/src/Windows/Avalonia.Win32/bin/Release/net10.0/Avalonia.Win32.dll
  Avalonia.Generators -> /workspace/team-b-astra-browser-validation/framework/CUI/vendor/Avalonia/src/tools/Avalonia.Generators/bin/Release/netstandard2.0/Avalonia.Generators.dll
  Avalonia.Headless -> /workspace/team-b-astra-browser-validation/framework/CUI/vendor/Avalonia/src/Headless/Avalonia.Headless/bin/Release/net10.0/Avalonia.Headless.dll
  CakeOS.Cui.Themes -> /workspace/team-b-astra-browser-validation/framework/CUI/Themes/bin/Release/net10.0/CakeOS.Cui.Themes.dll
  Dulche.Runtime -> /workspace/team-b-astra-browser-validation/9to1 Models/Dulche Alpha/bin/Release/net10.0/Dulche.Runtime.dll
  Avalonia.FreeDesktop -> /workspace/team-b-astra-browser-validation/framework/CUI/vendor/Avalonia/src/Avalonia.FreeDesktop/bin/Release/net10.0/Avalonia.FreeDesktop.dll
  HavenOS.Home -> /workspace/team-b-astra-browser-validation/9to1 Workspace/Home/bin/Release/net10.0/HavenOS.Home.dll
  Avalonia -> /workspace/team-b-astra-browser-validation/framework/CUI/vendor/Avalonia/packages/Avalonia/bin/Release/net10.0/Avalonia.dll
  Avalonia.FreeDesktop.AtSpi -> /workspace/team-b-astra-browser-validation/framework/CUI/vendor/Avalonia/src/Avalonia.FreeDesktop.AtSpi/bin/Release/net10.0/Avalonia.FreeDesktop.AtSpi.dll
  Avalonia.Native -> /workspace/team-b-astra-browser-validation/framework/CUI/vendor/Avalonia/src/Avalonia.Native/bin/Release/net10.0/Avalonia.Native.dll
  Avalonia.X11 -> /workspace/team-b-astra-browser-validation/framework/CUI/vendor/Avalonia/src/Avalonia.X11/bin/Release/net10.0/Avalonia.X11.dll
  Avalonia.Desktop -> /workspace/team-b-astra-browser-validation/framework/CUI/vendor/Avalonia/src/Avalonia.Desktop/bin/Release/net10.0/Avalonia.Desktop.dll
  CakeOS.Cui.Runtime -> /workspace/team-b-astra-browser-validation/framework/CUI/Runtime/bin/Release/net10.0/CakeOS.Cui.Runtime.dll
  Avalonia.Browser -> /workspace/team-b-astra-browser-validation/framework/CUI/vendor/Avalonia/src/Browser/Avalonia.Browser/bin/Release/net10.0/Avalonia.Browser.dll
  [2/4] skipped unchanged files
  Compiling native assets with /workspace/.tools/dotnet/packs/Microsoft.NET.Runtime.Emscripten.3.1.56.Sdk.linux-x64/10.0.12/Sdk/../tools/emscripten/emcc with -Oz. This may take a while ...
  [3/4] runtime.c -> runtime.o [took 0.13s]
  [4/4] pinvoke.c -> pinvoke.o [took 0.14s]
  Linking for initial memory $(WasmInitialHeapSize)=33554432 bytes. Set this msbuild property to change the value.
  Linking with emcc with -O2. This may take a while ...
   /workspace/.tools/dotnet/packs/Microsoft.NET.Runtime.Emscripten.3.1.56.Sdk.linux-x64/10.0.12/tools/bin/clang --version
   /workspace/.tools/dotnet/packs/Microsoft.NET.Runtime.Emscripten.3.1.56.Node.linux-x64/10.0.12/tools/bin/node /workspace/.tools/dotnet/packs/Microsoft.NET.Runtime.Emscripten.3.1.56.Sdk.linux-x64/10.0.12/tools/emscripten/src/compiler.mjs /tmp/tmpdv9v7hyp.json --symbols-only
   /workspace/.tools/dotnet/packs/Microsoft.NET.Runtime.Emscripten.3.1.56.Sdk.linux-x64/10.0.12/tools/bin/wasm-ld -o /workspace/team-b-astra-browser-validation/apps/Web/obj/Release/net10.0/wasm/for-publish/dotnet.native.wasm /workspace/team-b-tooling/nuget/harfbuzzsharp.nativeassets.webassembly/8.3.1.3/buildTransitive/netstandard1.0/libHarfBuzzSharp.a/3.1.56/st,simd/libHarfBuzzSharp.a /workspace/team-b-astra-browser-validation/apps/Web/obj/Release/net10.0/wasm/for-publish/pinvoke.o /workspace/team-b-astra-browser-validation/apps/Web/obj/Release/net10.0/wasm/for-publish/driver.o /workspace/team-b-astra-browser-validation/apps/Web/obj/Release/net10.0/wasm/for-publish/corebindings.o /workspace/team-b-astra-browser-validation/apps/Web/obj/Release/net10.0/wasm/for-publish/runtime.o /workspace/.tools/dotnet/packs/Microsoft.NETCore.App.Runtime.Mono.browser-wasm/10.0.12/runtimes/browser-wasm/native/libbrotlicommon.a /workspace/.tools/dotnet/packs/Microsoft.NETCore.App.Runtime.Mono.browser-wasm/10.0.12/runtimes/browser-wasm/native/libbrotlidec.a /workspace/.tools/dotnet/packs/Microsoft.NETCore.App.Runtime.Mono.browser-wasm/10.0.12/runtimes/browser-wasm/native/libbrotlienc.a /workspace/.tools/dotnet/packs/Microsoft.NETCore.App.Runtime.Mono.browser-wasm/10.0.12/runtimes/browser-wasm/native/libicudata.a /workspace/.tools/dotnet/packs/Microsoft.NETCore.App.Runtime.Mono.browser-wasm/10.0.12/runtimes/browser-wasm/native/libicui18n.a /workspace/.tools/dotnet/packs/Microsoft.NETCore.App.Runtime.Mono.browser-wasm/10.0.12/runtimes/browser-wasm/native/libicuuc.a /workspace/.tools/dotnet/packs/Microsoft.NETCore.App.Runtime.Mono.browser-wasm/10.0.12/runtimes/browser-wasm/native/libmono-component-debugger-stub-static.a /workspace/.tools/dotnet/packs/Microsoft.NETCore.App.Runtime.Mono.browser-wasm/10.0.12/runtimes/browser-wasm/native/libmono-component-diagnostics_tracing-stub-static.a /workspace/.tools/dotnet/packs/Microsoft.NETCore.App.Runtime.Mono.browser-wasm/10.0.12/runtimes/browser-wasm/native/libmono-component-hot_reload-stub-static.a /workspace/.tools/dotnet/packs/Microsoft.NETCore.App.Runtime.Mono.browser-wasm/10.0.12/runtimes/browser-wasm/native/libmono-component-marshal-ilgen-stub-static.a /workspace/.tools/dotnet/packs/Microsoft.NETCore.App.Runtime.Mono.browser-wasm/10.0.12/runtimes/browser-wasm/native/libmono-ee-interp.a /workspace/.tools/dotnet/packs/Microsoft.NETCore.App.Runtime.Mono.browser-wasm/10.0.12/runtimes/browser-wasm/native/libmono-icall-table.a /workspace/.tools/dotnet/packs/Microsoft.NETCore.App.Runtime.Mono.browser-wasm/10.0.12/runtimes/browser-wasm/native/libmono-profiler-aot.a /workspace/.tools/dotnet/packs/Microsoft.NETCore.App.Runtime.Mono.browser-wasm/10.0.12/runtimes/browser-wasm/native/libmono-profiler-browser.a /workspace/.tools/dotnet/packs/Microsoft.NETCore.App.Runtime.Mono.browser-wasm/10.0.12/runtimes/browser-wasm/native/libmono-profiler-log.a /workspace/.tools/dotnet/packs/Microsoft.NETCore.App.Runtime.Mono.browser-wasm/10.0.12/runtimes/browser-wasm/native/libmono-wasm-eh-wasm.a /workspace/.tools/dotnet/packs/Microsoft.NETCore.App.Runtime.Mono.browser-wasm/10.0.12/runtimes/browser-wasm/native/libmono-wasm-simd.a /workspace/.tools/dotnet/packs/Microsoft.NETCore.App.Runtime.Mono.browser-wasm/10.0.12/runtimes/browser-wasm/native/libmonosgen-2.0.a /workspace/.tools/dotnet/packs/Microsoft.NETCore.App.Runtime.Mono.browser-wasm/10.0.12/runtimes/browser-wasm/native/libSystem.Globalization.Native.a /workspace/.tools/dotnet/packs/Microsoft.NETCore.App.Runtime.Mono.browser-wasm/10.0.12/runtimes/browser-wasm/native/libSystem.IO.Compression.Native.a /workspace/.tools/dotnet/packs/Microsoft.NETCore.App.Runtime.Mono.browser-wasm/10.0.12/runtimes/browser-wasm/native/libSystem.Native.a /workspace/.tools/dotnet/packs/Microsoft.NETCore.App.Runtime.Mono.browser-wasm/10.0.12/runtimes/browser-wasm/native/libz.a /workspace/.tools/dotnet/packs/Microsoft.NETCore.App.Runtime.Mono.browser-wasm/10.0.12/runtimes/browser-wasm/native/wasm-bundled-timezones.a /workspace/team-b-tooling/nuget/skiasharp.nativeassets.webassembly/3.119.3-preview.1.1/buildTransitive/netstandard1.0/libSkiaSharp.a/3.1.56/st,simd/libSkiaSharp.a -L/workspace/.tools/dotnet/packs/Microsoft.NET.Runtime.Emscripten.3.1.56.Cache.linux-x64/10.0.12/tools/emscripten/cache/sysroot/lib/wasm32-emscripten --whole-archive -lGL-webgl2-getprocaddr --no-whole-archive -lal -lhtml5 -lbulkmemory -lstubs -lc -ldlmalloc -lcompiler_rt-wasm-sjlj -lc++-except -lc++abi-except -lunwind-except -lsockets -mllvm -combiner-global-alias-analysis=false -mllvm -wasm-enable-sjlj -mllvm -disable-lsr -mllvm -wasm-enable-eh -mllvm -exception-model=wasm /tmp/tmpm5idysizlibemscripten_js_symbols.so --export=free --export=htons --export=malloc --export=sbrk --export=memalign --export=posix_memalign --export=memset --export=ntohs --export=stackAlloc --export=stackRestore --export=stackSave --export=fmod --export=atan2 --export=fma --export=pow --export=fmodf --export=atan2f --export=fmaf --export=powf --export=asin --export=asinh --export=acos --export=acosh --export=atan --export=atanh --export=cbrt --export=cos --export=cosh --export=exp --export=log --export=log2 --export=log10 --export=sin --export=sinh --export=tan --export=tanh --export=asinf --export=asinhf --export=acosf --export=acoshf --export=atanf --export=atanhf --export=cbrtf --export=cosf --export=coshf --export=expf --export=logf --export=log2f --export=log10f --export=sinf --export=sinhf --export=tanf --export=tanhf --export=__cpp_exception --export=stackAlloc --export=__funcs_on_exit --export=__trap --export=__wasm_call_ctors --export=stackSave --export=stackRestore --export-if-defined=__start_em_asm --export-if-defined=__stop_em_asm --export-if-defined=__start_em_lib_deps --export-if-defined=__stop_em_lib_deps --export-if-defined=__start_em_js --export-if-defined=__stop_em_js --export-if-defined=fflush --export-table --growable-table -z stack-size=5242880 --max-memory=2147483648 --initial-memory=33554432 --no-entry --table-base=1 --global-base=1024
   /workspace/.tools/dotnet/packs/Microsoft.NET.Runtime.Emscripten.3.1.56.Sdk.linux-x64/10.0.12/tools/bin/llvm-objcopy /workspace/team-b-astra-browser-validation/apps/Web/obj/Release/net10.0/wasm/for-publish/dotnet.native.wasm /workspace/team-b-astra-browser-validation/apps/Web/obj/Release/net10.0/wasm/for-publish/dotnet.native.wasm --remove-section=producers
   /workspace/.tools/dotnet/packs/Microsoft.NET.Runtime.Emscripten.3.1.56.Node.linux-x64/10.0.12/tools/bin/node /workspace/.tools/dotnet/packs/Microsoft.NET.Runtime.Emscripten.3.1.56.Sdk.linux-x64/10.0.12/tools/emscripten/src/compiler.mjs /tmp/tmpgsrjox8h.json
   /workspace/.tools/dotnet/packs/Microsoft.NET.Runtime.Emscripten.3.1.56.Sdk.linux-x64/10.0.12/tools/bin/wasm-opt --strip-target-features --post-emscripten -O2 --low-memory-unused --zero-filled-memory --pass-arg=directize-initial-contents-immutable /workspace/team-b-astra-browser-validation/apps/Web/obj/Release/net10.0/wasm/for-publish/dotnet.native.wasm -o /workspace/team-b-astra-browser-validation/apps/Web/obj/Release/net10.0/wasm/for-publish/dotnet.native.wasm -g --mvp-features --enable-bulk-memory --enable-exception-handling --enable-multivalue --enable-mutable-globals --enable-reference-types --enable-sign-ext --enable-simd
  NineToOne.Web -> /workspace/team-b-astra-browser-validation/apps/Web/bin/Release/net10.0/publish/
