npm warn tarball tarball data for set-cookie-parser@https://registry.npmjs.org/set-cookie-parser/-/set-cookie-parser-3.1.2.tgz (sha512-5/r/lTwbJ3zQ+qwdUFZYeRNqda7P5HD8zQKqlSjdGt1/S0cjLAphHusj4Y58ahDtWn/g32xrIS58/ikOvwl0Lw==) seems to be corrupted. Trying again.
npm warn tarball tarball data for wrangler@https://registry.npmjs.org/wrangler/-/wrangler-4.146.0.tgz (sha512-c27eHUH0Isr8HTmgZ6cLtLr/0cxtiBoLren6ywBeTW8ZIzj/dINVNBcqsbZc+iETnI5jrzO7E7Z8mLgLZ/l9iw==) seems to be corrupted. Trying again.
npm warn tarball tarball data for unenv@https://registry.npmjs.org/unenv/-/unenv-2.0.0-rc.24.tgz (sha512-i7qRCmY42zmCwnYlh9H2SvLEypEFGye5iRmEMKjcGi7zk9UquigRjFtTLz0TYqr0ZGLZhaMHl/foy1bZR+Cwlw==) seems to be corrupted. Trying again.
npm warn tarball tarball data for undici@https://registry.npmjs.org/undici/-/undici-7.29.1.tgz (sha512-RYONW2MeafgYlkVOKYKkA/Ag7BmXqgIWCa8t1m0JcxrQg9pI9lEqRhAOruOBCbAohOa/gkCF+iPi9hrgvTzu6Q==) seems to be corrupted. Trying again.
npm warn tarball tarball data for workerd@https://registry.npmjs.org/workerd/-/workerd-1.20261001.1.tgz (sha512-d/SIYHFO0PT/wiFZg8in4NpRIxYuFwslX1HdylOtWkBIIUmSpkGFhK820cV84XACFylwJ48xuRoWW/8DWDPsPQ==) seems to be corrupted. Trying again.
npm warn tarball tarball data for youch-core@https://registry.npmjs.org/youch-core/-/youch-core-0.3.3.tgz (sha512-ho7XuGjLaJ2hWHoK8yFnsUGy2Y5uDpqSTq1FkHLK4/oqKtyUU1AFbOOxY4IpC9f0fTLjwYbslUz0Po5BpD1wrA==) seems to be corrupted. Trying again.
npm warn tarball tarball data for zod@https://registry.npmjs.org/zod/-/zod-4.6.5.tgz (sha512-v5l/aFXZQeai4awLbOpSoHecE9UiMrnfx75tEXLjNonXVARxQ5mOeipTjROUchszUNCqnE+hqAMujRsRHsut2Q==) seems to be corrupted. Trying again.
npm warn tarball tarball data for ws@https://registry.npmjs.org/ws/-/ws-8.21.0.tgz (sha512-Vsp28b7DRcimFQvrqu2Wek3z1iYxDCWqHYB8Qsnk/S4RfaCQzPGPyBNuVjJV3cd6UiKtUtp6sNM77gWvzcCH+g==) seems to be corrupted. Trying again.
npm warn tarball tarball data for sharp@https://registry.npmjs.org/sharp/-/sharp-0.35.4.tgz (sha512-n++8XWcj+jCOr2IOl7h8LbKnGBDY4aPbmprMONBNFdn0ImXqpGVv5zliDs0V9HbmbCQLpbuo2ej9rAoOQTvMDA==) seems to be corrupted. Trying again.
npm warn tarball tarball data for typescript@https://registry.npmjs.org/typescript/-/typescript-5.9.3.tgz (sha512-jl1vZzPDinLr9eUt3J/t7V6FgNEw9QjvBPdysz9KfQDD41fQrC2Y4vKQdiaUpFT4bXlb1RHhLpp8wtm6M5TgSw==) seems to be corrupted. Trying again.
npm warn tarball tarball data for supports-color@https://registry.npmjs.org/supports-color/-/supports-color-10.2.2.tgz (sha512-SS+jx45GF1QjgEXQx4NJZV9ImqmO2NPz5FNsIHrsDjh2YsHnawpan7SNQ1o8NuhrbHZy9AZhIoCUiCeaW/C80g==) seems to be corrupted. Trying again.
npm warn tarball tarball data for youch@https://registry.npmjs.org/youch/-/youch-4.1.0-beta.10.tgz (sha512-rLfVLB4FgQneDr0dv1oddCVZmKjcJ6yX6mS4pU82Mq/Dt9a3cLZQ62pDBL4AUO+uVrCvtWz3ZFUL2HFAFJ/BXQ==) seems to be corrupted. Trying again.
npm warn tarball tarball data for undici-types@https://registry.npmjs.org/undici-types/-/undici-types-7.24.6.tgz (sha512-WRNW+sJgj5OBN4/0JpHFqtqzhpbnV0GuB+OozA9gCL7a993SmU+1JBZCzLNxYsbMfIeDL+lTsphD5jN5N+n0zg==) seems to be corrupted. Trying again.
npm warn tarball tarball data for tslib@https://registry.npmjs.org/tslib/-/tslib-2.8.1.tgz (sha512-oJFu94HQb+KVduSUQL7wnpmqnfmLsOA/nAh6b6EH0wCEoK0/mPeXU6c3wKDV83MkOuHPRHtSXKKU99IBazS/2w==) seems to be corrupted. Trying again.
npm warn tarball tarball data for pathe@https://registry.npmjs.org/pathe/-/pathe-2.0.3.tgz (sha512-WUjGcAqP1gQacoQe+OBJsFA7Ld4DyXuUIjZ5cc75cLHvJ7dtNsTugphxIADwspS+AraAUePCKrSVtPLFj/F88w==) seems to be corrupted. Trying again.
npm warn tarball tarball data for path-to-regexp@https://registry.npmjs.org/path-to-regexp/-/path-to-regexp-6.3.0.tgz (sha512-Yhpw4T9C6hPpgPeA28us07OJeqZ5EzQTkbfwuhsUg0c237RomFoETJgmp2sa3F/41gfLE6G5cqcYwznmeEeOlQ==) seems to be corrupted. Trying again.
npm warn tarball tarball data for semver@https://registry.npmjs.org/semver/-/semver-7.8.5.tgz (sha512-Y7/KDsb8LjooZpwaqGyulO6DQlksgCncchHGk+sZIY4SBvUocMBEFH5Ur1fI4dV+Jvl0w6cjvucaIi40puRioA==) seems to be corrupted. Trying again.
npm warn tarball tarball data for nanostores@https://registry.npmjs.org/nanostores/-/nanostores-1.5.4.tgz (sha512-4UXY7OAJEK0Y6V3SudBU7cXjAzTDc189R78dDOh0Xbm19gpKYto6WizSg58LJf12lTsRxKSLGyE117OiLpM4DQ==) seems to be corrupted. Trying again.
npm warn tarball tarball data for miniflare@https://registry.npmjs.org/miniflare/-/miniflare-5.20261001.0-alpha.tgz (sha512-GaimS5mSIOMyvd16ga+e1/QkI8cmp3z35QPHFex0DktqNQf2RVZQwMPQXdyoUreUiFP/0Gpe2MoQInTyMAD5xA==) seems to be corrupted. Trying again.
npm warn tarball tarball data for kysely@https://registry.npmjs.org/kysely/-/kysely-0.29.6.tgz (sha512-hHaB8C/rfzDDtr/t8YZwxAuPJTT0zHyaPoVzcXwDYhYNAgH/4sIfVhi/XLLIY+bL/FqaIJnjATDbi8ObSELmxg==) seems to be corrupted. Trying again.
npm warn tarball tarball data for rou3@https://registry.npmjs.org/rou3/-/rou3-0.9.2.tgz (sha512-3SOzvaAg8rkHrXtRjpCvCvbyO5to9oOO27Z/XqHEYXfMRVSw/qMIVdmaOk9W2lcRLtR6dlqTjo9hDeJk70QBYQ==) seems to be corrupted. Trying again.
npm warn tarball tarball data for jose@https://registry.npmjs.org/jose/-/jose-6.2.12.tgz (sha512-9NiFmJEex0sy2Dk58j2UGBSHgUs2ypF9eZSu4L6vjOX3Dp96Sw1F3uL+H+D1sx02jZZdzUT0HgvCy59CuvXcWw==) seems to be corrupted. Trying again.
npm warn tarball tarball data for kleur@https://registry.npmjs.org/kleur/-/kleur-4.1.5.tgz (sha512-o+NO+8WrRiQEE4/7nwRJhN1HWpVmJm511pBHUxPLtp0BUISzlBplORYSmTclCnJvQq2tKu/sgl3xVpkc7ZWuQQ==) seems to be corrupted. Trying again.
npm warn tarball tarball data for esbuild@https://registry.npmjs.org/esbuild/-/esbuild-0.28.1.tgz (sha512-HrJrvZv5ayxBzPfwphOoNzkzOIIlifzk0KJrGK2c8R4+LKpMtpYLQeUdjnwjWv/LZlkH2laZk+4w78pi99D4Vw==) seems to be corrupted. Trying again.
npm warn tarball tarball data for error-stack-parser-es@https://registry.npmjs.org/error-stack-parser-es/-/error-stack-parser-es-1.0.5.tgz (sha512-5qucVt2XcuGMcEGgWI7i+yZpmpByQ8J1lHhcL7PwqCwu9FPP3VUXzT4ltHe5i2z9dePwEHcDVOAfSnHsOlCXRA==) seems to be corrupted. Trying again.
npm warn tarball tarball data for detect-libc@https://registry.npmjs.org/detect-libc/-/detect-libc-2.1.2.tgz (sha512-Btj2BOOO83o3WyH59e8MgXsxEQVcarkUOpEYrubB0urwnN10yQ364rsiByU11nZlqWYZm05i/of7io4mzihBtQ==) seems to be corrupted. Trying again.
npm warn tarball tarball data for cookie@https://registry.npmjs.org/cookie/-/cookie-1.1.1.tgz (sha512-ei8Aos7ja0weRpFzJnEA9UHJ/7XQmqglbRwnf2ATjcB9Wq874VKH9kfjjirM6UhU2/E5fFYadylyhFldcqSidQ==) seems to be corrupted. Trying again.
npm warn tarball tarball data for defu@https://registry.npmjs.org/defu/-/defu-6.1.7.tgz (sha512-7z22QmUWiQ/2d0KkdYmANbRUVABpZ9SNYyH5vx6PZ+nE5bcC0l7uFvEfHlyld/HcGBFTL536ClDt3DEcSlEJAQ==) seems to be corrupted. Trying again.
npm warn tarball tarball data for blake3-wasm@https://registry.npmjs.org/blake3-wasm/-/blake3-wasm-2.1.5.tgz (sha512-F1+K8EbfOZE49dtoPtmxUQrpXaBIl3ICvasLh+nJta0xkz+9kF/7uet9fLnwKqhDrmj6g+6K3Tw9yQPUg2ka5g==) seems to be corrupted. Trying again.
npm warn tarball tarball data for better-auth@https://registry.npmjs.org/better-auth/-/better-auth-1.7.7.tgz (sha512-Zhgxi/c5ylmfB/sX+nwnBbsFf/j6k0L8DvL6CJXZSrXgxc5pPMC/e7j812zNd4L4B4ELmdURCPw3X8nAOUdcjw==) seems to be corrupted. Trying again.
npm warn tarball tarball data for @types/node@https://registry.npmjs.org/@types/node/-/node-24.19.0.tgz (sha512-zY+5tKxXdhGh1PYI0ac+7juvEu4OI6vWtVVoj5i2m42jxAY1U+zHGt6QCyOFwykdP62sM3MJ9stoYYUw5aCWew==) seems to be corrupted. Trying again.
npm warn tarball tarball data for @standard-schema/spec@https://registry.npmjs.org/@standard-schema/spec/-/spec-1.1.0.tgz (sha512-l2aFy5jALhniG5HgqrD6jXLi/rUWrKvqN/qJx6yoJsgKhblVd+iqqU4RCXavm/jPityDo5TCvKMnpjKnOriy0w==) seems to be corrupted. Trying again.
npm warn tarball tarball data for @speed-highlight/core@https://registry.npmjs.org/@speed-highlight/core/-/core-1.2.24.tgz (sha512-qeW2e1l78afw8VhRPfPQ1Gjj+KU5XFQ/OFV5ti6eTa9bruO7mJyZtA4vw0ofqmA3tKCkROE9xLk3VZoeRc98nw==) seems to be corrupted. Trying again.
npm warn tarball tarball data for @sindresorhus/is@https://registry.npmjs.org/@sindresorhus/is/-/is-7.2.0.tgz (sha512-P1Cz1dWaFfR4IR+U13mqqiGsLFf1KbayybWwdd2vfctdV6hDpUkgCY0nKOLLTMSoRd/jJNjtbqzf13K8DCCXQw==) seems to be corrupted. Trying again.
npm warn tarball tarball data for @opentelemetry/semantic-conventions@https://registry.npmjs.org/@opentelemetry/semantic-conventions/-/semantic-conventions-1.43.0.tgz (sha512-eSYWTm620tTk45EKSedaUL8MFYI8hW164hIXsgIHyxu3VobUB3fFCu5t0hQby6OoWRPsG1KkKUG2M5UadiLiVg==) seems to be corrupted. Trying again.
npm warn tarball tarball data for @poppinss/exception@https://registry.npmjs.org/@poppinss/exception/-/exception-1.2.3.tgz (sha512-dCED+QRChTVatE9ibtoaxc+WkdzOSjYTKi/+uacHWIsfodVfpsueo3+DKpgU5Px8qXjgmXkSvhXvSCz3fnP9lw==) seems to be corrupted. Trying again.
npm warn tarball tarball data for @poppinss/dumper@https://registry.npmjs.org/@poppinss/dumper/-/dumper-0.6.5.tgz (sha512-NBdYIb90J7LfOI32dOewKI1r7wnkiH6m920puQ3qHUeZkxNkQiFnXVWoE6YtFSv6QOiPPf7ys6i+HWWecDz7sw==) seems to be corrupted. Trying again.
npm warn tarball tarball data for @poppinss/colors@https://registry.npmjs.org/@poppinss/colors/-/colors-4.1.6.tgz (sha512-H9xkIdFswbS8n1d6vmRd8+c10t2Qe+rZITbbDHHkQixH5+2x1FDGmi/0K+WgWiqQFKPSlIYB7jlH6Kpfn6Fleg==) seems to be corrupted. Trying again.
npm warn tarball tarball data for better-call@https://registry.npmjs.org/better-call/-/better-call-1.4.0.tgz (sha512-bBKOT4vv1kZLDgxVePdilk/Jwkn+dtRRsmi3DzHcDP+WnswyVl6dR59l2HEeP/0cB+bDoopASAesWDPIdd/zZA==) seems to be corrupted. Trying again.
npm warn tarball tarball data for @noble/ciphers@https://registry.npmjs.org/@noble/ciphers/-/ciphers-2.4.0.tgz (sha512-AnjFn0Jv92laAkvMrghlFZq4qQCIN/4DxFV/eooqtC2YTjB7kBeLMS2T9KJX4Dn+ZVXLOwK0lSgqDtx9gvxtiw==) seems to be corrupted. Trying again.
npm warn tarball tarball data for @jridgewell/trace-mapping@https://registry.npmjs.org/@jridgewell/trace-mapping/-/trace-mapping-0.3.9.tgz (sha512-3Belt6tdc8bPgAtbcmdtNJlirVoTmEb5e2gC94PnkwEW9jI6CAHUeoG85tjWP5WquqfavoMtMwiG4P926ZKKuQ==) seems to be corrupted. Trying again.
npm warn tarball tarball data for @noble/hashes@https://registry.npmjs.org/@noble/hashes/-/hashes-2.4.0.tgz (sha512-X5XaVWZIBCT7HHZGm5I7ZQXDwLG+bGXuSrMQAW+7Zvl87h1kmc1ZB1VSRJcpUfoUrGQp4Fkoxm5kZ+Ms+aW+eA==) seems to be corrupted. Trying again.
npm warn tarball tarball data for @jridgewell/resolve-uri@https://registry.npmjs.org/@jridgewell/resolve-uri/-/resolve-uri-3.1.2.tgz (sha512-bRISgCIjP20/tbWSPWMEi54QVPRZExkuD9lJL+UIxUKtwVJA8wW1Trb1jMs1RFXo1CBTNZ/5hpC9QvmKWdopKw==) seems to be corrupted. Trying again.
npm warn tarball tarball data for @jridgewell/sourcemap-codec@https://registry.npmjs.org/@jridgewell/sourcemap-codec/-/sourcemap-codec-1.6.0.tgz (sha512-T7jf+5zgsZHwNJ4lvQ7/aezbyk0nNX+zJVWpmHA7VYsEx7a7qr5Rg5IbtJFqkgze5Y2sruq1RUY8Q837Od7iFw==) seems to be corrupted. Trying again.
npm warn tarball tarball data for @img/sharp-wasm32@https://registry.npmjs.org/@img/sharp-wasm32/-/sharp-wasm32-0.35.4.tgz (sha512-zQnl4Kwp7Q6NHsENtU2T/00Zi+w3AQNwz3+UaTyVBy2FpXrzXzGjndpK61onhZjRtRpQXxCTeqw19bVyXOh7jA==) seems to be corrupted. Trying again.
npm warn tarball tarball data for @img/sharp-linux-x64@https://registry.npmjs.org/@img/sharp-linux-x64/-/sharp-linux-x64-0.35.4.tgz (sha512-9qvvEAuk8k89TfWUoX2htWjbAMX8p+NxCppjpcg5k6xMsjhBQPTsoIh36h9Qde4WRuGpJeYnOjdosDn/cnv+OA==) seems to be corrupted. Trying again.
npm warn tarball tarball data for @esbuild/linux-x64@https://registry.npmjs.org/@esbuild/linux-x64/-/linux-x64-0.28.1.tgz (sha512-u/anNYF2mmVOEDwLtnQ1wOr3EZ9sTNGLWrsYGYwHWzGA3Si84IOkHXlbWTD1NB+9/1lcnweYKO54uhxZydNzfA==) seems to be corrupted. Trying again.
npm warn tarball tarball data for @cloudflare/unenv-preset@https://registry.npmjs.org/@cloudflare/unenv-preset/-/unenv-preset-2.16.2.tgz (sha512-JBP1+Z7ZSNG/d4mRP+y8VC5dka3tZVMLEZRvS+rzQ4DGV1EoxRFQckcJTTkXbHSQiTj0DtNI01Zwb/V2fX0mvQ==) seems to be corrupted. Trying again.
npm warn tarball tarball data for @img/sharp-libvips-linux-x64@https://registry.npmjs.org/@img/sharp-libvips-linux-x64/-/sharp-libvips-linux-x64-1.3.3.tgz (sha512-4vKmvAst9nrowcqquKFAyZJUDolUaIp8uRiN0mWFguJ1IplC9/pitXtlnnlU4aa/eJw3J7i67V+pwUL+wZGdsA==) seems to be corrupted. Trying again.
npm warn tarball tarball data for @cloudflare/kv-asset-handler@https://registry.npmjs.org/@cloudflare/kv-asset-handler/-/kv-asset-handler-0.5.0.tgz (sha512-jxQYkj8dSIzc0cD6cMMNdOc1UVjqSqu8BZdor5s8cGjW2I8BjODt/kWPVdY+u9zj3ms75Q5qaZgnxUad83+eAg==) seems to be corrupted. Trying again.
npm warn tarball tarball data for @cloudflare/workerd-linux-64@https://registry.npmjs.org/@cloudflare/workerd-linux-64/-/workerd-linux-64-1.20261001.1.tgz (sha512-kZbTZJGrhsMOdqZ2BIybjaBRLZjYsRLWj7mcNw/6Y3hodOhp5MrNzcz4iWGwNVWwyIV+7Pl+/LX5VcgnRqdHOg==) seems to be corrupted. Trying again.
npm warn tarball tarball data for @img/colour@https://registry.npmjs.org/@img/colour/-/colour-1.1.0.tgz (sha512-Td76q7j57o/tLVdgS746cYARfSyxk8iEfRxewL9h4OMzYhbW4TAcppl0mT4eyqXddh6L/jwoM75mo7ixa/pCeQ==) seems to be corrupted. Trying again.
npm warn tarball tarball data for @emnapi/runtime@https://registry.npmjs.org/@emnapi/runtime/-/runtime-1.11.3.tgz (sha512-Xz4Tpyki7XyrpbUK1jR1AhdAdaXyhhY4lZ3neLodmhpuWfy2PAQN5B46sAiU4liOXGLkHypn/qU+jvfWSCYYLA==) seems to be corrupted. Trying again.
npm warn tarball tarball data for @cspotcode/source-map-support@https://registry.npmjs.org/@cspotcode/source-map-support/-/source-map-support-0.8.1.tgz (sha512-IchNf6dN4tHoMFIn/7OE8LWZ19Y6q/67Bmf6vnGREv8RSbBVb9LPJxEcnwrcwX6ixSvaiGoomAUvu4YSxXrVgw==) seems to be corrupted. Trying again.
npm warn tarball tarball data for @better-fetch/fetch@https://registry.npmjs.org/@better-fetch/fetch/-/fetch-1.3.2.tgz (sha512-Gs7n99b5tqUC6cQAPbV0uED3IraHB6xQbHLQ/C3l7ZFafHScOx9pQ+DYmP5blbLFShVWLqxNUlI9wi4xU/X+ow==) seems to be corrupted. Trying again.
npm warn tarball tarball data for @better-auth/telemetry@https://registry.npmjs.org/@better-auth/telemetry/-/telemetry-1.7.7.tgz (sha512-PaRA6i+kAioVYmza2gHPcdrxP0hAotph4KV9hft2GeNJq+AZXDiBu3FuLM9HxvcmiZeUT74Vufqd9ypmB8veTA==) seems to be corrupted. Trying again.
npm warn tarball tarball data for @better-auth/mongo-adapter@https://registry.npmjs.org/@better-auth/mongo-adapter/-/mongo-adapter-1.7.7.tgz (sha512-ZnVDuRrXqbf0oHphrEN27oTImNH5NTO26dtWatq5cXyYAsH7goof9QIoTOmxTbBxUQahKBw9T6+9h6n+RtOE+g==) seems to be corrupted. Trying again.
npm warn tarball tarball data for @better-auth/utils@https://registry.npmjs.org/@better-auth/utils/-/utils-0.4.2.tgz (sha512-AUxrvu+HaaODsUyzDxFgwd/8RZ1yZaYo42LXKSrU2oGgR38pS1ij8nqQKNgtTWoYGpNevNXtCfgTy6loHveW9A==) seems to be corrupted. Trying again.
npm warn tarball tarball data for @better-auth/prisma-adapter@https://registry.npmjs.org/@better-auth/prisma-adapter/-/prisma-adapter-1.7.7.tgz (sha512-4YcnrcVdvWiAZw0sZl63tWUClPXg5r3QsLn7C2sG7kKEBY06zOng0ibecyxRBixKq1zE1ceHuEUqez5Rhi+nQA==) seems to be corrupted. Trying again.
npm warn tarball tarball data for @better-auth/utils@https://registry.npmjs.org/@better-auth/utils/-/utils-0.5.0.tgz (sha512-BL8W4EfIZFwlu0r54m3v1ztjDhu6dDe/amLTm0xybmbZaNgYUqhD3SjpAsnq0q8YD6/ki4iwIgxJNLP/N3TxiA==) seems to be corrupted. Trying again.
npm warn tarball tarball data for @better-auth/oauth-provider@https://registry.npmjs.org/@better-auth/oauth-provider/-/oauth-provider-1.7.7.tgz (sha512-dc4C/ZF+8qc88ebcU8kaFp8yladCtfTkuUt2zBSmYw25YCNC5BoUP9rpAkIx4nemlZ11gLtSnkEPc0sA7MwVmw==) seems to be corrupted. Trying again.
npm warn tarball tarball data for @better-auth/kysely-adapter@https://registry.npmjs.org/@better-auth/kysely-adapter/-/kysely-adapter-1.7.7.tgz (sha512-9FONOCgOcrQI9wJ5v1oDGIg9sT7pa9RjZZQ4fsCTudo8R87SrIGNUvUxDFTJhZvUblvFfGaIBR9Vb8LA+8bqLQ==) seems to be corrupted. Trying again.
npm warn tarball tarball data for set-cookie-parser@https://registry.npmjs.org/set-cookie-parser/-/set-cookie-parser-3.1.2.tgz (sha512-5/r/lTwbJ3zQ+qwdUFZYeRNqda7P5HD8zQKqlSjdGt1/S0cjLAphHusj4Y58ahDtWn/g32xrIS58/ikOvwl0Lw==) seems to be corrupted. Trying again.
npm warn tarball tarball data for @better-auth/memory-adapter@https://registry.npmjs.org/@better-auth/memory-adapter/-/memory-adapter-1.7.7.tgz (sha512-FqKFEe+b5tXXV0gRbyirca+qXgMpLOeJ8Wk19yykb/scQKy0WJ4k22WzEV3TTPctQV9DZhwCXPlDtQhnlOv5Gg==) seems to be corrupted. Trying again.
npm warn tarball tarball data for @better-auth/drizzle-adapter@https://registry.npmjs.org/@better-auth/drizzle-adapter/-/drizzle-adapter-1.7.7.tgz (sha512-qon0U94PR5FQysuyGoAlGVQpIIiNg5dtDpwjE63sN/HjoRWZadZzHPcS9mn7JsJyQZK6iTNhd7LD0AaXt2f78w==) seems to be corrupted. Trying again.
npm warn tarball tarball data for @better-auth/core@https://registry.npmjs.org/@better-auth/core/-/core-1.7.7.tgz (sha512-srgFzHEjB2WWlokFz1i4BfG41sNhsA105Pukgqu6RrEh5A+LSkzf1mCHydVipkjt9l5qswtBMi7IL6ouHbZL4Q==) seems to be corrupted. Trying again.
npm warn tarball tarball data for wrangler@https://registry.npmjs.org/wrangler/-/wrangler-4.146.0.tgz (sha512-c27eHUH0Isr8HTmgZ6cLtLr/0cxtiBoLren6ywBeTW8ZIzj/dINVNBcqsbZc+iETnI5jrzO7E7Z8mLgLZ/l9iw==) seems to be corrupted. Trying again.
npm warn tarball tarball data for youch-core@https://registry.npmjs.org/youch-core/-/youch-core-0.3.3.tgz (sha512-ho7XuGjLaJ2hWHoK8yFnsUGy2Y5uDpqSTq1FkHLK4/oqKtyUU1AFbOOxY4IpC9f0fTLjwYbslUz0Po5BpD1wrA==) seems to be corrupted. Trying again.
npm warn tarball tarball data for ws@https://registry.npmjs.org/ws/-/ws-8.21.0.tgz (sha512-Vsp28b7DRcimFQvrqu2Wek3z1iYxDCWqHYB8Qsnk/S4RfaCQzPGPyBNuVjJV3cd6UiKtUtp6sNM77gWvzcCH+g==) seems to be corrupted. Trying again.
npm warn tarball tarball data for unenv@https://registry.npmjs.org/unenv/-/unenv-2.0.0-rc.24.tgz (sha512-i7qRCmY42zmCwnYlh9H2SvLEypEFGye5iRmEMKjcGi7zk9UquigRjFtTLz0TYqr0ZGLZhaMHl/foy1bZR+Cwlw==) seems to be corrupted. Trying again.
npm warn tarball tarball data for undici@https://registry.npmjs.org/undici/-/undici-7.29.1.tgz (sha512-RYONW2MeafgYlkVOKYKkA/Ag7BmXqgIWCa8t1m0JcxrQg9pI9lEqRhAOruOBCbAohOa/gkCF+iPi9hrgvTzu6Q==) seems to be corrupted. Trying again.
npm warn tarball tarball data for workerd@https://registry.npmjs.org/workerd/-/workerd-1.20261001.1.tgz (sha512-d/SIYHFO0PT/wiFZg8in4NpRIxYuFwslX1HdylOtWkBIIUmSpkGFhK820cV84XACFylwJ48xuRoWW/8DWDPsPQ==) seems to be corrupted. Trying again.
npm warn tarball tarball data for typescript@https://registry.npmjs.org/typescript/-/typescript-5.9.3.tgz (sha512-jl1vZzPDinLr9eUt3J/t7V6FgNEw9QjvBPdysz9KfQDD41fQrC2Y4vKQdiaUpFT4bXlb1RHhLpp8wtm6M5TgSw==) seems to be corrupted. Trying again.
npm warn tarball tarball data for zod@https://registry.npmjs.org/zod/-/zod-4.6.5.tgz (sha512-v5l/aFXZQeai4awLbOpSoHecE9UiMrnfx75tEXLjNonXVARxQ5mOeipTjROUchszUNCqnE+hqAMujRsRHsut2Q==) seems to be corrupted. Trying again.
npm warn tarball tarball data for sharp@https://registry.npmjs.org/sharp/-/sharp-0.35.4.tgz (sha512-n++8XWcj+jCOr2IOl7h8LbKnGBDY4aPbmprMONBNFdn0ImXqpGVv5zliDs0V9HbmbCQLpbuo2ej9rAoOQTvMDA==) seems to be corrupted. Trying again.
npm warn tarball tarball data for youch@https://registry.npmjs.org/youch/-/youch-4.1.0-beta.10.tgz (sha512-rLfVLB4FgQneDr0dv1oddCVZmKjcJ6yX6mS4pU82Mq/Dt9a3cLZQ62pDBL4AUO+uVrCvtWz3ZFUL2HFAFJ/BXQ==) seems to be corrupted. Trying again.
npm warn tarball tarball data for supports-color@https://registry.npmjs.org/supports-color/-/supports-color-10.2.2.tgz (sha512-SS+jx45GF1QjgEXQx4NJZV9ImqmO2NPz5FNsIHrsDjh2YsHnawpan7SNQ1o8NuhrbHZy9AZhIoCUiCeaW/C80g==) seems to be corrupted. Trying again.
npm warn tarball tarball data for undici-types@https://registry.npmjs.org/undici-types/-/undici-types-7.24.6.tgz (sha512-WRNW+sJgj5OBN4/0JpHFqtqzhpbnV0GuB+OozA9gCL7a993SmU+1JBZCzLNxYsbMfIeDL+lTsphD5jN5N+n0zg==) seems to be corrupted. Trying again.
npm warn tarball tarball data for miniflare@https://registry.npmjs.org/miniflare/-/miniflare-5.20261001.0-alpha.tgz (sha512-GaimS5mSIOMyvd16ga+e1/QkI8cmp3z35QPHFex0DktqNQf2RVZQwMPQXdyoUreUiFP/0Gpe2MoQInTyMAD5xA==) seems to be corrupted. Trying again.
npm warn tarball tarball data for tslib@https://registry.npmjs.org/tslib/-/tslib-2.8.1.tgz (sha512-oJFu94HQb+KVduSUQL7wnpmqnfmLsOA/nAh6b6EH0wCEoK0/mPeXU6c3wKDV83MkOuHPRHtSXKKU99IBazS/2w==) seems to be corrupted. Trying again.
npm warn tarball tarball data for rou3@https://registry.npmjs.org/rou3/-/rou3-0.9.2.tgz (sha512-3SOzvaAg8rkHrXtRjpCvCvbyO5to9oOO27Z/XqHEYXfMRVSw/qMIVdmaOk9W2lcRLtR6dlqTjo9hDeJk70QBYQ==) seems to be corrupted. Trying again.
npm warn tarball tarball data for pathe@https://registry.npmjs.org/pathe/-/pathe-2.0.3.tgz (sha512-WUjGcAqP1gQacoQe+OBJsFA7Ld4DyXuUIjZ5cc75cLHvJ7dtNsTugphxIADwspS+AraAUePCKrSVtPLFj/F88w==) seems to be corrupted. Trying again.
npm warn tarball tarball data for path-to-regexp@https://registry.npmjs.org/path-to-regexp/-/path-to-regexp-6.3.0.tgz (sha512-Yhpw4T9C6hPpgPeA28us07OJeqZ5EzQTkbfwuhsUg0c237RomFoETJgmp2sa3F/41gfLE6G5cqcYwznmeEeOlQ==) seems to be corrupted. Trying again.
npm warn tarball tarball data for semver@https://registry.npmjs.org/semver/-/semver-7.8.5.tgz (sha512-Y7/KDsb8LjooZpwaqGyulO6DQlksgCncchHGk+sZIY4SBvUocMBEFH5Ur1fI4dV+Jvl0w6cjvucaIi40puRioA==) seems to be corrupted. Trying again.
npm warn tarball tarball data for esbuild@https://registry.npmjs.org/esbuild/-/esbuild-0.28.1.tgz (sha512-HrJrvZv5ayxBzPfwphOoNzkzOIIlifzk0KJrGK2c8R4+LKpMtpYLQeUdjnwjWv/LZlkH2laZk+4w78pi99D4Vw==) seems to be corrupted. Trying again.
npm warn tarball tarball data for error-stack-parser-es@https://registry.npmjs.org/error-stack-parser-es/-/error-stack-parser-es-1.0.5.tgz (sha512-5qucVt2XcuGMcEGgWI7i+yZpmpByQ8J1lHhcL7PwqCwu9FPP3VUXzT4ltHe5i2z9dePwEHcDVOAfSnHsOlCXRA==) seems to be corrupted. Trying again.
npm warn tarball tarball data for nanostores@https://registry.npmjs.org/nanostores/-/nanostores-1.5.4.tgz (sha512-4UXY7OAJEK0Y6V3SudBU7cXjAzTDc189R78dDOh0Xbm19gpKYto6WizSg58LJf12lTsRxKSLGyE117OiLpM4DQ==) seems to be corrupted. Trying again.
npm warn tarball tarball data for detect-libc@https://registry.npmjs.org/detect-libc/-/detect-libc-2.1.2.tgz (sha512-Btj2BOOO83o3WyH59e8MgXsxEQVcarkUOpEYrubB0urwnN10yQ364rsiByU11nZlqWYZm05i/of7io4mzihBtQ==) seems to be corrupted. Trying again.
npm warn tarball tarball data for kleur@https://registry.npmjs.org/kleur/-/kleur-4.1.5.tgz (sha512-o+NO+8WrRiQEE4/7nwRJhN1HWpVmJm511pBHUxPLtp0BUISzlBplORYSmTclCnJvQq2tKu/sgl3xVpkc7ZWuQQ==) seems to be corrupted. Trying again.
npm warn tarball tarball data for cookie@https://registry.npmjs.org/cookie/-/cookie-1.1.1.tgz (sha512-ei8Aos7ja0weRpFzJnEA9UHJ/7XQmqglbRwnf2ATjcB9Wq874VKH9kfjjirM6UhU2/E5fFYadylyhFldcqSidQ==) seems to be corrupted. Trying again.
npm warn tarball tarball data for kysely@https://registry.npmjs.org/kysely/-/kysely-0.29.6.tgz (sha512-hHaB8C/rfzDDtr/t8YZwxAuPJTT0zHyaPoVzcXwDYhYNAgH/4sIfVhi/XLLIY+bL/FqaIJnjATDbi8ObSELmxg==) seems to be corrupted. Trying again.
npm warn tarball tarball data for jose@https://registry.npmjs.org/jose/-/jose-6.2.12.tgz (sha512-9NiFmJEex0sy2Dk58j2UGBSHgUs2ypF9eZSu4L6vjOX3Dp96Sw1F3uL+H+D1sx02jZZdzUT0HgvCy59CuvXcWw==) seems to be corrupted. Trying again.
npm warn tarball tarball data for defu@https://registry.npmjs.org/defu/-/defu-6.1.7.tgz (sha512-7z22QmUWiQ/2d0KkdYmANbRUVABpZ9SNYyH5vx6PZ+nE5bcC0l7uFvEfHlyld/HcGBFTL536ClDt3DEcSlEJAQ==) seems to be corrupted. Trying again.
npm warn tarball tarball data for blake3-wasm@https://registry.npmjs.org/blake3-wasm/-/blake3-wasm-2.1.5.tgz (sha512-F1+K8EbfOZE49dtoPtmxUQrpXaBIl3ICvasLh+nJta0xkz+9kF/7uet9fLnwKqhDrmj6g+6K3Tw9yQPUg2ka5g==) seems to be corrupted. Trying again.
npm warn tarball tarball data for @opentelemetry/semantic-conventions@https://registry.npmjs.org/@opentelemetry/semantic-conventions/-/semantic-conventions-1.43.0.tgz (sha512-eSYWTm620tTk45EKSedaUL8MFYI8hW164hIXsgIHyxu3VobUB3fFCu5t0hQby6OoWRPsG1KkKUG2M5UadiLiVg==) seems to be corrupted. Trying again.
npm warn tarball tarball data for better-auth@https://registry.npmjs.org/better-auth/-/better-auth-1.7.7.tgz (sha512-Zhgxi/c5ylmfB/sX+nwnBbsFf/j6k0L8DvL6CJXZSrXgxc5pPMC/e7j812zNd4L4B4ELmdURCPw3X8nAOUdcjw==) seems to be corrupted. Trying again.
npm warn tarball tarball data for @standard-schema/spec@https://registry.npmjs.org/@standard-schema/spec/-/spec-1.1.0.tgz (sha512-l2aFy5jALhniG5HgqrD6jXLi/rUWrKvqN/qJx6yoJsgKhblVd+iqqU4RCXavm/jPityDo5TCvKMnpjKnOriy0w==) seems to be corrupted. Trying again.
npm warn tarball tarball data for @types/node@https://registry.npmjs.org/@types/node/-/node-24.19.0.tgz (sha512-zY+5tKxXdhGh1PYI0ac+7juvEu4OI6vWtVVoj5i2m42jxAY1U+zHGt6QCyOFwykdP62sM3MJ9stoYYUw5aCWew==) seems to be corrupted. Trying again.
npm warn tarball tarball data for @speed-highlight/core@https://registry.npmjs.org/@speed-highlight/core/-/core-1.2.24.tgz (sha512-qeW2e1l78afw8VhRPfPQ1Gjj+KU5XFQ/OFV5ti6eTa9bruO7mJyZtA4vw0ofqmA3tKCkROE9xLk3VZoeRc98nw==) seems to be corrupted. Trying again.
npm warn tarball tarball data for @sindresorhus/is@https://registry.npmjs.org/@sindresorhus/is/-/is-7.2.0.tgz (sha512-P1Cz1dWaFfR4IR+U13mqqiGsLFf1KbayybWwdd2vfctdV6hDpUkgCY0nKOLLTMSoRd/jJNjtbqzf13K8DCCXQw==) seems to be corrupted. Trying again.
npm warn tarball tarball data for @poppinss/colors@https://registry.npmjs.org/@poppinss/colors/-/colors-4.1.6.tgz (sha512-H9xkIdFswbS8n1d6vmRd8+c10t2Qe+rZITbbDHHkQixH5+2x1FDGmi/0K+WgWiqQFKPSlIYB7jlH6Kpfn6Fleg==) seems to be corrupted. Trying again.
npm warn tarball tarball data for @noble/ciphers@https://registry.npmjs.org/@noble/ciphers/-/ciphers-2.4.0.tgz (sha512-AnjFn0Jv92laAkvMrghlFZq4qQCIN/4DxFV/eooqtC2YTjB7kBeLMS2T9KJX4Dn+ZVXLOwK0lSgqDtx9gvxtiw==) seems to be corrupted. Trying again.
npm warn tarball tarball data for @poppinss/exception@https://registry.npmjs.org/@poppinss/exception/-/exception-1.2.3.tgz (sha512-dCED+QRChTVatE9ibtoaxc+WkdzOSjYTKi/+uacHWIsfodVfpsueo3+DKpgU5Px8qXjgmXkSvhXvSCz3fnP9lw==) seems to be corrupted. Trying again.
npm warn tarball tarball data for @jridgewell/sourcemap-codec@https://registry.npmjs.org/@jridgewell/sourcemap-codec/-/sourcemap-codec-1.6.0.tgz (sha512-T7jf+5zgsZHwNJ4lvQ7/aezbyk0nNX+zJVWpmHA7VYsEx7a7qr5Rg5IbtJFqkgze5Y2sruq1RUY8Q837Od7iFw==) seems to be corrupted. Trying again.
npm warn tarball tarball data for @img/sharp-wasm32@https://registry.npmjs.org/@img/sharp-wasm32/-/sharp-wasm32-0.35.4.tgz (sha512-zQnl4Kwp7Q6NHsENtU2T/00Zi+w3AQNwz3+UaTyVBy2FpXrzXzGjndpK61onhZjRtRpQXxCTeqw19bVyXOh7jA==) seems to be corrupted. Trying again.
npm warn tarball tarball data for @poppinss/dumper@https://registry.npmjs.org/@poppinss/dumper/-/dumper-0.6.5.tgz (sha512-NBdYIb90J7LfOI32dOewKI1r7wnkiH6m920puQ3qHUeZkxNkQiFnXVWoE6YtFSv6QOiPPf7ys6i+HWWecDz7sw==) seems to be corrupted. Trying again.
npm warn tarball tarball data for better-call@https://registry.npmjs.org/better-call/-/better-call-1.4.0.tgz (sha512-bBKOT4vv1kZLDgxVePdilk/Jwkn+dtRRsmi3DzHcDP+WnswyVl6dR59l2HEeP/0cB+bDoopASAesWDPIdd/zZA==) seems to be corrupted. Trying again.
npm warn tarball tarball data for @esbuild/linux-x64@https://registry.npmjs.org/@esbuild/linux-x64/-/linux-x64-0.28.1.tgz (sha512-u/anNYF2mmVOEDwLtnQ1wOr3EZ9sTNGLWrsYGYwHWzGA3Si84IOkHXlbWTD1NB+9/1lcnweYKO54uhxZydNzfA==) seems to be corrupted. Trying again.
npm warn tarball tarball data for @cloudflare/unenv-preset@https://registry.npmjs.org/@cloudflare/unenv-preset/-/unenv-preset-2.16.2.tgz (sha512-JBP1+Z7ZSNG/d4mRP+y8VC5dka3tZVMLEZRvS+rzQ4DGV1EoxRFQckcJTTkXbHSQiTj0DtNI01Zwb/V2fX0mvQ==) seems to be corrupted. Trying again.
npm warn tarball tarball data for @jridgewell/trace-mapping@https://registry.npmjs.org/@jridgewell/trace-mapping/-/trace-mapping-0.3.9.tgz (sha512-3Belt6tdc8bPgAtbcmdtNJlirVoTmEb5e2gC94PnkwEW9jI6CAHUeoG85tjWP5WquqfavoMtMwiG4P926ZKKuQ==) seems to be corrupted. Trying again.
npm warn tarball tarball data for @noble/hashes@https://registry.npmjs.org/@noble/hashes/-/hashes-2.4.0.tgz (sha512-X5XaVWZIBCT7HHZGm5I7ZQXDwLG+bGXuSrMQAW+7Zvl87h1kmc1ZB1VSRJcpUfoUrGQp4Fkoxm5kZ+Ms+aW+eA==) seems to be corrupted. Trying again.
npm warn tarball tarball data for @img/sharp-libvips-linux-x64@https://registry.npmjs.org/@img/sharp-libvips-linux-x64/-/sharp-libvips-linux-x64-1.3.3.tgz (sha512-4vKmvAst9nrowcqquKFAyZJUDolUaIp8uRiN0mWFguJ1IplC9/pitXtlnnlU4aa/eJw3J7i67V+pwUL+wZGdsA==) seems to be corrupted. Trying again.
npm warn tarball tarball data for @jridgewell/resolve-uri@https://registry.npmjs.org/@jridgewell/resolve-uri/-/resolve-uri-3.1.2.tgz (sha512-bRISgCIjP20/tbWSPWMEi54QVPRZExkuD9lJL+UIxUKtwVJA8wW1Trb1jMs1RFXo1CBTNZ/5hpC9QvmKWdopKw==) seems to be corrupted. Trying again.
npm warn tarball tarball data for @img/sharp-linux-x64@https://registry.npmjs.org/@img/sharp-linux-x64/-/sharp-linux-x64-0.35.4.tgz (sha512-9qvvEAuk8k89TfWUoX2htWjbAMX8p+NxCppjpcg5k6xMsjhBQPTsoIh36h9Qde4WRuGpJeYnOjdosDn/cnv+OA==) seems to be corrupted. Trying again.
npm warn tarball tarball data for @img/colour@https://registry.npmjs.org/@img/colour/-/colour-1.1.0.tgz (sha512-Td76q7j57o/tLVdgS746cYARfSyxk8iEfRxewL9h4OMzYhbW4TAcppl0mT4eyqXddh6L/jwoM75mo7ixa/pCeQ==) seems to be corrupted. Trying again.
npm warn tarball tarball data for @cloudflare/workerd-linux-64@https://registry.npmjs.org/@cloudflare/workerd-linux-64/-/workerd-linux-64-1.20261001.1.tgz (sha512-kZbTZJGrhsMOdqZ2BIybjaBRLZjYsRLWj7mcNw/6Y3hodOhp5MrNzcz4iWGwNVWwyIV+7Pl+/LX5VcgnRqdHOg==) seems to be corrupted. Trying again.
npm warn tarball tarball data for @emnapi/runtime@https://registry.npmjs.org/@emnapi/runtime/-/runtime-1.11.3.tgz (sha512-Xz4Tpyki7XyrpbUK1jR1AhdAdaXyhhY4lZ3neLodmhpuWfy2PAQN5B46sAiU4liOXGLkHypn/qU+jvfWSCYYLA==) seems to be corrupted. Trying again.
npm warn tarball tarball data for @cspotcode/source-map-support@https://registry.npmjs.org/@cspotcode/source-map-support/-/source-map-support-0.8.1.tgz (sha512-IchNf6dN4tHoMFIn/7OE8LWZ19Y6q/67Bmf6vnGREv8RSbBVb9LPJxEcnwrcwX6ixSvaiGoomAUvu4YSxXrVgw==) seems to be corrupted. Trying again.
npm warn tarball tarball data for @cloudflare/kv-asset-handler@https://registry.npmjs.org/@cloudflare/kv-asset-handler/-/kv-asset-handler-0.5.0.tgz (sha512-jxQYkj8dSIzc0cD6cMMNdOc1UVjqSqu8BZdor5s8cGjW2I8BjODt/kWPVdY+u9zj3ms75Q5qaZgnxUad83+eAg==) seems to be corrupted. Trying again.
npm warn tarball tarball data for @better-auth/mongo-adapter@https://registry.npmjs.org/@better-auth/mongo-adapter/-/mongo-adapter-1.7.7.tgz (sha512-ZnVDuRrXqbf0oHphrEN27oTImNH5NTO26dtWatq5cXyYAsH7goof9QIoTOmxTbBxUQahKBw9T6+9h6n+RtOE+g==) seems to be corrupted. Trying again.
npm warn tarball tarball data for @better-auth/utils@https://registry.npmjs.org/@better-auth/utils/-/utils-0.4.2.tgz (sha512-AUxrvu+HaaODsUyzDxFgwd/8RZ1yZaYo42LXKSrU2oGgR38pS1ij8nqQKNgtTWoYGpNevNXtCfgTy6loHveW9A==) seems to be corrupted. Trying again.
npm warn tarball tarball data for @better-auth/prisma-adapter@https://registry.npmjs.org/@better-auth/prisma-adapter/-/prisma-adapter-1.7.7.tgz (sha512-4YcnrcVdvWiAZw0sZl63tWUClPXg5r3QsLn7C2sG7kKEBY06zOng0ibecyxRBixKq1zE1ceHuEUqez5Rhi+nQA==) seems to be corrupted. Trying again.
npm warn tarball tarball data for @better-auth/oauth-provider@https://registry.npmjs.org/@better-auth/oauth-provider/-/oauth-provider-1.7.7.tgz (sha512-dc4C/ZF+8qc88ebcU8kaFp8yladCtfTkuUt2zBSmYw25YCNC5BoUP9rpAkIx4nemlZ11gLtSnkEPc0sA7MwVmw==) seems to be corrupted. Trying again.
npm warn tarball tarball data for @better-auth/kysely-adapter@https://registry.npmjs.org/@better-auth/kysely-adapter/-/kysely-adapter-1.7.7.tgz (sha512-9FONOCgOcrQI9wJ5v1oDGIg9sT7pa9RjZZQ4fsCTudo8R87SrIGNUvUxDFTJhZvUblvFfGaIBR9Vb8LA+8bqLQ==) seems to be corrupted. Trying again.
npm warn tarball tarball data for @better-fetch/fetch@https://registry.npmjs.org/@better-fetch/fetch/-/fetch-1.3.2.tgz (sha512-Gs7n99b5tqUC6cQAPbV0uED3IraHB6xQbHLQ/C3l7ZFafHScOx9pQ+DYmP5blbLFShVWLqxNUlI9wi4xU/X+ow==) seems to be corrupted. Trying again.
npm warn tarball tarball data for @better-auth/telemetry@https://registry.npmjs.org/@better-auth/telemetry/-/telemetry-1.7.7.tgz (sha512-PaRA6i+kAioVYmza2gHPcdrxP0hAotph4KV9hft2GeNJq+AZXDiBu3FuLM9HxvcmiZeUT74Vufqd9ypmB8veTA==) seems to be corrupted. Trying again.
npm warn tarball tarball data for @better-auth/core@https://registry.npmjs.org/@better-auth/core/-/core-1.7.7.tgz (sha512-srgFzHEjB2WWlokFz1i4BfG41sNhsA105Pukgqu6RrEh5A+LSkzf1mCHydVipkjt9l5qswtBMi7IL6ouHbZL4Q==) seems to be corrupted. Trying again.
npm warn tarball tarball data for @better-auth/utils@https://registry.npmjs.org/@better-auth/utils/-/utils-0.5.0.tgz (sha512-BL8W4EfIZFwlu0r54m3v1ztjDhu6dDe/amLTm0xybmbZaNgYUqhD3SjpAsnq0q8YD6/ki4iwIgxJNLP/N3TxiA==) seems to be corrupted. Trying again.
npm warn tarball tarball data for @better-auth/memory-adapter@https://registry.npmjs.org/@better-auth/memory-adapter/-/memory-adapter-1.7.7.tgz (sha512-FqKFEe+b5tXXV0gRbyirca+qXgMpLOeJ8Wk19yykb/scQKy0WJ4k22WzEV3TTPctQV9DZhwCXPlDtQhnlOv5Gg==) seems to be corrupted. Trying again.
npm warn tarball tarball data for @better-auth/drizzle-adapter@https://registry.npmjs.org/@better-auth/drizzle-adapter/-/drizzle-adapter-1.7.7.tgz (sha512-qon0U94PR5FQysuyGoAlGVQpIIiNg5dtDpwjE63sN/HjoRWZadZzHPcS9mn7JsJyQZK6iTNhd7LD0AaXt2f78w==) seems to be corrupted. Trying again.
npm warn tar TAR_ENTRY_ERROR ENOENT: no such file or directory, lstat '/workspace/team-c-release/cloud/cake-id-auth/node_modules/@better-auth/drizzle-adapter/dist/relations-v2'
npm warn tar TAR_ENTRY_ERROR ENOENT: no such file or directory, open '/workspace/team-c-release/cloud/cake-id-auth/node_modules/kysely/dist/parser/delete-from-parser.d.ts'
npm warn tar TAR_ENTRY_ERROR ENOENT: no such file or directory, open '/workspace/team-c-release/cloud/cake-id-auth/node_modules/@better-auth/drizzle-adapter/dist/schema-check-DFZjRat1.mjs'
npm warn tar TAR_ENTRY_ERROR ENOENT: no such file or directory, open '/workspace/team-c-release/cloud/cake-id-auth/node_modules/@speed-highlight/core/dist/languages/go.d.ts'
npm warn tar TAR_ENTRY_ERROR ENOENT: no such file or directory, open '/workspace/team-c-release/cloud/cake-id-auth/node_modules/zod/src/v4/locales/ta.ts'
npm warn tar TAR_ENTRY_ERROR ENOENT: no such file or directory, lstat '/workspace/team-c-release/cloud/cake-id-auth/node_modules/@better-auth/drizzle-adapter/dist'
npm warn tar TAR_ENTRY_ERROR ENOENT: no such file or directory, lstat '/workspace/team-c-release/cloud/cake-id-auth/node_modules/@better-auth/drizzle-adapter/dist'
npm warn tar TAR_ENTRY_ERROR ENOENT: no such file or directory, open '/workspace/team-c-release/cloud/cake-id-auth/node_modules/better-call/node_modules/@better-auth/utils/dist/base32.d.mts'
npm warn tar TAR_ENTRY_ERROR ENOENT: no such file or directory, open '/workspace/team-c-release/cloud/cake-id-auth/node_modules/@better-auth/drizzle-adapter/LICENSE.md'
npm warn tar TAR_ENTRY_ERROR ENOENT: no such file or directory, lstat '/workspace/team-c-release/cloud/cake-id-auth/node_modules/@speed-highlight/core/dist/node/languages'
npm warn tar TAR_ENTRY_ERROR ENOENT: no such file or directory, lstat '/workspace/team-c-release/cloud/cake-id-auth/node_modules/better-call/node_modules/@better-auth/utils/dist'
npm warn tar TAR_ENTRY_ERROR ENOENT: no such file or directory, lstat '/workspace/team-c-release/cloud/cake-id-auth/node_modules/@speed-highlight/core/dist'
npm warn tar TAR_ENTRY_ERROR ENOENT: no such file or directory, lstat '/workspace/team-c-release/cloud/cake-id-auth/node_modules/better-call/node_modules/@better-auth/utils/dist'
npm warn tar TAR_ENTRY_ERROR ENOENT: no such file or directory, lstat '/workspace/team-c-release/cloud/cake-id-auth/node_modules/@speed-highlight/core/dist'
npm warn tar TAR_ENTRY_ERROR ENOENT: no such file or directory, lstat '/workspace/team-c-release/cloud/cake-id-auth/node_modules/@opentelemetry/semantic-conventions/build'
npm warn tar TAR_ENTRY_ERROR ENOENT: no such file or directory, lstat '/workspace/team-c-release/cloud/cake-id-auth/node_modules/better-call/node_modules/@better-auth/utils/dist'
npm warn tar TAR_ENTRY_ERROR ENOENT: no such file or directory, lstat '/workspace/team-c-release/cloud/cake-id-auth/node_modules/@speed-highlight/core/dist'
npm warn tar TAR_ENTRY_ERROR ENOENT: no such file or directory, lstat '/workspace/team-c-release/cloud/cake-id-auth/node_modules/better-call/node_modules/@better-auth/utils/dist'
npm warn tar TAR_ENTRY_ERROR ENOENT: no such file or directory, lstat '/workspace/team-c-release/cloud/cake-id-auth/node_modules/@speed-highlight/core/dist'
npm warn cleanup Failed to remove some directories [
npm warn cleanup   [
npm warn cleanup     '/workspace/team-c-release/cloud/cake-id-auth/node_modules/kysely',
npm warn cleanup     [Error: ENOTEMPTY: directory not empty, rmdir '/workspace/team-c-release/cloud/cake-id-auth/node_modules/kysely/dist'] {
npm warn cleanup       errno: -39,
npm warn cleanup       code: 'ENOTEMPTY',
npm warn cleanup       syscall: 'rmdir',
npm warn cleanup       path: '/workspace/team-c-release/cloud/cake-id-auth/node_modules/kysely/dist'
npm warn cleanup     }
npm warn cleanup   ],
npm warn cleanup   [
npm warn cleanup     '/workspace/team-c-release/cloud/cake-id-auth/node_modules',
npm warn cleanup     [Error: ENOTEMPTY: directory not empty, rmdir '/workspace/team-c-release/cloud/cake-id-auth/node_modules/@better-auth/core/dist/db'] {
npm warn cleanup       errno: -39,
npm warn cleanup       code: 'ENOTEMPTY',
npm warn cleanup       syscall: 'rmdir',
npm warn cleanup       path: '/workspace/team-c-release/cloud/cake-id-auth/node_modules/@better-auth/core/dist/db'
npm warn cleanup     }
npm warn cleanup   ],
npm warn cleanup   [
npm warn cleanup     '/workspace/team-c-release/cloud/cake-id-auth/node_modules/@better-auth',
npm warn cleanup     [Error: ENOTEMPTY: directory not empty, rmdir '/workspace/team-c-release/cloud/cake-id-auth/node_modules/@better-auth/core/dist/db'] {
npm warn cleanup       errno: -39,
npm warn cleanup       code: 'ENOTEMPTY',
npm warn cleanup       syscall: 'rmdir',
npm warn cleanup       path: '/workspace/team-c-release/cloud/cake-id-auth/node_modules/@better-auth/core/dist/db'
npm warn cleanup     }
npm warn cleanup   ],
npm warn cleanup   [
npm warn cleanup     '/workspace/team-c-release/cloud/cake-id-auth/node_modules/zod',
npm warn cleanup     [Error: ENOTEMPTY: directory not empty, rmdir '/workspace/team-c-release/cloud/cake-id-auth/node_modules/zod/src/v4'] {
npm warn cleanup       errno: -39,
npm warn cleanup       code: 'ENOTEMPTY',
npm warn cleanup       syscall: 'rmdir',
npm warn cleanup       path: '/workspace/team-c-release/cloud/cake-id-auth/node_modules/zod/src/v4'
npm warn cleanup     }
npm warn cleanup   ],
npm warn cleanup   [
npm warn cleanup     '/workspace/team-c-release/cloud/cake-id-auth/node_modules/unenv',
npm warn cleanup     [Error: ENOTEMPTY: directory not empty, rmdir '/workspace/team-c-release/cloud/cake-id-auth/node_modules/unenv/dist/runtime/node'] {
npm warn cleanup       errno: -39,
npm warn cleanup       code: 'ENOTEMPTY',
npm warn cleanup       syscall: 'rmdir',
npm warn cleanup       path: '/workspace/team-c-release/cloud/cake-id-auth/node_modules/unenv/dist/runtime/node'
npm warn cleanup     }
npm warn cleanup   ]
npm warn cleanup ]
npm warn tar TAR_ENTRY_ERROR ENOENT: no such file or directory, lstat '/workspace/team-c-release/cloud/cake-id-auth/node_modules/better-call/node_modules/@better-auth/utils/dist'
npm warn tar TAR_ENTRY_ERROR ENOENT: no such file or directory, lstat '/workspace/team-c-release/cloud/cake-id-auth/node_modules/@speed-highlight/core/dist'
npm warn tar TAR_ENTRY_ERROR ENOENT: no such file or directory, lstat '/workspace/team-c-release/cloud/cake-id-auth/node_modules/better-call/node_modules/@better-auth/utils/dist'
npm warn tar TAR_ENTRY_ERROR ENOENT: no such file or directory, lstat '/workspace/team-c-release/cloud/cake-id-auth/node_modules/@speed-highlight/core/dist'
npm error code ENOENT
npm error syscall mkdir
npm error path /home/agent/.npm/_cacache
npm error errno -2
npm error enoent ENOENT: no such file or directory, mkdir '/home/agent/.npm/_cacache'
npm error enoent This is related to npm not being able to find a file.
npm error enoent
npm notice
npm notice New major version of npm available! 11.9.0 -> 12.2.0
npm notice Changelog: https://github.com/npm/cli/releases/tag/v12.2.0
npm notice To update run: npm install -g npm@12.2.0
npm notice
npm error Log files were not written due to an error writing to the directory: /home/agent/.npm/_logs
npm error You can rerun the command with `--loglevel=verbose` to see the logs in your terminal
