START independent-target-prepare-and-reject-preserve-active-bitmap-and-canonical
PASS independent-target-prepare-and-reject-preserve-active-bitmap-and-canonical
START invalid-route-refused-before-owner-or-device-effects
PASS invalid-route-refused-before-owner-or-device-effects
START controlled-target-read-failure-preserves-active-owner
PASS controlled-target-read-failure-preserves-active-owner
START typed-input-before-navigation-and-close-is-retained
PASS typed-input-before-navigation-and-close-is-retained
START typed-input-after-render-fences-native-admission
PASS typed-input-after-render-fences-native-admission
START acknowledged-owner-edit-after-render-fences-target
PASS acknowledged-owner-edit-after-render-fences-target
START forged-view-state-and-superseded-offer-have-no-authority
PASS forged-view-state-and-superseded-offer-have-no-authority
START cancelled-late-read-and-pending-close-preserve-owner
PASS cancelled-late-read-and-pending-close-preserve-owner
START disposal-during-read-fences-late-candidate-without-extra-release
PASS disposal-during-read-fences-late-candidate-without-extra-release
START candidate-preview-does-not-write-native-cache-before-accept
PASS candidate-preview-does-not-write-native-cache-before-accept
START changed-native-cache-refuses-admission-without-overwrite
PASS changed-native-cache-refuses-admission-without-overwrite
START old-retirement-cannot-clear-new-real-canonical-dirty-edit
PASS old-retirement-cannot-clear-new-real-canonical-dirty-edit
START actual-raster-crop-history-save-close-reopen-and-pixel-export
PASS actual-raster-crop-history-save-close-reopen-and-pixel-export
START candidate-publication-cannot-write-detached-previous-input
PASS candidate-publication-cannot-write-detached-previous-input
START candidate-observer-reentrant-navigation-waits-coherent-retirement
PASS candidate-observer-reentrant-navigation-waits-coherent-retirement
