  Determining projects to restore...
  All projects are up-to-date for restore.
  CakeOS.Apps.Boards.Contract -> /workspace/team-c-c3-boards-startup/9to1 Workspace/Boards/contract/bin/Release/net10.0/CakeOS.Apps.Boards.Contract.dll
  DevAnalyzers -> /workspace/team-c-c3-boards-startup/framework/CUI/vendor/Avalonia/src/tools/DevAnalyzers/bin/Release/netstandard2.0/DevAnalyzers.dll
  Avalonia.Analyzers.CSharp -> /workspace/team-c-c3-boards-startup/framework/CUI/vendor/Avalonia/src/tools/Avalonia.Analyzers.CSharp/bin/Release/netstandard2.0/Avalonia.Analyzers.CSharp.dll
  Avalonia.Analyzers.CodeFixes.CSharp -> /workspace/team-c-c3-boards-startup/framework/CUI/vendor/Avalonia/src/tools/Avalonia.Analyzers.CodeFixes.CSharp/bin/Release/netstandard2.0/Avalonia.Analyzers.CodeFixes.CSharp.dll
  Avalonia.Remote.Protocol -> /workspace/team-c-c3-boards-startup/framework/CUI/vendor/Avalonia/src/Avalonia.Remote.Protocol/bin/Release/net10.0/Avalonia.Remote.Protocol.dll
  Avalonia.Analyzers.VisualBasic -> /workspace/team-c-c3-boards-startup/framework/CUI/vendor/Avalonia/src/tools/Avalonia.Analyzers.VisualBasic/bin/Release/netstandard2.0/Avalonia.Analyzers.VisualBasic.dll
  DevGenerators -> /workspace/team-c-c3-boards-startup/framework/CUI/vendor/Avalonia/src/tools/DevGenerators/bin/Release/netstandard2.0/DevGenerators.dll
  CakeOS.Cui.Language -> /workspace/team-c-c3-boards-startup/framework/CUI/Language/bin/Release/net10.0/CakeOS.Cui.Language.dll
  CakeOS.Cui.Core -> /workspace/team-c-c3-boards-startup/framework/CUI/Core/bin/Release/net10.0/CakeOS.Cui.Core.dll
  Avalonia.Build.Tasks -> /workspace/team-c-c3-boards-startup/framework/CUI/vendor/Avalonia/src/Avalonia.Build.Tasks/bin/Release/netstandard2.0/Avalonia.Build.Tasks.dll
  Avalonia.MicroCom -> /workspace/team-c-c3-boards-startup/framework/CUI/vendor/Avalonia/src/Avalonia.MicroCom/bin/Release/net10.0/Avalonia.MicroCom.dll
  Avalonia.DBus.Generators -> /workspace/team-c-c3-boards-startup/framework/CUI/vendor/Avalonia/src/tools/Avalonia.DBus.Generators/bin/Release/netstandard2.0/Avalonia.DBus.Generators.dll
  Avalonia.Base -> /workspace/team-c-c3-boards-startup/framework/CUI/vendor/Avalonia/src/Avalonia.Base/bin/Release/net10.0/Avalonia.Base.dll
  Avalonia.Markup -> /workspace/team-c-c3-boards-startup/framework/CUI/vendor/Avalonia/src/Markup/Avalonia.Markup/bin/Release/net10.0/Avalonia.Markup.dll
  Avalonia.Controls -> /workspace/team-c-c3-boards-startup/framework/CUI/vendor/Avalonia/src/Avalonia.Controls/bin/Release/net10.0/Avalonia.Controls.dll
  Avalonia.HarfBuzz -> /workspace/team-c-c3-boards-startup/framework/CUI/vendor/Avalonia/src/HarfBuzz/Avalonia.HarfBuzz/bin/Release/net10.0/Avalonia.HarfBuzz.dll
  Avalonia.Markup.Xaml -> /workspace/team-c-c3-boards-startup/framework/CUI/vendor/Avalonia/src/Markup/Avalonia.Markup.Xaml/bin/Release/net10.0/Avalonia.Markup.Xaml.dll
  Avalonia.Vulkan -> /workspace/team-c-c3-boards-startup/framework/CUI/vendor/Avalonia/src/Avalonia.Vulkan/bin/Release/net10.0/Avalonia.Vulkan.dll
  Avalonia.Fonts.Inter -> /workspace/team-c-c3-boards-startup/framework/CUI/vendor/Avalonia/src/Avalonia.Fonts.Inter/bin/Release/net10.0/Avalonia.Fonts.Inter.dll
  CakeOS.Cui.Themes -> /workspace/team-c-c3-boards-startup/framework/CUI/Themes/bin/Release/net10.0/CakeOS.Cui.Themes.dll
  Avalonia.Win32.Automation -> /workspace/team-c-c3-boards-startup/framework/CUI/vendor/Avalonia/src/Windows/Avalonia.Win32.Automation/bin/Release/net10.0/Avalonia.Win32.Automation.dll
  Avalonia.Metal -> /workspace/team-c-c3-boards-startup/framework/CUI/vendor/Avalonia/src/Avalonia.Metal/bin/Release/net10.0/Avalonia.Metal.dll
  Avalonia.OpenGL -> /workspace/team-c-c3-boards-startup/framework/CUI/vendor/Avalonia/src/Avalonia.OpenGL/bin/Release/net10.0/Avalonia.OpenGL.dll
  Avalonia.DesignerSupport -> /workspace/team-c-c3-boards-startup/framework/CUI/vendor/Avalonia/src/Avalonia.DesignerSupport/bin/Release/net10.0/Avalonia.DesignerSupport.dll
  Avalonia.Dialogs -> /workspace/team-c-c3-boards-startup/framework/CUI/vendor/Avalonia/src/Avalonia.Dialogs/bin/Release/net10.0/Avalonia.Dialogs.dll
  Avalonia.Generators -> /workspace/team-c-c3-boards-startup/framework/CUI/vendor/Avalonia/src/tools/Avalonia.Generators/bin/Release/netstandard2.0/Avalonia.Generators.dll
  Avalonia.FreeDesktop -> /workspace/team-c-c3-boards-startup/framework/CUI/vendor/Avalonia/src/Avalonia.FreeDesktop/bin/Release/net10.0/Avalonia.FreeDesktop.dll
  Avalonia.Themes.Fluent -> /workspace/team-c-c3-boards-startup/framework/CUI/vendor/Avalonia/src/Avalonia.Themes.Fluent/bin/Release/net10.0/Avalonia.Themes.Fluent.dll
  Avalonia.Skia -> /workspace/team-c-c3-boards-startup/framework/CUI/vendor/Avalonia/src/Skia/Avalonia.Skia/bin/Release/net10.0/Avalonia.Skia.dll
  Parsing WinRT/winrt.idl
  Writing C# interop code to WinRT/WinRT.Generated.cs
  Avalonia -> /workspace/team-c-c3-boards-startup/framework/CUI/vendor/Avalonia/packages/Avalonia/bin/Release/net10.0/Avalonia.dll
  Avalonia.FreeDesktop.AtSpi -> /workspace/team-c-c3-boards-startup/framework/CUI/vendor/Avalonia/src/Avalonia.FreeDesktop.AtSpi/bin/Release/net10.0/Avalonia.FreeDesktop.AtSpi.dll
  Parsing Win32Com/win32.idl
  Writing C# interop code to Win32Com/Win32.Generated.cs
  Parsing DirectX/directx.idl
  Writing C# interop code to DirectX/directx.Generated.cs
  Parsing DComposition/dcomp.idl
  Writing C# interop code to DComposition/DComp.Generated.cs
  Parsing avn.idl
  Writing C# interop code to Interop.Generated.cs





  Avalonia.Native -> /workspace/team-c-c3-boards-startup/framework/CUI/vendor/Avalonia/src/Avalonia.Native/bin/Release/net10.0/Avalonia.Native.dll
  Avalonia.Win32 -> /workspace/team-c-c3-boards-startup/framework/CUI/vendor/Avalonia/src/Windows/Avalonia.Win32/bin/Release/net10.0/Avalonia.Win32.dll
  Avalonia.Headless -> /workspace/team-c-c3-boards-startup/framework/CUI/vendor/Avalonia/src/Headless/Avalonia.Headless/bin/Release/net10.0/Avalonia.Headless.dll
  Avalonia.X11 -> /workspace/team-c-c3-boards-startup/framework/CUI/vendor/Avalonia/src/Avalonia.X11/bin/Release/net10.0/Avalonia.X11.dll
  Avalonia.Desktop -> /workspace/team-c-c3-boards-startup/framework/CUI/vendor/Avalonia/src/Avalonia.Desktop/bin/Release/net10.0/Avalonia.Desktop.dll
  CakeOS.Cui.Runtime -> /workspace/team-c-c3-boards-startup/framework/CUI/Runtime/bin/Release/net10.0/CakeOS.Cui.Runtime.dll
  CakeOS.Apps.Boards.App -> /workspace/team-c-c3-boards-startup/9to1 Workspace/Boards/app/bin/Release/net10.0-windows/CakeOS.Apps.Boards.App.dll
  CakeOS.Apps.Boards.App.Tests -> /workspace/team-c-c3-boards-startup/9to1 Workspace/Boards/app.tests/bin/Release/net10.0-windows/CakeOS.Apps.Boards.App.Tests.dll
Test run for /workspace/team-c-c3-boards-startup/9to1 Workspace/Boards/app.tests/bin/Release/net10.0-windows/CakeOS.Apps.Boards.App.Tests.dll (.NETCoreApp,Version=v10.0)
A total of 1 test files matched the specified pattern.
Results File: /workspace/team-c-resume-evidence/c3-boards-startup-20261004/normal-adapter-release.trx

Passed!  - Failed:     0, Passed:     9, Skipped:     0, Total:     9, Duration: 348 ms - CakeOS.Apps.Boards.App.Tests.dll (net10.0)
