  Determining projects to restore...
  Restored /workspace/team-c/c2-home-negative/framework/CUI/AI/NineToOne.Cui.AI.csproj (in 101 ms).
  Restored /workspace/team-c/c2-home-negative/9to1 Models/Dulche Alpha/Den.csproj (in 131 ms).
  Restored /workspace/team-c/c2-home-negative/9to1 Workspace/shared/src/Haven.Browser/Haven.Browser.csproj (in 104 ms).
  Restored /workspace/team-c/c2-home-negative/9to1 Workspace/Browse/HavenOS.Apps.Browse.csproj (in 101 ms).
  Restored /workspace/team-c/c2-home-negative/9to1 Workspace/shared/src/Haven.UI/Haven.UI.csproj (in 0.9 ms).
  Restored /workspace/team-c/c2-home-negative/framework/CUI/Language/CakeOS.Cui.Language.csproj (in 3 ms).
  Restored /workspace/team-c/c2-home-negative/framework/CUI/Core/CakeOS.Cui.Core.csproj (in 2 ms).
  Restored /workspace/team-c/c2-home-negative/9to1 Workspace/shared/src/Haven.Core/Haven.Core.csproj (in 1 ms).
  Restored /workspace/team-c/c2-home-negative/9to1 Workspace/shared/src/Haven.Application/Haven.Application.csproj (in 6 ms).
  Restored /workspace/team-c/c2-home-negative/9to1 Workspace/Home/HavenOS.Home.csproj (in 7 ms).
  Restored /workspace/team-c/c2-home-negative/9to1 Workspace/Home/Tests/HavenOS.Home.Tests.csproj (in 373 ms).
  CakeOS.Cui.Language -> /workspace/team-c/c2-home-negative/framework/CUI/Language/bin/Release/net10.0/CakeOS.Cui.Language.dll
  NineToOne.Cui.AI -> /workspace/team-c/c2-home-negative/framework/CUI/AI/bin/Release/net10.0/NineToOne.Cui.AI.dll
  CakeOS.Cui.Core -> /workspace/team-c/c2-home-negative/framework/CUI/Core/bin/Release/net10.0/CakeOS.Cui.Core.dll
  Haven.UI -> /workspace/team-c/c2-home-negative/9to1 Workspace/shared/src/Haven.UI/bin/Release/net10.0/Haven.UI.dll
  Haven.Core -> /workspace/team-c/c2-home-negative/9to1 Workspace/shared/src/Haven.Core/bin/Release/net10.0/Haven.Core.dll
  Den -> /workspace/team-c/c2-home-negative/9to1 Models/Dulche Alpha/bin/Release/net10.0/Den.dll
  Haven.Application -> /workspace/team-c/c2-home-negative/9to1 Workspace/shared/src/Haven.Application/bin/Release/net10.0/Haven.Application.dll
  Dulche.Runtime -> /workspace/team-c/c2-home-negative/9to1 Models/Dulche Alpha/bin/Release/net10.0/Dulche.Runtime.dll
  Haven.Browser -> /workspace/team-c/c2-home-negative/9to1 Workspace/shared/src/Haven.Browser/bin/Release/net10.0/Haven.Browser.dll
  HavenOS.Apps.Browse -> /workspace/team-c/c2-home-negative/9to1 Workspace/Browse/bin/Release/net10.0/HavenOS.Apps.Browse.dll
  HavenOS.Home -> /workspace/team-c/c2-home-negative/9to1 Workspace/Home/bin/Release/net10.0/HavenOS.Home.dll
  HavenOS.Home.Tests -> /workspace/team-c/c2-home-negative/9to1 Workspace/Home/Tests/bin/Release/net10.0/HavenOS.Home.Tests.dll
Test run for /workspace/team-c/c2-home-negative/9to1 Workspace/Home/Tests/bin/Release/net10.0/HavenOS.Home.Tests.dll (.NETCoreApp,Version=v10.0)
A total of 1 test files matched the specified pattern.
  Failed HavenOS.Home.Tests.HomePermissionTrustServiceTests.Changed_caller_identity_cannot_inherit_session_approval(identityVersion: "hash-v2") [181 ms]
  Error Message:
   Assert.Equal() Failure: Values differ
Expected: PendingApproval
Actual:   Approved
  Stack Trace:
     at HavenOS.Home.Tests.HomePermissionTrustServiceTests.Changed_caller_identity_cannot_inherit_session_approval(String identityVersion) in /workspace/team-c/c2-home-negative/9to1 Workspace/Home/Tests/HomePermissionTrustServiceTests.cs:line 60
--- End of stack trace from previous location ---
  Failed HavenOS.Home.Tests.HomePermissionTrustServiceTests.Changed_caller_identity_cannot_inherit_session_approval(identityVersion: null) [3 ms]
  Error Message:
   Assert.Equal() Failure: Values differ
Expected: PendingApproval
Actual:   Approved
  Stack Trace:
     at HavenOS.Home.Tests.HomePermissionTrustServiceTests.Changed_caller_identity_cannot_inherit_session_approval(String identityVersion) in /workspace/team-c/c2-home-negative/9to1 Workspace/Home/Tests/HomePermissionTrustServiceTests.cs:line 60
--- End of stack trace from previous location ---
Results File: /workspace/team-c/evidence/c2/home-negative-results/home-reconciled-negative.trx

Failed!  - Failed:     2, Passed:     0, Skipped:     0, Total:     2, Duration: 211 ms - HavenOS.Home.Tests.dll (net10.0)
[xUnit.net 00:00:00.44]     HavenOS.Home.Tests.HomePermissionTrustServiceTests.Changed_caller_identity_cannot_inherit_session_approval(identityVersion: "hash-v2") [FAIL]
[xUnit.net 00:00:00.46]     HavenOS.Home.Tests.HomePermissionTrustServiceTests.Changed_caller_identity_cannot_inherit_session_approval(identityVersion: null) [FAIL]

EXIT_CODE=1
