
Welcome to .NET 10.0!
---------------------
SDK Version: 10.0.401

----------------
Installed an ASP.NET Core HTTPS development certificate.
To trust the certificate, run 'dotnet dev-certs https --trust'
Learn about HTTPS: https://aka.ms/dotnet-https

----------------
Write your first app: https://aka.ms/dotnet-hello-world
Find out what's new: https://aka.ms/dotnet-whats-new
Explore documentation: https://aka.ms/dotnet-docs
Report issues and find source on GitHub: https://github.com/dotnet/core
Use 'dotnet --help' to see available commands or visit: https://aka.ms/dotnet-cli
--------------------------------------------------------------------------------------
PASS C3_OIDC_PROTOCOL_IMMUTABLE_RESOURCE_AUTHORIZATION_AND_EXCHANGE
PASS C3_OIDC_PROTOCOL_PROFILE_READ_ENVELOPE
PASS C3_OIDC_PROTOCOL_PROFILE_INVALID_ENVELOPES six negative bodies read+mutation
PASS C3_OIDC_PROTOCOL_SESSIONS_INVALID_ENVELOPES six negative bodies
PASS C3_OIDC_PROTOCOL_FOREIGN_PROFILE_DENIED
PASS ASTRA_ACCOUNTS_REMOTE_LIBRARY_WEB_SYNTHETIC_ALL zero-skips
