
Welcome to .NET 10.0!
---------------------
SDK Version: 10.0.401

Telemetry
---------
The .NET tools collect usage data in order to help us improve your experience. It is collected by Microsoft and shared with the community. You can opt-out of telemetry by setting the DOTNET_CLI_TELEMETRY_OPTOUT environment variable to '1' or 'true' using your favorite shell.

Read more about .NET CLI Tools telemetry: https://aka.ms/dotnet-cli-telemetry

----------------
Installed an ASP.NET Core HTTPS development certificate.
To trust the certificate, run 'dotnet dev-certs https --trust'
Learn about HTTPS: https://aka.ms/dotnet-https

----------------
Write your first app: https://aka.ms/dotnet-hello-world
Find out what's new: https://aka.ms/dotnet-whats-new
Explore documentation: https://aka.ms/dotnet-docs
Report issues and find source on GitHub: https://github.com/dotnet/core
Use 'dotnet --help' to see available commands or visit: https://aka.ms/dotnet-cli
--------------------------------------------------------------------------------------
Unhandled exception. System.InvalidOperationException: Controlled Worker account client assertion
   at NineToOne.Accounts.Remote.WorkerAccountApiClientSpecs.Require(Boolean ok) in /workspace/team-c/c3-oidc-proposal/9to1 Workspace/Accounts/Remote/Tests/WorkerAccountApiClientSpecs.cs:line 47
   at NineToOne.Accounts.Remote.WorkerAccountApiClientSpecs.RunAsync() in /workspace/team-c/c3-oidc-proposal/9to1 Workspace/Accounts/Remote/Tests/WorkerAccountApiClientSpecs.cs:line 16
   at Program.<Main>$(String[] args) in /workspace/team-c/c3-oidc-proposal/9to1 Workspace/Accounts/Remote/Tests/Program.cs:line 5
   at Program.<Main>(String[] args)
