<?xml version="1.0" encoding="utf-8"?>
<TestRun id="f1c0ac47-53f6-426d-83d5-56b94b0c4b6f" name="@5f26f397bc73 2026-10-03 18:36:01" xmlns="http://microsoft.com/schemas/VisualStudio/TeamTest/2010">
  <Times creation="2026-10-03T18:36:01.9751423+00:00" queuing="2026-10-03T18:36:01.9751424+00:00" start="2026-10-03T18:36:01.3381494+00:00" finish="2026-10-03T18:36:02.0122946+00:00" />
  <TestSettings name="default" id="931b84b0-cec0-4ca6-a4b6-de29a44e1376">
    <Deployment runDeploymentRoot="_5f26f397bc73_2026-10-03_18_36_01" />
  </TestSettings>
  <Results>
    <UnitTestResult executionId="47fb91ad-7696-4517-8c35-9f5d7bb6102e" testId="45290f6e-eb02-3961-1783-18e59a0b0732" testName="Haven.Infrastructure.Tests.CloudModelProviderStreamTests.Provider_error_frame_is_failure_and_does_not_expose_error_payload(prefix: &quot;&quot;)" computerName="5f26f397bc73" duration="00:00:00.0065851" startTime="2026-10-03T18:36:01.9495645+00:00" endTime="2026-10-03T18:36:01.9496291+00:00" testType="13cdc9d9-ddb5-4fa4-a97d-d965ccfc6d4b" outcome="Passed" testListId="8c84fa94-04c1-424b-9868-57a2d4851a1d" relativeResultsDirectory="47fb91ad-7696-4517-8c35-9f5d7bb6102e" />
    <UnitTestResult executionId="cd93f65f-4ae5-40f8-b517-d7e7cf61e6f3" testId="8a0652dd-4178-74f0-9b4a-0db2e648946c" testName="Haven.Infrastructure.Tests.CloudModelProviderStreamTests.Eof_without_completion_is_failure_without_repeating_request(body: &quot;&quot;)" computerName="5f26f397bc73" duration="00:00:00.0000746" startTime="2026-10-03T18:36:01.9228406+00:00" endTime="2026-10-03T18:36:01.9228822+00:00" testType="13cdc9d9-ddb5-4fa4-a97d-d965ccfc6d4b" outcome="Passed" testListId="8c84fa94-04c1-424b-9868-57a2d4851a1d" relativeResultsDirectory="cd93f65f-4ae5-40f8-b517-d7e7cf61e6f3" />
    <UnitTestResult executionId="4a9f16be-60cf-42bb-892d-3f02038e22b2" testId="584eb04e-0054-c5d6-2d57-0919ff92ccb5" testName="Haven.Infrastructure.Tests.ProviderEndpointSecurityTests.Remote_or_invalid_insecure_endpoints_are_rejected_at_transport_boundary(endpoint: &quot;http://example.com/v1&quot;)" computerName="5f26f397bc73" duration="00:00:00.0000511" startTime="2026-10-03T18:36:01.8996733+00:00" endTime="2026-10-03T18:36:01.8997174+00:00" testType="13cdc9d9-ddb5-4fa4-a97d-d965ccfc6d4b" outcome="Passed" testListId="8c84fa94-04c1-424b-9868-57a2d4851a1d" relativeResultsDirectory="4a9f16be-60cf-42bb-892d-3f02038e22b2" />
    <UnitTestResult executionId="1bb73ff8-aa7a-4794-9e2a-ef1d1233514a" testId="d5edf3e7-d242-662e-7c34-2c03806f11d3" testName="Haven.Infrastructure.Tests.ProviderEndpointSecurityTests.Loopback_http_and_remote_https_are_allowed(endpoint: &quot;http://localhost:11434/v1&quot;)" computerName="5f26f397bc73" duration="00:00:00.0052021" startTime="2026-10-03T18:36:01.8769422+00:00" endTime="2026-10-03T18:36:01.8883838+00:00" testType="13cdc9d9-ddb5-4fa4-a97d-d965ccfc6d4b" outcome="Passed" testListId="8c84fa94-04c1-424b-9868-57a2d4851a1d" relativeResultsDirectory="1bb73ff8-aa7a-4794-9e2a-ef1d1233514a" />
    <UnitTestResult executionId="fcf0faab-80b9-4a72-8d65-8b3b58efa8d0" testId="b80bbb0b-80f0-a35b-e08b-8ac4f88c3229" testName="Haven.Infrastructure.Tests.ProviderEndpointSecurityTests.Loopback_http_and_remote_https_are_allowed(endpoint: &quot;http://127.0.0.1:11434/v1&quot;)" computerName="5f26f397bc73" duration="00:00:00.0000301" startTime="2026-10-03T18:36:01.8985924+00:00" endTime="2026-10-03T18:36:01.8986294+00:00" testType="13cdc9d9-ddb5-4fa4-a97d-d965ccfc6d4b" outcome="Passed" testListId="8c84fa94-04c1-424b-9868-57a2d4851a1d" relativeResultsDirectory="fcf0faab-80b9-4a72-8d65-8b3b58efa8d0" />
    <UnitTestResult executionId="86e828e1-2afd-4136-b945-6bebd46587d7" testId="119be01a-db36-5a44-00f1-a176f0e5e0ce" testName="Haven.Infrastructure.Tests.ProviderEndpointSecurityTests.Loopback_http_and_remote_https_are_allowed(endpoint: &quot;https://example.com/v1&quot;)" computerName="5f26f397bc73" duration="00:00:00.0002977" startTime="2026-10-03T18:36:01.8979347+00:00" endTime="2026-10-03T18:36:01.8980501+00:00" testType="13cdc9d9-ddb5-4fa4-a97d-d965ccfc6d4b" outcome="Passed" testListId="8c84fa94-04c1-424b-9868-57a2d4851a1d" relativeResultsDirectory="86e828e1-2afd-4136-b945-6bebd46587d7" />
    <UnitTestResult executionId="2cc3db52-32bd-4fa6-b377-7c84c5d30e80" testId="ceb9e49d-c8ac-f2fa-da36-0cc1cfd7dad1" testName="Haven.Infrastructure.Tests.CloudModelProviderStreamTests.Cancellation_during_stream_is_propagated_and_disposes_response" computerName="5f26f397bc73" duration="00:00:00.0021698" startTime="2026-10-03T18:36:01.9507784+00:00" endTime="2026-10-03T18:36:01.9508158+00:00" testType="13cdc9d9-ddb5-4fa4-a97d-d965ccfc6d4b" outcome="Passed" testListId="8c84fa94-04c1-424b-9868-57a2d4851a1d" relativeResultsDirectory="2cc3db52-32bd-4fa6-b377-7c84c5d30e80" />
    <UnitTestResult executionId="ee47b932-5f8f-4979-8c22-94aa49a5fd4f" testId="8dd7f483-9d2d-208d-d8fa-43a0a1bc890f" testName="Haven.Infrastructure.Tests.CloudModelProviderStreamTests.Provider_error_frame_is_failure_and_does_not_expose_error_payload(prefix: &quot;data: {\&quot;choices\&quot;:[{\&quot;delta\&quot;:{\&quot;content\&quot;:\&quot;part&quot;···)" computerName="5f26f397bc73" duration="00:00:00.0006456" startTime="2026-10-03T18:36:01.9498543+00:00" endTime="2026-10-03T18:36:01.9498934+00:00" testType="13cdc9d9-ddb5-4fa4-a97d-d965ccfc6d4b" outcome="Passed" testListId="8c84fa94-04c1-424b-9868-57a2d4851a1d" relativeResultsDirectory="ee47b932-5f8f-4979-8c22-94aa49a5fd4f" />
    <UnitTestResult executionId="97e22888-a751-4be4-9fc8-8d9f8bfbb6c9" testId="8de8bedd-a774-1cc9-b27f-0c423555c7f7" testName="Haven.Infrastructure.Tests.CloudModelProviderStreamTests.Confirmed_usage_is_preserved_for_completed_and_interrupted_responses(completed: True)" computerName="5f26f397bc73" duration="00:00:00.0003611" startTime="2026-10-03T18:36:01.9500959+00:00" endTime="2026-10-03T18:36:01.9501312+00:00" testType="13cdc9d9-ddb5-4fa4-a97d-d965ccfc6d4b" outcome="Passed" testListId="8c84fa94-04c1-424b-9868-57a2d4851a1d" relativeResultsDirectory="97e22888-a751-4be4-9fc8-8d9f8bfbb6c9" />
    <UnitTestResult executionId="18139e0f-ac66-4448-8daa-4ac4d138baa5" testId="ae4417ce-9f61-7140-3b91-afc7217e2f79" testName="Haven.Infrastructure.Tests.ProviderEndpointSecurityTests.Remote_or_invalid_insecure_endpoints_are_rejected_at_transport_boundary(endpoint: &quot;ftp://example.com/v1&quot;)" computerName="5f26f397bc73" duration="00:00:00.0002342" startTime="2026-10-03T18:36:01.8994585+00:00" endTime="2026-10-03T18:36:01.8995029+00:00" testType="13cdc9d9-ddb5-4fa4-a97d-d965ccfc6d4b" outcome="Passed" testListId="8c84fa94-04c1-424b-9868-57a2d4851a1d" relativeResultsDirectory="18139e0f-ac66-4448-8daa-4ac4d138baa5" />
    <UnitTestResult executionId="d443fe94-d1ba-4488-bd95-475717c7837c" testId="178bbed9-7eda-7363-f58d-5265b1a42da3" testName="Haven.Infrastructure.Tests.CloudModelProviderStreamTests.Null_error_and_empty_usage_frame_do_not_break_completed_stream" computerName="5f26f397bc73" duration="00:00:00.0005842" startTime="2026-10-03T18:36:01.9506369+00:00" endTime="2026-10-03T18:36:01.9506744+00:00" testType="13cdc9d9-ddb5-4fa4-a97d-d965ccfc6d4b" outcome="Passed" testListId="8c84fa94-04c1-424b-9868-57a2d4851a1d" relativeResultsDirectory="d443fe94-d1ba-4488-bd95-475717c7837c" />
    <UnitTestResult executionId="2ca8f2e4-5174-4389-a02b-851e49c04349" testId="a52eda3b-7faa-07ea-e897-46b668f1de77" testName="Haven.Infrastructure.Tests.CloudModelProviderStreamTests.Completion_marker_preserves_content_and_ignores_trailing_transport_data" computerName="5f26f397bc73" duration="00:00:00.0008293" startTime="2026-10-03T18:36:01.9502428+00:00" endTime="2026-10-03T18:36:01.9504388+00:00" testType="13cdc9d9-ddb5-4fa4-a97d-d965ccfc6d4b" outcome="Passed" testListId="8c84fa94-04c1-424b-9868-57a2d4851a1d" relativeResultsDirectory="2ca8f2e4-5174-4389-a02b-851e49c04349" />
    <UnitTestResult executionId="20c0b939-e127-4dfc-a900-396cd53be1c2" testId="f0551aa3-cbea-6469-d088-b292464c4f34" testName="Haven.Infrastructure.Tests.CloudModelProviderStreamTests.Eof_without_completion_is_failure_without_repeating_request(body: &quot;data: {\&quot;choices\&quot;:[{\&quot;delta\&quot;:{\&quot;content\&quot;:\&quot;part&quot;···)" computerName="5f26f397bc73" duration="00:00:00.0414621" startTime="2026-10-03T18:36:01.8752800+00:00" endTime="2026-10-03T18:36:01.9221343+00:00" testType="13cdc9d9-ddb5-4fa4-a97d-d965ccfc6d4b" outcome="Passed" testListId="8c84fa94-04c1-424b-9868-57a2d4851a1d" relativeResultsDirectory="20c0b939-e127-4dfc-a900-396cd53be1c2" />
    <UnitTestResult executionId="7066cfac-b5c0-4f75-aff0-b612ed13b47c" testId="d984f7b4-c775-84f5-41fa-4072c43ac484" testName="Haven.Infrastructure.Tests.CloudModelProviderStreamTests.Eof_without_completion_is_failure_without_repeating_request(body: &quot;data: {\&quot;choices\&quot;:[{\&quot;delta\&quot;:{},\&quot;finish_reason\&quot;···)" computerName="5f26f397bc73" duration="00:00:00.0006115" startTime="2026-10-03T18:36:01.9224636+00:00" endTime="2026-10-03T18:36:01.9227624+00:00" testType="13cdc9d9-ddb5-4fa4-a97d-d965ccfc6d4b" outcome="Passed" testListId="8c84fa94-04c1-424b-9868-57a2d4851a1d" relativeResultsDirectory="7066cfac-b5c0-4f75-aff0-b612ed13b47c" />
    <UnitTestResult executionId="170885db-6409-4fe6-ae80-1fb68377adf1" testId="1030a14a-f807-e6d9-d86c-8f0c567132ba" testName="Haven.Infrastructure.Tests.ProviderEndpointSecurityTests.Remote_or_invalid_insecure_endpoints_are_rejected_at_transport_boundary(endpoint: &quot;relative/path&quot;)" computerName="5f26f397bc73" duration="00:00:00.0013291" startTime="2026-10-03T18:36:01.8993424+00:00" endTime="2026-10-03T18:36:01.8993789+00:00" testType="13cdc9d9-ddb5-4fa4-a97d-d965ccfc6d4b" outcome="Passed" testListId="8c84fa94-04c1-424b-9868-57a2d4851a1d" relativeResultsDirectory="170885db-6409-4fe6-ae80-1fb68377adf1" />
    <UnitTestResult executionId="368cc09c-0e67-4216-bf4e-2f54a491a9e2" testId="c5b9845f-a886-4fc8-0cd1-acbbc513a165" testName="Haven.Infrastructure.Tests.CloudModelProviderStreamTests.Confirmed_usage_is_preserved_for_completed_and_interrupted_responses(completed: False)" computerName="5f26f397bc73" duration="00:00:00.0110081" startTime="2026-10-03T18:36:01.9500015+00:00" endTime="2026-10-03T18:36:01.9500382+00:00" testType="13cdc9d9-ddb5-4fa4-a97d-d965ccfc6d4b" outcome="Passed" testListId="8c84fa94-04c1-424b-9868-57a2d4851a1d" relativeResultsDirectory="368cc09c-0e67-4216-bf4e-2f54a491a9e2" />
  </Results>
  <TestDefinitions>
    <UnitTest name="Haven.Infrastructure.Tests.CloudModelProviderStreamTests.Confirmed_usage_is_preserved_for_completed_and_interrupted_responses(completed: False)" storage="/workspace/team-c/evidence/c5/reconciled/harness/bin/debug/net10.0/c5.provider.tests.dll" id="c5b9845f-a886-4fc8-0cd1-acbbc513a165">
      <Execution id="368cc09c-0e67-4216-bf4e-2f54a491a9e2" />
      <TestMethod codeBase="/workspace/team-c/evidence/c5/reconciled/harness/bin/Debug/net10.0/C5.Provider.Tests.dll" adapterTypeName="executor://xunit/VsTestRunner3/netcore/" className="Haven.Infrastructure.Tests.CloudModelProviderStreamTests" name="Confirmed_usage_is_preserved_for_completed_and_interrupted_responses" />
    </UnitTest>
    <UnitTest name="Haven.Infrastructure.Tests.ProviderEndpointSecurityTests.Loopback_http_and_remote_https_are_allowed(endpoint: &quot;http://localhost:11434/v1&quot;)" storage="/workspace/team-c/evidence/c5/reconciled/harness/bin/debug/net10.0/c5.provider.tests.dll" id="d5edf3e7-d242-662e-7c34-2c03806f11d3">
      <Execution id="1bb73ff8-aa7a-4794-9e2a-ef1d1233514a" />
      <TestMethod codeBase="/workspace/team-c/evidence/c5/reconciled/harness/bin/Debug/net10.0/C5.Provider.Tests.dll" adapterTypeName="executor://xunit/VsTestRunner3/netcore/" className="Haven.Infrastructure.Tests.ProviderEndpointSecurityTests" name="Loopback_http_and_remote_https_are_allowed" />
    </UnitTest>
    <UnitTest name="Haven.Infrastructure.Tests.CloudModelProviderStreamTests.Eof_without_completion_is_failure_without_repeating_request(body: &quot;&quot;)" storage="/workspace/team-c/evidence/c5/reconciled/harness/bin/debug/net10.0/c5.provider.tests.dll" id="8a0652dd-4178-74f0-9b4a-0db2e648946c">
      <Execution id="cd93f65f-4ae5-40f8-b517-d7e7cf61e6f3" />
      <TestMethod codeBase="/workspace/team-c/evidence/c5/reconciled/harness/bin/Debug/net10.0/C5.Provider.Tests.dll" adapterTypeName="executor://xunit/VsTestRunner3/netcore/" className="Haven.Infrastructure.Tests.CloudModelProviderStreamTests" name="Eof_without_completion_is_failure_without_repeating_request" />
    </UnitTest>
    <UnitTest name="Haven.Infrastructure.Tests.CloudModelProviderStreamTests.Eof_without_completion_is_failure_without_repeating_request(body: &quot;data: {\&quot;choices\&quot;:[{\&quot;delta\&quot;:{},\&quot;finish_reason\&quot;···)" storage="/workspace/team-c/evidence/c5/reconciled/harness/bin/debug/net10.0/c5.provider.tests.dll" id="d984f7b4-c775-84f5-41fa-4072c43ac484">
      <Execution id="7066cfac-b5c0-4f75-aff0-b612ed13b47c" />
      <TestMethod codeBase="/workspace/team-c/evidence/c5/reconciled/harness/bin/Debug/net10.0/C5.Provider.Tests.dll" adapterTypeName="executor://xunit/VsTestRunner3/netcore/" className="Haven.Infrastructure.Tests.CloudModelProviderStreamTests" name="Eof_without_completion_is_failure_without_repeating_request" />
    </UnitTest>
    <UnitTest name="Haven.Infrastructure.Tests.ProviderEndpointSecurityTests.Loopback_http_and_remote_https_are_allowed(endpoint: &quot;http://127.0.0.1:11434/v1&quot;)" storage="/workspace/team-c/evidence/c5/reconciled/harness/bin/debug/net10.0/c5.provider.tests.dll" id="b80bbb0b-80f0-a35b-e08b-8ac4f88c3229">
      <Execution id="fcf0faab-80b9-4a72-8d65-8b3b58efa8d0" />
      <TestMethod codeBase="/workspace/team-c/evidence/c5/reconciled/harness/bin/Debug/net10.0/C5.Provider.Tests.dll" adapterTypeName="executor://xunit/VsTestRunner3/netcore/" className="Haven.Infrastructure.Tests.ProviderEndpointSecurityTests" name="Loopback_http_and_remote_https_are_allowed" />
    </UnitTest>
    <UnitTest name="Haven.Infrastructure.Tests.ProviderEndpointSecurityTests.Loopback_http_and_remote_https_are_allowed(endpoint: &quot;https://example.com/v1&quot;)" storage="/workspace/team-c/evidence/c5/reconciled/harness/bin/debug/net10.0/c5.provider.tests.dll" id="119be01a-db36-5a44-00f1-a176f0e5e0ce">
      <Execution id="86e828e1-2afd-4136-b945-6bebd46587d7" />
      <TestMethod codeBase="/workspace/team-c/evidence/c5/reconciled/harness/bin/Debug/net10.0/C5.Provider.Tests.dll" adapterTypeName="executor://xunit/VsTestRunner3/netcore/" className="Haven.Infrastructure.Tests.ProviderEndpointSecurityTests" name="Loopback_http_and_remote_https_are_allowed" />
    </UnitTest>
    <UnitTest name="Haven.Infrastructure.Tests.CloudModelProviderStreamTests.Cancellation_during_stream_is_propagated_and_disposes_response" storage="/workspace/team-c/evidence/c5/reconciled/harness/bin/debug/net10.0/c5.provider.tests.dll" id="ceb9e49d-c8ac-f2fa-da36-0cc1cfd7dad1">
      <Execution id="2cc3db52-32bd-4fa6-b377-7c84c5d30e80" />
      <TestMethod codeBase="/workspace/team-c/evidence/c5/reconciled/harness/bin/Debug/net10.0/C5.Provider.Tests.dll" adapterTypeName="executor://xunit/VsTestRunner3/netcore/" className="Haven.Infrastructure.Tests.CloudModelProviderStreamTests" name="Cancellation_during_stream_is_propagated_and_disposes_response" />
    </UnitTest>
    <UnitTest name="Haven.Infrastructure.Tests.ProviderEndpointSecurityTests.Remote_or_invalid_insecure_endpoints_are_rejected_at_transport_boundary(endpoint: &quot;relative/path&quot;)" storage="/workspace/team-c/evidence/c5/reconciled/harness/bin/debug/net10.0/c5.provider.tests.dll" id="1030a14a-f807-e6d9-d86c-8f0c567132ba">
      <Execution id="170885db-6409-4fe6-ae80-1fb68377adf1" />
      <TestMethod codeBase="/workspace/team-c/evidence/c5/reconciled/harness/bin/Debug/net10.0/C5.Provider.Tests.dll" adapterTypeName="executor://xunit/VsTestRunner3/netcore/" className="Haven.Infrastructure.Tests.ProviderEndpointSecurityTests" name="Remote_or_invalid_insecure_endpoints_are_rejected_at_transport_boundary" />
    </UnitTest>
    <UnitTest name="Haven.Infrastructure.Tests.CloudModelProviderStreamTests.Null_error_and_empty_usage_frame_do_not_break_completed_stream" storage="/workspace/team-c/evidence/c5/reconciled/harness/bin/debug/net10.0/c5.provider.tests.dll" id="178bbed9-7eda-7363-f58d-5265b1a42da3">
      <Execution id="d443fe94-d1ba-4488-bd95-475717c7837c" />
      <TestMethod codeBase="/workspace/team-c/evidence/c5/reconciled/harness/bin/Debug/net10.0/C5.Provider.Tests.dll" adapterTypeName="executor://xunit/VsTestRunner3/netcore/" className="Haven.Infrastructure.Tests.CloudModelProviderStreamTests" name="Null_error_and_empty_usage_frame_do_not_break_completed_stream" />
    </UnitTest>
    <UnitTest name="Haven.Infrastructure.Tests.CloudModelProviderStreamTests.Provider_error_frame_is_failure_and_does_not_expose_error_payload(prefix: &quot;data: {\&quot;choices\&quot;:[{\&quot;delta\&quot;:{\&quot;content\&quot;:\&quot;part&quot;···)" storage="/workspace/team-c/evidence/c5/reconciled/harness/bin/debug/net10.0/c5.provider.tests.dll" id="8dd7f483-9d2d-208d-d8fa-43a0a1bc890f">
      <Execution id="ee47b932-5f8f-4979-8c22-94aa49a5fd4f" />
      <TestMethod codeBase="/workspace/team-c/evidence/c5/reconciled/harness/bin/Debug/net10.0/C5.Provider.Tests.dll" adapterTypeName="executor://xunit/VsTestRunner3/netcore/" className="Haven.Infrastructure.Tests.CloudModelProviderStreamTests" name="Provider_error_frame_is_failure_and_does_not_expose_error_payload" />
    </UnitTest>
    <UnitTest name="Haven.Infrastructure.Tests.CloudModelProviderStreamTests.Provider_error_frame_is_failure_and_does_not_expose_error_payload(prefix: &quot;&quot;)" storage="/workspace/team-c/evidence/c5/reconciled/harness/bin/debug/net10.0/c5.provider.tests.dll" id="45290f6e-eb02-3961-1783-18e59a0b0732">
      <Execution id="47fb91ad-7696-4517-8c35-9f5d7bb6102e" />
      <TestMethod codeBase="/workspace/team-c/evidence/c5/reconciled/harness/bin/Debug/net10.0/C5.Provider.Tests.dll" adapterTypeName="executor://xunit/VsTestRunner3/netcore/" className="Haven.Infrastructure.Tests.CloudModelProviderStreamTests" name="Provider_error_frame_is_failure_and_does_not_expose_error_payload" />
    </UnitTest>
    <UnitTest name="Haven.Infrastructure.Tests.CloudModelProviderStreamTests.Confirmed_usage_is_preserved_for_completed_and_interrupted_responses(completed: True)" storage="/workspace/team-c/evidence/c5/reconciled/harness/bin/debug/net10.0/c5.provider.tests.dll" id="8de8bedd-a774-1cc9-b27f-0c423555c7f7">
      <Execution id="97e22888-a751-4be4-9fc8-8d9f8bfbb6c9" />
      <TestMethod codeBase="/workspace/team-c/evidence/c5/reconciled/harness/bin/Debug/net10.0/C5.Provider.Tests.dll" adapterTypeName="executor://xunit/VsTestRunner3/netcore/" className="Haven.Infrastructure.Tests.CloudModelProviderStreamTests" name="Confirmed_usage_is_preserved_for_completed_and_interrupted_responses" />
    </UnitTest>
    <UnitTest name="Haven.Infrastructure.Tests.CloudModelProviderStreamTests.Completion_marker_preserves_content_and_ignores_trailing_transport_data" storage="/workspace/team-c/evidence/c5/reconciled/harness/bin/debug/net10.0/c5.provider.tests.dll" id="a52eda3b-7faa-07ea-e897-46b668f1de77">
      <Execution id="2ca8f2e4-5174-4389-a02b-851e49c04349" />
      <TestMethod codeBase="/workspace/team-c/evidence/c5/reconciled/harness/bin/Debug/net10.0/C5.Provider.Tests.dll" adapterTypeName="executor://xunit/VsTestRunner3/netcore/" className="Haven.Infrastructure.Tests.CloudModelProviderStreamTests" name="Completion_marker_preserves_content_and_ignores_trailing_transport_data" />
    </UnitTest>
    <UnitTest name="Haven.Infrastructure.Tests.CloudModelProviderStreamTests.Eof_without_completion_is_failure_without_repeating_request(body: &quot;data: {\&quot;choices\&quot;:[{\&quot;delta\&quot;:{\&quot;content\&quot;:\&quot;part&quot;···)" storage="/workspace/team-c/evidence/c5/reconciled/harness/bin/debug/net10.0/c5.provider.tests.dll" id="f0551aa3-cbea-6469-d088-b292464c4f34">
      <Execution id="20c0b939-e127-4dfc-a900-396cd53be1c2" />
      <TestMethod codeBase="/workspace/team-c/evidence/c5/reconciled/harness/bin/Debug/net10.0/C5.Provider.Tests.dll" adapterTypeName="executor://xunit/VsTestRunner3/netcore/" className="Haven.Infrastructure.Tests.CloudModelProviderStreamTests" name="Eof_without_completion_is_failure_without_repeating_request" />
    </UnitTest>
    <UnitTest name="Haven.Infrastructure.Tests.ProviderEndpointSecurityTests.Remote_or_invalid_insecure_endpoints_are_rejected_at_transport_boundary(endpoint: &quot;http://example.com/v1&quot;)" storage="/workspace/team-c/evidence/c5/reconciled/harness/bin/debug/net10.0/c5.provider.tests.dll" id="584eb04e-0054-c5d6-2d57-0919ff92ccb5">
      <Execution id="4a9f16be-60cf-42bb-892d-3f02038e22b2" />
      <TestMethod codeBase="/workspace/team-c/evidence/c5/reconciled/harness/bin/Debug/net10.0/C5.Provider.Tests.dll" adapterTypeName="executor://xunit/VsTestRunner3/netcore/" className="Haven.Infrastructure.Tests.ProviderEndpointSecurityTests" name="Remote_or_invalid_insecure_endpoints_are_rejected_at_transport_boundary" />
    </UnitTest>
    <UnitTest name="Haven.Infrastructure.Tests.ProviderEndpointSecurityTests.Remote_or_invalid_insecure_endpoints_are_rejected_at_transport_boundary(endpoint: &quot;ftp://example.com/v1&quot;)" storage="/workspace/team-c/evidence/c5/reconciled/harness/bin/debug/net10.0/c5.provider.tests.dll" id="ae4417ce-9f61-7140-3b91-afc7217e2f79">
      <Execution id="18139e0f-ac66-4448-8daa-4ac4d138baa5" />
      <TestMethod codeBase="/workspace/team-c/evidence/c5/reconciled/harness/bin/Debug/net10.0/C5.Provider.Tests.dll" adapterTypeName="executor://xunit/VsTestRunner3/netcore/" className="Haven.Infrastructure.Tests.ProviderEndpointSecurityTests" name="Remote_or_invalid_insecure_endpoints_are_rejected_at_transport_boundary" />
    </UnitTest>
  </TestDefinitions>
  <TestEntries>
    <TestEntry testId="45290f6e-eb02-3961-1783-18e59a0b0732" executionId="47fb91ad-7696-4517-8c35-9f5d7bb6102e" testListId="8c84fa94-04c1-424b-9868-57a2d4851a1d" />
    <TestEntry testId="8a0652dd-4178-74f0-9b4a-0db2e648946c" executionId="cd93f65f-4ae5-40f8-b517-d7e7cf61e6f3" testListId="8c84fa94-04c1-424b-9868-57a2d4851a1d" />
    <TestEntry testId="584eb04e-0054-c5d6-2d57-0919ff92ccb5" executionId="4a9f16be-60cf-42bb-892d-3f02038e22b2" testListId="8c84fa94-04c1-424b-9868-57a2d4851a1d" />
    <TestEntry testId="d5edf3e7-d242-662e-7c34-2c03806f11d3" executionId="1bb73ff8-aa7a-4794-9e2a-ef1d1233514a" testListId="8c84fa94-04c1-424b-9868-57a2d4851a1d" />
    <TestEntry testId="b80bbb0b-80f0-a35b-e08b-8ac4f88c3229" executionId="fcf0faab-80b9-4a72-8d65-8b3b58efa8d0" testListId="8c84fa94-04c1-424b-9868-57a2d4851a1d" />
    <TestEntry testId="119be01a-db36-5a44-00f1-a176f0e5e0ce" executionId="86e828e1-2afd-4136-b945-6bebd46587d7" testListId="8c84fa94-04c1-424b-9868-57a2d4851a1d" />
    <TestEntry testId="ceb9e49d-c8ac-f2fa-da36-0cc1cfd7dad1" executionId="2cc3db52-32bd-4fa6-b377-7c84c5d30e80" testListId="8c84fa94-04c1-424b-9868-57a2d4851a1d" />
    <TestEntry testId="8dd7f483-9d2d-208d-d8fa-43a0a1bc890f" executionId="ee47b932-5f8f-4979-8c22-94aa49a5fd4f" testListId="8c84fa94-04c1-424b-9868-57a2d4851a1d" />
    <TestEntry testId="8de8bedd-a774-1cc9-b27f-0c423555c7f7" executionId="97e22888-a751-4be4-9fc8-8d9f8bfbb6c9" testListId="8c84fa94-04c1-424b-9868-57a2d4851a1d" />
    <TestEntry testId="ae4417ce-9f61-7140-3b91-afc7217e2f79" executionId="18139e0f-ac66-4448-8daa-4ac4d138baa5" testListId="8c84fa94-04c1-424b-9868-57a2d4851a1d" />
    <TestEntry testId="178bbed9-7eda-7363-f58d-5265b1a42da3" executionId="d443fe94-d1ba-4488-bd95-475717c7837c" testListId="8c84fa94-04c1-424b-9868-57a2d4851a1d" />
    <TestEntry testId="a52eda3b-7faa-07ea-e897-46b668f1de77" executionId="2ca8f2e4-5174-4389-a02b-851e49c04349" testListId="8c84fa94-04c1-424b-9868-57a2d4851a1d" />
    <TestEntry testId="f0551aa3-cbea-6469-d088-b292464c4f34" executionId="20c0b939-e127-4dfc-a900-396cd53be1c2" testListId="8c84fa94-04c1-424b-9868-57a2d4851a1d" />
    <TestEntry testId="d984f7b4-c775-84f5-41fa-4072c43ac484" executionId="7066cfac-b5c0-4f75-aff0-b612ed13b47c" testListId="8c84fa94-04c1-424b-9868-57a2d4851a1d" />
    <TestEntry testId="1030a14a-f807-e6d9-d86c-8f0c567132ba" executionId="170885db-6409-4fe6-ae80-1fb68377adf1" testListId="8c84fa94-04c1-424b-9868-57a2d4851a1d" />
    <TestEntry testId="c5b9845f-a886-4fc8-0cd1-acbbc513a165" executionId="368cc09c-0e67-4216-bf4e-2f54a491a9e2" testListId="8c84fa94-04c1-424b-9868-57a2d4851a1d" />
  </TestEntries>
  <TestLists>
    <TestList name="Results Not in a List" id="8c84fa94-04c1-424b-9868-57a2d4851a1d" />
    <TestList name="All Loaded Results" id="19431567-8539-422a-85d7-44ee4e166bda" />
  </TestLists>
  <ResultSummary outcome="Completed">
    <Counters total="16" executed="16" passed="16" failed="0" error="0" timeout="0" aborted="0" inconclusive="0" passedButRunAborted="0" notRunnable="0" notExecuted="0" disconnected="0" warning="0" completed="0" inProgress="0" pending="0" />
    <Output>
      <StdOut>[xUnit.net 00:00:00.00] xUnit.net VSTest Adapter v3.1.5+1b188a7b0a (64-bit .NET 10.0.12)
[xUnit.net 00:00:00.07]   Discovering: C5.Provider.Tests
[xUnit.net 00:00:00.13]   Discovered:  C5.Provider.Tests
[xUnit.net 00:00:00.16]   Starting:    C5.Provider.Tests
[xUnit.net 00:00:00.26]   Finished:    C5.Provider.Tests
</StdOut>
    </Output>
  </ResultSummary>
</TestRun>