✔ profile update snapshots scalar fields before deferred token acquisition (27.216562ms)
✔ post-call invalid fields and values cannot enter a validated profile patch (0.880361ms)
✔ profile success must return exactly expected revision plus one (1.928232ms)
✔ profile revision rejects unrepresentable next integer before token or network work (0.403945ms)
✔ sequential server CAS success preserves wire body at normal and safe integer upper bounds (0.997626ms)
✔ profile patch validates the same single scalar snapshot used for dispatch (0.344367ms)
✔ caller serialization hooks cannot replace the validated profile fields (0.551748ms)
✔ requires explicit secure origin and cleanup/token boundaries (1.481933ms)
✔ current account preserves exact wire body and uses protected fetch policy (3.597466ms)
✔ profile patch preserves omitted fields and explicit nullable clears; no client entitlement body (1.140441ms)
✔ source conflict and error codes remain unchanged, with revision; no mutation retries (0.630626ms)
✔ malformed success, invalid identity/schema and invented success are rejected (2.716174ms)
✔ session list retains source fields and rejects mixed-account or duplicate identities (1.110115ms)
✔ session mutations clear prior context and exactly use source routes/status (0.527532ms)
✔ revoked/expired server session invalidates other pending requests and preserves source failure (0.50676ms)
✔ explicit account/organisation switch drops late private result (0.528783ms)
✔ cancelled token acquisition and fetch never become successful data (0.32679ms)
✔ transport errors and missing authentication never log/expose tokens or retry writes (0.313621ms)
✔ failed cleanup blocks mutation before any dispatch (0.231678ms)
✔ session mutations bind original token before cleanup can replace/remove token context (0.257666ms)
✔ concurrent context switch during asynchronous session cleanup prevents dispatch (0.175073ms)
✔ invalid original token cannot be replaced by a new account token during cleanup (0.451737ms)
✔ 401 from previous context cannot surface after an additional switch while reading its body (0.367501ms)
✔ real-fetch successful body cancellation remains Cancelled instead of malformed JSON (34.41547ms)
✔ 401 and missing token preserve cleanup failure distinctly (0.568252ms)
✔ redirect responses and foreign response URL are rejected (0.295754ms)
✔ streamed real-fetch 401 body survives invalidation; explicit body-phase abort is cancelled (9.162122ms)
✔ real fetch loopback redirect does not transmit bearer to second origin (transport fixture, not issuer acceptance) (6.446769ms)
ℹ tests 28
ℹ suites 0
ℹ pass 28
ℹ fail 0
ℹ cancelled 0
ℹ skipped 0
ℹ todo 0
ℹ duration_ms 190.235839
