test_actual_symbols_fresh_exclusive_durable_and_identical (__main__.Persistence.test_actual_symbols_fresh_exclusive_durable_and_identical) ... ERROR
test_close_only_native_failure_is_not_success (__main__.Persistence.test_close_only_native_failure_is_not_success) ... ERROR
test_fsync_only_failure_retains_exact_original (__main__.Persistence.test_fsync_only_failure_retains_exact_original) ... ERROR
test_native_fsync_and_same_handle_close_failures_preserved (__main__.Persistence.test_native_fsync_and_same_handle_close_failures_preserved) ... ERROR

======================================================================
ERROR: test_actual_symbols_fresh_exclusive_durable_and_identical (__main__.Persistence.test_actual_symbols_fresh_exclusive_durable_and_identical)
----------------------------------------------------------------------
Traceback (most recent call last):
  File "/workspace/team-c/c3-admin-symbol-errors-proposal/.github/scripts/astra-symbol-persistence-error-tests.py", line 19, in test_actual_symbols_fresh_exclusive_durable_and_identical
    with patch.object(pdb.os,'fsync',sync):pdb.retain_actual_symbols(path,self.symbols,lambda:0,len(self.symbols))
                      ^^^^^^
AttributeError: module 'actual_pdb' has no attribute 'os'

======================================================================
ERROR: test_close_only_native_failure_is_not_success (__main__.Persistence.test_close_only_native_failure_is_not_success)
----------------------------------------------------------------------
Traceback (most recent call last):
  File "/workspace/team-c/c3-admin-symbol-errors-proposal/.github/scripts/astra-symbol-persistence-error-tests.py", line 44, in test_close_only_native_failure_is_not_success
    with patch.object(pdb.os,'fsync',sync_then_close):
                      ^^^^^^
AttributeError: module 'actual_pdb' has no attribute 'os'

======================================================================
ERROR: test_fsync_only_failure_retains_exact_original (__main__.Persistence.test_fsync_only_failure_retains_exact_original)
----------------------------------------------------------------------
Traceback (most recent call last):
  File "/workspace/team-c/c3-admin-symbol-errors-proposal/.github/scripts/astra-symbol-persistence-error-tests.py", line 37, in test_fsync_only_failure_retains_exact_original
    with patch.object(pdb.os,'fsync',fail):
                      ^^^^^^
AttributeError: module 'actual_pdb' has no attribute 'os'

======================================================================
ERROR: test_native_fsync_and_same_handle_close_failures_preserved (__main__.Persistence.test_native_fsync_and_same_handle_close_failures_preserved)
----------------------------------------------------------------------
Traceback (most recent call last):
  File "/workspace/team-c/c3-admin-symbol-errors-proposal/.github/scripts/astra-symbol-persistence-error-tests.py", line 30, in test_native_fsync_and_same_handle_close_failures_preserved
    with patch.object(pdb.os,'fsync',fail):
                      ^^^^^^
AttributeError: module 'actual_pdb' has no attribute 'os'

----------------------------------------------------------------------
Ran 4 tests in 0.003s

FAILED (errors=4)
