test_actual_cut_pinned_sites_owner_accepted (__main__.SourceOwned.test_actual_cut_pinned_sites_owner_accepted) ... ok
test_actual_physical_sites_pe_symbols_all_source_hashes (__main__.SourceOwned.test_actual_physical_sites_pe_symbols_all_source_hashes) ... ok
test_all_actual_compiler_inputs_exist (__main__.SourceOwned.test_all_actual_compiler_inputs_exist) ... ok
test_all_original_actual_output_bytes_unchanged (__main__.SourceOwned.test_all_original_actual_output_bytes_unchanged) ... ok
test_arbitrary_agreeing_base_refused (__main__.SourceOwned.test_arbitrary_agreeing_base_refused) ... ok
test_emission_disabled_refused (__main__.SourceOwned.test_emission_disabled_refused) ... ok
test_escaped_generated_refused (__main__.SourceOwned.test_escaped_generated_refused) ... ok
test_escaped_intermediate_refused (__main__.SourceOwned.test_escaped_intermediate_refused) ... ok
test_foreign_artifacts_refused (__main__.SourceOwned.test_foreign_artifacts_refused) ... ok
test_foreign_project_name_refused (__main__.SourceOwned.test_foreign_project_name_refused) ... ok
test_foreign_project_refused (__main__.SourceOwned.test_foreign_project_refused) ... ok
test_missing_props_pin_refused (__main__.SourceOwned.test_missing_props_pin_refused) ... ok
test_original_without_source_contract_still_refused (__main__.SourceOwned.test_original_without_source_contract_still_refused) ... ok
test_raw_owner_symlink_refused (__main__.SourceOwned.test_raw_owner_symlink_refused) ... ok
test_relative_base_refused (__main__.SourceOwned.test_relative_base_refused) ... ok
test_wrong_project_pin_refused (__main__.SourceOwned.test_wrong_project_pin_refused) ... ok
test_wrong_props_pin_refused (__main__.SourceOwned.test_wrong_props_pin_refused) ... ok

----------------------------------------------------------------------
Ran 17 tests in 0.778s

OK
