  Avalonia.Remote.Protocol -> /workspace/team-b-astra-browser-validation/framework/CUI/vendor/Avalonia/src/Avalonia.Remote.Protocol/bin/Release/net10.0/Avalonia.Remote.Protocol.dll
  Avalonia.Analyzers.CSharp -> /workspace/team-b-astra-browser-validation/framework/CUI/vendor/Avalonia/src/tools/Avalonia.Analyzers.CSharp/bin/Release/netstandard2.0/Avalonia.Analyzers.CSharp.dll
  DevGenerators -> /workspace/team-b-astra-browser-validation/framework/CUI/vendor/Avalonia/src/tools/DevGenerators/bin/Release/netstandard2.0/DevGenerators.dll
  DevAnalyzers -> /workspace/team-b-astra-browser-validation/framework/CUI/vendor/Avalonia/src/tools/DevAnalyzers/bin/Release/netstandard2.0/DevAnalyzers.dll
  Avalonia.Analyzers.CodeFixes.CSharp -> /workspace/team-b-astra-browser-validation/framework/CUI/vendor/Avalonia/src/tools/Avalonia.Analyzers.CodeFixes.CSharp/bin/Release/netstandard2.0/Avalonia.Analyzers.CodeFixes.CSharp.dll
  Avalonia.Analyzers.VisualBasic -> /workspace/team-b-astra-browser-validation/framework/CUI/vendor/Avalonia/src/tools/Avalonia.Analyzers.VisualBasic/bin/Release/netstandard2.0/Avalonia.Analyzers.VisualBasic.dll
  Haven.Core -> /workspace/team-b-astra-browser-validation/9to1 Workspace/shared/src/Haven.Core/bin/Release/net10.0/Haven.Core.dll
  NineToOne.Cui.AI -> /workspace/team-b-astra-browser-validation/framework/CUI/AI/bin/Release/net10.0/NineToOne.Cui.AI.dll
  Avalonia.DBus.Generators -> /workspace/team-b-astra-browser-validation/framework/CUI/vendor/Avalonia/src/tools/Avalonia.DBus.Generators/bin/Release/netstandard2.0/Avalonia.DBus.Generators.dll
  Avalonia.Build.Tasks -> /workspace/team-b-astra-browser-validation/framework/CUI/vendor/Avalonia/src/Avalonia.Build.Tasks/bin/Release/netstandard2.0/Avalonia.Build.Tasks.dll
  CakeOS.Cui.Language -> /workspace/team-b-astra-browser-validation/framework/CUI/Language/bin/Release/net10.0/CakeOS.Cui.Language.dll
  Den -> /workspace/team-b-astra-browser-validation/9to1 Models/Dulche Alpha/bin/Release/net10.0/Den.dll
  Avalonia.MicroCom -> /workspace/team-b-astra-browser-validation/framework/CUI/vendor/Avalonia/src/Avalonia.MicroCom/bin/Release/net10.0/Avalonia.MicroCom.dll
  Haven.Application -> /workspace/team-b-astra-browser-validation/9to1 Workspace/shared/src/Haven.Application/bin/Release/net10.0/Haven.Application.dll
  Dulche.Runtime -> /workspace/team-b-astra-browser-validation/9to1 Models/Dulche Alpha/bin/Release/net10.0/Dulche.Runtime.dll
  Avalonia.Base -> /workspace/team-b-astra-browser-validation/framework/CUI/vendor/Avalonia/src/Avalonia.Base/bin/Release/net10.0/Avalonia.Base.dll
  CakeOS.Cui.Core -> /workspace/team-b-astra-browser-validation/framework/CUI/Core/bin/Release/net10.0/CakeOS.Cui.Core.dll
  Avalonia.Markup -> /workspace/team-b-astra-browser-validation/framework/CUI/vendor/Avalonia/src/Markup/Avalonia.Markup/bin/Release/net10.0/Avalonia.Markup.dll
  HavenOS.Home -> /workspace/team-b-astra-browser-validation/9to1 Workspace/Home/bin/Release/net10.0/HavenOS.Home.dll
  Avalonia.Controls -> /workspace/team-b-astra-browser-validation/framework/CUI/vendor/Avalonia/src/Avalonia.Controls/bin/Release/net10.0/Avalonia.Controls.dll
  Avalonia.HarfBuzz -> /workspace/team-b-astra-browser-validation/framework/CUI/vendor/Avalonia/src/HarfBuzz/Avalonia.HarfBuzz/bin/Release/net10.0/Avalonia.HarfBuzz.dll
  CakeOS.Cui.Themes -> /workspace/team-b-astra-browser-validation/framework/CUI/Themes/bin/Release/net10.0/CakeOS.Cui.Themes.dll
  Avalonia.Fonts.Inter -> /workspace/team-b-astra-browser-validation/framework/CUI/vendor/Avalonia/src/Avalonia.Fonts.Inter/bin/Release/net10.0/Avalonia.Fonts.Inter.dll
  Avalonia.Vulkan -> /workspace/team-b-astra-browser-validation/framework/CUI/vendor/Avalonia/src/Avalonia.Vulkan/bin/Release/net10.0/Avalonia.Vulkan.dll
  Avalonia.Win32.Automation -> /workspace/team-b-astra-browser-validation/framework/CUI/vendor/Avalonia/src/Windows/Avalonia.Win32.Automation/bin/Release/net10.0/Avalonia.Win32.Automation.dll
  Avalonia.OpenGL -> /workspace/team-b-astra-browser-validation/framework/CUI/vendor/Avalonia/src/Avalonia.OpenGL/bin/Release/net10.0/Avalonia.OpenGL.dll
  Avalonia.Metal -> /workspace/team-b-astra-browser-validation/framework/CUI/vendor/Avalonia/src/Avalonia.Metal/bin/Release/net10.0/Avalonia.Metal.dll
  Avalonia.Markup.Xaml -> /workspace/team-b-astra-browser-validation/framework/CUI/vendor/Avalonia/src/Markup/Avalonia.Markup.Xaml/bin/Release/net10.0/Avalonia.Markup.Xaml.dll
  Avalonia.DesignerSupport -> /workspace/team-b-astra-browser-validation/framework/CUI/vendor/Avalonia/src/Avalonia.DesignerSupport/bin/Release/net10.0/Avalonia.DesignerSupport.dll
  Avalonia.Skia -> /workspace/team-b-astra-browser-validation/framework/CUI/vendor/Avalonia/src/Skia/Avalonia.Skia/bin/Release/net10.0/Avalonia.Skia.dll
  Avalonia.Dialogs -> /workspace/team-b-astra-browser-validation/framework/CUI/vendor/Avalonia/src/Avalonia.Dialogs/bin/Release/net10.0/Avalonia.Dialogs.dll
  Avalonia.FreeDesktop -> /workspace/team-b-astra-browser-validation/framework/CUI/vendor/Avalonia/src/Avalonia.FreeDesktop/bin/Release/net10.0/Avalonia.FreeDesktop.dll
  Avalonia.Themes.Fluent -> /workspace/team-b-astra-browser-validation/framework/CUI/vendor/Avalonia/src/Avalonia.Themes.Fluent/bin/Release/net10.0/Avalonia.Themes.Fluent.dll
  Avalonia.Generators -> /workspace/team-b-astra-browser-validation/framework/CUI/vendor/Avalonia/src/tools/Avalonia.Generators/bin/Release/netstandard2.0/Avalonia.Generators.dll
  Avalonia.Win32 -> /workspace/team-b-astra-browser-validation/framework/CUI/vendor/Avalonia/src/Windows/Avalonia.Win32/bin/Release/net10.0/Avalonia.Win32.dll
  Avalonia -> /workspace/team-b-astra-browser-validation/framework/CUI/vendor/Avalonia/packages/Avalonia/bin/Release/net10.0/Avalonia.dll
  Avalonia.Headless -> /workspace/team-b-astra-browser-validation/framework/CUI/vendor/Avalonia/src/Headless/Avalonia.Headless/bin/Release/net10.0/Avalonia.Headless.dll
  Avalonia.FreeDesktop.AtSpi -> /workspace/team-b-astra-browser-validation/framework/CUI/vendor/Avalonia/src/Avalonia.FreeDesktop.AtSpi/bin/Release/net10.0/Avalonia.FreeDesktop.AtSpi.dll
  Avalonia.Native -> /workspace/team-b-astra-browser-validation/framework/CUI/vendor/Avalonia/src/Avalonia.Native/bin/Release/net10.0/Avalonia.Native.dll
  Avalonia.X11 -> /workspace/team-b-astra-browser-validation/framework/CUI/vendor/Avalonia/src/Avalonia.X11/bin/Release/net10.0/Avalonia.X11.dll
  Avalonia.Desktop -> /workspace/team-b-astra-browser-validation/framework/CUI/vendor/Avalonia/src/Avalonia.Desktop/bin/Release/net10.0/Avalonia.Desktop.dll
  CakeOS.Cui.Runtime -> /workspace/team-b-astra-browser-validation/framework/CUI/Runtime/bin/Release/net10.0/CakeOS.Cui.Runtime.dll
  Avalonia.Browser -> /workspace/team-b-astra-browser-validation/framework/CUI/vendor/Avalonia/src/Browser/Avalonia.Browser/bin/Release/net10.0/Avalonia.Browser.dll
  NineToOne.Web -> /workspace/team-b-astra-browser-validation/apps/Web/bin/Release/net10.0/NineToOne.Web.dll
  Optimizing assemblies for size. This process might take a while.
  Haven.Core -> /workspace/team-b-astra-browser-validation/9to1 Workspace/shared/src/Haven.Core/bin/Release/net10.0/Haven.Core.dll
  Avalonia.Remote.Protocol -> /workspace/team-b-astra-browser-validation/framework/CUI/vendor/Avalonia/src/Avalonia.Remote.Protocol/bin/Release/net10.0/Avalonia.Remote.Protocol.dll
  DevGenerators -> /workspace/team-b-astra-browser-validation/framework/CUI/vendor/Avalonia/src/tools/DevGenerators/bin/Release/netstandard2.0/DevGenerators.dll
  DevAnalyzers -> /workspace/team-b-astra-browser-validation/framework/CUI/vendor/Avalonia/src/tools/DevAnalyzers/bin/Release/netstandard2.0/DevAnalyzers.dll
  Avalonia.Analyzers.CSharp -> /workspace/team-b-astra-browser-validation/framework/CUI/vendor/Avalonia/src/tools/Avalonia.Analyzers.CSharp/bin/Release/netstandard2.0/Avalonia.Analyzers.CSharp.dll
  Avalonia.Analyzers.VisualBasic -> /workspace/team-b-astra-browser-validation/framework/CUI/vendor/Avalonia/src/tools/Avalonia.Analyzers.VisualBasic/bin/Release/netstandard2.0/Avalonia.Analyzers.VisualBasic.dll
  Avalonia.Analyzers.CodeFixes.CSharp -> /workspace/team-b-astra-browser-validation/framework/CUI/vendor/Avalonia/src/tools/Avalonia.Analyzers.CodeFixes.CSharp/bin/Release/netstandard2.0/Avalonia.Analyzers.CodeFixes.CSharp.dll
  CakeOS.Cui.Language -> /workspace/team-b-astra-browser-validation/framework/CUI/Language/bin/Release/net10.0/CakeOS.Cui.Language.dll
  Avalonia.Build.Tasks -> /workspace/team-b-astra-browser-validation/framework/CUI/vendor/Avalonia/src/Avalonia.Build.Tasks/bin/Release/netstandard2.0/Avalonia.Build.Tasks.dll
  CakeOS.Cui.Core -> /workspace/team-b-astra-browser-validation/framework/CUI/Core/bin/Release/net10.0/CakeOS.Cui.Core.dll
  NineToOne.Cui.AI -> /workspace/team-b-astra-browser-validation/framework/CUI/AI/bin/Release/net10.0/NineToOne.Cui.AI.dll
  Den -> /workspace/team-b-astra-browser-validation/9to1 Models/Dulche Alpha/bin/Release/net10.0/Den.dll
  Avalonia.Base -> /workspace/team-b-astra-browser-validation/framework/CUI/vendor/Avalonia/src/Avalonia.Base/bin/Release/net10.0/Avalonia.Base.dll
  Avalonia.Controls -> /workspace/team-b-astra-browser-validation/framework/CUI/vendor/Avalonia/src/Avalonia.Controls/bin/Release/net10.0/Avalonia.Controls.dll
  Avalonia.MicroCom -> /workspace/team-b-astra-browser-validation/framework/CUI/vendor/Avalonia/src/Avalonia.MicroCom/bin/Release/net10.0/Avalonia.MicroCom.dll
  Haven.Application -> /workspace/team-b-astra-browser-validation/9to1 Workspace/shared/src/Haven.Application/bin/Release/net10.0/Haven.Application.dll
  Avalonia.HarfBuzz -> /workspace/team-b-astra-browser-validation/framework/CUI/vendor/Avalonia/src/HarfBuzz/Avalonia.HarfBuzz/bin/Release/net10.0/Avalonia.HarfBuzz.dll
  Avalonia.Vulkan -> /workspace/team-b-astra-browser-validation/framework/CUI/vendor/Avalonia/src/Avalonia.Vulkan/bin/Release/net10.0/Avalonia.Vulkan.dll
  Avalonia.Markup -> /workspace/team-b-astra-browser-validation/framework/CUI/vendor/Avalonia/src/Markup/Avalonia.Markup/bin/Release/net10.0/Avalonia.Markup.dll
  Avalonia.OpenGL -> /workspace/team-b-astra-browser-validation/framework/CUI/vendor/Avalonia/src/Avalonia.OpenGL/bin/Release/net10.0/Avalonia.OpenGL.dll
  Avalonia.Metal -> /workspace/team-b-astra-browser-validation/framework/CUI/vendor/Avalonia/src/Avalonia.Metal/bin/Release/net10.0/Avalonia.Metal.dll
  Avalonia.Fonts.Inter -> /workspace/team-b-astra-browser-validation/framework/CUI/vendor/Avalonia/src/Avalonia.Fonts.Inter/bin/Release/net10.0/Avalonia.Fonts.Inter.dll
  Avalonia.Win32.Automation -> /workspace/team-b-astra-browser-validation/framework/CUI/vendor/Avalonia/src/Windows/Avalonia.Win32.Automation/bin/Release/net10.0/Avalonia.Win32.Automation.dll
  Avalonia.DBus.Generators -> /workspace/team-b-astra-browser-validation/framework/CUI/vendor/Avalonia/src/tools/Avalonia.DBus.Generators/bin/Release/netstandard2.0/Avalonia.DBus.Generators.dll
  Dulche.Runtime -> /workspace/team-b-astra-browser-validation/9to1 Models/Dulche Alpha/bin/Release/net10.0/Dulche.Runtime.dll
  CakeOS.Cui.Themes -> /workspace/team-b-astra-browser-validation/framework/CUI/Themes/bin/Release/net10.0/CakeOS.Cui.Themes.dll
  Avalonia.Markup.Xaml -> /workspace/team-b-astra-browser-validation/framework/CUI/vendor/Avalonia/src/Markup/Avalonia.Markup.Xaml/bin/Release/net10.0/Avalonia.Markup.Xaml.dll
  Avalonia.Skia -> /workspace/team-b-astra-browser-validation/framework/CUI/vendor/Avalonia/src/Skia/Avalonia.Skia/bin/Release/net10.0/Avalonia.Skia.dll
  Avalonia.DesignerSupport -> /workspace/team-b-astra-browser-validation/framework/CUI/vendor/Avalonia/src/Avalonia.DesignerSupport/bin/Release/net10.0/Avalonia.DesignerSupport.dll
  Avalonia.Dialogs -> /workspace/team-b-astra-browser-validation/framework/CUI/vendor/Avalonia/src/Avalonia.Dialogs/bin/Release/net10.0/Avalonia.Dialogs.dll
  Avalonia.FreeDesktop -> /workspace/team-b-astra-browser-validation/framework/CUI/vendor/Avalonia/src/Avalonia.FreeDesktop/bin/Release/net10.0/Avalonia.FreeDesktop.dll
  Avalonia.Themes.Fluent -> /workspace/team-b-astra-browser-validation/framework/CUI/vendor/Avalonia/src/Avalonia.Themes.Fluent/bin/Release/net10.0/Avalonia.Themes.Fluent.dll
  HavenOS.Home -> /workspace/team-b-astra-browser-validation/9to1 Workspace/Home/bin/Release/net10.0/HavenOS.Home.dll
  Avalonia.Generators -> /workspace/team-b-astra-browser-validation/framework/CUI/vendor/Avalonia/src/tools/Avalonia.Generators/bin/Release/netstandard2.0/Avalonia.Generators.dll
  Avalonia.Headless -> /workspace/team-b-astra-browser-validation/framework/CUI/vendor/Avalonia/src/Headless/Avalonia.Headless/bin/Release/net10.0/Avalonia.Headless.dll
  Avalonia.Win32 -> /workspace/team-b-astra-browser-validation/framework/CUI/vendor/Avalonia/src/Windows/Avalonia.Win32/bin/Release/net10.0/Avalonia.Win32.dll
  Avalonia -> /workspace/team-b-astra-browser-validation/framework/CUI/vendor/Avalonia/packages/Avalonia/bin/Release/net10.0/Avalonia.dll
  Avalonia.FreeDesktop.AtSpi -> /workspace/team-b-astra-browser-validation/framework/CUI/vendor/Avalonia/src/Avalonia.FreeDesktop.AtSpi/bin/Release/net10.0/Avalonia.FreeDesktop.AtSpi.dll
  Avalonia.Native -> /workspace/team-b-astra-browser-validation/framework/CUI/vendor/Avalonia/src/Avalonia.Native/bin/Release/net10.0/Avalonia.Native.dll
  Avalonia.X11 -> /workspace/team-b-astra-browser-validation/framework/CUI/vendor/Avalonia/src/Avalonia.X11/bin/Release/net10.0/Avalonia.X11.dll
  Avalonia.Desktop -> /workspace/team-b-astra-browser-validation/framework/CUI/vendor/Avalonia/src/Avalonia.Desktop/bin/Release/net10.0/Avalonia.Desktop.dll
  CakeOS.Cui.Runtime -> /workspace/team-b-astra-browser-validation/framework/CUI/Runtime/bin/Release/net10.0/CakeOS.Cui.Runtime.dll
  Avalonia.Browser -> /workspace/team-b-astra-browser-validation/framework/CUI/vendor/Avalonia/src/Browser/Avalonia.Browser/bin/Release/net10.0/Avalonia.Browser.dll
  NineToOne.Web -> /workspace/team-b-artifacts/browser-c74c73c/
