  Determining projects to restore...
  Restored /workspace/team-c-c4-browser-receiving-c878/framework/CUI/vendor/Avalonia/src/Avalonia.Remote.Protocol/Avalonia.Remote.Protocol.csproj (in 5.25 sec).
  Restored /workspace/team-c-c4-browser-receiving-c878/framework/CUI/vendor/Avalonia/src/Avalonia.OpenGL/Avalonia.OpenGL.csproj (in 5.25 sec).
  Restored /workspace/team-c-c4-browser-receiving-c878/framework/CUI/vendor/Avalonia/src/Avalonia.Themes.Fluent/Avalonia.Themes.Fluent.csproj (in 5.25 sec).
  Restored /workspace/team-c-c4-browser-receiving-c878/framework/CUI/vendor/Avalonia/src/Avalonia.MicroCom/Avalonia.MicroCom.csproj (in 6 ms).
  Restored /workspace/team-c-c4-browser-receiving-c878/framework/CUI/vendor/Avalonia/src/Avalonia.Native/Avalonia.Native.csproj (in 5.25 sec).
  Restored /workspace/team-c-c4-browser-receiving-c878/framework/CUI/vendor/Avalonia/src/Avalonia.Metal/Avalonia.Metal.csproj (in 10 ms).
  Restored /workspace/team-c-c4-browser-receiving-c878/framework/CUI/vendor/Avalonia/src/Avalonia.FreeDesktop/Avalonia.FreeDesktop.csproj (in 403 ms).
  Restored /workspace/team-c-c4-browser-receiving-c878/framework/CUI/vendor/Avalonia/src/Avalonia.Vulkan/Avalonia.Vulkan.csproj (in 9 ms).
  Restored /workspace/team-c-c4-browser-receiving-c878/framework/CUI/vendor/Avalonia/src/Avalonia.FreeDesktop.AtSpi/Avalonia.FreeDesktop.AtSpi.csproj (in 21 ms).
  Restored /workspace/team-c-c4-browser-receiving-c878/framework/CUI/vendor/Avalonia/src/Avalonia.Fonts.Inter/Avalonia.Fonts.Inter.csproj (in 9 ms).
  Restored /workspace/team-c-c4-browser-receiving-c878/framework/CUI/vendor/Avalonia/src/Avalonia.Dialogs/Avalonia.Dialogs.csproj (in 17 ms).
  Restored /workspace/team-c-c4-browser-receiving-c878/framework/CUI/vendor/Avalonia/src/HarfBuzz/Avalonia.HarfBuzz/Avalonia.HarfBuzz.csproj (in 1.99 sec).
  Restored /workspace/team-c-c4-browser-receiving-c878/framework/CUI/vendor/Avalonia/src/Avalonia.DesignerSupport/Avalonia.DesignerSupport.csproj (in 14 ms).
  Restored /workspace/team-c-c4-browser-receiving-c878/framework/CUI/vendor/Avalonia/src/Avalonia.Controls/Avalonia.Controls.csproj (in 8 ms).
  Restored /workspace/team-c-c4-browser-receiving-c878/framework/CUI/vendor/Avalonia/src/Avalonia.Build.Tasks/Avalonia.Build.Tasks.csproj (in 3.08 sec).
  Restored /workspace/team-c-c4-browser-receiving-c878/framework/CUI/vendor/Avalonia/src/Avalonia.Base/Avalonia.Base.csproj (in 4 ms).
  Restored /workspace/team-c-c4-browser-receiving-c878/framework/CUI/vendor/Avalonia/packages/Avalonia/Avalonia.csproj (in 47 ms).
  Restored /workspace/team-c-c4-browser-receiving-c878/framework/CUI/Themes/CakeOS.Cui.Themes.csproj (in 7 ms).
  Restored /workspace/team-c-c4-browser-receiving-c878/framework/CUI/vendor/Avalonia/src/Headless/Avalonia.Headless/Avalonia.Headless.csproj (in 6.98 sec).
  Restored /workspace/team-c-c4-browser-receiving-c878/framework/CUI/Runtime/CakeOS.Cui.Runtime.csproj (in 1.74 sec).
  Restored /workspace/team-c-c4-browser-receiving-c878/framework/CUI/Language/CakeOS.Cui.Language.csproj (in 3 ms).
  Restored /workspace/team-c-c4-browser-receiving-c878/framework/CUI/Core/CakeOS.Cui.Core.csproj (in 2 ms).
  Restored /workspace/team-c-c4-browser-receiving-c878/framework/CUI/vendor/Avalonia/src/Avalonia.X11/Avalonia.X11.csproj (in 6.96 sec).
  Restored /workspace/team-c-c4-browser-receiving-c878/framework/CUI/AI/NineToOne.Cui.AI.csproj (in 2 ms).
  Restored /workspace/team-c-c4-browser-receiving-c878/framework/CUI/vendor/Avalonia/src/Avalonia.Desktop/Avalonia.Desktop.csproj (in 6.47 sec).
  Restored /workspace/team-c-c4-browser-receiving-c878/9to1 Workspace/shared/src/Haven.Core/Haven.Core.csproj (in 2 ms).
  Restored /workspace/team-c-c4-browser-receiving-c878/9to1 Workspace/shared/src/Haven.UI/Haven.UI.csproj (in 2 ms).
  Restored /workspace/team-c-c4-browser-receiving-c878/9to1 Workspace/shared/src/Haven.Application/Haven.Application.csproj (in 3 ms).
  Restored /workspace/team-c-c4-browser-receiving-c878/apps/Web/Tests/BrowserNavigationCancellation.Tests.csproj (in 47 ms).
  Restored /workspace/team-c-c4-browser-receiving-c878/apps/Web/Write/Scene/Haven.WriteBrowser.Scene.csproj (in 51 ms).
  Restored /workspace/team-c-c4-browser-receiving-c878/framework/CUI/vendor/Avalonia/src/tools/Avalonia.DBus.Generators/Avalonia.DBus.Generators.csproj (in 1.57 sec).
  Restored /workspace/team-c-c4-browser-receiving-c878/framework/CUI/vendor/Avalonia/src/tools/DevAnalyzers/DevAnalyzers.csproj (in 1.65 sec).
  Restored /workspace/team-c-c4-browser-receiving-c878/framework/CUI/vendor/Avalonia/src/tools/Avalonia.Generators/Avalonia.Generators.csproj (in 1.58 sec).
  Restored /workspace/team-c-c4-browser-receiving-c878/framework/CUI/vendor/Avalonia/src/tools/DevGenerators/DevGenerators.csproj (in 1.67 sec).
  Restored /workspace/team-c-c4-browser-receiving-c878/framework/CUI/vendor/Avalonia/src/tools/Avalonia.Analyzers.CSharp/Avalonia.Analyzers.CSharp.csproj (in 11 ms).
  Restored /workspace/team-c-c4-browser-receiving-c878/framework/CUI/vendor/Avalonia/src/Windows/Avalonia.Win32.Automation/Avalonia.Win32.Automation.csproj (in 8 ms).
  Restored /workspace/team-c-c4-browser-receiving-c878/framework/CUI/vendor/Avalonia/src/Skia/Avalonia.Skia/Avalonia.Skia.csproj (in 17 ms).
  Restored /workspace/team-c-c4-browser-receiving-c878/framework/CUI/vendor/Avalonia/src/Markup/Avalonia.Markup/Avalonia.Markup.csproj (in 4 ms).
  Restored /workspace/team-c-c4-browser-receiving-c878/framework/CUI/vendor/Avalonia/src/Markup/Avalonia.Markup.Xaml/Avalonia.Markup.Xaml.csproj (in 7 ms).
  Restored /workspace/team-c-c4-browser-receiving-c878/9to1 Workspace/Home/HavenOS.Home.csproj (in 4 ms).
  Restored /workspace/team-c-c4-browser-receiving-c878/9to1 Models/Dulche Alpha/Dulche.Runtime.csproj (in 3 ms).
  Restored /workspace/team-c-c4-browser-receiving-c878/9to1 Models/Dulche Alpha/Den.csproj (in 1 ms).
  Restored /workspace/team-c-c4-browser-receiving-c878/framework/CUI/vendor/Avalonia/src/tools/Avalonia.Analyzers.VisualBasic/Avalonia.Analyzers.VisualBasic.csproj (in 756 ms).
  Restored /workspace/team-c-c4-browser-receiving-c878/framework/CUI/vendor/Avalonia/src/tools/Avalonia.Analyzers.CodeFixes.CSharp/Avalonia.Analyzers.CodeFixes.CSharp.csproj (in 1.02 sec).
  Restored /workspace/team-c-c4-browser-receiving-c878/framework/CUI/vendor/Avalonia/src/Windows/Avalonia.Win32/Avalonia.Win32.csproj (in 2.5 sec).
