  Determining projects to restore...
  Restored /workspace/team-c-c4-write-scene-3b0b/framework/CUI/vendor/Avalonia/src/tools/DevAnalyzers/DevAnalyzers.csproj (in 4.1 sec).
  Restored /workspace/team-c-c4-write-scene-3b0b/framework/CUI/vendor/Avalonia/src/tools/DevGenerators/DevGenerators.csproj (in 4.1 sec).
  Restored /workspace/team-c-c4-write-scene-3b0b/framework/CUI/vendor/Avalonia/src/tools/Avalonia.DBus.Generators/Avalonia.DBus.Generators.csproj (in 23 ms).
  Restored /workspace/team-c-c4-write-scene-3b0b/framework/CUI/vendor/Avalonia/src/tools/Avalonia.Generators/Avalonia.Generators.csproj (in 28 ms).
  Restored /workspace/team-c-c4-write-scene-3b0b/framework/CUI/vendor/Avalonia/src/Avalonia.Metal/Avalonia.Metal.csproj (in 4.91 sec).
  Restored /workspace/team-c-c4-write-scene-3b0b/framework/CUI/vendor/Avalonia/packages/Avalonia/Avalonia.csproj (in 4.91 sec).
  Restored /workspace/team-c-c4-write-scene-3b0b/framework/CUI/vendor/Avalonia/src/tools/Avalonia.Analyzers.CSharp/Avalonia.Analyzers.CSharp.csproj (in 32 ms).
  Restored /workspace/team-c-c4-write-scene-3b0b/framework/CUI/vendor/Avalonia/src/Windows/Avalonia.Win32.Automation/Avalonia.Win32.Automation.csproj (in 36 ms).
  Restored /workspace/team-c-c4-write-scene-3b0b/framework/CUI/vendor/Avalonia/src/tools/Avalonia.Analyzers.VisualBasic/Avalonia.Analyzers.VisualBasic.csproj (in 932 ms).
  Restored /workspace/team-c-c4-write-scene-3b0b/framework/CUI/vendor/Avalonia/src/Markup/Avalonia.Markup/Avalonia.Markup.csproj (in 7 ms).
  Restored /workspace/team-c-c4-write-scene-3b0b/framework/CUI/vendor/Avalonia/src/Markup/Avalonia.Markup.Xaml/Avalonia.Markup.Xaml.csproj (in 10 ms).
  Restored /workspace/team-c-c4-write-scene-3b0b/framework/CUI/vendor/Avalonia/src/tools/Avalonia.Analyzers.CodeFixes.CSharp/Avalonia.Analyzers.CodeFixes.CSharp.csproj (in 1.02 sec).
  Restored /workspace/team-c-c4-write-scene-3b0b/framework/CUI/vendor/Avalonia/src/HarfBuzz/Avalonia.HarfBuzz/Avalonia.HarfBuzz.csproj (in 2.02 sec).
  Restored /workspace/team-c-c4-write-scene-3b0b/framework/CUI/vendor/Avalonia/src/Skia/Avalonia.Skia/Avalonia.Skia.csproj (in 9.96 sec).
  Restored /workspace/team-c-c4-write-scene-3b0b/framework/CUI/vendor/Avalonia/src/Avalonia.Vulkan/Avalonia.Vulkan.csproj (in 24 ms).
  Restored /workspace/team-c-c4-write-scene-3b0b/framework/CUI/vendor/Avalonia/src/Windows/Avalonia.Win32/Avalonia.Win32.csproj (in 10.08 sec).
  Restored /workspace/team-c-c4-write-scene-3b0b/framework/CUI/vendor/Avalonia/src/Avalonia.X11/Avalonia.X11.csproj (in 7.78 sec).
  Restored /workspace/team-c-c4-write-scene-3b0b/framework/CUI/vendor/Avalonia/src/Avalonia.Themes.Fluent/Avalonia.Themes.Fluent.csproj (in 18 ms).
  Restored /workspace/team-c-c4-write-scene-3b0b/framework/CUI/vendor/Avalonia/src/Avalonia.Remote.Protocol/Avalonia.Remote.Protocol.csproj (in 20 ms).
  Restored /workspace/team-c-c4-write-scene-3b0b/framework/CUI/vendor/Avalonia/src/Headless/Avalonia.Headless/Avalonia.Headless.csproj (in 9.87 sec).
  Restored /workspace/team-c-c4-write-scene-3b0b/framework/CUI/vendor/Avalonia/src/Avalonia.OpenGL/Avalonia.OpenGL.csproj (in 11 ms).
  Restored /workspace/team-c-c4-write-scene-3b0b/framework/CUI/vendor/Avalonia/src/Avalonia.MicroCom/Avalonia.MicroCom.csproj (in 6 ms).
  Restored /workspace/team-c-c4-write-scene-3b0b/framework/CUI/vendor/Avalonia/src/Avalonia.Fonts.Inter/Avalonia.Fonts.Inter.csproj (in 8 ms).
  Restored /workspace/team-c-c4-write-scene-3b0b/framework/CUI/vendor/Avalonia/src/Avalonia.Dialogs/Avalonia.Dialogs.csproj (in 17 ms).
  Restored /workspace/team-c-c4-write-scene-3b0b/framework/CUI/vendor/Avalonia/src/Avalonia.Native/Avalonia.Native.csproj (in 49 ms).
  Restored /workspace/team-c-c4-write-scene-3b0b/framework/CUI/vendor/Avalonia/src/Avalonia.DesignerSupport/Avalonia.DesignerSupport.csproj (in 21 ms).
  Restored /workspace/team-c-c4-write-scene-3b0b/framework/CUI/vendor/Avalonia/src/Avalonia.FreeDesktop.AtSpi/Avalonia.FreeDesktop.AtSpi.csproj (in 64 ms).
  Restored /workspace/team-c-c4-write-scene-3b0b/framework/CUI/vendor/Avalonia/src/Avalonia.Controls/Avalonia.Controls.csproj (in 11 ms).
  Restored /workspace/team-c-c4-write-scene-3b0b/framework/CUI/vendor/Avalonia/src/Avalonia.Base/Avalonia.Base.csproj (in 6 ms).
  Restored /workspace/team-c-c4-write-scene-3b0b/framework/CUI/vendor/Avalonia/src/Avalonia.Desktop/Avalonia.Desktop.csproj (in 76 ms).
  Restored /workspace/team-c-c4-write-scene-3b0b/framework/CUI/Themes/CakeOS.Cui.Themes.csproj (in 16 ms).
  Restored /workspace/team-c-c4-write-scene-3b0b/framework/CUI/Language/CakeOS.Cui.Language.csproj (in 2 ms).
  Restored /workspace/team-c-c4-write-scene-3b0b/framework/CUI/Core/CakeOS.Cui.Core.csproj (in 3 ms).
  Restored /workspace/team-c-c4-write-scene-3b0b/framework/CUI/AI/NineToOne.Cui.AI.csproj (in 2 ms).
  Restored /workspace/team-c-c4-write-scene-3b0b/framework/CUI/vendor/Avalonia/src/Avalonia.FreeDesktop/Avalonia.FreeDesktop.csproj (in 220 ms).
  Restored /workspace/team-c-c4-write-scene-3b0b/framework/CUI/Runtime/CakeOS.Cui.Runtime.csproj (in 40 ms).
  Restored /workspace/team-c-c4-write-scene-3b0b/9to1 Workspace/shared/src/Haven.UI/Haven.UI.csproj (in 2 ms).
  Restored /workspace/team-c-c4-write-scene-3b0b/9to1 Workspace/shared/src/Haven.Core/Haven.Core.csproj (in 6 ms).
  Restored /workspace/team-c-c4-write-scene-3b0b/9to1 Workspace/shared/src/Haven.Application/Haven.Application.csproj (in 3 ms).
  Restored /workspace/team-c-c4-write-scene-3b0b/apps/Web/Write/Tests/WriteBrowser.Scene.Tests.csproj (in 45 ms).
  Restored /workspace/team-c-c4-write-scene-3b0b/apps/Web/Write/Scene/Haven.WriteBrowser.Scene.csproj (in 56 ms).
  Restored /workspace/team-c-c4-write-scene-3b0b/framework/CUI/vendor/Avalonia/src/Avalonia.Build.Tasks/Avalonia.Build.Tasks.csproj (in 1.99 sec).
