test_actual_embedded_source_hashes (__main__.ActualSymbols.test_actual_embedded_source_hashes) ... FAIL
test_actual_external_source_hashes (__main__.ActualSymbols.test_actual_external_source_hashes) ... ok
test_ambiguous_external_refused (__main__.ActualSymbols.test_ambiguous_external_refused) ... ok
test_declared_bomb_refused (__main__.ActualSymbols.test_declared_bomb_refused) ... ok
test_declared_size_mismatch_refused (__main__.ActualSymbols.test_declared_size_mismatch_refused) ... ok
test_foreign_external_identity_refused (__main__.ActualSymbols.test_foreign_external_identity_refused) ... ok
test_invalid_deflate_refused (__main__.ActualSymbols.test_invalid_deflate_refused) ... ok
test_invalid_mpdb_signature_refused (__main__.ActualSymbols.test_invalid_mpdb_signature_refused) ... ok
test_missing_external_refused (__main__.ActualSymbols.test_missing_external_refused) ... ok
test_truncated_pe_refused (__main__.ActualSymbols.test_truncated_pe_refused) ... ok

======================================================================
FAIL: test_actual_embedded_source_hashes (__main__.ActualSymbols.test_actual_embedded_source_hashes)
----------------------------------------------------------------------
Traceback (most recent call last):
  File "/workspace/team-c/c3-admin-embedded-symbol-proposal/.github/scripts/astra-embedded-symbol-tests.py", line 18, in test_actual_embedded_source_hashes
    source=pathlib.Path(name.replace('\\','/')).resolve();self.assertTrue(source.is_relative_to(RECEIVING));self.assertTrue(source.is_file());self.assertFalse(source.is_symlink())
                                                                                                            ^^^^^^^^^^^^^^^^^^^^^^^^^^^^^^^^^
AssertionError: False is not true

----------------------------------------------------------------------
Ran 10 tests in 0.031s

FAILED (failures=1)
