
Welcome to .NET 10.0!
---------------------
SDK Version: 10.0.401

Telemetry
---------
The .NET tools collect usage data in order to help us improve your experience. It is collected by Microsoft and shared with the community. You can opt-out of telemetry by setting the DOTNET_CLI_TELEMETRY_OPTOUT environment variable to '1' or 'true' using your favorite shell.

Read more about .NET CLI Tools telemetry: https://aka.ms/dotnet-cli-telemetry

----------------
Installed an ASP.NET Core HTTPS development certificate.
To trust the certificate, run 'dotnet dev-certs https --trust'
Learn about HTTPS: https://aka.ms/dotnet-https

----------------
Write your first app: https://aka.ms/dotnet-hello-world
Find out what's new: https://aka.ms/dotnet-whats-new
Explore documentation: https://aka.ms/dotnet-docs
Report issues and find source on GitHub: https://github.com/dotnet/core
Use 'dotnet --help' to see available commands or visit: https://aka.ms/dotnet-cli
--------------------------------------------------------------------------------------
  Determining projects to restore...
  Restored /workspace/team-c/c4/9to1 Workspace/shared/src/Haven.Core/Haven.Core.csproj (in 102 ms).
  Restored /workspace/team-c/evidence/c6/r2-reader-review/Review.csproj (in 329 ms).
  Haven.Core -> /workspace/team-c/c4/9to1 Workspace/shared/src/Haven.Core/bin/Debug/net10.0/Haven.Core.dll
  Review -> /workspace/team-c/evidence/c6/r2-reader-review/bin/Debug/net10.0/Review.dll
Test run for /workspace/team-c/evidence/c6/r2-reader-review/bin/Debug/net10.0/Review.dll (.NETCoreApp,Version=v10.0)
A total of 1 test files matched the specified pattern.
No test is available in /workspace/team-c/evidence/c6/r2-reader-review/bin/Debug/net10.0/Review.dll. Make sure that test discoverer & executors are registered and platform & framework version settings are appropriate and try again.
Results File: /workspace/team-c/evidence/c6/r2-reader-review/TestResults/review.trx

Additionally, path to test adapters can be specified using /TestAdapterPath command. Example  /TestAdapterPath:<pathToCustomAdapters>.
