  Determining projects to restore...
  Restored /workspace/team-c-c5-b-picture-eec-closure-provisional/framework/CUI/vendor/Avalonia/src/Markup/Avalonia.Markup/Avalonia.Markup.csproj (in 177 ms).
  Restored /workspace/team-c-c5-b-picture-eec-closure-provisional/framework/CUI/vendor/Avalonia/src/Markup/Avalonia.Markup.Xaml/Avalonia.Markup.Xaml.csproj (in 12 ms).
  Restored /workspace/team-c-c5-b-picture-eec-closure-provisional/framework/CUI/vendor/Avalonia/src/Headless/Avalonia.Headless/Avalonia.Headless.csproj (in 39 ms).
  Restored /workspace/team-c-c5-b-picture-eec-closure-provisional/framework/CUI/vendor/Avalonia/src/HarfBuzz/Avalonia.HarfBuzz/Avalonia.HarfBuzz.csproj (in 17 ms).
  Restored /workspace/team-c-c5-b-picture-eec-closure-provisional/framework/CUI/vendor/Avalonia/src/Avalonia.X11/Avalonia.X11.csproj (in 31 ms).
  Restored /workspace/team-c-c5-b-picture-eec-closure-provisional/framework/CUI/vendor/Avalonia/src/Avalonia.Vulkan/Avalonia.Vulkan.csproj (in 8 ms).
  Restored /workspace/team-c-c5-b-picture-eec-closure-provisional/framework/CUI/vendor/Avalonia/src/Avalonia.Themes.Fluent/Avalonia.Themes.Fluent.csproj (in 10 ms).
  Restored /workspace/team-c-c5-b-picture-eec-closure-provisional/framework/CUI/vendor/Avalonia/src/Avalonia.Remote.Protocol/Avalonia.Remote.Protocol.csproj (in 15 ms).
  Restored /workspace/team-c-c5-b-picture-eec-closure-provisional/framework/CUI/vendor/Avalonia/src/Avalonia.OpenGL/Avalonia.OpenGL.csproj (in 8 ms).
  Restored /workspace/team-c-c5-b-picture-eec-closure-provisional/framework/CUI/vendor/Avalonia/src/Avalonia.Native/Avalonia.Native.csproj (in 28 ms).
  Restored /workspace/team-c-c5-b-picture-eec-closure-provisional/framework/CUI/vendor/Avalonia/src/Avalonia.MicroCom/Avalonia.MicroCom.csproj (in 6 ms).
  Restored /workspace/team-c-c5-b-picture-eec-closure-provisional/framework/CUI/vendor/Avalonia/src/Avalonia.Dialogs/Avalonia.Dialogs.csproj (in 11 ms).
  Restored /workspace/team-c-c5-b-picture-eec-closure-provisional/framework/CUI/vendor/Avalonia/src/Avalonia.Desktop/Avalonia.Desktop.csproj (in 32 ms).
  Restored /workspace/team-c-c5-b-picture-eec-closure-provisional/framework/CUI/vendor/Avalonia/src/Avalonia.DesignerSupport/Avalonia.DesignerSupport.csproj (in 9 ms).
  Restored /workspace/team-c-c5-b-picture-eec-closure-provisional/framework/CUI/vendor/Avalonia/src/Avalonia.Controls/Avalonia.Controls.csproj (in 11 ms).
  Restored /workspace/team-c-c5-b-picture-eec-closure-provisional/framework/CUI/vendor/Avalonia/src/Avalonia.Build.Tasks/Avalonia.Build.Tasks.csproj (in 44 ms).
  Restored /workspace/team-c-c5-b-picture-eec-closure-provisional/framework/CUI/vendor/Avalonia/src/Avalonia.Base/Avalonia.Base.csproj (in 5 ms).
  Restored /workspace/team-c-c5-b-picture-eec-closure-provisional/framework/CUI/vendor/Avalonia/packages/Avalonia/Avalonia.csproj (in 17 ms).
  Restored /workspace/team-c-resume-evidence/c5-b-pr6-receiving/picture-crop-diagnostic/PictureAdmission.Diagnostics.csproj (in 38 ms).
  Restored /workspace/team-c-c5-b-picture-eec-closure-provisional/framework/CUI/vendor/Avalonia/src/tools/DevGenerators/DevGenerators.csproj (in 27 ms).
  Restored /workspace/team-c-c5-b-picture-eec-closure-provisional/framework/CUI/vendor/Avalonia/src/tools/DevAnalyzers/DevAnalyzers.csproj (in 11 ms).
  Restored /workspace/team-c-c5-b-picture-eec-closure-provisional/framework/CUI/vendor/Avalonia/src/tools/Avalonia.Generators/Avalonia.Generators.csproj (in 18 ms).
  Restored /workspace/team-c-c5-b-picture-eec-closure-provisional/framework/CUI/vendor/Avalonia/src/tools/Avalonia.DBus.Generators/Avalonia.DBus.Generators.csproj (in 16 ms).
  Restored /workspace/team-c-c5-b-picture-eec-closure-provisional/framework/CUI/vendor/Avalonia/src/tools/Avalonia.Analyzers.VisualBasic/Avalonia.Analyzers.VisualBasic.csproj (in 21 ms).
  Restored /workspace/team-c-c5-b-picture-eec-closure-provisional/framework/CUI/vendor/Avalonia/src/tools/Avalonia.Analyzers.CodeFixes.CSharp/Avalonia.Analyzers.CodeFixes.CSharp.csproj (in 21 ms).
  Restored /workspace/team-c-c5-b-picture-eec-closure-provisional/framework/CUI/vendor/Avalonia/src/tools/Avalonia.Analyzers.CSharp/Avalonia.Analyzers.CSharp.csproj (in 12 ms).
  Restored /workspace/team-c-c5-b-picture-eec-closure-provisional/framework/CUI/vendor/Avalonia/src/Windows/Avalonia.Win32/Avalonia.Win32.csproj (in 25 ms).
  Restored /workspace/team-c-c5-b-picture-eec-closure-provisional/framework/CUI/vendor/Avalonia/src/Windows/Avalonia.Win32.Automation/Avalonia.Win32.Automation.csproj (in 7 ms).
  Restored /workspace/team-c-c5-b-picture-eec-closure-provisional/framework/CUI/vendor/Avalonia/src/Skia/Avalonia.Skia/Avalonia.Skia.csproj (in 27 ms).
  Restored /workspace/team-c-c5-b-picture-eec-closure-provisional/framework/CUI/vendor/Avalonia/src/Avalonia.Metal/Avalonia.Metal.csproj (in 7 ms).
  Restored /workspace/team-c-c5-b-picture-eec-closure-provisional/framework/CUI/vendor/Avalonia/src/Avalonia.FreeDesktop/Avalonia.FreeDesktop.csproj (in 11 ms).
  Restored /workspace/team-c-c5-b-picture-eec-closure-provisional/framework/CUI/vendor/Avalonia/src/Avalonia.FreeDesktop.AtSpi/Avalonia.FreeDesktop.AtSpi.csproj (in 24 ms).
  Restored /workspace/team-c-c5-b-picture-eec-closure-provisional/framework/CUI/vendor/Avalonia/src/Avalonia.Fonts.Inter/Avalonia.Fonts.Inter.csproj (in 7 ms).
  Restored /workspace/team-c-c5-b-picture-eec-closure-provisional/framework/CUI/Themes/CakeOS.Cui.Themes.csproj (in 7 ms).
  Restored /workspace/team-c-c5-b-picture-eec-closure-provisional/framework/CUI/Runtime/CakeOS.Cui.Runtime.csproj (in 33 ms).
  Restored /workspace/team-c-c5-b-picture-eec-closure-provisional/framework/CUI/Language/CakeOS.Cui.Language.csproj (in 3 ms).
  Restored /workspace/team-c-c5-b-picture-eec-closure-provisional/framework/CUI/Core/CakeOS.Cui.Core.csproj (in 3 ms).
  Restored /workspace/team-c-c5-b-picture-eec-closure-provisional/framework/CUI/AI/NineToOne.Cui.AI.csproj (in 2 ms).
  Restored /workspace/team-c-c5-b-picture-eec-closure-provisional/apps/Web/Picture/Engine/NineToOne.Picture.BrowserEngine.csproj (in 11 ms).
  Restored /workspace/team-c-c5-b-picture-eec-closure-provisional/9to1 Workspace/shared/src/Haven.Core/Haven.Core.csproj (in 2 ms).
  Restored /workspace/team-c-c5-b-picture-eec-closure-provisional/9to1 Workspace/shared/src/Haven.Application/Haven.Application.csproj (in 3 ms).
  Restored /workspace/team-c-c5-b-picture-eec-closure-provisional/9to1 Workspace/Home/HavenOS.Home.csproj (in 5 ms).
  Restored /workspace/team-c-c5-b-picture-eec-closure-provisional/9to1 Models/Dulche Alpha/Dulche.Runtime.csproj (in 3 ms).
  Restored /workspace/team-c-c5-b-picture-eec-closure-provisional/9to1 Models/Dulche Alpha/Den.csproj (in 2 ms).
