Test run for /home/runner/work/9to1/9to1/artifacts/canvas65-managed-build/bin/HavenOS.Canvas.Tests/release_linux-x64/HavenOS.Canvas.Tests.dll (.NETCoreApp,Version=v10.0)
A total of 1 test files matched the specified pattern.
[xUnit.net 00:00:00.49]     HavenOS.Apps.Canvas.Tests.NativeRnoteJourneyTests.Caller_list_is_enumerated_once_and_canonical_and_native_strokes_use_the_same_snapshot [FAIL]
  Failed HavenOS.Apps.Canvas.Tests.NativeRnoteJourneyTests.Caller_list_is_enumerated_once_and_canonical_and_native_strokes_use_the_same_snapshot [21 ms]
  Error Message:
   Assert.Equal() Failure: Values differ
Expected: 0.69999999999999996
Actual:   0.69991275931984798
  Stack Trace:
     at HavenOS.Apps.Canvas.Tests.NativeRnoteJourneyTests.AssertDonorCapturedEndpoints(Byte[] rnote, RnotePointerSample[] expected, String phase, Int64 beforeCall, Int64 afterCall) in /_/9to1 Workspace/Canvas/Tests/NativeRnoteJourneyTests.cs:line 186
   at HavenOS.Apps.Canvas.Tests.NativeRnoteJourneyTests.Caller_list_is_enumerated_once_and_canonical_and_native_strokes_use_the_same_snapshot() in /_/9to1 Workspace/Canvas/Tests/NativeRnoteJourneyTests.cs:line 91
   at System.Reflection.MethodBaseInvoker.InterpretedInvoke_Method(Object obj, IntPtr* args)
   at System.Reflection.MethodBaseInvoker.InvokeWithNoArgs(Object obj, BindingFlags invokeAttr)
  Standard Output Messages:
 FAILURE_ONLY same captured input/native path; managed before/after are not donor event timing: {"phase":"canonical DrawStroke","beforeCall":1446228375292,"afterCall":1446231177277,"frequency":1000000000,"input":[{"X":15,"Y":25,"Pressure":0.2,"TiltX":0,"TiltY":0,"IsValid":true},{"X":45,"Y":65,"Pressure":0.7,"TiltX":0,"TiltY":0,"IsValid":true}],"capturedBytes":824,"sha256":"0FDDCBF90F7438C208E2443685669B940F3A9C01639AC73D8A62D865C92FC3C7","actualPath":"{\u0022start\u0022:{\u0022pos\u0022:[15.0,25.0],\u0022pressure\u0022:0.2},\u0022segments\u0022:[{\u0022lineto\u0022:{\u0022end\u0022:{\u0022pos\u0022:[15.0,25.0],\u0022pressure\u0022:0.2}}},{\u0022lineto\u0022:{\u0022end\u0022:{\u0022pos\u0022:[15.00002563332103,25.000034177761375],\u0022pressure\u0022:0.2000004272220172}}},{\u0022lineto\u0022:{\u0022end\u0022:{\u0022pos\u0022:[21.141400724687184,33.18853429958291],\u0022pressure\u0022:0.3023566787447864}}},{\u0022lineto\u0022:{\u0022end\u0022:{\u0022pos\u0022:[28.478118794820357,42.97082505976048],\u0022pressure\u0022:0.424635313247006}}},{\u0022lineto\u0022:{\u0022end\u0022:{\u0022pos\u0022:[34.7922817239331,51.38970896524414],\u0022pressure\u0022:0.5298713620655517}}},{\u0022lineto\u0022:{\u0022end\u0022:{\u0022pos\u0022:[39.40588927022824,57.541185693637665],\u0022pressure\u0022:0.6067648211704707}}},{\u0022lineto\u0022:{\u0022end\u0022:{\u0022pos\u0022:[42.39558221074507,61.5274429476601],\u0022pressure\u0022:0.6565930368457511}}},{\u0022lineto\u0022:{\u0022end\u0022:{\u0022pos\u0022:[44.124181207481215,63.83224160997496],\u0022pressure\u0022:0.6854030201246869}}},{\u0022lineto\u0022:{\u0022end\u0022:{\u0022pos\u0022:[44.99476555919088,64.99302074558784],\u0022pressure\u0022:0.699912759319848}}}]}","expectedPressure":"0.7","expectedPressureBits":"3FE6666666666666","capturedPressure":"0.699912759319848","capturedPressureBits":"3FE665AF716A9EA6"}


[xUnit.net 00:00:04.54]     HavenOS.Apps.Canvas.Tests.NativeRnoteStrokeMutationTests.Keyed_edits_preserve_other_native_entities_and_reject_invalid_edits_without_changes [FAIL]
  Failed HavenOS.Apps.Canvas.Tests.NativeRnoteStrokeMutationTests.Keyed_edits_preserve_other_native_entities_and_reject_invalid_edits_without_changes [16 ms]
  Error Message:
   Assert.True() Failure
Expected: True
Actual:   False
  Stack Trace:
     at HavenOS.Apps.Canvas.Tests.NativeRnoteStrokeMutationTests.Keyed_edits_preserve_other_native_entities_and_reject_invalid_edits_without_changes() in /_/9to1 Workspace/Canvas/Tests/NativeRnoteStrokeMutationTests.cs:line 30
   at System.Reflection.MethodBaseInvoker.InterpretedInvoke_Method(Object obj, IntPtr* args)
   at System.Reflection.MethodBaseInvoker.InvokeWithNoArgs(Object obj, BindingFlags invokeAttr)
  Standard Output Messages:
 FAILURE_ONLY actual native translation snapshots; managed call timestamps are not donor event times: {"beforeTranslation":1450284864328,"movedAt":1450285234068,"restoredAt":1450286846765,"frequency":1000000000}
 FAILURE_ONLY original captured-native-bytes=833 sha256=CEEB0F67DFF1347061E4CAFFE0BF22C17B7129E4B8C2B90F9CDADC5518986759
 {"phase":"original","path":"$.data.engine_snapshot.document.config.format.width","raw":"1123.0","value":"1123","binary64":"40918C0000000000"}
 {"phase":"original","path":"$.data.engine_snapshot.document.config.format.height","raw":"1587.0","value":"1587","binary64":"4098CC0000000000"}
 {"phase":"original","path":"$.data.engine_snapshot.document.config.format.dpi","raw":"96.0","value":"96","binary64":"4058000000000000"}
 {"phase":"original","path":"$.data.engine_snapshot.document.config.format.border_color.r","raw":"0.8705882352941177","value":"0.8705882352941177","binary64":"3FEBDBDBDBDBDBDC"}
 {"phase":"original","path":"$.data.engine_snapshot.document.config.format.border_color.g","raw":"0.8666666666666667","value":"0.8666666666666667","binary64":"3FEBBBBBBBBBBBBC"}
 {"phase":"original","path":"$.data.engine_snapshot.document.config.format.border_color.b","raw":"0.8549019607843137","value":"0.8549019607843137","binary64":"3FEB5B5B5B5B5B5B"}
 {"phase":"original","path":"$.data.engine_snapshot.document.config.format.border_color.a","raw":"1.0","value":"1","binary64":"3FF0000000000000"}
 {"phase":"original","path":"$.data.engine_snapshot.document.config.background.color.r","raw":"1.0","value":"1","binary64":"3FF0000000000000"}
 {"phase":"original","path":"$.data.engine_snapshot.document.config.background.color.g","raw":"1.0","value":"1","binary64":"3FF0000000000000"}
 {"phase":"original","path":"$.data.engine_snapshot.document.config.background.color.b","raw":"1.0","value":"1","binary64":"3FF0000000000000"}
 {"phase":"original","path":"$.data.engine_snapshot.document.config.background.color.a","raw":"1.0","value":"1","binary64":"3FF0000000000000"}
 {"phase":"original","path":"$.data.engine_snapshot.document.config.background.pattern_size[0]","raw":"32.0","value":"32","binary64":"4040000000000000"}
 {"phase":"original","path":"$.data.engine_snapshot.document.config.background.pattern_size[1]","raw":"32.0","value":"32","binary64":"4040000000000000"}
 {"phase":"original","path":"$.data.engine_snapshot.document.config.background.pattern_color.r","raw":"0.8","value":"0.8","binary64":"3FE999999999999A"}
 {"phase":"original","path":"$.data.engine_snapshot.document.config.background.pattern_color.g","raw":"0.9","value":"0.9","binary64":"3FECCCCCCCCCCCCD"}
 {"phase":"original","path":"$.data.engine_snapshot.document.config.background.pattern_color.b","raw":"1.0","value":"1","binary64":"3FF0000000000000"}
 {"phase":"original","path":"$.data.engine_snapshot.document.config.background.pattern_color.a","raw":"1.0","value":"1","binary64":"3FF0000000000000"}
 {"phase":"original","path":"$.data.engine_snapshot.document.x","raw":"-4588.0","value":"-4588","binary64":"C0B1EC0000000000"}
 {"phase":"original","path":"$.data.engine_snapshot.document.y","raw":"-6444.0","value":"-6444","binary64":"C0B92C0000000000"}
 {"phase":"original","path":"$.data.engine_snapshot.document.width","raw":"9784.0","value":"9784","binary64":"40C31C0000000000"}
 {"phase":"original","path":"$.data.engine_snapshot.document.height","raw":"13296.0","value":"13296","binary64":"40C9F80000000000"}
 {"phase":"original","path":"$.data.engine_snapshot.camera.offset[0]","raw":"-96.0","value":"-96","binary64":"C058000000000000"}
 {"phase":"original","path":"$.data.engine_snapshot.camera.offset[1]","raw":"-96.0","value":"-96","binary64":"C058000000000000"}
 {"phase":"original","path":"$.data.engine_snapshot.camera.size[0]","raw":"800.0","value":"800","binary64":"4089000000000000"}
 {"phase":"original","path":"$.data.engine_snapshot.camera.size[1]","raw":"600.0","value":"600","binary64":"4082C00000000000"}
 {"phase":"original","path":"$.data.engine_snapshot.camera.zoom","raw":"1.0","value":"1","binary64":"3FF0000000000000"}
 {"phase":"original","path":"$.data.engine_snapshot.stroke_components[0].version","raw":"0","value":"0","binary64":"0000000000000000"}
 {"phase":"original","path":"$.data.engine_snapshot.stroke_components[1].value.brushstroke.path.start.pos[0]","raw":"10.0","value":"10","binary64":"4024000000000000"}
 {"phase":"original","path":"$.data.engine_snapshot.stroke_components[1].value.brushstroke.path.start.pos[1]","raw":"20.0","value":"20","binary64":"4034000000000000"}
 {"phase":"original","path":"$.data.engine_snapshot.stroke_components[1].value.brushstroke.path.start.pressure","raw":"0.2","value":"0.2","binary64":"3FC999999999999A"}
 {"phase":"original","path":"$.data.engine_snapshot.stroke_components[1].value.brushstroke.path.segments[0].lineto.end.pos[0]","raw":"10.0","value":"10","binary64":"4024000000000000"}
 {"phase":"original","path":"$.data.engine_snapshot.stroke_components[1].value.brushstroke.path.segments[0].lineto.end.pos[1]","raw":"20.0","value":"20","binary64":"4034000000000000"}
 {"phase":"original","path":"$.data.engine_snapshot.stroke_components[1].value.brushstroke.path.segments[0].lineto.end.pressure","raw":"0.2","value":"0.2","binary64":"3FC999999999999A"}
 {"phase":"original","path":"$.data.engine_snapshot.stroke_components[1].value.brushstroke.path.segments[1].lineto.end.pos[0]","raw":"10.000424353232889","value":"10.000424353232889","binary64":"402400379EEE83B1"}
 {"phase":"original","path":"$.data.engine_snapshot.stroke_components[1].value.brushstroke.path.segments[1].lineto.end.pos[1]","raw":"20.00056580431052","value":"20.00056580431052","binary64":"40340025149F0276"}
 {"phase":"original","path":"$.data.engine_snapshot.stroke_components[1].value.brushstroke.path.segments[1].lineto.end.pressure","raw":"0.2000070725538815","value":"0.2000070725538815","binary64":"3FC999D4EDCB3724"}
 {"phase":"original","path":"$.data.engine_snapshot.stroke_components[1].value.brushstroke.path.segments[2].lineto.end.pos[0]","raw":"16.15711289552616","value":"16.15711289552616","binary64":"403028388CFC1092"}
 {"phase":"original","path":"$.data.engine_snapshot.stroke_components[1].value.brushstroke.path.segments[2].lineto.end.pos[1]","raw":"28.20948386070155","value":"28.20948386070155","binary64":"403C35A0BBFAC0C3"}
 {"phase":"original","path":"$.data.engine_snapshot.stroke_components[1].value.brushstroke.path.segments[2].lineto.end.pressure","raw":"0.3026185482587694","value":"0.3026185482587694","binary64":"3FD35E1A2FFBCD69"}
 {"phase":"original","path":"$.data.engine_snapshot.stroke_components[1].value.brushstroke.path.segments[3].lineto.end.pos[0]","raw":"23.496742492904026","value":"23.496742492904026","binary64":"40377F2A84198E6A"}
 {"phase":"original","path":"$.data.engine_snapshot.stroke_components[1].value.brushstroke.path.segments[3].lineto.end.pos[1]","raw":"37.99565665720537","value":"37.99565665720537","binary64":"4042FF71AD665EF2"}
 {"phase":"original","path":"$.data.engine_snapshot.stroke_components[1].value.brushstroke.path.segments[3].lineto.end.pressure","raw":"0.4249457082150671","value":"0.4249457082150671","binary64":"3FDB324F7BD6FE4F"}
 {"phase":"original","path":"$.data.engine_snapshot.stroke_components[1].value.brushstroke.path.segments[4].lineto.end.pos[0]","raw":"29.808260640124804","value":"29.808260640124804","binary64":"403DCEEA2B57FAE5"}
 {"phase":"original","path":"$.data.engine_snapshot.stroke_components[1].value.brushstroke.path.segments[4].lineto.end.pos[1]","raw":"46.41101418683307","value":"46.41101418683307","binary64":"4047349C1CE551EE"}
 {"phase":"original","path":"$.data.engine_snapshot.stroke_components[1].value.brushstroke.path.segments[4].lineto.end.pressure","raw":"0.5301376773354134","value":"0.5301376773354134","binary64":"3FE0F6E34A510E58"}
 {"phase":"original","path":"$.data.engine_snapshot.stroke_components[1].value.brushstroke.path.segments[5].lineto.end.pos[0]","raw":"34.41754185898758","value":"34.41754185898758","binary64":"4041357202FA8807"}
 {"phase":"original","path":"$.data.engine_snapshot.stroke_components[1].value.brushstroke.path.segments[5].lineto.end.pos[1]","raw":"52.556722478650116","value":"52.556722478650116","binary64":"404A4742AEA3600A"}
 {"phase":"original","path":"$.data.engine_snapshot.stroke_components[1].value.brushstroke.path.segments[5].lineto.end.pressure","raw":"0.6069590309831263","value":"0.6069590309831263","binary64":"3FE36C355882B33A"}
 {"phase":"original","path":"$.data.engine_snapshot.stroke_components[1].value.brushstroke.path.segments[6].lineto.end.pos[0]","raw":"37.403120784467056","value":"37.403120784467056","binary64":"4042B399763CCFDB"}
 {"phase":"original","path":"$.data.engine_snapshot.stroke_components[1].value.brushstroke.path.segments[6].lineto.end.pos[1]","raw":"56.53749437928941","value":"56.53749437928941","binary64":"404C44CC9DA66A7A"}
 {"phase":"original","path":"$.data.engine_snapshot.stroke_components[1].value.brushstroke.path.segments[6].lineto.end.pressure","raw":"0.6567186797411175","value":"0.6567186797411175","binary64":"3FE503D6E48521FA"}
 {"phase":"original","path":"$.data.engine_snapshot.stroke_components[1].value.brushstroke.path.segments[7].lineto.end.pos[0]","raw":"39.12853219419967","value":"39.12853219419967","binary64":"40439073BE31490D"}
 {"phase":"original","path":"$.data.engine_snapshot.stroke_components[1].value.brushstroke.path.segments[7].lineto.end.pos[1]","raw":"58.83804292559957","value":"58.83804292559957","binary64":"404D6B44FD970C12"}
 {"phase":"original","path":"$.data.engine_snapshot.stroke_components[1].value.brushstroke.path.segments[7].lineto.end.pressure","raw":"0.6854755365699945","value":"0.6854755365699945","binary64":"3FE5EF6A6478D674"}
 {"phase":"original","path":"$.data.engine_snapshot.stroke_components[1].value.brushstroke.path.segments[8].lineto.end.pos[0]","raw":"39.996951536551876","value":"39.996951536551876","binary64":"4043FF9C1BA297F8"}
 {"phase":"original","path":"$.data.engine_snapshot.stroke_components[1].value.brushstroke.path.segments[8].lineto.end.pos[1]","raw":"59.99593538206917","value":"59.99593538206917","binary64":"404DFF7ACF83754B"}
 {"phase":"original","path":"$.data.engine_snapshot.stroke_components[1].value.brushstroke.path.segments[8].lineto.end.pressure","raw":"0.6999491922758645","value":"0.6999491922758645","binary64":"3FE665FBD935F76E"}
 {"phase":"original","path":"$.data.engine_snapshot.stroke_components[1].value.brushstroke.style.smooth.stroke_width","raw":"2.5","value":"2.5","binary64":"4004000000000000"}
 {"phase":"original","path":"$.data.engine_snapshot.stroke_components[1].value.brushstroke.style.smooth.stroke_color.r","raw":"0.0","value":"0","binary64":"0000000000000000"}
 {"phase":"original","path":"$.data.engine_snapshot.stroke_components[1].value.brushstroke.style.smooth.stroke_color.g","raw":"0.0","value":"0","binary64":"0000000000000000"}
 {"phase":"original","path":"$.data.engine_snapshot.stroke_components[1].value.brushstroke.style.smooth.stroke_color.b","raw":"0.0","value":"0","binary64":"0000000000000000"}
 {"phase":"original","path":"$.data.engine_snapshot.stroke_components[1].value.brushstroke.style.smooth.stroke_color.a","raw":"1.0","value":"1","binary64":"3FF0000000000000"}
 {"phase":"original","path":"$.data.engine_snapshot.stroke_components[1].version","raw":"1","value":"1","binary64":"3FF0000000000000"}
 {"phase":"original","path":"$.data.engine_snapshot.stroke_components[2].version","raw":"2","value":"2","binary64":"4000000000000000"}
 {"phase":"original","path":"$.data.engine_snapshot.chrono_components[0].version","raw":"0","value":"0","binary64":"0000000000000000"}
 {"phase":"original","path":"$.data.engine_snapshot.chrono_components[1].value.t","raw":"1","value":"1","binary64":"3FF0000000000000"}
 {"phase":"original","path":"$.data.engine_snapshot.chrono_components[1].value.layer.user_layer","raw":"0","value":"0","binary64":"0000000000000000"}
 {"phase":"original","path":"$.data.engine_snapshot.chrono_components[1].version","raw":"1","value":"1","binary64":"3FF0000000000000"}
 {"phase":"original","path":"$.data.engine_snapshot.chrono_components[2].version","raw":"0","value":"0","binary64":"0000000000000000"}
 {"phase":"original","path":"$.data.engine_snapshot.chrono_counter","raw":"2","value":"2","binary64":"4000000000000000"}
 FAILURE_ONLY original whole-JSON={"version":"0.15.0","data":{"engine_snapshot":{"document":{"config":{"format":{"width":1123.0,"height":1587.0,"dpi":96.0,"orientation":"portrait","border_color":{"r":0.8705882352941177,"g":0.8666666666666667,"b":0.8549019607843137,"a":1.0},"show_borders":true,"show_origin_indicator":true},"background":{"color":{"r":1.0,"g":1.0,"b":1.0,"a":1.0},"pattern":"dots","pattern_size":[32.0,32.0],"pattern_color":{"r":0.8,"g":0.9,"b":1.0,"a":1.0}},"layout":"infinite"},"x":-4588.0,"y":-6444.0,"width":9784.0,"height":13296.0},"camera":{"offset":[-96.0,-96.0],"size":[800.0,600.0],"zoom":1.0},"stroke_components":[{"value":null,"version":0},{"value":{"brushstroke":{"path":{"start":{"pos":[10.0,20.0],"pressure":0.2},"segments":[{"lineto":{"end":{"pos":[10.0,20.0],"pressure":0.2}}},{"lineto":{"end":{"pos":[10.000424353232889,20.00056580431052],"pressure":0.2000070725538815}}},{"lineto":{"end":{"pos":[16.15711289552616,28.20948386070155],"pressure":0.3026185482587694}}},{"lineto":{"end":{"pos":[23.496742492904026,37.99565665720537],"pressure":0.4249457082150671}}},{"lineto":{"end":{"pos":[29.808260640124804,46.41101418683307],"pressure":0.5301376773354134}}},{"lineto":{"end":{"pos":[34.41754185898758,52.556722478650116],"pressure":0.6069590309831263}}},{"lineto":{"end":{"pos":[37.403120784467056,56.53749437928941],"pressure":0.6567186797411175}}},{"lineto":{"end":{"pos":[39.12853219419967,58.83804292559957],"pressure":0.6854755365699945}}},{"lineto":{"end":{"pos":[39.996951536551876,59.99593538206917],"pressure":0.6999491922758645}}}]},"style":{"smooth":{"stroke_width":2.5,"stroke_color":{"r":0.0,"g":0.0,"b":0.0,"a":1.0},"fill_color":null,"pressure_curve":"linear","line_style":"solid","line_cap":"straight"}}}},"version":1},{"value":null,"version":2}],"chrono_components":[{"value":null,"version":0},{"value":{"t":1,"layer":{"user_layer":0}},"version":1},{"value":null,"version":0}],"chrono_counter":2}}} numericRows=70 numericRowLimit=4096; limit reach is incomplete numeric coverage.
 FAILURE_ONLY moved captured-native-bytes=832 sha256=020C624FCDAC7308EB4F205F105C26DAA0E4928316D51DEBF1CA0790EC5FA366
 {"phase":"moved","path":"$.data.engine_snapshot.document.config.format.width","raw":"1123.0","value":"1123","binary64":"40918C0000000000"}
 {"phase":"moved","path":"$.data.engine_snapshot.document.config.format.height","raw":"1587.0","value":"1587","binary64":"4098CC0000000000"}
 {"phase":"moved","path":"$.data.engine_snapshot.document.config.format.dpi","raw":"96.0","value":"96","binary64":"4058000000000000"}
 {"phase":"moved","path":"$.data.engine_snapshot.document.config.format.border_color.r","raw":"0.8705882352941177","value":"0.8705882352941177","binary64":"3FEBDBDBDBDBDBDC"}
 {"phase":"moved","path":"$.data.engine_snapshot.document.config.format.border_color.g","raw":"0.8666666666666667","value":"0.8666666666666667","binary64":"3FEBBBBBBBBBBBBC"}
 {"phase":"moved","path":"$.data.engine_snapshot.document.config.format.border_color.b","raw":"0.8549019607843137","value":"0.8549019607843137","binary64":"3FEB5B5B5B5B5B5B"}
 {"phase":"moved","path":"$.data.engine_snapshot.document.config.format.border_color.a","raw":"1.0","value":"1","binary64":"3FF0000000000000"}
 {"phase":"moved","path":"$.data.engine_snapshot.document.config.background.color.r","raw":"1.0","value":"1","binary64":"3FF0000000000000"}
 {"phase":"moved","path":"$.data.engine_snapshot.document.config.background.color.g","raw":"1.0","value":"1","binary64":"3FF0000000000000"}
 {"phase":"moved","path":"$.data.engine_snapshot.document.config.background.color.b","raw":"1.0","value":"1","binary64":"3FF0000000000000"}
 {"phase":"moved","path":"$.data.engine_snapshot.document.config.background.color.a","raw":"1.0","value":"1","binary64":"3FF0000000000000"}
 {"phase":"moved","path":"$.data.engine_snapshot.document.config.background.pattern_size[0]","raw":"32.0","value":"32","binary64":"4040000000000000"}
 {"phase":"moved","path":"$.data.engine_snapshot.document.config.background.pattern_size[1]","raw":"32.0","value":"32","binary64":"4040000000000000"}
 {"phase":"moved","path":"$.data.engine_snapshot.document.config.background.pattern_color.r","raw":"0.8","value":"0.8","binary64":"3FE999999999999A"}
 {"phase":"moved","path":"$.data.engine_snapshot.document.config.background.pattern_color.g","raw":"0.9","value":"0.9","binary64":"3FECCCCCCCCCCCCD"}
 {"phase":"moved","path":"$.data.engine_snapshot.document.config.background.pattern_color.b","raw":"1.0","value":"1","binary64":"3FF0000000000000"}
 {"phase":"moved","path":"$.data.engine_snapshot.document.config.background.pattern_color.a","raw":"1.0","value":"1","binary64":"3FF0000000000000"}
 {"phase":"moved","path":"$.data.engine_snapshot.document.x","raw":"-4588.0","value":"-4588","binary64":"C0B1EC0000000000"}
 {"phase":"moved","path":"$.data.engine_snapshot.document.y","raw":"-6444.0","value":"-6444","binary64":"C0B92C0000000000"}
 {"phase":"moved","path":"$.data.engine_snapshot.document.width","raw":"9784.0","value":"9784","binary64":"40C31C0000000000"}
 {"phase":"moved","path":"$.data.engine_snapshot.document.height","raw":"13296.0","value":"13296","binary64":"40C9F80000000000"}
 {"phase":"moved","path":"$.data.engine_snapshot.camera.offset[0]","raw":"-96.0","value":"-96","binary64":"C058000000000000"}
 {"phase":"moved","path":"$.data.engine_snapshot.camera.offset[1]","raw":"-96.0","value":"-96","binary64":"C058000000000000"}
 {"phase":"moved","path":"$.data.engine_snapshot.camera.size[0]","raw":"800.0","value":"800","binary64":"4089000000000000"}
 {"phase":"moved","path":"$.data.engine_snapshot.camera.size[1]","raw":"600.0","value":"600","binary64":"4082C00000000000"}
 {"phase":"moved","path":"$.data.engine_snapshot.camera.zoom","raw":"1.0","value":"1","binary64":"3FF0000000000000"}
 {"phase":"moved","path":"$.data.engine_snapshot.stroke_components[0].version","raw":"0","value":"0","binary64":"0000000000000000"}
 {"phase":"moved","path":"$.data.engine_snapshot.stroke_components[1].value.brushstroke.path.start.pos[0]","raw":"110.0","value":"110","binary64":"405B800000000000"}
 {"phase":"moved","path":"$.data.engine_snapshot.stroke_components[1].value.brushstroke.path.start.pos[1]","raw":"220.0","value":"220","binary64":"406B800000000000"}
 {"phase":"moved","path":"$.data.engine_snapshot.stroke_components[1].value.brushstroke.path.start.pressure","raw":"0.2","value":"0.2","binary64":"3FC999999999999A"}
 {"phase":"moved","path":"$.data.engine_snapshot.stroke_components[1].value.brushstroke.path.segments[0].lineto.end.pos[0]","raw":"110.0","value":"110","binary64":"405B800000000000"}
 {"phase":"moved","path":"$.data.engine_snapshot.stroke_components[1].value.brushstroke.path.segments[0].lineto.end.pos[1]","raw":"220.0","value":"220","binary64":"406B800000000000"}
 {"phase":"moved","path":"$.data.engine_snapshot.stroke_components[1].value.brushstroke.path.segments[0].lineto.end.pressure","raw":"0.2","value":"0.2","binary64":"3FC999999999999A"}
 {"phase":"moved","path":"$.data.engine_snapshot.stroke_components[1].value.brushstroke.path.segments[1].lineto.end.pos[0]","raw":"110.00042435323289","value":"110.00042435323289","binary64":"405B8006F3DDD076"}
 {"phase":"moved","path":"$.data.engine_snapshot.stroke_components[1].value.brushstroke.path.segments[1].lineto.end.pos[1]","raw":"220.00056580431053","value":"220.00056580431053","binary64":"406B8004A293E04F"}
 {"phase":"moved","path":"$.data.engine_snapshot.stroke_components[1].value.brushstroke.path.segments[1].lineto.end.pressure","raw":"0.2000070725538815","value":"0.2000070725538815","binary64":"3FC999D4EDCB3724"}
 {"phase":"moved","path":"$.data.engine_snapshot.stroke_components[1].value.brushstroke.path.segments[2].lineto.end.pos[0]","raw":"116.15711289552615","value":"116.15711289552615","binary64":"405D0A0E233F0424"}
 {"phase":"moved","path":"$.data.engine_snapshot.stroke_components[1].value.brushstroke.path.segments[2].lineto.end.pos[1]","raw":"228.20948386070154","value":"228.20948386070154","binary64":"406C86B4177F5818"}
 {"phase":"moved","path":"$.data.engine_snapshot.stroke_components[1].value.brushstroke.path.segments[2].lineto.end.pressure","raw":"0.3026185482587694","value":"0.3026185482587694","binary64":"3FD35E1A2FFBCD69"}
 {"phase":"moved","path":"$.data.engine_snapshot.stroke_components[1].value.brushstroke.path.segments[3].lineto.end.pos[0]","raw":"123.49674249290402","value":"123.49674249290402","binary64":"405EDFCAA106639A"}
 {"phase":"moved","path":"$.data.engine_snapshot.stroke_components[1].value.brushstroke.path.segments[3].lineto.end.pos[1]","raw":"237.99565665720536","value":"237.99565665720536","binary64":"406DBFDC6B5997BC"}
 {"phase":"moved","path":"$.data.engine_snapshot.stroke_components[1].value.brushstroke.path.segments[3].lineto.end.pressure","raw":"0.4249457082150671","value":"0.4249457082150671","binary64":"3FDB324F7BD6FE4F"}
 {"phase":"moved","path":"$.data.engine_snapshot.stroke_components[1].value.brushstroke.path.segments[4].lineto.end.pos[0]","raw":"129.80826064012481","value":"129.80826064012481","binary64":"406039DD456AFF5D"}
 {"phase":"moved","path":"$.data.engine_snapshot.stroke_components[1].value.brushstroke.path.segments[4].lineto.end.pos[1]","raw":"246.41101418683309","value":"246.41101418683309","binary64":"406ECD270739547C"}
 {"phase":"moved","path":"$.data.engine_snapshot.stroke_components[1].value.brushstroke.path.segments[4].lineto.end.pressure","raw":"0.5301376773354134","value":"0.5301376773354134","binary64":"3FE0F6E34A510E58"}
 {"phase":"moved","path":"$.data.engine_snapshot.stroke_components[1].value.brushstroke.path.segments[5].lineto.end.pos[0]","raw":"134.4175418589876","value":"134.4175418589876","binary64":"4060CD5C80BEA202"}
 {"phase":"moved","path":"$.data.engine_snapshot.stroke_components[1].value.brushstroke.path.segments[5].lineto.end.pos[1]","raw":"252.5567224786501","value":"252.5567224786501","binary64":"406F91D0ABA8D802"}
 {"phase":"moved","path":"$.data.engine_snapshot.stroke_components[1].value.brushstroke.path.segments[5].lineto.end.pressure","raw":"0.6069590309831263","value":"0.6069590309831263","binary64":"3FE36C355882B33A"}
 {"phase":"moved","path":"$.data.engine_snapshot.stroke_components[1].value.brushstroke.path.segments[6].lineto.end.pos[0]","raw":"137.40312078446706","value":"137.40312078446706","binary64":"40612CE65D8F33F7"}
 {"phase":"moved","path":"$.data.engine_snapshot.stroke_components[1].value.brushstroke.path.segments[6].lineto.end.pos[1]","raw":"256.5374943792894","value":"256.5374943792894","binary64":"4070089993B4CD4F"}
 {"phase":"moved","path":"$.data.engine_snapshot.stroke_components[1].value.brushstroke.path.segments[6].lineto.end.pressure","raw":"0.6567186797411175","value":"0.6567186797411175","binary64":"3FE503D6E48521FA"}
 {"phase":"moved","path":"$.data.engine_snapshot.stroke_components[1].value.brushstroke.path.segments[7].lineto.end.pos[0]","raw":"139.12853219419966","value":"139.12853219419966","binary64":"4061641CEF8C5243"}
 {"phase":"moved","path":"$.data.engine_snapshot.stroke_components[1].value.brushstroke.path.segments[7].lineto.end.pos[1]","raw":"258.83804292559955","value":"258.83804292559955","binary64":"40702D689FB2E182"}
 {"phase":"moved","path":"$.data.engine_snapshot.stroke_components[1].value.brushstroke.path.segments[7].lineto.end.pressure","raw":"0.6854755365699945","value":"0.6854755365699945","binary64":"3FE5EF6A6478D674"}
 {"phase":"moved","path":"$.data.engine_snapshot.stroke_components[1].value.brushstroke.path.segments[8].lineto.end.pos[0]","raw":"139.99695153655188","value":"139.99695153655188","binary64":"40617FE706E8A5FE"}
 {"phase":"moved","path":"$.data.engine_snapshot.stroke_components[1].value.brushstroke.path.segments[8].lineto.end.pos[1]","raw":"259.99593538206915","value":"259.99593538206915","binary64":"40703FEF59F06EA9"}
 {"phase":"moved","path":"$.data.engine_snapshot.stroke_components[1].value.brushstroke.path.segments[8].lineto.end.pressure","raw":"0.6999491922758645","value":"0.6999491922758645","binary64":"3FE665FBD935F76E"}
 {"phase":"moved","path":"$.data.engine_snapshot.stroke_components[1].value.brushstroke.style.smooth.stroke_width","raw":"2.5","value":"2.5","binary64":"4004000000000000"}
 {"phase":"moved","path":"$.data.engine_snapshot.stroke_components[1].value.brushstroke.style.smooth.stroke_color.r","raw":"0.0","value":"0","binary64":"0000000000000000"}
 {"phase":"moved","path":"$.data.engine_snapshot.stroke_components[1].value.brushstroke.style.smooth.stroke_color.g","raw":"0.0","value":"0","binary64":"0000000000000000"}
 {"phase":"moved","path":"$.data.engine_snapshot.stroke_components[1].value.brushstroke.style.smooth.stroke_color.b","raw":"0.0","value":"0","binary64":"0000000000000000"}
 {"phase":"moved","path":"$.data.engine_snapshot.stroke_components[1].value.brushstroke.style.smooth.stroke_color.a","raw":"1.0","value":"1","binary64":"3FF0000000000000"}
 {"phase":"moved","path":"$.data.engine_snapshot.stroke_components[1].version","raw":"1","value":"1","binary64":"3FF0000000000000"}
 {"phase":"moved","path":"$.data.engine_snapshot.stroke_components[2].version","raw":"2","value":"2","binary64":"4000000000000000"}
 {"phase":"moved","path":"$.data.engine_snapshot.chrono_components[0].version","raw":"0","value":"0","binary64":"0000000000000000"}
 {"phase":"moved","path":"$.data.engine_snapshot.chrono_components[1].value.t","raw":"1","value":"1","binary64":"3FF0000000000000"}
 {"phase":"moved","path":"$.data.engine_snapshot.chrono_components[1].value.layer.user_layer","raw":"0","value":"0","binary64":"0000000000000000"}
 {"phase":"moved","path":"$.data.engine_snapshot.chrono_components[1].version","raw":"1","value":"1","binary64":"3FF0000000000000"}
 {"phase":"moved","path":"$.data.engine_snapshot.chrono_components[2].version","raw":"0","value":"0","binary64":"0000000000000000"}
 {"phase":"moved","path":"$.data.engine_snapshot.chrono_counter","raw":"2","value":"2","binary64":"4000000000000000"}
 FAILURE_ONLY moved whole-JSON={"version":"0.15.0","data":{"engine_snapshot":{"document":{"config":{"format":{"width":1123.0,"height":1587.0,"dpi":96.0,"orientation":"portrait","border_color":{"r":0.8705882352941177,"g":0.8666666666666667,"b":0.8549019607843137,"a":1.0},"show_borders":true,"show_origin_indicator":true},"background":{"color":{"r":1.0,"g":1.0,"b":1.0,"a":1.0},"pattern":"dots","pattern_size":[32.0,32.0],"pattern_color":{"r":0.8,"g":0.9,"b":1.0,"a":1.0}},"layout":"infinite"},"x":-4588.0,"y":-6444.0,"width":9784.0,"height":13296.0},"camera":{"offset":[-96.0,-96.0],"size":[800.0,600.0],"zoom":1.0},"stroke_components":[{"value":null,"version":0},{"value":{"brushstroke":{"path":{"start":{"pos":[110.0,220.0],"pressure":0.2},"segments":[{"lineto":{"end":{"pos":[110.0,220.0],"pressure":0.2}}},{"lineto":{"end":{"pos":[110.00042435323289,220.00056580431053],"pressure":0.2000070725538815}}},{"lineto":{"end":{"pos":[116.15711289552615,228.20948386070154],"pressure":0.3026185482587694}}},{"lineto":{"end":{"pos":[123.49674249290402,237.99565665720536],"pressure":0.4249457082150671}}},{"lineto":{"end":{"pos":[129.80826064012481,246.41101418683309],"pressure":0.5301376773354134}}},{"lineto":{"end":{"pos":[134.4175418589876,252.5567224786501],"pressure":0.6069590309831263}}},{"lineto":{"end":{"pos":[137.40312078446706,256.5374943792894],"pressure":0.6567186797411175}}},{"lineto":{"end":{"pos":[139.12853219419966,258.83804292559955],"pressure":0.6854755365699945}}},{"lineto":{"end":{"pos":[139.99695153655188,259.99593538206915],"pressure":0.6999491922758645}}}]},"style":{"smooth":{"stroke_width":2.5,"stroke_color":{"r":0.0,"g":0.0,"b":0.0,"a":1.0},"fill_color":null,"pressure_curve":"linear","line_style":"solid","line_cap":"straight"}}}},"version":1},{"value":null,"version":2}],"chrono_components":[{"value":null,"version":0},{"value":{"t":1,"layer":{"user_layer":0}},"version":1},{"value":null,"version":0}],"chrono_counter":2}}} numericRows=70 numericRowLimit=4096; limit reach is incomplete numeric coverage.
 FAILURE_ONLY restored captured-native-bytes=832 sha256=1E2DEAB9315CE118FF66ACC5FDBE15038C4C001E58945C566BF3E5AD7A7AC971
 {"phase":"restored","path":"$.data.engine_snapshot.document.config.format.width","raw":"1123.0","value":"1123","binary64":"40918C0000000000"}
 {"phase":"restored","path":"$.data.engine_snapshot.document.config.format.height","raw":"1587.0","value":"1587","binary64":"4098CC0000000000"}
 {"phase":"restored","path":"$.data.engine_snapshot.document.config.format.dpi","raw":"96.0","value":"96","binary64":"4058000000000000"}
 {"phase":"restored","path":"$.data.engine_snapshot.document.config.format.border_color.r","raw":"0.8705882352941177","value":"0.8705882352941177","binary64":"3FEBDBDBDBDBDBDC"}
 {"phase":"restored","path":"$.data.engine_snapshot.document.config.format.border_color.g","raw":"0.8666666666666667","value":"0.8666666666666667","binary64":"3FEBBBBBBBBBBBBC"}
 {"phase":"restored","path":"$.data.engine_snapshot.document.config.format.border_color.b","raw":"0.8549019607843137","value":"0.8549019607843137","binary64":"3FEB5B5B5B5B5B5B"}
 {"phase":"restored","path":"$.data.engine_snapshot.document.config.format.border_color.a","raw":"1.0","value":"1","binary64":"3FF0000000000000"}
 {"phase":"restored","path":"$.data.engine_snapshot.document.config.background.color.r","raw":"1.0","value":"1","binary64":"3FF0000000000000"}
 {"phase":"restored","path":"$.data.engine_snapshot.document.config.background.color.g","raw":"1.0","value":"1","binary64":"3FF0000000000000"}
 {"phase":"restored","path":"$.data.engine_snapshot.document.config.background.color.b","raw":"1.0","value":"1","binary64":"3FF0000000000000"}
 {"phase":"restored","path":"$.data.engine_snapshot.document.config.background.color.a","raw":"1.0","value":"1","binary64":"3FF0000000000000"}
 {"phase":"restored","path":"$.data.engine_snapshot.document.config.background.pattern_size[0]","raw":"32.0","value":"32","binary64":"4040000000000000"}
 {"phase":"restored","path":"$.data.engine_snapshot.document.config.background.pattern_size[1]","raw":"32.0","value":"32","binary64":"4040000000000000"}
 {"phase":"restored","path":"$.data.engine_snapshot.document.config.background.pattern_color.r","raw":"0.8","value":"0.8","binary64":"3FE999999999999A"}
 {"phase":"restored","path":"$.data.engine_snapshot.document.config.background.pattern_color.g","raw":"0.9","value":"0.9","binary64":"3FECCCCCCCCCCCCD"}
 {"phase":"restored","path":"$.data.engine_snapshot.document.config.background.pattern_color.b","raw":"1.0","value":"1","binary64":"3FF0000000000000"}
 {"phase":"restored","path":"$.data.engine_snapshot.document.config.background.pattern_color.a","raw":"1.0","value":"1","binary64":"3FF0000000000000"}
 {"phase":"restored","path":"$.data.engine_snapshot.document.x","raw":"-4588.0","value":"-4588","binary64":"C0B1EC0000000000"}
 {"phase":"restored","path":"$.data.engine_snapshot.document.y","raw":"-6444.0","value":"-6444","binary64":"C0B92C0000000000"}
 {"phase":"restored","path":"$.data.engine_snapshot.document.width","raw":"9784.0","value":"9784","binary64":"40C31C0000000000"}
 {"phase":"restored","path":"$.data.engine_snapshot.document.height","raw":"13296.0","value":"13296","binary64":"40C9F80000000000"}
 {"phase":"restored","path":"$.data.engine_snapshot.camera.offset[0]","raw":"-96.0","value":"-96","binary64":"C058000000000000"}
 {"phase":"restored","path":"$.data.engine_snapshot.camera.offset[1]","raw":"-96.0","value":"-96","binary64":"C058000000000000"}
 {"phase":"restored","path":"$.data.engine_snapshot.camera.size[0]","raw":"800.0","value":"800","binary64":"4089000000000000"}
 {"phase":"restored","path":"$.data.engine_snapshot.camera.size[1]","raw":"600.0","value":"600","binary64":"4082C00000000000"}
 {"phase":"restored","path":"$.data.engine_snapshot.camera.zoom","raw":"1.0","value":"1","binary64":"3FF0000000000000"}
 {"phase":"restored","path":"$.data.engine_snapshot.stroke_components[0].version","raw":"0","value":"0","binary64":"0000000000000000"}
 {"phase":"restored","path":"$.data.engine_snapshot.stroke_components[1].value.brushstroke.path.start.pos[0]","raw":"10.0","value":"10","binary64":"4024000000000000"}
 {"phase":"restored","path":"$.data.engine_snapshot.stroke_components[1].value.brushstroke.path.start.pos[1]","raw":"20.0","value":"20","binary64":"4034000000000000"}
 {"phase":"restored","path":"$.data.engine_snapshot.stroke_components[1].value.brushstroke.path.start.pressure","raw":"0.2","value":"0.2","binary64":"3FC999999999999A"}
 {"phase":"restored","path":"$.data.engine_snapshot.stroke_components[1].value.brushstroke.path.segments[0].lineto.end.pos[0]","raw":"10.0","value":"10","binary64":"4024000000000000"}
 {"phase":"restored","path":"$.data.engine_snapshot.stroke_components[1].value.brushstroke.path.segments[0].lineto.end.pos[1]","raw":"20.0","value":"20","binary64":"4034000000000000"}
 {"phase":"restored","path":"$.data.engine_snapshot.stroke_components[1].value.brushstroke.path.segments[0].lineto.end.pressure","raw":"0.2","value":"0.2","binary64":"3FC999999999999A"}
 {"phase":"restored","path":"$.data.engine_snapshot.stroke_components[1].value.brushstroke.path.segments[1].lineto.end.pos[0]","raw":"10.000424353232887","value":"10.000424353232887","binary64":"402400379EEE83B0"}
 {"phase":"restored","path":"$.data.engine_snapshot.stroke_components[1].value.brushstroke.path.segments[1].lineto.end.pos[1]","raw":"20.000565804310526","value":"20.000565804310526","binary64":"40340025149F0278"}
 {"phase":"restored","path":"$.data.engine_snapshot.stroke_components[1].value.brushstroke.path.segments[1].lineto.end.pressure","raw":"0.2000070725538815","value":"0.2000070725538815","binary64":"3FC999D4EDCB3724"}
 {"phase":"restored","path":"$.data.engine_snapshot.stroke_components[1].value.brushstroke.path.segments[2].lineto.end.pos[0]","raw":"16.157112895526154","value":"16.157112895526154","binary64":"403028388CFC1090"}
 {"phase":"restored","path":"$.data.engine_snapshot.stroke_components[1].value.brushstroke.path.segments[2].lineto.end.pos[1]","raw":"28.20948386070154","value":"28.20948386070154","binary64":"403C35A0BBFAC0C0"}
 {"phase":"restored","path":"$.data.engine_snapshot.stroke_components[1].value.brushstroke.path.segments[2].lineto.end.pressure","raw":"0.3026185482587694","value":"0.3026185482587694","binary64":"3FD35E1A2FFBCD69"}
 {"phase":"restored","path":"$.data.engine_snapshot.stroke_components[1].value.brushstroke.path.segments[3].lineto.end.pos[0]","raw":"23.49674249290402","value":"23.49674249290402","binary64":"40377F2A84198E68"}
 {"phase":"restored","path":"$.data.engine_snapshot.stroke_components[1].value.brushstroke.path.segments[3].lineto.end.pos[1]","raw":"37.99565665720536","value":"37.99565665720536","binary64":"4042FF71AD665EF0"}
 {"phase":"restored","path":"$.data.engine_snapshot.stroke_components[1].value.brushstroke.path.segments[3].lineto.end.pressure","raw":"0.4249457082150671","value":"0.4249457082150671","binary64":"3FDB324F7BD6FE4F"}
 {"phase":"restored","path":"$.data.engine_snapshot.stroke_components[1].value.brushstroke.path.segments[4].lineto.end.pos[0]","raw":"29.808260640124814","value":"29.808260640124814","binary64":"403DCEEA2B57FAE8"}
 {"phase":"restored","path":"$.data.engine_snapshot.stroke_components[1].value.brushstroke.path.segments[4].lineto.end.pos[1]","raw":"46.411014186833086","value":"46.411014186833086","binary64":"4047349C1CE551F0"}
 {"phase":"restored","path":"$.data.engine_snapshot.stroke_components[1].value.brushstroke.path.segments[4].lineto.end.pressure","raw":"0.5301376773354134","value":"0.5301376773354134","binary64":"3FE0F6E34A510E58"}
 {"phase":"restored","path":"$.data.engine_snapshot.stroke_components[1].value.brushstroke.path.segments[5].lineto.end.pos[0]","raw":"34.41754185898759","value":"34.41754185898759","binary64":"4041357202FA8808"}
 {"phase":"restored","path":"$.data.engine_snapshot.stroke_components[1].value.brushstroke.path.segments[5].lineto.end.pos[1]","raw":"52.5567224786501","value":"52.5567224786501","binary64":"404A4742AEA36008"}
 {"phase":"restored","path":"$.data.engine_snapshot.stroke_components[1].value.brushstroke.path.segments[5].lineto.end.pressure","raw":"0.6069590309831263","value":"0.6069590309831263","binary64":"3FE36C355882B33A"}
 {"phase":"restored","path":"$.data.engine_snapshot.stroke_components[1].value.brushstroke.path.segments[6].lineto.end.pos[0]","raw":"37.40312078446706","value":"37.40312078446706","binary64":"4042B399763CCFDC"}
 {"phase":"restored","path":"$.data.engine_snapshot.stroke_components[1].value.brushstroke.path.segments[6].lineto.end.pos[1]","raw":"56.5374943792894","value":"56.5374943792894","binary64":"404C44CC9DA66A78"}
 {"phase":"restored","path":"$.data.engine_snapshot.stroke_components[1].value.brushstroke.path.segments[6].lineto.end.pressure","raw":"0.6567186797411175","value":"0.6567186797411175","binary64":"3FE503D6E48521FA"}
 {"phase":"restored","path":"$.data.engine_snapshot.stroke_components[1].value.brushstroke.path.segments[7].lineto.end.pos[0]","raw":"39.128532194199664","value":"39.128532194199664","binary64":"40439073BE31490C"}
 {"phase":"restored","path":"$.data.engine_snapshot.stroke_components[1].value.brushstroke.path.segments[7].lineto.end.pos[1]","raw":"58.83804292559955","value":"58.83804292559955","binary64":"404D6B44FD970C10"}
 {"phase":"restored","path":"$.data.engine_snapshot.stroke_components[1].value.brushstroke.path.segments[7].lineto.end.pressure","raw":"0.6854755365699945","value":"0.6854755365699945","binary64":"3FE5EF6A6478D674"}
 {"phase":"restored","path":"$.data.engine_snapshot.stroke_components[1].value.brushstroke.path.segments[8].lineto.end.pos[0]","raw":"39.996951536551876","value":"39.996951536551876","binary64":"4043FF9C1BA297F8"}
 {"phase":"restored","path":"$.data.engine_snapshot.stroke_components[1].value.brushstroke.path.segments[8].lineto.end.pos[1]","raw":"59.99593538206915","value":"59.99593538206915","binary64":"404DFF7ACF837548"}
 {"phase":"restored","path":"$.data.engine_snapshot.stroke_components[1].value.brushstroke.path.segments[8].lineto.end.pressure","raw":"0.6999491922758645","value":"0.6999491922758645","binary64":"3FE665FBD935F76E"}
 {"phase":"restored","path":"$.data.engine_snapshot.stroke_components[1].value.brushstroke.style.smooth.stroke_width","raw":"2.5","value":"2.5","binary64":"4004000000000000"}
 {"phase":"restored","path":"$.data.engine_snapshot.stroke_components[1].value.brushstroke.style.smooth.stroke_color.r","raw":"0.0","value":"0","binary64":"0000000000000000"}
 {"phase":"restored","path":"$.data.engine_snapshot.stroke_components[1].value.brushstroke.style.smooth.stroke_color.g","raw":"0.0","value":"0","binary64":"0000000000000000"}
 {"phase":"restored","path":"$.data.engine_snapshot.stroke_components[1].value.brushstroke.style.smooth.stroke_color.b","raw":"0.0","value":"0","binary64":"0000000000000000"}
 {"phase":"restored","path":"$.data.engine_snapshot.stroke_components[1].value.brushstroke.style.smooth.stroke_color.a","raw":"1.0","value":"1","binary64":"3FF0000000000000"}
 {"phase":"restored","path":"$.data.engine_snapshot.stroke_components[1].version","raw":"1","value":"1","binary64":"3FF0000000000000"}
 {"phase":"restored","path":"$.data.engine_snapshot.stroke_components[2].version","raw":"2","value":"2","binary64":"4000000000000000"}
 {"phase":"restored","path":"$.data.engine_snapshot.chrono_components[0].version","raw":"0","value":"0","binary64":"0000000000000000"}
 {"phase":"restored","path":"$.data.engine_snapshot.chrono_components[1].value.t","raw":"1","value":"1","binary64":"3FF0000000000000"}
 {"phase":"restored","path":"$.data.engine_snapshot.chrono_components[1].value.layer.user_layer","raw":"0","value":"0","binary64":"0000000000000000"}
 {"phase":"restored","path":"$.data.engine_snapshot.chrono_components[1].version","raw":"1","value":"1","binary64":"3FF0000000000000"}
 {"phase":"restored","path":"$.data.engine_snapshot.chrono_components[2].version","raw":"0","value":"0","binary64":"0000000000000000"}
 {"phase":"restored","path":"$.data.engine_snapshot.chrono_counter","raw":"2","value":"2","binary64":"4000000000000000"}
 FAILURE_ONLY restored whole-JSON={"version":"0.15.0","data":{"engine_snapshot":{"document":{"config":{"format":{"width":1123.0,"height":1587.0,"dpi":96.0,"orientation":"portrait","border_color":{"r":0.8705882352941177,"g":0.8666666666666667,"b":0.8549019607843137,"a":1.0},"show_borders":true,"show_origin_indicator":true},"background":{"color":{"r":1.0,"g":1.0,"b":1.0,"a":1.0},"pattern":"dots","pattern_size":[32.0,32.0],"pattern_color":{"r":0.8,"g":0.9,"b":1.0,"a":1.0}},"layout":"infinite"},"x":-4588.0,"y":-6444.0,"width":9784.0,"height":13296.0},"camera":{"offset":[-96.0,-96.0],"size":[800.0,600.0],"zoom":1.0},"stroke_components":[{"value":null,"version":0},{"value":{"brushstroke":{"path":{"start":{"pos":[10.0,20.0],"pressure":0.2},"segments":[{"lineto":{"end":{"pos":[10.0,20.0],"pressure":0.2}}},{"lineto":{"end":{"pos":[10.000424353232887,20.000565804310526],"pressure":0.2000070725538815}}},{"lineto":{"end":{"pos":[16.157112895526154,28.20948386070154],"pressure":0.3026185482587694}}},{"lineto":{"end":{"pos":[23.49674249290402,37.99565665720536],"pressure":0.4249457082150671}}},{"lineto":{"end":{"pos":[29.808260640124814,46.411014186833086],"pressure":0.5301376773354134}}},{"lineto":{"end":{"pos":[34.41754185898759,52.5567224786501],"pressure":0.6069590309831263}}},{"lineto":{"end":{"pos":[37.40312078446706,56.5374943792894],"pressure":0.6567186797411175}}},{"lineto":{"end":{"pos":[39.128532194199664,58.83804292559955],"pressure":0.6854755365699945}}},{"lineto":{"end":{"pos":[39.996951536551876,59.99593538206915],"pressure":0.6999491922758645}}}]},"style":{"smooth":{"stroke_width":2.5,"stroke_color":{"r":0.0,"g":0.0,"b":0.0,"a":1.0},"fill_color":null,"pressure_curve":"linear","line_style":"solid","line_cap":"straight"}}}},"version":1},{"value":null,"version":2}],"chrono_components":[{"value":null,"version":0},{"value":{"t":1,"layer":{"user_layer":0}},"version":1},{"value":null,"version":0}],"chrono_counter":2}}} numericRows=70 numericRowLimit=4096; limit reach is incomplete numeric coverage.


Results File: /home/runner/work/9to1/9to1/artifacts/canvas65-managed/trx/canvas.trx

Failed!  - Failed:     2, Passed:    94, Skipped:     0, Total:    96, Duration: 8 s - HavenOS.Canvas.Tests.dll (net10.0)
