Test run for /home/runner/work/9to1/9to1/artifacts/canvas65-managed-build/bin/HavenOS.Canvas.Tests/release_linux-x64/HavenOS.Canvas.Tests.dll (.NETCoreApp,Version=v10.0)
The following Tests are available:
    HavenOS.Apps.Canvas.Tests.CanvasAiSurfaceStateTests.Switching_tools_hides_surface_without_cancelling_actual_shared_stream_and_restores_same_controller
    HavenOS.Apps.Canvas.Tests.CanvasAiSurfaceStateTests.Surface_disposal_unsubscribes_without_cancelling_shared_request_and_explicit_cancel_still_stops_work
    HavenOS.Apps.Canvas.Tests.CanvasAppAiContextTests.Authorized_semantic_capture_retains_target_and_excludes_engine_and_extension_blobs
    HavenOS.Apps.Canvas.Tests.CanvasAppAiContextTests.Revocation_or_target_revision_change_during_capture_rejects_context
    HavenOS.Apps.Canvas.Tests.CanvasAppAiContextTests.Typed_new_stroke_options_are_semantic_editor_state_and_concurrent_style_changes_reject_capture
    HavenOS.Apps.Canvas.Tests.CanvasAppAiContextTests.Invalid_native_ink_properties_cannot_be_presented_as_supported_model_context
    HavenOS.Apps.Canvas.Tests.CanvasAppSurfaceTests.CreateManipulateInkPanUndoRedoKeepsCanonicalCanvasDocument
    HavenOS.Apps.Canvas.Tests.CanvasAppSurfaceTests.AttachRejectsOrdinaryNotesDocument
    HavenOS.Apps.Canvas.Tests.CanvasAppSurfaceTests.Pan_does_not_append_its_endpoint_to_an_in_progress_pen_stroke
    HavenOS.Apps.Canvas.Tests.CanvasAppSurfaceTests.Invalid_stroke_batch_is_rejected_before_changing_an_active_gesture_or_document
    HavenOS.Apps.Canvas.Tests.CanvasAppSurfaceTests.Invalid_pan_coordinates_do_not_interrupt_an_active_ink_stroke
    HavenOS.Apps.Canvas.Tests.CanvasArtifactCodecTests.Native_format_round_trip_preserves_stable_identity_mode_and_structured_ink(mode: Infinite)
    HavenOS.Apps.Canvas.Tests.CanvasArtifactCodecTests.Native_format_round_trip_preserves_stable_identity_mode_and_structured_ink(mode: Paged)
    HavenOS.Apps.Canvas.Tests.CanvasArtifactCodecTests.Unknown_optional_fields_survive_decode_and_reencode
    HavenOS.Apps.Canvas.Tests.CanvasArtifactCodecTests.Unsupported_format_and_schema_versions_are_rejected_without_guessing
    HavenOS.Apps.Canvas.Tests.CanvasArtifactCodecTests.Invalid_page_object_and_layer_references_are_reported_as_typed_validation_issues
    HavenOS.Apps.Canvas.Tests.CanvasArtifactCodecTests.Paged_mode_requires_explicit_positive_page_bounds
    HavenOS.Apps.Canvas.Tests.CanvasArtifactCodecTests.Malformed_json_has_a_stable_invalid_document_error
    HavenOS.Apps.Canvas.Tests.CanvasCuiWorkspaceTests.Embedded_scene_and_dispatch_keep_the_target_captured_before_host_authorization
    HavenOS.Apps.Canvas.Tests.CanvasCuiWorkspaceTests.Host_read_only_state_disables_mutations_and_unknown_bindings_fail_closed
    HavenOS.Apps.Canvas.Tests.CanvasEngineStateHistoryTests.Stroke_and_derived_settings_commit_once_and_restore_as_the_same_history_operation
    HavenOS.Apps.Canvas.Tests.CanvasFilesArtifactBridgeTests.Canonical_Files_create_edit_restart_reopen_preserves_identity_and_rejects_stale_readonly_and_tampered_content
    HavenOS.Apps.Canvas.Tests.CanvasFilesFinalAuthorityTests.Actual_Files_publication_retains_final_authority_until_acknowledgement_or_denial(allow: True)
    HavenOS.Apps.Canvas.Tests.CanvasFilesFinalAuthorityTests.Actual_Files_publication_retains_final_authority_until_acknowledgement_or_denial(allow: False)
    HavenOS.Apps.Canvas.Tests.CanvasHomeEraserOperationTests.Genuine_multi_stroke_erase_is_one_exact_approved_revision_and_survives_restart_Undo
    HavenOS.Apps.Canvas.Tests.CanvasHomeEraserOperationTests.Stale_eraser_target_denies_publication_without_replaying_a_consumed_owner
    HavenOS.Apps.Canvas.Tests.CanvasHomeHistoryOperationTests.Fresh_owner_reopens_Undo_and_Redo_as_new_guarded_Files_revisions
    HavenOS.Apps.Canvas.Tests.CanvasHomeHistoryOperationTests.Changed_history_arguments_reject_claim_without_publishing_a_candidate
    HavenOS.Apps.Canvas.Tests.CanvasHomeHistoryOperationTests.Actor_refresh_after_history_claim_publishes_no_restored_source
    HavenOS.Apps.Canvas.Tests.CanvasHomeHistoryOperationTests.Actual_store_replacement_preserving_all_document_ids_denies_original_Undo
    HavenOS.Apps.Canvas.Tests.CanvasHomeHistoryOperationTests.Approved_creation_refuses_substituted_destination_store_without_publication
    HavenOS.Apps.Canvas.Tests.CanvasHomeQuickEraserOperationTests.Exact_Quick_approval_deletes_only_topmost_overlap_and_fresh_approved_Undo_restores_actual_native_target
    HavenOS.Apps.Canvas.Tests.CanvasHomeQuickEraserOperationTests.Miss_refuses_before_Home_request_and_foreign_store_after_approval_preserves_exact_bytes
    HavenOS.Apps.Canvas.Tests.CanvasHomeSplitEraserOperationTests.Genuine_split_Home_approval_commits_one_schema2_revision_exact_fragment_IDs_and_fresh_approved_Undo
    HavenOS.Apps.Canvas.Tests.CanvasHomeSplitEraserOperationTests.Foreign_original_store_after_exact_split_approval_denies_without_rewriting_or_publishing
    HavenOS.Apps.Canvas.Tests.CanvasHomeStrokeOperationTests.Home_approved_new_Canvas_keeps_captured_native_identity_and_rejects_replay
    HavenOS.Apps.Canvas.Tests.CanvasHomeStrokeOperationTests.Home_creation_actor_change_after_claim_registers_no_artifact
    HavenOS.Apps.Canvas.Tests.CanvasHomeStrokeOperationTests.Initial_Canvas_creation_rejects_actor_change_without_registering_an_empty_artifact
    HavenOS.Apps.Canvas.Tests.CanvasHomeStrokeOperationTests.Claimed_actor_refresh_while_final_Files_commit_waits_publishes_no_stroke_revision_or_event
    HavenOS.Apps.Canvas.Tests.CanvasHomeStrokeOperationTests.Actual_Home_keyed_edits_commit_only_exact_approved_native_candidates_and_never_replay
    HavenOS.Apps.Canvas.Tests.CanvasHomeStrokeOperationTests.Keyed_edit_rechecks_changed_actor_after_claim_and_never_publishes_or_replays(kind: Delete)
    HavenOS.Apps.Canvas.Tests.CanvasHomeStrokeOperationTests.Keyed_edit_rechecks_changed_actor_after_claim_and_never_publishes_or_replays(kind: Translate)
    HavenOS.Apps.Canvas.Tests.CanvasHomeStrokeOperationTests.Actual_os_profile_Home_capability_commits_one_native_stroke_with_Files_CAS_and_cannot_replay
    HavenOS.Apps.Canvas.Tests.CanvasHomeStrokeOperationTests.Foreign_issuer_changed_arguments_and_readonly_owner_do_not_publish_a_native_candidate
    HavenOS.Apps.Canvas.Tests.CanvasHomeStrokeOperationTests.Shared_insertion_dispatch_commits_the_exact_approved_canonical_stroke_and_rejects_changed_content
    HavenOS.Apps.Canvas.Tests.CanvasHomeStrokeOperationTests.Authentication_refresh_after_Home_claim_cannot_publish_under_a_new_actor_context
    HavenOS.Apps.Canvas.Tests.CanvasHomeStrokeOperationTests.Keyed_edit_refuses_replaced_store_with_same_target_identity_without_rewriting_foreign_bytes(kind: Delete)
    HavenOS.Apps.Canvas.Tests.CanvasHomeStrokeOperationTests.Keyed_edit_refuses_replaced_store_with_same_target_identity_without_rewriting_foreign_bytes(kind: Translate)
    HavenOS.Apps.Canvas.Tests.CanvasInkObjectHandlerTests.Shared_handler_renders_actual_native_stroke_preserves_identity_unknown_data_and_detaches_pixels
    HavenOS.Apps.Canvas.Tests.CanvasInkObjectHandlerTests.Shared_ink_rejects_identity_mismatch_unsupported_brush_and_unavailable_owner_without_fake_commit
    HavenOS.Apps.Canvas.Tests.CanvasStructuredStrokeBatchTests.Exact_batch_is_one_revision_history_frame_and_order_independent_replay
    HavenOS.Apps.Canvas.Tests.CanvasStructuredStrokeBatchTests.Missing_duplicate_empty_locked_stale_and_throwing_candidates_preserve_entire_session
    HavenOS.Apps.Canvas.Tests.CanvasStructuredStrokeBatchTests.Actual_caller_enumeration_is_bounded_before_history_or_donor_capture
    HavenOS.Apps.Canvas.Tests.CanvasStructuredStrokeEditTests.Edits_check_revision_samples_locks_and_replay_before_capturing_donor_state
    HavenOS.Apps.Canvas.Tests.CanvasToolStateTests.Tool_activation_is_transient_and_failed_native_activation_does_not_change_selected_state
    HavenOS.Apps.Canvas.Tests.CanvasToolStateTests.Common_pen_options_only_accept_supported_native_properties_and_capabilities_require_defined_reasons
    HavenOS.Apps.Canvas.Tests.CanvasToolStateTests.Canonical_scene_has_exact_seven_tool_order_and_one_options_host_above_toolbar
    HavenOS.Apps.Canvas.Tests.CanvasWorkspacePersistenceTests.Create_edit_save_and_reopen_preserves_canvas_identity_and_spatial_state
    HavenOS.Apps.Canvas.Tests.CanvasWorkspacePersistenceTests.Open_returns_null_for_missing_documents_and_rejects_non_canvas_notes
    HavenOS.Apps.Canvas.Tests.NativeRnoteCanonicalIdentityTests.Canonical_selected_identity_survives_atomic_draw_replay_restart_and_history
    HavenOS.Apps.Canvas.Tests.NativeRnoteCanonicalIdentityTests.Unknown_or_duplicate_persisted_bindings_are_rejected_and_legacy_unbound_content_never_exports_whole_document
    HavenOS.Apps.Canvas.Tests.NativeRnoteHistoryRestorationTests.Successful_history_replay_keeps_current_native_and_canonical_state
    HavenOS.Apps.Canvas.Tests.NativeRnoteHistoryRestorationTests.Invalid_donor_history_preserves_live_canonical_content_donor_and_history_for_retry
    HavenOS.Apps.Canvas.Tests.NativeRnoteJourneyTests.Oversized_gzip_expansion_including_concatenated_members_is_rejected_before_native_parsing(concatenated: False)
    HavenOS.Apps.Canvas.Tests.NativeRnoteJourneyTests.Oversized_gzip_expansion_including_concatenated_members_is_rejected_before_native_parsing(concatenated: True)
    HavenOS.Apps.Canvas.Tests.NativeRnoteJourneyTests.Resolved_solid_and_marker_styles_reach_actual_donor_and_do_not_restyle_previous_strokes
    HavenOS.Apps.Canvas.Tests.NativeRnoteJourneyTests.Caller_list_is_enumerated_once_and_canonical_and_native_strokes_use_the_same_snapshot
    HavenOS.Apps.Canvas.Tests.NativeRnoteJourneyTests.Failed_sample_capture_cannot_leave_a_partial_native_or_canonical_stroke
    HavenOS.Apps.Canvas.Tests.NativeRnoteJourneyTests.Unbounded_caller_enumeration_is_rejected_before_any_native_operation
    HavenOS.Apps.Canvas.Tests.NativeRnoteJourneyTests.Native_draw_serialize_reopen_preserves_structured_ink_identity_pressure_tilt_and_render
    HavenOS.Apps.Canvas.Tests.NativeRnoteJourneyTests.Actual_xopp_import_retains_editable_donor_snapshot_and_reports_identity_translation_gate
    HavenOS.Apps.Canvas.Tests.NativeRnoteJourneyTests.Tampered_engine_snapshot_fails_before_native_open
    HavenOS.Apps.Canvas.Tests.NativeRnoteJourneyTests.Canonical_history_and_operation_replay_keep_native_engine_and_stable_stroke_in_sync
    HavenOS.Apps.Canvas.Tests.NativeRnoteQuickEraserTests.Genuine_hitboxes_choose_last_rendered_overlap_read_only_and_survive_restart
    HavenOS.Apps.Canvas.Tests.NativeRnoteQuickEraserTests.Quick_erase_uses_shared_keyed_deletion_and_durable_common_undo_without_retargeting
    HavenOS.Apps.Canvas.Tests.NativeRnoteQuickEraserTests.Donor_hitboxes_do_not_use_whole_entity_bounds_and_unbound_or_locked_top_hits_never_fall_through
    HavenOS.Apps.Canvas.Tests.NativeRnoteQuickEraserTests.Quick_erase_refuses_canonical_donor_order_disagreement_without_guessing_a_topmost_target
    HavenOS.Apps.Canvas.Tests.NativeRnoteSelectionTests.Selected_export_preserves_stable_native_identity_and_original_paths_without_unselected_content
    HavenOS.Apps.Canvas.Tests.NativeRnoteSelectionTests.Invalid_or_failed_selection_does_not_modify_the_native_document
    HavenOS.Apps.Canvas.Tests.NativeRnoteSplitMaterializationTests.Genuine_split_candidate_preserves_original_and_reports_exact_retained_paths_and_keys
    HavenOS.Apps.Canvas.Tests.NativeRnoteSplitMaterializationTests.Split_is_one_schema2_transaction_with_exact_input_provenance_full_order_replay_and_fresh_history
    HavenOS.Apps.Canvas.Tests.NativeRnoteSplitMaterializationTests.Locked_source_and_stale_revision_refuse_without_changing_original_native_or_history
    HavenOS.Apps.Canvas.Tests.NativeRnoteSplitMaterializationTests.Authoritative_path_native_mismatch_and_unimplemented_path_translation_refuse
    HavenOS.Apps.Canvas.Tests.NativeRnoteSplitMaterializationTests.Oversized_adversarial_provenance_refuses_preview_before_clone_history_or_Home_intent
    HavenOS.Apps.Canvas.Tests.NativeRnoteStrokeMutationTests.Keyed_edits_preserve_other_native_entities_and_reject_invalid_edits_without_changes
    HavenOS.Apps.Canvas.Tests.NativeRnoteStrokeMutationTests.Canonical_edits_atomically_retain_identity_pressure_brush_replay_and_history
    HavenOS.Apps.Canvas.Tests.NativeRnoteTrashEraserTests.Genuine_trash_eraser_removes_colliding_native_strokes_and_retains_unrelated_entities_after_reopen
    HavenOS.Apps.Canvas.Tests.NativeRnoteTrashEraserTests.Invalid_eraser_input_and_missed_strokes_leave_native_entities_unchanged
    HavenOS.Apps.Canvas.Tests.NativeRnoteUserLayerDocumentTests.Native_layer_creation_order_history_and_physical_reopen_keep_original_ids_strokes_and_colours
    HavenOS.Apps.Canvas.Tests.NativeRnoteUserLayerDocumentTests.Forged_retained_layer_rank_is_rejected_on_actual_native_reopen_and_original_copy_still_renders
    HavenOS.Apps.Canvas.Tests.NativeRnoteUserLayerDocumentTests.Native_visibility_keeps_durable_ink_history_and_lock_denies_actual_stroke_before_native_effect
    HavenOS.Apps.Canvas.Tests.NativeRnoteUserLayerDocumentTests.Native_stroke_layer_move_changes_real_overlap_order_with_stable_ink_and_locked_destination_refusal
    HavenOS.Apps.Canvas.Tests.NativeRnoteUserLayerDocumentTests.Editor_layer_selection_is_not_canonical_and_exact_captured_ink_target_survives_later_selection
    HavenOS.Apps.Canvas.Tests.NativeRnoteUserLayerDocumentTests.Empty_native_layers_use_real_background_frame_without_invented_strokes_or_nonempty_rank_batch
    HavenOS.Apps.Canvas.Tests.NativeRnoteUserLayerDocumentTests.Original_single_layer_ink_can_hide_lock_and_reopen_without_creating_a_fictitious_extra_layer
    HavenOS.Apps.Canvas.Tests.NativeRnoteUserLayerDocumentTests.Actual_native_layer_delete_retains_other_ink_and_physical_reopen_restores_deleted_ink_and_render_history
