[1m[92m   Compiling[0m proc-macro2 v1.0.107
[1m[92m   Compiling[0m quote v1.0.47
[1m[92m   Compiling[0m unicode-ident v1.0.26
[1m[92m   Compiling[0m serde_core v1.0.229
[1m[92m   Compiling[0m libm v0.2.16
[1m[92m   Compiling[0m smallvec v1.16.2
[1m[92m   Compiling[0m autocfg v1.5.1
[1m[92m   Compiling[0m syn v3.0.6
[1m[92m   Compiling[0m syn v2.0.119
[1m[92m   Compiling[0m num-traits v0.2.19
[1m[92m   Compiling[0m libc v0.2.189
[1m[92m   Compiling[0m cfg-if v1.0.5
[1m[92m   Compiling[0m serde v1.0.229
[1m[92m   Compiling[0m winnow v1.0.4
[1m[92m   Compiling[0m toml_datetime v1.1.1+spec-1.1.0
[1m[92m   Compiling[0m target-lexicon v0.13.5
[1m[92m   Compiling[0m heck v0.5.0
[1m[92m   Compiling[0m serde_spanned v1.1.1
[1m[92m   Compiling[0m cfg-expr v0.20.9
[1m[92m   Compiling[0m toml_parser v1.1.3+spec-1.1.0
[1m[92m   Compiling[0m toml v1.1.6+spec-1.1.0
[1m[92m   Compiling[0m siphasher v1.0.4
[1m[92m   Compiling[0m version-compare v0.2.1
[1m[92m   Compiling[0m pkg-config v0.3.34
[1m[92m   Compiling[0m serde_derive v1.0.229
[1m[92m   Compiling[0m bytemuck_derive v1.12.1
[1m[92m   Compiling[0m stable_deref_trait v1.2.1
[1m[92m   Compiling[0m system-deps v7.0.8
[1m[92m   Compiling[0m bitflags v2.13.2
[1m[92m   Compiling[0m synstructure v0.14.0
[1m[92m   Compiling[0m memchr v2.8.3
[1m[92m   Compiling[0m bytemuck v1.25.2
[1m[92m   Compiling[0m log v0.4.34
[1m[92m   Compiling[0m zerofrom-derive v0.1.8
[1m[92m   Compiling[0m yoke-derive v0.8.3
[1m[92m   Compiling[0m rand_core v0.6.4
[1m[92m   Compiling[0m rand v0.8.8
[1m[92m   Compiling[0m zerofrom v0.1.8
[1m[92m   Compiling[0m phf_shared v0.11.3
[1m[92m   Compiling[0m yoke v0.8.3
[1m[92m   Compiling[0m glib-sys v0.21.5
[1m[92m   Compiling[0m zerocopy v0.8.59
[1m[92m   Compiling[0m simd-adler32 v0.3.10
[1m[92m   Compiling[0m phf_generator v0.11.3
[1m[92m   Compiling[0m zerocopy-derive v0.8.59
[1m[92m   Compiling[0m adler2 v2.0.1
[1m[92m   Compiling[0m crc32fast v1.5.2
[1m[92m   Compiling[0m gobject-sys v0.21.5
[1m[92m   Compiling[0m either v1.18.0
[1m[92m   Compiling[0m crossbeam-utils v0.8.23
[1m[92m   Compiling[0m arrayvec v0.7.8
[1m[92m   Compiling[0m miniz_oxide v0.9.1
[1m[92m   Compiling[0m zerovec-derive v0.11.6
[1m[92m   Compiling[0m approx v0.5.1
[1m[92m   Compiling[0m zlib-rs v0.6.8
[1m[92m   Compiling[0m slab v0.4.12
[1m[92m   Compiling[0m futures-sink v0.3.34
[1m[92m   Compiling[0m crossbeam-epoch v0.9.21
[1m[92m   Compiling[0m equivalent v1.0.2
[1m[92m   Compiling[0m pin-project-lite v0.2.17
[1m[92m   Compiling[0m futures-core v0.3.34
[1m[92m   Compiling[0m hashbrown v0.17.1
[1m[92m   Compiling[0m futures-channel v0.3.34
[1m[92m   Compiling[0m indexmap v2.14.2
[1m[92m   Compiling[0m zerovec v0.11.8
[1m[92m   Compiling[0m flate2 v1.1.10
[1m[92m   Compiling[0m phf_shared v0.13.1
[1m[92m   Compiling[0m displaydoc v0.2.7
[1m[92m   Compiling[0m futures-macro v0.3.34
[1m[92m   Compiling[0m parking_lot_core v0.9.12
[1m[92m   Compiling[0m syn v1.0.109
[1m[92m   Compiling[0m crossbeam-deque v0.8.8
[1m[92m   Compiling[0m futures-task v0.3.34
[1m[92m   Compiling[0m futures-io v0.3.34
[1m[92m   Compiling[0m fastrand v2.5.0
[1m[92m   Compiling[0m scopeguard v1.2.0
[1m[92m   Compiling[0m thiserror v2.0.21
[1m[92m   Compiling[0m phf_generator v0.13.1
[1m[92m   Compiling[0m futures-util v0.3.34
[1m[92m   Compiling[0m toml_edit v0.25.15+spec-1.1.0
[1m[92m   Compiling[0m polycool v0.4.0
[1m[92m   Compiling[0m gio-sys v0.21.5
[1m[92m   Compiling[0m thiserror-impl v2.0.21
[1m[92m   Compiling[0m rayon-core v1.13.0
[1m[92m   Compiling[0m proc-macro-crate v3.5.0
[1m[92m   Compiling[0m kurbo v0.13.1
[1m[92m   Compiling[0m phf_macros v0.13.1
[1m[92m   Compiling[0m futures-executor v0.3.34
[1m[92m   Compiling[0m lock_api v0.4.14
[1m[92m   Compiling[0m phf_codegen v0.11.3
[1m[92m   Compiling[0m strsim v0.10.0
[1m[92m   Compiling[0m fnv v1.0.7
[1m[92m   Compiling[0m ident_case v1.0.1
[1m[92m   Compiling[0m new_debug_unreachable v1.0.6
[1m[92m   Compiling[0m phf v0.13.1
[1m[92m   Compiling[0m glib-macros v0.21.5
[1m[92m   Compiling[0m darling_core v0.14.4
[1m[92m   Compiling[0m tinystr v0.8.4
[1m[92m   Compiling[0m phf_macros v0.11.3
[1m[92m   Compiling[0m cairo-sys-rs v0.21.5
[1m[92m   Compiling[0m pango-sys v0.21.5
[1m[92m   Compiling[0m euclid v0.22.14
[1m[92m   Compiling[0m allocator-api2 v0.2.21
[1m[92m   Compiling[0m litemap v0.8.3
[1m[92m   Compiling[0m fearless_simd v0.4.1
[1m[92m   Compiling[0m paste v1.0.15
[1m[92m   Compiling[0m writeable v0.6.4
[1m[92m   Compiling[0m foldhash v0.2.0
[1m[92m   Compiling[0m zune-core v0.5.3
[1m[92m   Compiling[0m byteorder v1.5.0
[1m[92m   Compiling[0m hashbrown v0.16.1
[1m[92m   Compiling[0m zune-jpeg v0.5.15
[1m[92m   Compiling[0m icu_locale_core v2.3.0
[1m[92m   Compiling[0m phf v0.11.3
[1m[92m   Compiling[0m darling_macro v0.14.4
[1m[92m   Compiling[0m glib v0.21.5
[1m[92m   Compiling[0m rayon v1.12.0
[1m[92m   Compiling[0m zerotrie v0.2.5
[1m[92m   Compiling[0m potential_utf v0.1.6
[1m[92m   Compiling[0m miniz_oxide v0.8.9
[1m[92m   Compiling[0m fdeflate v0.3.7
[1m[92m   Compiling[0m safe_arch v0.7.4
[1m[92m   Compiling[0m getrandom v0.2.17
[1m[92m   Compiling[0m rand_core v0.10.1
[1m[92m   Compiling[0m unic-common v0.9.0
[1m[92m   Compiling[0m unic-char-range v0.9.0
[1m[92m   Compiling[0m icu_properties_data v2.3.0
[1m[92m   Compiling[0m utf8_iter v1.0.4
[1m[92m   Compiling[0m alloc-no-stdlib v2.0.4
[1m[92m   Compiling[0m icu_normalizer_data v2.3.0
[1m[92m   Compiling[0m precomputed-hash v0.1.1
[1m[92m   Compiling[0m alloc-stdlib v0.2.4
[1m[92m   Compiling[0m icu_collections v2.3.0
[1m[92m   Compiling[0m unic-char-property v0.9.0
[1m[92m   Compiling[0m unic-ucd-version v0.9.0
[1m[92m   Compiling[0m wide v0.7.33
[1m[92m   Compiling[0m png v0.18.1
[1m[92m   Compiling[0m icu_provider v2.3.1
[1m[92m   Compiling[0m darling v0.14.4
[1m[92m   Compiling[0m parking_lot v0.12.5
[1m[92m   Compiling[0m ppv-lite86 v0.2.21
[1m[92m   Compiling[0m string_cache_codegen v0.5.4
[1m[92m   Compiling[0m pangocairo-sys v0.21.5
[1m[92m   Compiling[0m num-complex v0.4.6
[1m[92m   Compiling[0m cgmath v0.18.0
[1m[92m   Compiling[0m pxfm v0.1.30
[1m[92m   Compiling[0m quick-error v2.0.1
[1m[92m   Compiling[0m rustversion v1.0.23
[1m[92m   Compiling[0m weezl v0.1.12
[1m[92m   Compiling[0m getrandom v0.4.3
[1m[92m   Compiling[0m itoa v1.0.18
[1m[92m   Compiling[0m once_cell v1.21.4
[1m[92m   Compiling[0m simba v0.9.1
[1m[92m   Compiling[0m web_atoms v0.1.3
[1m[92m   Compiling[0m rand_chacha v0.3.1
[1m[92m   Compiling[0m gio v0.21.5
[1m[92m   Compiling[0m moxcms v0.8.1
[1m[92m   Compiling[0m derive_builder_core v0.12.0
[1m[92m   Compiling[0m unic-ucd-bidi v0.9.0
[1m[92m   Compiling[0m brotli-decompressor v5.0.3
[1m[92m   Compiling[0m half v2.7.1
[1m[92m   Compiling[0m kurbo v0.9.5
[1m[92m   Compiling[0m aho-corasick v1.1.5
[1m[92m   Compiling[0m color v0.3.3
[1m[92m   Compiling[0m font-types v0.11.3
[1m[92m   Compiling[0m approx v0.4.0
[1m[92m   Compiling[0m linebender_resource_handle v0.1.1
[1m[92m   Compiling[0m regex-syntax v0.8.11
[1m[92m   Compiling[0m byteorder-lite v0.1.0
[1m[92m   Compiling[0m mac v0.1.1
[1m[92m   Compiling[0m heapless v0.8.0
[1m[92m   Compiling[0m matches v0.1.10
[1m[92m   Compiling[0m hayro-ccitt v0.3.0 (https://github.com/LaurenzV/hayro?rev=56c62b2a25232d5407af8efe819c49ad46605979#56c62b2a)
[1m[92m   Compiling[0m version_check v0.9.5
[1m[92m   Compiling[0m siphasher v0.3.11
[1m[92m   Compiling[0m fax v0.2.7
[1m[92m   Compiling[0m by_address v1.2.1
[1m[92m   Compiling[0m color_quant v1.1.0
[1m[92m   Compiling[0m dtoa v1.0.11
[1m[92m   Compiling[0m dtoa-short v0.3.5
[1m[92m   Compiling[0m gif v0.14.2
[1m[92m   Compiling[0m palette_derive v0.7.7
[1m[92m   Compiling[0m tiff v0.11.3
[1m[92m   Compiling[0m svgtypes v0.11.0
[1m[92m   Compiling[0m slotmap v1.1.1
[1m[92m   Compiling[0m hayro-jbig2 v0.2.0 (https://github.com/LaurenzV/hayro?rev=56c62b2a25232d5407af8efe819c49ad46605979#56c62b2a)
[1m[92m   Compiling[0m unic-bidi v0.9.0
[1m[92m   Compiling[0m futf v0.1.5
[1m[92m   Compiling[0m image-webp v0.2.4
[1m[92m   Compiling[0m regex-automata v0.4.18
[1m[92m   Compiling[0m peniko v0.6.1
[1m[92m   Compiling[0m read-fonts v0.37.0
[1m[92m   Compiling[0m pango v0.21.5
[1m[92m   Compiling[0m icu_normalizer v2.3.0
[1m[92m   Compiling[0m brotli v8.0.4
[1m[92m   Compiling[0m icu_properties v2.3.0
[1m[92m   Compiling[0m derive_builder_macro v0.12.0
[1m[92m   Compiling[0m cairo-rs v0.21.5
[1m[92m   Compiling[0m string_cache v0.8.9
[1m[92m   Compiling[0m hayro-jpeg2000 v0.3.4 (https://github.com/LaurenzV/hayro?rev=56c62b2a25232d5407af8efe819c49ad46605979#56c62b2a)
[1m[92m   Compiling[0m hash32 v0.3.1
[1m[92m   Compiling[0m kurbo v0.11.3
[1m[92m   Compiling[0m cssparser-macros v0.6.1
[1m[92m   Compiling[0m core_maths v0.1.1
[1m[92m   Compiling[0m matrixmultiply v0.3.11
[1m[92m   Compiling[0m robust v1.2.0
[1m[92m   Compiling[0m rustc-hash v2.1.3
[1m[92m   Compiling[0m cpufeatures v0.3.1
[1m[92m   Compiling[0m hayro-postscript v0.1.0 (https://github.com/LaurenzV/hayro?rev=56c62b2a25232d5407af8efe819c49ad46605979#56c62b2a)
[1m[92m   Compiling[0m utf-8 v0.7.6
[1m[92m   Compiling[0m zmij v1.0.23
[1m[92m   Compiling[0m palette_math v0.7.7
[1m[92m   Compiling[0m palette v0.7.7
[1m[92m   Compiling[0m tendril v0.4.3
[1m[92m   Compiling[0m hayro-cmap v0.1.0 (https://github.com/LaurenzV/hayro?rev=56c62b2a25232d5407af8efe819c49ad46605979#56c62b2a)
[1m[92m   Compiling[0m chacha20 v0.10.2
[1m[92m   Compiling[0m hayro-syntax v0.5.0 (https://github.com/LaurenzV/hayro?rev=56c62b2a25232d5407af8efe819c49ad46605979#56c62b2a)
[1m[92m   Compiling[0m spade v2.15.1
[1m[92m   Compiling[0m ttf-parser v0.25.1
[1m[92m   Compiling[0m cssparser v0.35.0
[1m[92m   Compiling[0m piet v0.8.0
[1m[92m   Compiling[0m pangocairo v0.21.5
[1m[92m   Compiling[0m encoding_rs v0.8.42
[1m[92m   Compiling[0m derive_builder v0.12.0
[1m[92m   Compiling[0m idna_adapter v1.2.2
[1m[92m   Compiling[0m skrifa v0.40.0
[1m[92m   Compiling[0m svg_path_ops v0.11.2
[1m[92m   Compiling[0m regex v1.13.1
[1m[92m   Compiling[0m image v0.25.10
[1m[92m   Compiling[0m points_on_curve v0.7.0
[1m[92m   Compiling[0m guillotiere v0.7.0
[1m[92m   Compiling[0m hayro-font v0.4.0 (https://github.com/LaurenzV/hayro?rev=56c62b2a25232d5407af8efe819c49ad46605979#56c62b2a)
[1m[92m   Compiling[0m selectors v0.31.0
[1m[92m   Compiling[0m glam v0.30.10
[1m[92m   Compiling[0m derive_more-impl v2.1.1
[1m[92m   Compiling[0m num-integer v0.1.47
[1m[92m   Compiling[0m i_float v1.15.0
[1m[92m   Compiling[0m litrs v1.0.0
[1m[92m   Compiling[0m base64 v0.22.1
[1m[92m   Compiling[0m rawpointer v0.2.1
[1m[92m   Compiling[0m float-cmp v0.9.0
[1m[92m   Compiling[0m roxmltree v0.20.0
[1m[92m   Compiling[0m percent-encoding v2.3.2
[1m[92m   Compiling[0m tinyvec v1.13.3
[1m[92m   Compiling[0m anyhow v1.0.104
[1m[92m   Compiling[0m rustix v1.1.5
[1m[92m   Compiling[0m lazy_static v1.5.0
[1m[92m   Compiling[0m serde_json v1.0.151
[1m[92m   Compiling[0m form_urlencoded v1.2.2
[1m[92m   Compiling[0m fontconfig-parser v0.5.8
[1m[92m   Compiling[0m glamx v0.1.3
[1m[92m   Compiling[0m strict-num v0.1.1
[1m[92m   Compiling[0m document-features v0.2.12
[1m[92m   Compiling[0m i_shape v1.14.0
[1m[92m   Compiling[0m num-rational v0.4.2
[1m[92m   Compiling[0m derive_more v2.1.1
[1m[92m   Compiling[0m hayro-interpret v0.5.0 (https://github.com/LaurenzV/hayro?rev=56c62b2a25232d5407af8efe819c49ad46605979#56c62b2a)
[1m[92m   Compiling[0m vello_common v0.0.7
[1m[92m   Compiling[0m roughr v0.12.0
[1m[92m   Compiling[0m markup5ever v0.35.0
[1m[92m   Compiling[0m idna v1.1.0
[1m[92m   Compiling[0m rstar v0.12.2
[1m[92m   Compiling[0m rand v0.10.3
[1m[92m   Compiling[0m vello_api v0.0.7
[1m[92m   Compiling[0m tracing-core v0.1.36
[1m[92m   Compiling[0m fxhash v0.2.1
[1m[92m   Compiling[0m serde_arrays v0.2.0
[1m[92m   Compiling[0m itertools v0.11.0
[1m[92m   Compiling[0m ena v0.14.4
[1m[92m   Compiling[0m librsvg v2.61.5
[1m[92m   Compiling[0m servo_arc v0.4.3
[1m[92m   Compiling[0m nalgebra-macros v0.2.2
[1m[92m   Compiling[0m num-derive v0.4.2
[1m[92m   Compiling[0m tracing-attributes v0.1.31
[1m[92m   Compiling[0m memmap2 v0.9.11
[1m[92m   Compiling[0m ordered-float v5.5.0
[1m[92m   Compiling[0m linux-raw-sys v0.12.1
[1m[92m   Compiling[0m unicode-properties v0.1.4
[1m[92m   Compiling[0m unicode-segmentation v1.13.3
[1m[92m   Compiling[0m data-url v0.3.2
[1m[92m   Compiling[0m multiversion_no_op v1.0.0
[1m[92m   Compiling[0m downcast-rs v2.0.2
[1m[92m   Compiling[0m core_detect v1.0.0
[1m[92m   Compiling[0m unicode-ccc v0.4.0
[1m[92m   Compiling[0m i_key_sort v0.6.0
[1m[92m   Compiling[0m xmlwriter v0.1.0
[1m[92m   Compiling[0m i_tree v0.16.0
[1m[92m   Compiling[0m hashbrown v0.14.5
[1m[92m   Compiling[0m simdutf8 v0.1.5
[1m[92m   Compiling[0m typenum v1.20.1
[1m[92m   Compiling[0m unicode-script v0.5.8
[1m[92m   Compiling[0m xi-unicode v0.3.0
[1m[92m   Compiling[0m unicode-bidi-mirroring v0.4.0
[1m[92m   Compiling[0m arrayref v0.3.9
[1m[92m   Compiling[0m rustybuzz v0.20.1
[1m[92m   Compiling[0m tiny-skia-path v0.12.0
[1m[92m   Compiling[0m piet-cairo v0.8.0
[1m[92m   Compiling[0m nalgebra v0.33.3
[1m[92m   Compiling[0m dashmap v5.5.3
[1m[92m   Compiling[0m i_overlay v4.0.7
[1m[92m   Compiling[0m parry2d-f64 v0.26.1
[1m[92m   Compiling[0m tracing v0.1.44
[1m[92m   Compiling[0m fontdb v0.23.0
[1m[92m   Compiling[0m earcutr v0.4.3
[1m[92m   Compiling[0m rand_distr v0.6.0
[1m[92m   Compiling[0m vello_cpu v0.0.7
[1m[92m   Compiling[0m geo-types v0.7.20
[1m[92m   Compiling[0m url v2.5.8
[1m[92m   Compiling[0m xml5ever v0.35.0
[1m[92m   Compiling[0m rough_piet v0.13.0
[1m[92m   Compiling[0m fast_image_resize v6.1.0
[1m[92m   Compiling[0m locale_config v0.3.0
[1m[92m   Compiling[0m cssparser-color v0.3.0
[1m[92m   Compiling[0m string_cache v0.9.0
[1m[92m   Compiling[0m rand_pcg v0.10.2
[1m[92m   Compiling[0m svgtypes v0.16.1
[1m[92m   Compiling[0m ink-stroke-modeler-rs v0.1.0
[1m[92m   Compiling[0m itertools v0.14.0
[1m[92m   Compiling[0m simplecss v0.2.2
[1m[92m   Compiling[0m roxmltree v0.21.1
[1m[92m   Compiling[0m rgb v0.8.53
[1m[92m   Compiling[0m float-cmp v0.10.0
[1m[92m   Compiling[0m geographiclib-rs v0.2.7
[1m[92m   Compiling[0m float_next_after v1.0.0
[1m[92m   Compiling[0m pico-args v0.5.0
[1m[92m   Compiling[0m unicode-bidi v0.3.18
[1m[92m   Compiling[0m imagesize v0.14.0
[1m[92m   Compiling[0m unicode-vo v0.1.0
[1m[92m   Compiling[0m rctree v0.6.0
[1m[92m   Compiling[0m cast v0.3.0
[1m[92m   Compiling[0m svg v0.18.0
[1m[92m   Compiling[0m language-tags v0.3.2
[1m[92m   Compiling[0m iana-time-zone v0.1.65
[1m[92m   Compiling[0m sif-itree v0.4.1
[1m[92m   Compiling[0m geo v0.32.0
[1m[92m   Compiling[0m rnote-compose v0.15.0 (/home/runner/work/9to1/9to1/9to1 Workspace/Canvas/Source/Rnote/crates/rnote-compose)
[1m[92m   Compiling[0m chrono v0.4.45
[1m[92m   Compiling[0m tempfile v3.27.0
[1m[92m   Compiling[0m usvg v0.47.0
[1m[92m   Compiling[0m hayro v0.5.0 (https://github.com/LaurenzV/hayro?rev=56c62b2a25232d5407af8efe819c49ad46605979#56c62b2a)
[1m[92m   Compiling[0m ijson v0.1.7
[1m[92m   Compiling[0m hayro-svg v0.3.0 (https://github.com/LaurenzV/hayro?rev=56c62b2a25232d5407af8efe819c49ad46605979#56c62b2a)
[1m[92m   Compiling[0m futures v0.3.34
[1m[92m   Compiling[0m semver v1.0.28
[1m[92m   Compiling[0m rnote-engine v0.15.0 (/home/runner/work/9to1/9to1/9to1 Workspace/Canvas/Source/Rnote/crates/rnote-engine)
[1m[92m   Compiling[0m cakeos-canvas-rnote-poc v0.1.0 (/home/runner/work/9to1/9to1/9to1 Workspace/Canvas/rnote-poc)
[1m[92m    Finished[0m `release` profile [optimized] target(s) in 3m 43s
