	linux-vdso.so.1 (0x00007f787b350000)
	libgio-2.0.so.0 => /lib/x86_64-linux-gnu/libgio-2.0.so.0 (0x00007f787a630000)
	libxml2.so.2 => /lib/x86_64-linux-gnu/libxml2.so.2 (0x00007f787a44e000)
	libpangocairo-1.0.so.0 => /lib/x86_64-linux-gnu/libpangocairo-1.0.so.0 (0x00007f787b32c000)
	libcairo.so.2 => /lib/x86_64-linux-gnu/libcairo.so.2 (0x00007f787a30a000)
	libpango-1.0.so.0 => /lib/x86_64-linux-gnu/libpango-1.0.so.0 (0x00007f787b2c1000)
	libgobject-2.0.so.0 => /lib/x86_64-linux-gnu/libgobject-2.0.so.0 (0x00007f787a2a7000)
	libglib-2.0.so.0 => /lib/x86_64-linux-gnu/libglib-2.0.so.0 (0x00007f787a15e000)
	libgcc_s.so.1 => /lib/x86_64-linux-gnu/libgcc_s.so.1 (0x00007f787a130000)
	libm.so.6 => /lib/x86_64-linux-gnu/libm.so.6 (0x00007f787a047000)
	libc.so.6 => /lib/x86_64-linux-gnu/libc.so.6 (0x00007f7879e00000)
	/lib64/ld-linux-x86-64.so.2 (0x00007f787b352000)
	libgmodule-2.0.so.0 => /lib/x86_64-linux-gnu/libgmodule-2.0.so.0 (0x00007f787a040000)
	libz.so.1 => /lib/x86_64-linux-gnu/libz.so.1 (0x00007f787a024000)
	libmount.so.1 => /lib/x86_64-linux-gnu/libmount.so.1 (0x00007f7879db3000)
	libselinux.so.1 => /lib/x86_64-linux-gnu/libselinux.so.1 (0x00007f7879d86000)
	libicuuc.so.74 => /lib/x86_64-linux-gnu/libicuuc.so.74 (0x00007f7879a00000)
	liblzma.so.5 => /lib/x86_64-linux-gnu/liblzma.so.5 (0x00007f7879d54000)
	libpangoft2-1.0.so.0 => /lib/x86_64-linux-gnu/libpangoft2-1.0.so.0 (0x00007f7879d39000)
	libharfbuzz.so.0 => /lib/x86_64-linux-gnu/libharfbuzz.so.0 (0x00007f7879c2c000)
	libfontconfig.so.1 => /lib/x86_64-linux-gnu/libfontconfig.so.1 (0x00007f78799af000)
	libpng16.so.16 => /lib/x86_64-linux-gnu/libpng16.so.16 (0x00007f7879977000)
	libfreetype.so.6 => /lib/x86_64-linux-gnu/libfreetype.so.6 (0x00007f78798ab000)
	libX11.so.6 => /lib/x86_64-linux-gnu/libX11.so.6 (0x00007f787976e000)
	libXext.so.6 => /lib/x86_64-linux-gnu/libXext.so.6 (0x00007f7879c18000)
	libXrender.so.1 => /lib/x86_64-linux-gnu/libXrender.so.1 (0x00007f787a014000)
	libxcb.so.1 => /lib/x86_64-linux-gnu/libxcb.so.1 (0x00007f7879745000)
	libxcb-render.so.0 => /lib/x86_64-linux-gnu/libxcb-render.so.0 (0x00007f7879736000)
	libxcb-shm.so.0 => /lib/x86_64-linux-gnu/libxcb-shm.so.0 (0x00007f7879c13000)
	libpixman-1.so.0 => /lib/x86_64-linux-gnu/libpixman-1.so.0 (0x00007f7879687000)
	libfribidi.so.0 => /lib/x86_64-linux-gnu/libfribidi.so.0 (0x00007f7879669000)
	libthai.so.0 => /lib/x86_64-linux-gnu/libthai.so.0 (0x00007f787965e000)
	libffi.so.8 => /lib/x86_64-linux-gnu/libffi.so.8 (0x00007f7879652000)
	libpcre2-8.so.0 => /lib/x86_64-linux-gnu/libpcre2-8.so.0 (0x00007f78795b8000)
	libblkid.so.1 => /lib/x86_64-linux-gnu/libblkid.so.1 (0x00007f787957d000)
	libicudata.so.74 => /lib/x86_64-linux-gnu/libicudata.so.74 (0x00007f7877800000)
	libstdc++.so.6 => /lib/x86_64-linux-gnu/libstdc++.so.6 (0x00007f7877400000)
	libgraphite2.so.3 => /lib/x86_64-linux-gnu/libgraphite2.so.3 (0x00007f78777da000)
	libexpat.so.1 => /lib/x86_64-linux-gnu/libexpat.so.1 (0x00007f78777ac000)
	libbz2.so.1.0 => /lib/x86_64-linux-gnu/libbz2.so.1.0 (0x00007f7879569000)
	libbrotlidec.so.1 => /lib/x86_64-linux-gnu/libbrotlidec.so.1 (0x00007f787779e000)
	libXau.so.6 => /lib/x86_64-linux-gnu/libXau.so.6 (0x00007f7879563000)
	libXdmcp.so.6 => /lib/x86_64-linux-gnu/libXdmcp.so.6 (0x00007f7877796000)
	libdatrie.so.1 => /lib/x86_64-linux-gnu/libdatrie.so.1 (0x00007f787778d000)
	libbrotlicommon.so.1 => /lib/x86_64-linux-gnu/libbrotlicommon.so.1 (0x00007f787776a000)
	libbsd.so.0 => /lib/x86_64-linux-gnu/libbsd.so.0 (0x00007f7877754000)
	libmd.so.0 => /lib/x86_64-linux-gnu/libmd.so.0 (0x00007f7877745000)
