{
  "state": "PASS_SIX_ORIGINAL_MANAGED_OWNER_CASES",
  "sourceCommit": "ef1d3a7546c130ef5948fab0711ef5d9feca9381",
  "scope": "Six original managed authoring/capture/filesystem/CAS cases only; no Maps UI/CoMaps/native Home/provider/actor/Windows/full parity acceptance",
  "fixed889CombinedDriver": "NOT_IMPORTED_OR_REBOUND",
  "expectedTests": [
    "Haven.Infrastructure.Tests.MapsJourneyAuthoringCaptureTests.Lying_step_or_path_count_stops_at_first_excess_value_before_actual_storage(path: False)",
    "Haven.Infrastructure.Tests.MapsJourneyAuthoringCaptureTests.Lying_step_or_path_count_stops_at_first_excess_value_before_actual_storage(path: True)",
    "Haven.Infrastructure.Tests.MapsJourneyAuthoringCaptureTests.Held_save_freezes_ordered_authored_intent_and_user_path_before_actual_storage_await",
    "Haven.Infrastructure.Tests.MapsJourneyAuthoringCaptureTests.Later_caller_edits_do_not_change_returned_saved_revision_or_reopened_route",
    "Haven.Infrastructure.Tests.MapsJourneyAuthoringCaptureTests.Prepared_old_edit_cannot_overwrite_an_independent_actual_saved_revision",
    "Haven.Infrastructure.Tests.MapsJourneyAuthoringCaptureTests.Invalid_coordinates_return_structured_failure_without_serializing_or_replacing_saved_route"
  ],
  "discovered": 6,
  "executed": 6,
  "passed": 6,
  "failed": 0,
  "skipped": 0,
  "commandFamilies": 12,
  "allCommandFamiliesNormalClosed": true,
  "acceptedScopedOriginalTests": true,
  "sourceInputs": 485,
  "nativeRuntimeMetadataFiles": 91
}
