
Welcome to .NET 10.0!
---------------------
SDK Version: 10.0.401

----------------
Write your first app: https://aka.ms/dotnet-hello-world
Find out what's new: https://aka.ms/dotnet-whats-new
Explore documentation: https://aka.ms/dotnet-docs
Report issues and find source on GitHub: https://github.com/dotnet/core
Use 'dotnet --help' to see available commands or visit: https://aka.ms/dotnet-cli
--------------------------------------------------------------------------------------
  Determining projects to restore...
  Restored /workspace/team-c-c5-b-picture-eec-closure-provisional/9to1 Workspace/Picture/HavenOS.Images.csproj (in 2.31 sec).
  Restored /workspace/team-c-c5-b-picture-eec-closure-provisional/9to1 Workspace/Picture/Tests/HavenOS.Images.Tests.csproj (in 2.37 sec).
  HavenOS.Images -> /workspace/team-c-resume-evidence/c5-b-pr6-receiving/picture-owning-normal-release/artifacts/bin/HavenOS.Images/release/HavenOS.Images.dll
  HavenOS.Images.Tests -> /workspace/team-c-resume-evidence/c5-b-pr6-receiving/picture-owning-normal-release/artifacts/bin/HavenOS.Images.Tests/release/HavenOS.Images.Tests.dll
Test run for /workspace/team-c-resume-evidence/c5-b-pr6-receiving/picture-owning-normal-release/artifacts/bin/HavenOS.Images.Tests/release/HavenOS.Images.Tests.dll (.NETCoreApp,Version=v10.0)
A total of 1 test files matched the specified pattern.
[xUnit.net 00:00:02.23]     HavenOS.Images.Tests.ImageJourneyTests.CropEditorRendersAtNormalAndMinimumWindowSizesWithAccessibleEmptyState [FAIL]
[xUnit.net 00:00:02.62]     HavenOS.Images.Tests.ImageJourneyTests.PngExportAppliesMetadataPrivacyModeAndNeverChangesTheSource [FAIL]
  Failed HavenOS.Images.Tests.ImageJourneyTests.CropEditorRendersAtNormalAndMinimumWindowSizesWithAccessibleEmptyState [473 ms]
  Error Message:
   System.InvalidOperationException : Could not create glyphTypeface. Font family: Inter (key: compositefont:fonts:Inter#Inter, $Default). Style: Normal. Weight: Normal. Stretch: Normal
  Stack Trace:
     at Avalonia.Media.Typeface.get_GlyphTypeface()
   at Avalonia.Media.TextFormatting.TextRunProperties.get_CachedGlyphTypeface()
   at Avalonia.Media.TextFormatting.TextCharacters.CreateShapeableRun(ReadOnlyMemory`1 text, TextRunProperties defaultProperties, SByte biDiLevel, FontManager fontManager, TextRunProperties& previousProperties)
   at Avalonia.Media.TextFormatting.TextCharacters.GetShapeableCharacters(ReadOnlyMemory`1 text, SByte biDiLevel, FontManager fontManager, TextRunProperties& previousProperties, RentedList`1 results)
   at Avalonia.Media.TextFormatting.TextFormatterImpl.CoalesceLevels(IReadOnlyList`1 textCharacters, ReadOnlySpan`1 levels, FontManager fontManager, RentedList`1 processedRuns)
   at Avalonia.Media.TextFormatting.TextFormatterImpl.ShapeTextRuns(IReadOnlyList`1 textRuns, TextParagraphProperties paragraphProperties, FormattingObjectPool objectPool, FontManager fontManager, FlowDirection& resolvedFlowDirection)
   at Avalonia.Media.TextFormatting.TextFormatterImpl.FormatLine(ITextSource textSource, Int32 firstTextSourceIndex, Double paragraphWidth, TextParagraphProperties paragraphProperties, TextLineBreak previousLineBreak)
   at Avalonia.Media.TextFormatting.TextLayout.CreateTextLines()
   at Avalonia.Media.TextFormatting.TextLayout..ctor(ITextSource textSource, TextParagraphProperties paragraphProperties, TextTrimming textTrimming, Double maxWidth, Double maxHeight, Int32 maxLines)
   at Avalonia.Controls.TextBlock.CreateTextLayout(String text)
   at Avalonia.Controls.Primitives.AccessText.CreateTextLayout(String text)
   at Avalonia.Controls.TextBlock.get_TextLayout()
   at Avalonia.Controls.TextBlock.MeasureOverride(Size availableSize)
   at Avalonia.Layout.Layoutable.MeasureCore(Size availableSize)
   at Avalonia.Layout.Layoutable.Measure(Size availableSize)
   at Avalonia.Layout.LayoutHelper.MeasureChild(Layoutable control, Size availableSize, Thickness padding, Thickness borderThickness)
   at Avalonia.Controls.Presenters.ContentPresenter.MeasureOverride(Size availableSize)
   at Avalonia.Layout.Layoutable.MeasureCore(Size availableSize)
   at Avalonia.Layout.Layoutable.Measure(Size availableSize)
   at Avalonia.Layout.Layoutable.MeasureOverride(Size availableSize)
   at Avalonia.Layout.Layoutable.MeasureCore(Size availableSize)
   at Avalonia.Layout.Layoutable.Measure(Size availableSize)
   at Avalonia.Controls.Grid.MeasureCell(Int32 cell, Boolean forceInfinityV)
   at Avalonia.Controls.Grid.MeasureCellsGroup(Int32 cellsHead, Boolean ignoreDesiredSizeU, Boolean forceInfinityV, Boolean& hasDesiredSizeUChanged)
   at Avalonia.Controls.Grid.MeasureCellsGroup(Int32 cellsHead, Boolean ignoreDesiredSizeU, Boolean forceInfinityV)
   at Avalonia.Controls.Grid.MeasureOverride(Size constraint)
   at Avalonia.Layout.Layoutable.MeasureCore(Size availableSize)
   at Avalonia.Layout.Layoutable.Measure(Size availableSize)
   at Avalonia.Controls.Grid.MeasureCell(Int32 cell, Boolean forceInfinityV)
   at Avalonia.Controls.Grid.MeasureCellsGroup(Int32 cellsHead, Boolean ignoreDesiredSizeU, Boolean forceInfinityV, Boolean& hasDesiredSizeUChanged)
   at Avalonia.Controls.Grid.MeasureCellsGroup(Int32 cellsHead, Boolean ignoreDesiredSizeU, Boolean forceInfinityV)
   at Avalonia.Controls.Grid.MeasureOverride(Size constraint)
   at Avalonia.Layout.Layoutable.MeasureCore(Size availableSize)
   at Avalonia.Layout.Layoutable.Measure(Size availableSize)
   at Avalonia.Layout.LayoutHelper.MeasureChild(Layoutable control, Size availableSize, Thickness padding, Thickness borderThickness)
   at Avalonia.Controls.Presenters.ContentPresenter.MeasureOverride(Size availableSize)
   at Avalonia.Layout.Layoutable.MeasureCore(Size availableSize)
   at Avalonia.Layout.Layoutable.Measure(Size availableSize)
   at Avalonia.Layout.LayoutHelper.MeasureChild(Layoutable control, Size availableSize, Thickness padding)
   at Avalonia.Controls.Decorator.MeasureOverride(Size availableSize)
   at Avalonia.Controls.Primitives.VisualLayerManager.MeasureOverride(Size availableSize)
   at Avalonia.Layout.Layoutable.MeasureCore(Size availableSize)
   at Avalonia.Layout.Layoutable.Measure(Size availableSize)
   at Avalonia.Layout.Layoutable.MeasureOverride(Size availableSize)
   at Avalonia.Layout.Layoutable.MeasureCore(Size availableSize)
   at Avalonia.Layout.Layoutable.Measure(Size availableSize)
   at Avalonia.Layout.Layoutable.MeasureOverride(Size availableSize)
   at Avalonia.Controls.Window.MeasureOverride(Size availableSize)
   at Avalonia.Controls.WindowBase.MeasureCore(Size availableSize)
   at Avalonia.Layout.Layoutable.Measure(Size availableSize)
   at Avalonia.Controls.TopLevelHost.MeasureOverride(Size availableSize)
   at Avalonia.Layout.Layoutable.MeasureCore(Size availableSize)
   at Avalonia.Layout.Layoutable.Measure(Size availableSize)
   at Avalonia.Layout.LayoutManager.Measure(Layoutable control)
   at Avalonia.Layout.LayoutManager.ExecuteInitialLayoutPass()
   at Avalonia.Controls.Window.ShowCore[TResult](Window owner, Boolean modal)
   at Avalonia.Controls.Window.Show()
   at HavenOS.Images.Tests.ImageJourneyTests.CropEditorRendersAtNormalAndMinimumWindowSizesWithAccessibleEmptyState() in /workspace/team-c-c5-b-picture-eec-closure-provisional/9to1 Workspace/Picture/Tests/ImageJourneyTests.cs:line 354
   at System.Reflection.MethodBaseInvoker.InterpretedInvoke_Method(Object obj, IntPtr* args)
   at System.Reflection.MethodBaseInvoker.InvokeWithNoArgs(Object obj, BindingFlags invokeAttr)
  Failed HavenOS.Images.Tests.ImageJourneyTests.PngExportAppliesMetadataPrivacyModeAndNeverChangesTheSource [221 ms]
  Error Message:
   Assert.Equal() Failure: Values differ
Expected: None
Actual:   XMP | Png
  Stack Trace:
     at HavenOS.Images.Tests.ImageJourneyTests.PngExportAppliesMetadataPrivacyModeAndNeverChangesTheSource() in /workspace/team-c-c5-b-picture-eec-closure-provisional/9to1 Workspace/Picture/Tests/ImageJourneyTests.cs:line 333
--- End of stack trace from previous location ---
Results File: /workspace/team-c-resume-evidence/c5-b-pr6-receiving/picture-owning-normal-release/test-results/picture-owning-normal.trx

Failed!  - Failed:     2, Passed:    21, Skipped:     0, Total:    23, Duration: 1 s - HavenOS.Images.Tests.dll (net10.0)
