{
  "qualification": "Offline capability fault probes; fictional sentinel, DB receipt stub, no credentials or provider queries",
  "observations": [
    {
      "kind": "transport",
      "requests": 1,
      "externalTypedErrorRetained": false,
      "sentinelInMessage": false,
      "safeCode": "ProviderReadTransportFailed",
      "retryable": true
    },
    {
      "kind": "stream",
      "requests": 1,
      "externalTypedErrorRetained": false,
      "sentinelInMessage": false,
      "safeCode": "ProviderReadResponseInvalid",
      "retryable": false
    },
    {
      "kind": "database",
      "requests": 0,
      "externalTypedErrorRetained": false,
      "sentinelInMessage": false,
      "safeCode": "ProviderReadPersistenceUnavailable",
      "retryable": true
    },
    {
      "kind": "clock",
      "requests": 0,
      "externalTypedErrorRetained": false,
      "sentinelInMessage": false,
      "safeCode": "ProviderReadPersistenceUnavailable",
      "retryable": true
    }
  ]
}
