{"control":"caller-mutation","sent":{"expectedRevision":7,"fields":{"name":"Changed while token pending","accountId":"22222222-2222-4222-8222-222222222222"}},"resultCode":"ACCEPTED"}
{"control":"revision-increment","expectedRevision":7,"returnedRevision":7,"resultCode":"ACCEPTED"}
✖ validated caller profile fields are snapshotted before token await (24.368172ms)
✖ profile PATCH success must advance expected revision by exactly one (0.811848ms)
ℹ tests 2
ℹ suites 0
ℹ pass 0
ℹ fail 2
ℹ cancelled 0
ℹ skipped 0
ℹ todo 0
ℹ duration_ms 79.393011

✖ failing tests:

test at team-b-evidence/sol-happy-20261003/b6/auth-profile-review/profile-defect-negative.test.mjs:10:1
✖ validated caller profile fields are snapshotted before token await (24.368172ms)
  AssertionError [ERR_ASSERTION]: Expected values to be strictly deep-equal:
  + actual - expected
  
    {
      expectedRevision: 7,
      fields: {
  +     accountId: '22222222-2222-4222-8222-222222222222',
  +     name: 'Changed while token pending'
  -     name: 'Initial'
      }
    }
  
      at TestContext.<anonymous> (file:///workspace/team-b-evidence/sol-happy-20261003/b6/auth-profile-review/profile-defect-negative.test.mjs:23:10)
      at async Test.run (node:internal/test_runner/test:1389:7)
      at async startSubtestAfterBootstrap (node:internal/test_runner/harness:387:3) {
    generatedMessage: true,
    code: 'ERR_ASSERTION',
    actual: { expectedRevision: 7, fields: { name: 'Changed while token pending', accountId: '22222222-2222-4222-8222-222222222222' } },
    expected: { expectedRevision: 7, fields: { name: 'Initial' } },
    operator: 'deepStrictEqual',
    diff: 'simple'
  }

test at team-b-evidence/sol-happy-20261003/b6/auth-profile-review/profile-defect-negative.test.mjs:25:1
✖ profile PATCH success must advance expected revision by exactly one (0.811848ms)
  AssertionError [ERR_ASSERTION]: Expected values to be strictly equal:
  
  true !== false
  
      at TestContext.<anonymous> (file:///workspace/team-b-evidence/sol-happy-20261003/b6/auth-profile-review/profile-defect-negative.test.mjs:31:19)
      at async Test.run (node:internal/test_runner/test:1389:7)
      at async Test.processPendingSubtests (node:internal/test_runner/test:960:7) {
    generatedMessage: true,
    code: 'ERR_ASSERTION',
    actual: true,
    expected: false,
    operator: 'strictEqual',
    diff: 'simple'
  }
