{
  "state": "PASS_ORIGINAL_PLUGIN_FOUR_DEBUG_RELEASE_PRIVATE_TMPDIR",
  "sourceCommit": "4544d1157afaeb3a50f2042ee6dcc0be78b2d945",
  "expectedPerConfiguration": 4,
  "ordinaryProjects": 7,
  "scope": "Actual original whole ExtensionPluginEndToEndTests class with private TMPDIR; portable temp process-boundary correction only, not Windows/full release/provider acceptance",
  "testFilter": "FullyQualifiedName~Haven.Infrastructure.Tests.ExtensionPluginEndToEndTests",
  "originalTestsUnchanged": true,
  "configurations": [
    {
      "configuration": "Debug",
      "counters": {
        "total": 4,
        "executed": 4,
        "passed": 4,
        "failed": 0,
        "error": 0,
        "timeout": 0,
        "aborted": 0,
        "inconclusive": 0,
        "passedButRunAborted": 0,
        "notRunnable": 0,
        "notExecuted": 0,
        "disconnected": 0,
        "warning": 0,
        "completed": 0,
        "inProgress": 0,
        "pending": 0
      },
      "runtimeFiles": 213,
      "failures": []
    },
    {
      "configuration": "Release",
      "counters": {
        "total": 4,
        "executed": 4,
        "passed": 4,
        "failed": 0,
        "error": 0,
        "timeout": 0,
        "aborted": 0,
        "inconclusive": 0,
        "passedButRunAborted": 0,
        "notRunnable": 0,
        "notExecuted": 0,
        "disconnected": 0,
        "warning": 0,
        "completed": 0,
        "inProgress": 0,
        "pending": 0
      },
      "runtimeFiles": 213,
      "failures": []
    }
  ],
  "sourceInputs": 762,
  "commandFamilies": 17,
  "allCommandFamiliesNormalClosed": true,
  "acceptedScopedFullSuite": true
}
