  CakeOS.Cui.Language -> /workspace/team-c-c5-runtime/artifacts/bin/CakeOS.Cui.Language/release/CakeOS.Cui.Language.dll
  Den -> /workspace/team-c-c5-runtime/artifacts/bin/Den/release/Den.dll
  CakeOS.Cui.Core -> /workspace/team-c-c5-runtime/artifacts/bin/CakeOS.Cui.Core/release/CakeOS.Cui.Core.dll
  Haven.Core -> /workspace/team-c-c5-runtime/artifacts/bin/Haven.Core/release/Haven.Core.dll
  NineToOne.Cui.AI -> /workspace/team-c-c5-runtime/artifacts/bin/NineToOne.Cui.AI/release/NineToOne.Cui.AI.dll
  Haven.Application -> /workspace/team-c-c5-runtime/artifacts/bin/Haven.Application/release/Haven.Application.dll
  Dulche.Runtime -> /workspace/team-c-c5-runtime/artifacts/bin/Dulche.Runtime/release/Dulche.Runtime.dll
  HavenOS.Home -> /workspace/team-c-c5-runtime/artifacts/bin/HavenOS.Home/release/HavenOS.Home.dll
  Haven.Infrastructure -> /workspace/team-c-c5-runtime/artifacts/bin/Haven.Infrastructure/release/Haven.Infrastructure.dll
  C5.DurableJob.Tests -> /workspace/team-c-c5-runtime/artifacts/bin/C5.DurableJob.Tests/release/Haven.Infrastructure.Tests.dll
Test run for /workspace/team-c-c5-runtime/artifacts/bin/C5.DurableJob.Tests/release/Haven.Infrastructure.Tests.dll (.NETCoreApp,Version=v10.0)
A total of 1 test files matched the specified pattern.
[xUnit.net 00:00:00.42]     Haven.Infrastructure.Tests.ExternalAgentDurableCancellationTests.Completion_committed_after_cancel_read_cannot_be_overwritten_by_stale_cancel [FAIL]
  Failed Haven.Infrastructure.Tests.ExternalAgentDurableCancellationTests.Completion_committed_after_cancel_read_cannot_be_overwritten_by_stale_cancel [59 ms]
  Error Message:
   Assert.Equal() Failure: Values differ
Expected: Completed
Actual:   Cancelled
  Stack Trace:
     at Haven.Infrastructure.Tests.ExternalAgentDurableCancellationTests.Completion_committed_after_cancel_read_cannot_be_overwritten_by_stale_cancel() in /workspace/team-c-release/9to1 Workspace/shared/tests/Haven.Infrastructure.Tests/ExternalAgentDurableCancellationTests.cs:line 47
--- End of stack trace from previous location ---
  Standard Output Messages:
 Actual retained database=/workspace/team-c-c5-runtime/Release/databases/actual-task-cc08170c27a14f3b9a4a05b17b3122d2/tasks.db; cancelReturned=True; restoredStatus=Cancelled; result=<null>; idempotency=<null>


Results File: /workspace/team-c-c5-runtime/Release/results/durable-cancel.trx

Failed!  - Failed:     1, Passed:     2, Skipped:     0, Total:     3, Duration: 327 ms - Haven.Infrastructure.Tests.dll (net10.0)
