✔ public preflight accepts exact inventories only; no browser or issuer execution (266.996304ms)
✔ credential-bearing PW debug/preload inheritance is disabled before browser launch (0.153847ms)
✔ invalid explicit candidate refuses before even reading public binding (1.918367ms)
✔ actual CLI invalid candidate redacts errors and precedes private read/PW import/listener (39.328031ms)
✔ mismatched candidate and publication receipt hash refuse (256.067842ms)
✔ unreviewed runner or source contract refuses (0.686225ms)
✔ separate actual test and fixture HEADs refuse a caller-invented label (58.532643ms)
✔ all exact105 source bodies remain required despite separate source identities (1.161318ms)
✔ actual Git body check refuses rehashed working-tree edits (4.269834ms)
✔ redirected selected source refuses before any target contents are read (2.384246ms)
✔ form errors produce fixed categories only, even with credential-bearing text or getters (0.255447ms)
✔ actual canonical Chromium TMPDIR accepts62 UTF8 bytes and refuses63 before spawn (0.295527ms)
✔ actual Unicode TMPDIR is measured by UTF8 bytes rather than character count (0.157012ms)
✔ only exact singleton launch marker survives otherwise private error output (0.189951ms)
✔ fetch receiver probe uses only an invalid absolute URL and redacts both error boundaries (1.639925ms)
✔ fetch receiver probe refuses a supposedly parseable URL before calling any fetch (0.604113ms)
✔ read-only public status observer excludes unknown text and bounds its history (1.237711ms)
✔ changed receiving critical source refuses even if caller rehashes both catalogs (0.603582ms)
✔ before/after source mismatch and recorded source mutation refuse (0.743079ms)
✔ actual full asset body mutation and unlisted asset refuse (505.746622ms)
✔ public asset symlink refuses even if its target bytes match (244.382118ms)
✔ fixture source missing body or caller-rehashed alternate implementation refuses (108.322288ms)
✔ owned private-file contract reads only exact restrictive run, without authenticating (1.015231ms)
✔ foreign path and permissive private mode refuse (0.261967ms)
✔ wrong port, external discovery and non-fictional account refuse (0.686345ms)
✔ private mutation remains an observable failure after read (0.406251ms)
✔ public boundary diagnostics classify callback and each current public endpoint without query retention (0.50012ms)
✔ callback diagnostics distinguish document/fetch methods, HTTP statuses and exact fixed cancellation phase (0.449214ms)
✔ unknown network fields and throwing getters cannot print private errors, URL or failure text (0.203942ms)
✔ console diagnostics retain only fixed startup/resource codes and known origin categories (0.27033ms)
✔ network diagnostics refuse unknown events and bound repeated counts (12.229532ms)
✔ both revised issuer bodies refuse an alternate caller-rehashed fixture implementation (128.725075ms)
✔ private projection witness reports only the four authored labels and fixed known roles (0.654348ms)
✔ actual displayed private text cannot substitute for absent authored labels (0.191363ms)
✔ projection witness never reads unrelated private snapshot or peer properties and leaves input unchanged (0.243199ms)
✔ unknown matched role and throwing name getter produce only fixed diagnostic output (0.247876ms)
✔ projection witness bounds peers and explicitly qualifies truncated label coverage (1.368804ms)
✔ issuer diagnostic distinguishes fixed consent/client/signin/favicon paths with no private query retention (0.409064ms)
✔ actual snapshot wrapper captures the witness only during the original private-read stage and adds no reads (1.359239ms)
ℹ tests 39
ℹ suites 0
ℹ pass 39
ℹ fail 0
ℹ cancelled 0
ℹ skipped 0
ℹ todo 0
ℹ duration_ms 1804.676733
...........
----------------------------------------------------------------------
Ran 11 tests in 0.020s

OK
