  + Exception Group Traceback (most recent call last):
  |   File "/workspace/team-c/c3-admin-driver-validation/.github/scripts/astra-organisation-full-owning.py", line 412, in <module>
  |     if __name__ == '__main__': main()
  |                                ^^^^^^
  |   File "/workspace/team-c/c3-admin-driver-validation/.github/scripts/astra-organisation-full-owning.py", line 409, in main
  |     fail(primary, cleanup)
  |   File "/workspace/team-c/c3-admin-driver-validation/.github/scripts/astra-organisation-full-owning.py", line 40, in fail
  |     if all_errors: raise all_errors[0]
  |                    ^^^^^^^^^^^^^^^^^^^
  |   File "/workspace/team-c/c3-admin-driver-validation/.github/scripts/astra-organisation-full-owning.py", line 310, in main
  |     command(phase + '-build-' + suite['name'], ['dotnet', 'build', suite['project'], '--no-restore', '--disable-build-servers', *managed_props, '-p:TargetFramework=net10.0'])
  |   File "/workspace/team-c/c3-admin-driver-validation/.github/scripts/astra-organisation-full-owning.py", line 178, in command
  |     fail(primary, cleanup)
  |   File "/workspace/team-c/c3-admin-driver-validation/.github/scripts/astra-organisation-full-owning.py", line 39, in fail
  |     if len(all_errors) > 1: raise BaseExceptionGroup('Original SDK/Web and independent custody failures', all_errors)
  |                             ^^^^^^^^^^^^^^^^^^^^^^^^^^^^^^^^^^^^^^^^^^^^^^^^^^^^^^^^^^^^^^^^^^^^^^^^^^^^^^^^^^^^^^^^^
  | ExceptionGroup: Original SDK/Web and independent custody failures (2 sub-exceptions)
  +-+---------------- 1 ----------------
    | Traceback (most recent call last):
    |   File "/workspace/team-c/c3-admin-driver-validation/.github/scripts/astra-organisation-full-owning.py", line 32, in collect
    |     try: return operation()
    |                 ^^^^^^^^^^^
    |   File "/workspace/team-c/c3-admin-driver-validation/.github/scripts/astra-original-native-session-drain.py", line 66, in drain
    |     raise RuntimeError('Original test session did not disappear; keep introduced policy loaded')
    | RuntimeError: Original test session did not disappear; keep introduced policy loaded
    +---------------- 2 ----------------
    | RuntimeError: Same complete original session drain not proven
    +------------------------------------
