{
  "Properties": {
    "MSBuildProjectFullPath": "/workspace/team-c/c3-admin-subreaper-validation/9to1 Workspace/Accounts/Tests/Accounts.Specs.csproj",
    "MSBuildProjectName": "Accounts.Specs",
    "AssemblyName": "Accounts.Specs",
    "TargetPath": "/workspace/team-c/c3-admin-subreaper-validation/artifacts/root14-managed-build/bin/Accounts.Specs/debug_linux-x64/Accounts.Specs.dll",
    "OutputPath": "/workspace/team-c/c3-admin-subreaper-validation/artifacts/root14-managed-build/bin/Accounts.Specs/debug_linux-x64/",
    "Configuration": "Debug",
    "TargetFramework": "net10.0",
    "ProjectAssetsFile": "/workspace/team-c/c3-admin-subreaper-validation/artifacts/root14-managed-build/obj/Accounts.Specs/project.assets.json",
    "MSBuildProjectExtensionsPath": "/workspace/team-c/c3-admin-subreaper-validation/artifacts/root14-managed-build/obj/Accounts.Specs/",
    "AvaloniaBuildTasksLocation": "/workspace/team-c/c3-admin-subreaper-validation/artifacts/root14-host-build-tasks/bin/Avalonia.Build.Tasks/debug/Avalonia.Build.Tasks.dll"
  },
  "Items": {
    "Compile": [
      {
        "Identity": "OrganisationAdministrationSpecs.cs",
        "FullPath": "/workspace/team-c/c3-admin-subreaper-validation/9to1 Workspace/Accounts/Tests/OrganisationAdministrationSpecs.cs",
        "RootDir": "/",
        "Filename": "OrganisationAdministrationSpecs",
        "Extension": ".cs",
        "RelativeDir": "",
        "Directory": "workspace/team-c/c3-admin-subreaper-validation/9to1 Workspace/Accounts/Tests/",
        "RecursiveDir": "",
        "ModifiedTime": "",
        "CreatedTime": "",
        "AccessedTime": "",
        "DefiningProjectFullPath": "/workspace/.tools/dotnet/sdk/10.0.401/Sdks/Microsoft.NET.Sdk/targets/Microsoft.NET.Sdk.DefaultItems.props",
        "DefiningProjectDirectory": "/workspace/.tools/dotnet/sdk/10.0.401/Sdks/Microsoft.NET.Sdk/targets/",
        "DefiningProjectName": "Microsoft.NET.Sdk.DefaultItems",
        "DefiningProjectExtension": ".props"
      },
      {
        "Identity": "OrganisationLifecycleSpecs.cs",
        "FullPath": "/workspace/team-c/c3-admin-subreaper-validation/9to1 Workspace/Accounts/Tests/OrganisationLifecycleSpecs.cs",
        "RootDir": "/",
        "Filename": "OrganisationLifecycleSpecs",
        "Extension": ".cs",
        "RelativeDir": "",
        "Directory": "workspace/team-c/c3-admin-subreaper-validation/9to1 Workspace/Accounts/Tests/",
        "RecursiveDir": "",
        "ModifiedTime": "",
        "CreatedTime": "",
        "AccessedTime": "",
        "DefiningProjectFullPath": "/workspace/.tools/dotnet/sdk/10.0.401/Sdks/Microsoft.NET.Sdk/targets/Microsoft.NET.Sdk.DefaultItems.props",
        "DefiningProjectDirectory": "/workspace/.tools/dotnet/sdk/10.0.401/Sdks/Microsoft.NET.Sdk/targets/",
        "DefiningProjectName": "Microsoft.NET.Sdk.DefaultItems",
        "DefiningProjectExtension": ".props"
      },
      {
        "Identity": "OrganisationRoleAndJobSpecs.cs",
        "FullPath": "/workspace/team-c/c3-admin-subreaper-validation/9to1 Workspace/Accounts/Tests/OrganisationRoleAndJobSpecs.cs",
        "RootDir": "/",
        "Filename": "OrganisationRoleAndJobSpecs",
        "Extension": ".cs",
        "RelativeDir": "",
        "Directory": "workspace/team-c/c3-admin-subreaper-validation/9to1 Workspace/Accounts/Tests/",
        "RecursiveDir": "",
        "ModifiedTime": "",
        "CreatedTime": "",
        "AccessedTime": "",
        "DefiningProjectFullPath": "/workspace/.tools/dotnet/sdk/10.0.401/Sdks/Microsoft.NET.Sdk/targets/Microsoft.NET.Sdk.DefaultItems.props",
        "DefiningProjectDirectory": "/workspace/.tools/dotnet/sdk/10.0.401/Sdks/Microsoft.NET.Sdk/targets/",
        "DefiningProjectName": "Microsoft.NET.Sdk.DefaultItems",
        "DefiningProjectExtension": ".props"
      },
      {
        "Identity": "Program.cs",
        "FullPath": "/workspace/team-c/c3-admin-subreaper-validation/9to1 Workspace/Accounts/Tests/Program.cs",
        "RootDir": "/",
        "Filename": "Program",
        "Extension": ".cs",
        "RelativeDir": "",
        "Directory": "workspace/team-c/c3-admin-subreaper-validation/9to1 Workspace/Accounts/Tests/",
        "RecursiveDir": "",
        "ModifiedTime": "",
        "CreatedTime": "",
        "AccessedTime": "",
        "DefiningProjectFullPath": "/workspace/.tools/dotnet/sdk/10.0.401/Sdks/Microsoft.NET.Sdk/targets/Microsoft.NET.Sdk.DefaultItems.props",
        "DefiningProjectDirectory": "/workspace/.tools/dotnet/sdk/10.0.401/Sdks/Microsoft.NET.Sdk/targets/",
        "DefiningProjectName": "Microsoft.NET.Sdk.DefaultItems",
        "DefiningProjectExtension": ".props"
      }
    ]
  }
}
