{
  "Properties": {
    "MSBuildProjectFullPath": "/workspace/team-c/c3-admin-subreaper-validation/9to1 Workspace/Accounts/NineToOne.Accounts.csproj",
    "MSBuildProjectName": "NineToOne.Accounts",
    "AssemblyName": "NineToOne.Accounts",
    "TargetPath": "/workspace/team-c/c3-admin-subreaper-validation/artifacts/root14-managed-build/bin/NineToOne.Accounts/debug_linux-x64/NineToOne.Accounts.dll",
    "OutputPath": "/workspace/team-c/c3-admin-subreaper-validation/artifacts/root14-managed-build/bin/NineToOne.Accounts/debug_linux-x64/",
    "Configuration": "Debug",
    "TargetFramework": "net10.0",
    "ProjectAssetsFile": "/workspace/team-c/c3-admin-subreaper-validation/artifacts/root14-managed-build/obj/NineToOne.Accounts/project.assets.json",
    "MSBuildProjectExtensionsPath": "/workspace/team-c/c3-admin-subreaper-validation/artifacts/root14-managed-build/obj/NineToOne.Accounts/",
    "AvaloniaBuildTasksLocation": "/workspace/team-c/c3-admin-subreaper-validation/artifacts/root14-host-build-tasks/bin/Avalonia.Build.Tasks/debug/Avalonia.Build.Tasks.dll"
  },
  "Items": {
    "Compile": [
      {
        "Identity": "AccountContractJson.cs",
        "FullPath": "/workspace/team-c/c3-admin-subreaper-validation/9to1 Workspace/Accounts/AccountContractJson.cs",
        "RootDir": "/",
        "Filename": "AccountContractJson",
        "Extension": ".cs",
        "RelativeDir": "",
        "Directory": "workspace/team-c/c3-admin-subreaper-validation/9to1 Workspace/Accounts/",
        "RecursiveDir": "",
        "ModifiedTime": "",
        "CreatedTime": "",
        "AccessedTime": "",
        "DefiningProjectFullPath": "/workspace/.tools/dotnet/sdk/10.0.401/Sdks/Microsoft.NET.Sdk/targets/Microsoft.NET.Sdk.DefaultItems.props",
        "DefiningProjectDirectory": "/workspace/.tools/dotnet/sdk/10.0.401/Sdks/Microsoft.NET.Sdk/targets/",
        "DefiningProjectName": "Microsoft.NET.Sdk.DefaultItems",
        "DefiningProjectExtension": ".props"
      },
      {
        "Identity": "AccountLedger.cs",
        "FullPath": "/workspace/team-c/c3-admin-subreaper-validation/9to1 Workspace/Accounts/AccountLedger.cs",
        "RootDir": "/",
        "Filename": "AccountLedger",
        "Extension": ".cs",
        "RelativeDir": "",
        "Directory": "workspace/team-c/c3-admin-subreaper-validation/9to1 Workspace/Accounts/",
        "RecursiveDir": "",
        "ModifiedTime": "",
        "CreatedTime": "",
        "AccessedTime": "",
        "DefiningProjectFullPath": "/workspace/.tools/dotnet/sdk/10.0.401/Sdks/Microsoft.NET.Sdk/targets/Microsoft.NET.Sdk.DefaultItems.props",
        "DefiningProjectDirectory": "/workspace/.tools/dotnet/sdk/10.0.401/Sdks/Microsoft.NET.Sdk/targets/",
        "DefiningProjectName": "Microsoft.NET.Sdk.DefaultItems",
        "DefiningProjectExtension": ".props"
      },
      {
        "Identity": "Authentication.cs",
        "FullPath": "/workspace/team-c/c3-admin-subreaper-validation/9to1 Workspace/Accounts/Authentication.cs",
        "RootDir": "/",
        "Filename": "Authentication",
        "Extension": ".cs",
        "RelativeDir": "",
        "Directory": "workspace/team-c/c3-admin-subreaper-validation/9to1 Workspace/Accounts/",
        "RecursiveDir": "",
        "ModifiedTime": "",
        "CreatedTime": "",
        "AccessedTime": "",
        "DefiningProjectFullPath": "/workspace/.tools/dotnet/sdk/10.0.401/Sdks/Microsoft.NET.Sdk/targets/Microsoft.NET.Sdk.DefaultItems.props",
        "DefiningProjectDirectory": "/workspace/.tools/dotnet/sdk/10.0.401/Sdks/Microsoft.NET.Sdk/targets/",
        "DefiningProjectName": "Microsoft.NET.Sdk.DefaultItems",
        "DefiningProjectExtension": ".props"
      },
      {
        "Identity": "DurableState.cs",
        "FullPath": "/workspace/team-c/c3-admin-subreaper-validation/9to1 Workspace/Accounts/DurableState.cs",
        "RootDir": "/",
        "Filename": "DurableState",
        "Extension": ".cs",
        "RelativeDir": "",
        "Directory": "workspace/team-c/c3-admin-subreaper-validation/9to1 Workspace/Accounts/",
        "RecursiveDir": "",
        "ModifiedTime": "",
        "CreatedTime": "",
        "AccessedTime": "",
        "DefiningProjectFullPath": "/workspace/.tools/dotnet/sdk/10.0.401/Sdks/Microsoft.NET.Sdk/targets/Microsoft.NET.Sdk.DefaultItems.props",
        "DefiningProjectDirectory": "/workspace/.tools/dotnet/sdk/10.0.401/Sdks/Microsoft.NET.Sdk/targets/",
        "DefiningProjectName": "Microsoft.NET.Sdk.DefaultItems",
        "DefiningProjectExtension": ".props"
      },
      {
        "Identity": "OrganisationAdministration.cs",
        "FullPath": "/workspace/team-c/c3-admin-subreaper-validation/9to1 Workspace/Accounts/OrganisationAdministration.cs",
        "RootDir": "/",
        "Filename": "OrganisationAdministration",
        "Extension": ".cs",
        "RelativeDir": "",
        "Directory": "workspace/team-c/c3-admin-subreaper-validation/9to1 Workspace/Accounts/",
        "RecursiveDir": "",
        "ModifiedTime": "",
        "CreatedTime": "",
        "AccessedTime": "",
        "DefiningProjectFullPath": "/workspace/.tools/dotnet/sdk/10.0.401/Sdks/Microsoft.NET.Sdk/targets/Microsoft.NET.Sdk.DefaultItems.props",
        "DefiningProjectDirectory": "/workspace/.tools/dotnet/sdk/10.0.401/Sdks/Microsoft.NET.Sdk/targets/",
        "DefiningProjectName": "Microsoft.NET.Sdk.DefaultItems",
        "DefiningProjectExtension": ".props"
      },
      {
        "Identity": "OrganisationAdministrationContracts.cs",
        "FullPath": "/workspace/team-c/c3-admin-subreaper-validation/9to1 Workspace/Accounts/OrganisationAdministrationContracts.cs",
        "RootDir": "/",
        "Filename": "OrganisationAdministrationContracts",
        "Extension": ".cs",
        "RelativeDir": "",
        "Directory": "workspace/team-c/c3-admin-subreaper-validation/9to1 Workspace/Accounts/",
        "RecursiveDir": "",
        "ModifiedTime": "",
        "CreatedTime": "",
        "AccessedTime": "",
        "DefiningProjectFullPath": "/workspace/.tools/dotnet/sdk/10.0.401/Sdks/Microsoft.NET.Sdk/targets/Microsoft.NET.Sdk.DefaultItems.props",
        "DefiningProjectDirectory": "/workspace/.tools/dotnet/sdk/10.0.401/Sdks/Microsoft.NET.Sdk/targets/",
        "DefiningProjectName": "Microsoft.NET.Sdk.DefaultItems",
        "DefiningProjectExtension": ".props"
      },
      {
        "Identity": "OrganisationAdminJobs.cs",
        "FullPath": "/workspace/team-c/c3-admin-subreaper-validation/9to1 Workspace/Accounts/OrganisationAdminJobs.cs",
        "RootDir": "/",
        "Filename": "OrganisationAdminJobs",
        "Extension": ".cs",
        "RelativeDir": "",
        "Directory": "workspace/team-c/c3-admin-subreaper-validation/9to1 Workspace/Accounts/",
        "RecursiveDir": "",
        "ModifiedTime": "",
        "CreatedTime": "",
        "AccessedTime": "",
        "DefiningProjectFullPath": "/workspace/.tools/dotnet/sdk/10.0.401/Sdks/Microsoft.NET.Sdk/targets/Microsoft.NET.Sdk.DefaultItems.props",
        "DefiningProjectDirectory": "/workspace/.tools/dotnet/sdk/10.0.401/Sdks/Microsoft.NET.Sdk/targets/",
        "DefiningProjectName": "Microsoft.NET.Sdk.DefaultItems",
        "DefiningProjectExtension": ".props"
      },
      {
        "Identity": "OrganisationAdminOperationContracts.cs",
        "FullPath": "/workspace/team-c/c3-admin-subreaper-validation/9to1 Workspace/Accounts/OrganisationAdminOperationContracts.cs",
        "RootDir": "/",
        "Filename": "OrganisationAdminOperationContracts",
        "Extension": ".cs",
        "RelativeDir": "",
        "Directory": "workspace/team-c/c3-admin-subreaper-validation/9to1 Workspace/Accounts/",
        "RecursiveDir": "",
        "ModifiedTime": "",
        "CreatedTime": "",
        "AccessedTime": "",
        "DefiningProjectFullPath": "/workspace/.tools/dotnet/sdk/10.0.401/Sdks/Microsoft.NET.Sdk/targets/Microsoft.NET.Sdk.DefaultItems.props",
        "DefiningProjectDirectory": "/workspace/.tools/dotnet/sdk/10.0.401/Sdks/Microsoft.NET.Sdk/targets/",
        "DefiningProjectName": "Microsoft.NET.Sdk.DefaultItems",
        "DefiningProjectExtension": ".props"
      },
      {
        "Identity": "OrganisationBilling.cs",
        "FullPath": "/workspace/team-c/c3-admin-subreaper-validation/9to1 Workspace/Accounts/OrganisationBilling.cs",
        "RootDir": "/",
        "Filename": "OrganisationBilling",
        "Extension": ".cs",
        "RelativeDir": "",
        "Directory": "workspace/team-c/c3-admin-subreaper-validation/9to1 Workspace/Accounts/",
        "RecursiveDir": "",
        "ModifiedTime": "",
        "CreatedTime": "",
        "AccessedTime": "",
        "DefiningProjectFullPath": "/workspace/.tools/dotnet/sdk/10.0.401/Sdks/Microsoft.NET.Sdk/targets/Microsoft.NET.Sdk.DefaultItems.props",
        "DefiningProjectDirectory": "/workspace/.tools/dotnet/sdk/10.0.401/Sdks/Microsoft.NET.Sdk/targets/",
        "DefiningProjectName": "Microsoft.NET.Sdk.DefaultItems",
        "DefiningProjectExtension": ".props"
      },
      {
        "Identity": "OrganisationContracts.cs",
        "FullPath": "/workspace/team-c/c3-admin-subreaper-validation/9to1 Workspace/Accounts/OrganisationContracts.cs",
        "RootDir": "/",
        "Filename": "OrganisationContracts",
        "Extension": ".cs",
        "RelativeDir": "",
        "Directory": "workspace/team-c/c3-admin-subreaper-validation/9to1 Workspace/Accounts/",
        "RecursiveDir": "",
        "ModifiedTime": "",
        "CreatedTime": "",
        "AccessedTime": "",
        "DefiningProjectFullPath": "/workspace/.tools/dotnet/sdk/10.0.401/Sdks/Microsoft.NET.Sdk/targets/Microsoft.NET.Sdk.DefaultItems.props",
        "DefiningProjectDirectory": "/workspace/.tools/dotnet/sdk/10.0.401/Sdks/Microsoft.NET.Sdk/targets/",
        "DefiningProjectName": "Microsoft.NET.Sdk.DefaultItems",
        "DefiningProjectExtension": ".props"
      },
      {
        "Identity": "OrganisationDustPools.cs",
        "FullPath": "/workspace/team-c/c3-admin-subreaper-validation/9to1 Workspace/Accounts/OrganisationDustPools.cs",
        "RootDir": "/",
        "Filename": "OrganisationDustPools",
        "Extension": ".cs",
        "RelativeDir": "",
        "Directory": "workspace/team-c/c3-admin-subreaper-validation/9to1 Workspace/Accounts/",
        "RecursiveDir": "",
        "ModifiedTime": "",
        "CreatedTime": "",
        "AccessedTime": "",
        "DefiningProjectFullPath": "/workspace/.tools/dotnet/sdk/10.0.401/Sdks/Microsoft.NET.Sdk/targets/Microsoft.NET.Sdk.DefaultItems.props",
        "DefiningProjectDirectory": "/workspace/.tools/dotnet/sdk/10.0.401/Sdks/Microsoft.NET.Sdk/targets/",
        "DefiningProjectName": "Microsoft.NET.Sdk.DefaultItems",
        "DefiningProjectExtension": ".props"
      },
      {
        "Identity": "OrganisationLifecycle.cs",
        "FullPath": "/workspace/team-c/c3-admin-subreaper-validation/9to1 Workspace/Accounts/OrganisationLifecycle.cs",
        "RootDir": "/",
        "Filename": "OrganisationLifecycle",
        "Extension": ".cs",
        "RelativeDir": "",
        "Directory": "workspace/team-c/c3-admin-subreaper-validation/9to1 Workspace/Accounts/",
        "RecursiveDir": "",
        "ModifiedTime": "",
        "CreatedTime": "",
        "AccessedTime": "",
        "DefiningProjectFullPath": "/workspace/.tools/dotnet/sdk/10.0.401/Sdks/Microsoft.NET.Sdk/targets/Microsoft.NET.Sdk.DefaultItems.props",
        "DefiningProjectDirectory": "/workspace/.tools/dotnet/sdk/10.0.401/Sdks/Microsoft.NET.Sdk/targets/",
        "DefiningProjectName": "Microsoft.NET.Sdk.DefaultItems",
        "DefiningProjectExtension": ".props"
      },
      {
        "Identity": "OrganisationOwningOperation.cs",
        "FullPath": "/workspace/team-c/c3-admin-subreaper-validation/9to1 Workspace/Accounts/OrganisationOwningOperation.cs",
        "RootDir": "/",
        "Filename": "OrganisationOwningOperation",
        "Extension": ".cs",
        "RelativeDir": "",
        "Directory": "workspace/team-c/c3-admin-subreaper-validation/9to1 Workspace/Accounts/",
        "RecursiveDir": "",
        "ModifiedTime": "",
        "CreatedTime": "",
        "AccessedTime": "",
        "DefiningProjectFullPath": "/workspace/.tools/dotnet/sdk/10.0.401/Sdks/Microsoft.NET.Sdk/targets/Microsoft.NET.Sdk.DefaultItems.props",
        "DefiningProjectDirectory": "/workspace/.tools/dotnet/sdk/10.0.401/Sdks/Microsoft.NET.Sdk/targets/",
        "DefiningProjectName": "Microsoft.NET.Sdk.DefaultItems",
        "DefiningProjectExtension": ".props"
      },
      {
        "Identity": "OrganisationRoleAdministration.cs",
        "FullPath": "/workspace/team-c/c3-admin-subreaper-validation/9to1 Workspace/Accounts/OrganisationRoleAdministration.cs",
        "RootDir": "/",
        "Filename": "OrganisationRoleAdministration",
        "Extension": ".cs",
        "RelativeDir": "",
        "Directory": "workspace/team-c/c3-admin-subreaper-validation/9to1 Workspace/Accounts/",
        "RecursiveDir": "",
        "ModifiedTime": "",
        "CreatedTime": "",
        "AccessedTime": "",
        "DefiningProjectFullPath": "/workspace/.tools/dotnet/sdk/10.0.401/Sdks/Microsoft.NET.Sdk/targets/Microsoft.NET.Sdk.DefaultItems.props",
        "DefiningProjectDirectory": "/workspace/.tools/dotnet/sdk/10.0.401/Sdks/Microsoft.NET.Sdk/targets/",
        "DefiningProjectName": "Microsoft.NET.Sdk.DefaultItems",
        "DefiningProjectExtension": ".props"
      },
      {
        "Identity": "OrganisationRollover.cs",
        "FullPath": "/workspace/team-c/c3-admin-subreaper-validation/9to1 Workspace/Accounts/OrganisationRollover.cs",
        "RootDir": "/",
        "Filename": "OrganisationRollover",
        "Extension": ".cs",
        "RelativeDir": "",
        "Directory": "workspace/team-c/c3-admin-subreaper-validation/9to1 Workspace/Accounts/",
        "RecursiveDir": "",
        "ModifiedTime": "",
        "CreatedTime": "",
        "AccessedTime": "",
        "DefiningProjectFullPath": "/workspace/.tools/dotnet/sdk/10.0.401/Sdks/Microsoft.NET.Sdk/targets/Microsoft.NET.Sdk.DefaultItems.props",
        "DefiningProjectDirectory": "/workspace/.tools/dotnet/sdk/10.0.401/Sdks/Microsoft.NET.Sdk/targets/",
        "DefiningProjectName": "Microsoft.NET.Sdk.DefaultItems",
        "DefiningProjectExtension": ".props"
      },
      {
        "Identity": "OrganisationService.cs",
        "FullPath": "/workspace/team-c/c3-admin-subreaper-validation/9to1 Workspace/Accounts/OrganisationService.cs",
        "RootDir": "/",
        "Filename": "OrganisationService",
        "Extension": ".cs",
        "RelativeDir": "",
        "Directory": "workspace/team-c/c3-admin-subreaper-validation/9to1 Workspace/Accounts/",
        "RecursiveDir": "",
        "ModifiedTime": "",
        "CreatedTime": "",
        "AccessedTime": "",
        "DefiningProjectFullPath": "/workspace/.tools/dotnet/sdk/10.0.401/Sdks/Microsoft.NET.Sdk/targets/Microsoft.NET.Sdk.DefaultItems.props",
        "DefiningProjectDirectory": "/workspace/.tools/dotnet/sdk/10.0.401/Sdks/Microsoft.NET.Sdk/targets/",
        "DefiningProjectName": "Microsoft.NET.Sdk.DefaultItems",
        "DefiningProjectExtension": ".props"
      },
      {
        "Identity": "OrganisationUsageContracts.cs",
        "FullPath": "/workspace/team-c/c3-admin-subreaper-validation/9to1 Workspace/Accounts/OrganisationUsageContracts.cs",
        "RootDir": "/",
        "Filename": "OrganisationUsageContracts",
        "Extension": ".cs",
        "RelativeDir": "",
        "Directory": "workspace/team-c/c3-admin-subreaper-validation/9to1 Workspace/Accounts/",
        "RecursiveDir": "",
        "ModifiedTime": "",
        "CreatedTime": "",
        "AccessedTime": "",
        "DefiningProjectFullPath": "/workspace/.tools/dotnet/sdk/10.0.401/Sdks/Microsoft.NET.Sdk/targets/Microsoft.NET.Sdk.DefaultItems.props",
        "DefiningProjectDirectory": "/workspace/.tools/dotnet/sdk/10.0.401/Sdks/Microsoft.NET.Sdk/targets/",
        "DefiningProjectName": "Microsoft.NET.Sdk.DefaultItems",
        "DefiningProjectExtension": ".props"
      },
      {
        "Identity": "OrganisationUsageReports.cs",
        "FullPath": "/workspace/team-c/c3-admin-subreaper-validation/9to1 Workspace/Accounts/OrganisationUsageReports.cs",
        "RootDir": "/",
        "Filename": "OrganisationUsageReports",
        "Extension": ".cs",
        "RelativeDir": "",
        "Directory": "workspace/team-c/c3-admin-subreaper-validation/9to1 Workspace/Accounts/",
        "RecursiveDir": "",
        "ModifiedTime": "",
        "CreatedTime": "",
        "AccessedTime": "",
        "DefiningProjectFullPath": "/workspace/.tools/dotnet/sdk/10.0.401/Sdks/Microsoft.NET.Sdk/targets/Microsoft.NET.Sdk.DefaultItems.props",
        "DefiningProjectDirectory": "/workspace/.tools/dotnet/sdk/10.0.401/Sdks/Microsoft.NET.Sdk/targets/",
        "DefiningProjectName": "Microsoft.NET.Sdk.DefaultItems",
        "DefiningProjectExtension": ".props"
      },
      {
        "Identity": "Profiles.cs",
        "FullPath": "/workspace/team-c/c3-admin-subreaper-validation/9to1 Workspace/Accounts/Profiles.cs",
        "RootDir": "/",
        "Filename": "Profiles",
        "Extension": ".cs",
        "RelativeDir": "",
        "Directory": "workspace/team-c/c3-admin-subreaper-validation/9to1 Workspace/Accounts/",
        "RecursiveDir": "",
        "ModifiedTime": "",
        "CreatedTime": "",
        "AccessedTime": "",
        "DefiningProjectFullPath": "/workspace/.tools/dotnet/sdk/10.0.401/Sdks/Microsoft.NET.Sdk/targets/Microsoft.NET.Sdk.DefaultItems.props",
        "DefiningProjectDirectory": "/workspace/.tools/dotnet/sdk/10.0.401/Sdks/Microsoft.NET.Sdk/targets/",
        "DefiningProjectName": "Microsoft.NET.Sdk.DefaultItems",
        "DefiningProjectExtension": ".props"
      },
      {
        "Identity": "Subscription.cs",
        "FullPath": "/workspace/team-c/c3-admin-subreaper-validation/9to1 Workspace/Accounts/Subscription.cs",
        "RootDir": "/",
        "Filename": "Subscription",
        "Extension": ".cs",
        "RelativeDir": "",
        "Directory": "workspace/team-c/c3-admin-subreaper-validation/9to1 Workspace/Accounts/",
        "RecursiveDir": "",
        "ModifiedTime": "",
        "CreatedTime": "",
        "AccessedTime": "",
        "DefiningProjectFullPath": "/workspace/.tools/dotnet/sdk/10.0.401/Sdks/Microsoft.NET.Sdk/targets/Microsoft.NET.Sdk.DefaultItems.props",
        "DefiningProjectDirectory": "/workspace/.tools/dotnet/sdk/10.0.401/Sdks/Microsoft.NET.Sdk/targets/",
        "DefiningProjectName": "Microsoft.NET.Sdk.DefaultItems",
        "DefiningProjectExtension": ".props"
      },
      {
        "Identity": "SubscriptionBuilder.cs",
        "FullPath": "/workspace/team-c/c3-admin-subreaper-validation/9to1 Workspace/Accounts/SubscriptionBuilder.cs",
        "RootDir": "/",
        "Filename": "SubscriptionBuilder",
        "Extension": ".cs",
        "RelativeDir": "",
        "Directory": "workspace/team-c/c3-admin-subreaper-validation/9to1 Workspace/Accounts/",
        "RecursiveDir": "",
        "ModifiedTime": "",
        "CreatedTime": "",
        "AccessedTime": "",
        "DefiningProjectFullPath": "/workspace/.tools/dotnet/sdk/10.0.401/Sdks/Microsoft.NET.Sdk/targets/Microsoft.NET.Sdk.DefaultItems.props",
        "DefiningProjectDirectory": "/workspace/.tools/dotnet/sdk/10.0.401/Sdks/Microsoft.NET.Sdk/targets/",
        "DefiningProjectName": "Microsoft.NET.Sdk.DefaultItems",
        "DefiningProjectExtension": ".props"
      },
      {
        "Identity": "SubscriptionPurchases.cs",
        "FullPath": "/workspace/team-c/c3-admin-subreaper-validation/9to1 Workspace/Accounts/SubscriptionPurchases.cs",
        "RootDir": "/",
        "Filename": "SubscriptionPurchases",
        "Extension": ".cs",
        "RelativeDir": "",
        "Directory": "workspace/team-c/c3-admin-subreaper-validation/9to1 Workspace/Accounts/",
        "RecursiveDir": "",
        "ModifiedTime": "",
        "CreatedTime": "",
        "AccessedTime": "",
        "DefiningProjectFullPath": "/workspace/.tools/dotnet/sdk/10.0.401/Sdks/Microsoft.NET.Sdk/targets/Microsoft.NET.Sdk.DefaultItems.props",
        "DefiningProjectDirectory": "/workspace/.tools/dotnet/sdk/10.0.401/Sdks/Microsoft.NET.Sdk/targets/",
        "DefiningProjectName": "Microsoft.NET.Sdk.DefaultItems",
        "DefiningProjectExtension": ".props"
      },
      {
        "Identity": "SubscriptionQuotes.cs",
        "FullPath": "/workspace/team-c/c3-admin-subreaper-validation/9to1 Workspace/Accounts/SubscriptionQuotes.cs",
        "RootDir": "/",
        "Filename": "SubscriptionQuotes",
        "Extension": ".cs",
        "RelativeDir": "",
        "Directory": "workspace/team-c/c3-admin-subreaper-validation/9to1 Workspace/Accounts/",
        "RecursiveDir": "",
        "ModifiedTime": "",
        "CreatedTime": "",
        "AccessedTime": "",
        "DefiningProjectFullPath": "/workspace/.tools/dotnet/sdk/10.0.401/Sdks/Microsoft.NET.Sdk/targets/Microsoft.NET.Sdk.DefaultItems.props",
        "DefiningProjectDirectory": "/workspace/.tools/dotnet/sdk/10.0.401/Sdks/Microsoft.NET.Sdk/targets/",
        "DefiningProjectName": "Microsoft.NET.Sdk.DefaultItems",
        "DefiningProjectExtension": ".props"
      }
    ]
  }
}
