{
  "Properties": {
    "MSBuildProjectFullPath": "/workspace/team-c/c3-admin-custody-validation/9to1 Models/Dulche Alpha/Den.csproj",
    "MSBuildProjectName": "Den",
    "AssemblyName": "Den",
    "TargetPath": "/workspace/team-c/c3-admin-custody-validation/artifacts/root14-managed-build/bin/Den/debug_linux-x64/Den.dll",
    "OutputPath": "/workspace/team-c/c3-admin-custody-validation/artifacts/root14-managed-build/bin/Den/debug_linux-x64/",
    "Configuration": "Debug",
    "TargetFramework": "net10.0",
    "ProjectAssetsFile": "/workspace/team-c/c3-admin-custody-validation/artifacts/root14-managed-build/obj/Den/project.assets.json",
    "MSBuildProjectExtensionsPath": "/workspace/team-c/c3-admin-custody-validation/artifacts/root14-managed-build/obj/Den/",
    "AvaloniaBuildTasksLocation": "/workspace/team-c/c3-admin-custody-validation/artifacts/root14-host-build-tasks/bin/Avalonia.Build.Tasks/debug/Avalonia.Build.Tasks.dll",
    "EmitCompilerGeneratedFiles": "true",
    "IntermediateOutputPath": "/workspace/team-c/c3-admin-custody-validation/artifacts/root14-managed-build/obj/Den/debug_linux-x64/",
    "CompilerGeneratedFilesOutputPath": "/workspace/team-c/c3-admin-custody-validation/artifacts/root14-managed-build/obj/Den/debug_linux-x64//generated",
    "ArtifactsPath": "/workspace/team-c/c3-admin-custody-validation/artifacts/root14-managed-build",
    "ArtifactsProjectName": "Den",
    "BaseIntermediateOutputPath": "/workspace/team-c/c3-admin-custody-validation/artifacts/root14-managed-build/obj/Den/"
  },
  "Items": {
    "Compile": [
      {
        "Identity": "Domain/AgentPresentation.cs",
        "FullPath": "/workspace/team-c/c3-admin-custody-validation/9to1 Models/Dulche Alpha/Domain/AgentPresentation.cs",
        "RootDir": "/",
        "Filename": "AgentPresentation",
        "Extension": ".cs",
        "RelativeDir": "Domain/",
        "Directory": "workspace/team-c/c3-admin-custody-validation/9to1 Models/Dulche Alpha/Domain/",
        "RecursiveDir": "",
        "ModifiedTime": "",
        "CreatedTime": "",
        "AccessedTime": "",
        "DefiningProjectFullPath": "/workspace/team-c/c3-admin-custody-validation/9to1 Models/Dulche Alpha/Den.csproj",
        "DefiningProjectDirectory": "/workspace/team-c/c3-admin-custody-validation/9to1 Models/Dulche Alpha/",
        "DefiningProjectName": "Den",
        "DefiningProjectExtension": ".csproj"
      },
      {
        "Identity": "Domain/DenRecords.cs",
        "FullPath": "/workspace/team-c/c3-admin-custody-validation/9to1 Models/Dulche Alpha/Domain/DenRecords.cs",
        "RootDir": "/",
        "Filename": "DenRecords",
        "Extension": ".cs",
        "RelativeDir": "Domain/",
        "Directory": "workspace/team-c/c3-admin-custody-validation/9to1 Models/Dulche Alpha/Domain/",
        "RecursiveDir": "",
        "ModifiedTime": "",
        "CreatedTime": "",
        "AccessedTime": "",
        "DefiningProjectFullPath": "/workspace/team-c/c3-admin-custody-validation/9to1 Models/Dulche Alpha/Den.csproj",
        "DefiningProjectDirectory": "/workspace/team-c/c3-admin-custody-validation/9to1 Models/Dulche Alpha/",
        "DefiningProjectName": "Den",
        "DefiningProjectExtension": ".csproj"
      },
      {
        "Identity": "Catalogue/LocalModelRegistry.cs",
        "FullPath": "/workspace/team-c/c3-admin-custody-validation/9to1 Models/Dulche Alpha/Catalogue/LocalModelRegistry.cs",
        "RootDir": "/",
        "Filename": "LocalModelRegistry",
        "Extension": ".cs",
        "RelativeDir": "Catalogue/",
        "Directory": "workspace/team-c/c3-admin-custody-validation/9to1 Models/Dulche Alpha/Catalogue/",
        "RecursiveDir": "",
        "ModifiedTime": "",
        "CreatedTime": "",
        "AccessedTime": "",
        "DefiningProjectFullPath": "/workspace/team-c/c3-admin-custody-validation/9to1 Models/Dulche Alpha/Den.csproj",
        "DefiningProjectDirectory": "/workspace/team-c/c3-admin-custody-validation/9to1 Models/Dulche Alpha/",
        "DefiningProjectName": "Den",
        "DefiningProjectExtension": ".csproj"
      },
      {
        "Identity": "Storage/DenStore.cs",
        "FullPath": "/workspace/team-c/c3-admin-custody-validation/9to1 Models/Dulche Alpha/Storage/DenStore.cs",
        "RootDir": "/",
        "Filename": "DenStore",
        "Extension": ".cs",
        "RelativeDir": "Storage/",
        "Directory": "workspace/team-c/c3-admin-custody-validation/9to1 Models/Dulche Alpha/Storage/",
        "RecursiveDir": "",
        "ModifiedTime": "",
        "CreatedTime": "",
        "AccessedTime": "",
        "DefiningProjectFullPath": "/workspace/team-c/c3-admin-custody-validation/9to1 Models/Dulche Alpha/Den.csproj",
        "DefiningProjectDirectory": "/workspace/team-c/c3-admin-custody-validation/9to1 Models/Dulche Alpha/",
        "DefiningProjectName": "Den",
        "DefiningProjectExtension": ".csproj"
      },
      {
        "Identity": "Services/AgentPresentationService.cs",
        "FullPath": "/workspace/team-c/c3-admin-custody-validation/9to1 Models/Dulche Alpha/Services/AgentPresentationService.cs",
        "RootDir": "/",
        "Filename": "AgentPresentationService",
        "Extension": ".cs",
        "RelativeDir": "Services/",
        "Directory": "workspace/team-c/c3-admin-custody-validation/9to1 Models/Dulche Alpha/Services/",
        "RecursiveDir": "",
        "ModifiedTime": "",
        "CreatedTime": "",
        "AccessedTime": "",
        "DefiningProjectFullPath": "/workspace/team-c/c3-admin-custody-validation/9to1 Models/Dulche Alpha/Den.csproj",
        "DefiningProjectDirectory": "/workspace/team-c/c3-admin-custody-validation/9to1 Models/Dulche Alpha/",
        "DefiningProjectName": "Den",
        "DefiningProjectExtension": ".csproj"
      },
      {
        "Identity": "Services/DenAgentPresentationAssets.cs",
        "FullPath": "/workspace/team-c/c3-admin-custody-validation/9to1 Models/Dulche Alpha/Services/DenAgentPresentationAssets.cs",
        "RootDir": "/",
        "Filename": "DenAgentPresentationAssets",
        "Extension": ".cs",
        "RelativeDir": "Services/",
        "Directory": "workspace/team-c/c3-admin-custody-validation/9to1 Models/Dulche Alpha/Services/",
        "RecursiveDir": "",
        "ModifiedTime": "",
        "CreatedTime": "",
        "AccessedTime": "",
        "DefiningProjectFullPath": "/workspace/team-c/c3-admin-custody-validation/9to1 Models/Dulche Alpha/Den.csproj",
        "DefiningProjectDirectory": "/workspace/team-c/c3-admin-custody-validation/9to1 Models/Dulche Alpha/",
        "DefiningProjectName": "Den",
        "DefiningProjectExtension": ".csproj"
      },
      {
        "Identity": "Services/DulcheDen.cs",
        "FullPath": "/workspace/team-c/c3-admin-custody-validation/9to1 Models/Dulche Alpha/Services/DulcheDen.cs",
        "RootDir": "/",
        "Filename": "DulcheDen",
        "Extension": ".cs",
        "RelativeDir": "Services/",
        "Directory": "workspace/team-c/c3-admin-custody-validation/9to1 Models/Dulche Alpha/Services/",
        "RecursiveDir": "",
        "ModifiedTime": "",
        "CreatedTime": "",
        "AccessedTime": "",
        "DefiningProjectFullPath": "/workspace/team-c/c3-admin-custody-validation/9to1 Models/Dulche Alpha/Den.csproj",
        "DefiningProjectDirectory": "/workspace/team-c/c3-admin-custody-validation/9to1 Models/Dulche Alpha/",
        "DefiningProjectName": "Den",
        "DefiningProjectExtension": ".csproj"
      },
      {
        "Identity": "/workspace/team-c/c3-admin-custody-validation/artifacts/root14-managed-build/obj/Den/debug_linux-x64/Den.GlobalUsings.g.cs",
        "FullPath": "/workspace/team-c/c3-admin-custody-validation/artifacts/root14-managed-build/obj/Den/debug_linux-x64/Den.GlobalUsings.g.cs",
        "RootDir": "/",
        "Filename": "Den.GlobalUsings.g",
        "Extension": ".cs",
        "RelativeDir": "/workspace/team-c/c3-admin-custody-validation/artifacts/root14-managed-build/obj/Den/debug_linux-x64/",
        "Directory": "workspace/team-c/c3-admin-custody-validation/artifacts/root14-managed-build/obj/Den/debug_linux-x64/",
        "RecursiveDir": "",
        "ModifiedTime": "2026-10-03 22:27:05.9426713",
        "CreatedTime": "2026-10-03 22:27:05.9426713",
        "AccessedTime": "2026-10-03 22:27:06.1203029",
        "DefiningProjectFullPath": "/workspace/.tools/dotnet/sdk/10.0.401/Sdks/Microsoft.NET.Sdk/targets/Microsoft.NET.GenerateGlobalUsings.targets",
        "DefiningProjectDirectory": "/workspace/.tools/dotnet/sdk/10.0.401/Sdks/Microsoft.NET.Sdk/targets/",
        "DefiningProjectName": "Microsoft.NET.GenerateGlobalUsings",
        "DefiningProjectExtension": ".targets"
      },
      {
        "Identity": "/workspace/team-c/c3-admin-custody-validation/artifacts/root14-managed-build/obj/Den/debug_linux-x64/.NETCoreApp,Version=v10.0.AssemblyAttributes.cs",
        "FullPath": "/workspace/team-c/c3-admin-custody-validation/artifacts/root14-managed-build/obj/Den/debug_linux-x64/.NETCoreApp,Version=v10.0.AssemblyAttributes.cs",
        "RootDir": "/",
        "Filename": ".NETCoreApp,Version=v10.0.AssemblyAttributes",
        "Extension": ".cs",
        "RelativeDir": "/workspace/team-c/c3-admin-custody-validation/artifacts/root14-managed-build/obj/Den/debug_linux-x64/",
        "Directory": "workspace/team-c/c3-admin-custody-validation/artifacts/root14-managed-build/obj/Den/debug_linux-x64/",
        "RecursiveDir": "",
        "ModifiedTime": "2026-10-03 22:27:05.9623815",
        "CreatedTime": "2026-10-03 22:27:05.9623815",
        "AccessedTime": "2026-10-03 22:27:06.1243030",
        "DefiningProjectFullPath": "/workspace/.tools/dotnet/sdk/10.0.401/Microsoft.Common.CurrentVersion.targets",
        "DefiningProjectDirectory": "/workspace/.tools/dotnet/sdk/10.0.401/",
        "DefiningProjectName": "Microsoft.Common.CurrentVersion",
        "DefiningProjectExtension": ".targets"
      },
      {
        "Identity": "/workspace/team-c/c3-admin-custody-validation/artifacts/root14-managed-build/obj/Den/debug_linux-x64/Den.AssemblyInfo.cs",
        "FullPath": "/workspace/team-c/c3-admin-custody-validation/artifacts/root14-managed-build/obj/Den/debug_linux-x64/Den.AssemblyInfo.cs",
        "RootDir": "/",
        "Filename": "Den.AssemblyInfo",
        "Extension": ".cs",
        "RelativeDir": "/workspace/team-c/c3-admin-custody-validation/artifacts/root14-managed-build/obj/Den/debug_linux-x64/",
        "Directory": "workspace/team-c/c3-admin-custody-validation/artifacts/root14-managed-build/obj/Den/debug_linux-x64/",
        "RecursiveDir": "",
        "ModifiedTime": "2026-10-03 22:27:05.9641029",
        "CreatedTime": "2026-10-03 22:27:05.9641029",
        "AccessedTime": "2026-10-03 22:27:06.1243030",
        "DefiningProjectFullPath": "/workspace/.tools/dotnet/sdk/10.0.401/Sdks/Microsoft.NET.Sdk/targets/Microsoft.NET.GenerateAssemblyInfo.targets",
        "DefiningProjectDirectory": "/workspace/.tools/dotnet/sdk/10.0.401/Sdks/Microsoft.NET.Sdk/targets/",
        "DefiningProjectName": "Microsoft.NET.GenerateAssemblyInfo",
        "DefiningProjectExtension": ".targets"
      }
    ]
  }
}
