{
  "Properties": {
    "MSBuildProjectFullPath": "/workspace/team-c/c3-admin-custody-validation/9to1 Workspace/Accounts/Remote/NineToOne.Accounts.Remote.csproj",
    "MSBuildProjectName": "NineToOne.Accounts.Remote",
    "AssemblyName": "NineToOne.Accounts.Remote",
    "TargetPath": "/workspace/team-c/c3-admin-custody-validation/artifacts/root14-managed-build/bin/NineToOne.Accounts.Remote/debug_linux-x64/NineToOne.Accounts.Remote.dll",
    "OutputPath": "/workspace/team-c/c3-admin-custody-validation/artifacts/root14-managed-build/bin/NineToOne.Accounts.Remote/debug_linux-x64/",
    "Configuration": "Debug",
    "TargetFramework": "net10.0",
    "ProjectAssetsFile": "/workspace/team-c/c3-admin-custody-validation/artifacts/root14-managed-build/obj/NineToOne.Accounts.Remote/project.assets.json",
    "MSBuildProjectExtensionsPath": "/workspace/team-c/c3-admin-custody-validation/artifacts/root14-managed-build/obj/NineToOne.Accounts.Remote/",
    "AvaloniaBuildTasksLocation": "/workspace/team-c/c3-admin-custody-validation/artifacts/root14-host-build-tasks/bin/Avalonia.Build.Tasks/debug/Avalonia.Build.Tasks.dll",
    "EmitCompilerGeneratedFiles": "true",
    "IntermediateOutputPath": "/workspace/team-c/c3-admin-custody-validation/artifacts/root14-managed-build/obj/NineToOne.Accounts.Remote/debug_linux-x64/",
    "CompilerGeneratedFilesOutputPath": "/workspace/team-c/c3-admin-custody-validation/artifacts/root14-managed-build/obj/NineToOne.Accounts.Remote/debug_linux-x64//generated",
    "ArtifactsPath": "/workspace/team-c/c3-admin-custody-validation/artifacts/root14-managed-build",
    "ArtifactsProjectName": "NineToOne.Accounts.Remote",
    "BaseIntermediateOutputPath": "/workspace/team-c/c3-admin-custody-validation/artifacts/root14-managed-build/obj/NineToOne.Accounts.Remote/"
  },
  "Items": {
    "Compile": [
      {
        "Identity": "AssemblyInfo.cs",
        "FullPath": "/workspace/team-c/c3-admin-custody-validation/9to1 Workspace/Accounts/Remote/AssemblyInfo.cs",
        "RootDir": "/",
        "Filename": "AssemblyInfo",
        "Extension": ".cs",
        "RelativeDir": "",
        "Directory": "workspace/team-c/c3-admin-custody-validation/9to1 Workspace/Accounts/Remote/",
        "RecursiveDir": "",
        "ModifiedTime": "",
        "CreatedTime": "",
        "AccessedTime": "",
        "DefiningProjectFullPath": "/workspace/team-c/c3-admin-custody-validation/9to1 Workspace/Accounts/Remote/NineToOne.Accounts.Remote.csproj",
        "DefiningProjectDirectory": "/workspace/team-c/c3-admin-custody-validation/9to1 Workspace/Accounts/Remote/",
        "DefiningProjectName": "NineToOne.Accounts.Remote",
        "DefiningProjectExtension": ".csproj"
      },
      {
        "Identity": "BoundedIssuerKeysSource.cs",
        "FullPath": "/workspace/team-c/c3-admin-custody-validation/9to1 Workspace/Accounts/Remote/BoundedIssuerKeysSource.cs",
        "RootDir": "/",
        "Filename": "BoundedIssuerKeysSource",
        "Extension": ".cs",
        "RelativeDir": "",
        "Directory": "workspace/team-c/c3-admin-custody-validation/9to1 Workspace/Accounts/Remote/",
        "RecursiveDir": "",
        "ModifiedTime": "",
        "CreatedTime": "",
        "AccessedTime": "",
        "DefiningProjectFullPath": "/workspace/team-c/c3-admin-custody-validation/9to1 Workspace/Accounts/Remote/NineToOne.Accounts.Remote.csproj",
        "DefiningProjectDirectory": "/workspace/team-c/c3-admin-custody-validation/9to1 Workspace/Accounts/Remote/",
        "DefiningProjectName": "NineToOne.Accounts.Remote",
        "DefiningProjectExtension": ".csproj"
      },
      {
        "Identity": "IdentityModelIssuerReader.cs",
        "FullPath": "/workspace/team-c/c3-admin-custody-validation/9to1 Workspace/Accounts/Remote/IdentityModelIssuerReader.cs",
        "RootDir": "/",
        "Filename": "IdentityModelIssuerReader",
        "Extension": ".cs",
        "RelativeDir": "",
        "Directory": "workspace/team-c/c3-admin-custody-validation/9to1 Workspace/Accounts/Remote/",
        "RecursiveDir": "",
        "ModifiedTime": "",
        "CreatedTime": "",
        "AccessedTime": "",
        "DefiningProjectFullPath": "/workspace/team-c/c3-admin-custody-validation/9to1 Workspace/Accounts/Remote/NineToOne.Accounts.Remote.csproj",
        "DefiningProjectDirectory": "/workspace/team-c/c3-admin-custody-validation/9to1 Workspace/Accounts/Remote/",
        "DefiningProjectName": "NineToOne.Accounts.Remote",
        "DefiningProjectExtension": ".csproj"
      },
      {
        "Identity": "OidcPublicClient.cs",
        "FullPath": "/workspace/team-c/c3-admin-custody-validation/9to1 Workspace/Accounts/Remote/OidcPublicClient.cs",
        "RootDir": "/",
        "Filename": "OidcPublicClient",
        "Extension": ".cs",
        "RelativeDir": "",
        "Directory": "workspace/team-c/c3-admin-custody-validation/9to1 Workspace/Accounts/Remote/",
        "RecursiveDir": "",
        "ModifiedTime": "",
        "CreatedTime": "",
        "AccessedTime": "",
        "DefiningProjectFullPath": "/workspace/team-c/c3-admin-custody-validation/9to1 Workspace/Accounts/Remote/NineToOne.Accounts.Remote.csproj",
        "DefiningProjectDirectory": "/workspace/team-c/c3-admin-custody-validation/9to1 Workspace/Accounts/Remote/",
        "DefiningProjectName": "NineToOne.Accounts.Remote",
        "DefiningProjectExtension": ".csproj"
      },
      {
        "Identity": "OidcResourceConsumer.cs",
        "FullPath": "/workspace/team-c/c3-admin-custody-validation/9to1 Workspace/Accounts/Remote/OidcResourceConsumer.cs",
        "RootDir": "/",
        "Filename": "OidcResourceConsumer",
        "Extension": ".cs",
        "RelativeDir": "",
        "Directory": "workspace/team-c/c3-admin-custody-validation/9to1 Workspace/Accounts/Remote/",
        "RecursiveDir": "",
        "ModifiedTime": "",
        "CreatedTime": "",
        "AccessedTime": "",
        "DefiningProjectFullPath": "/workspace/team-c/c3-admin-custody-validation/9to1 Workspace/Accounts/Remote/NineToOne.Accounts.Remote.csproj",
        "DefiningProjectDirectory": "/workspace/team-c/c3-admin-custody-validation/9to1 Workspace/Accounts/Remote/",
        "DefiningProjectName": "NineToOne.Accounts.Remote",
        "DefiningProjectExtension": ".csproj"
      },
      {
        "Identity": "WorkerAccountApiClient.cs",
        "FullPath": "/workspace/team-c/c3-admin-custody-validation/9to1 Workspace/Accounts/Remote/WorkerAccountApiClient.cs",
        "RootDir": "/",
        "Filename": "WorkerAccountApiClient",
        "Extension": ".cs",
        "RelativeDir": "",
        "Directory": "workspace/team-c/c3-admin-custody-validation/9to1 Workspace/Accounts/Remote/",
        "RecursiveDir": "",
        "ModifiedTime": "",
        "CreatedTime": "",
        "AccessedTime": "",
        "DefiningProjectFullPath": "/workspace/team-c/c3-admin-custody-validation/9to1 Workspace/Accounts/Remote/NineToOne.Accounts.Remote.csproj",
        "DefiningProjectDirectory": "/workspace/team-c/c3-admin-custody-validation/9to1 Workspace/Accounts/Remote/",
        "DefiningProjectName": "NineToOne.Accounts.Remote",
        "DefiningProjectExtension": ".csproj"
      },
      {
        "Identity": "/workspace/team-c/c3-admin-custody-validation/artifacts/root14-managed-build/obj/NineToOne.Accounts.Remote/debug_linux-x64/NineToOne.Accounts.Remote.GlobalUsings.g.cs",
        "FullPath": "/workspace/team-c/c3-admin-custody-validation/artifacts/root14-managed-build/obj/NineToOne.Accounts.Remote/debug_linux-x64/NineToOne.Accounts.Remote.GlobalUsings.g.cs",
        "RootDir": "/",
        "Filename": "NineToOne.Accounts.Remote.GlobalUsings.g",
        "Extension": ".cs",
        "RelativeDir": "/workspace/team-c/c3-admin-custody-validation/artifacts/root14-managed-build/obj/NineToOne.Accounts.Remote/debug_linux-x64/",
        "Directory": "workspace/team-c/c3-admin-custody-validation/artifacts/root14-managed-build/obj/NineToOne.Accounts.Remote/debug_linux-x64/",
        "RecursiveDir": "",
        "ModifiedTime": "2026-10-03 22:26:43.3556685",
        "CreatedTime": "2026-10-03 22:26:43.3556685",
        "AccessedTime": "2026-10-03 22:26:43.5796747",
        "DefiningProjectFullPath": "/workspace/.tools/dotnet/sdk/10.0.401/Sdks/Microsoft.NET.Sdk/targets/Microsoft.NET.GenerateGlobalUsings.targets",
        "DefiningProjectDirectory": "/workspace/.tools/dotnet/sdk/10.0.401/Sdks/Microsoft.NET.Sdk/targets/",
        "DefiningProjectName": "Microsoft.NET.GenerateGlobalUsings",
        "DefiningProjectExtension": ".targets"
      },
      {
        "Identity": "/workspace/team-c/c3-admin-custody-validation/artifacts/root14-managed-build/obj/NineToOne.Accounts.Remote/debug_linux-x64/.NETCoreApp,Version=v10.0.AssemblyAttributes.cs",
        "FullPath": "/workspace/team-c/c3-admin-custody-validation/artifacts/root14-managed-build/obj/NineToOne.Accounts.Remote/debug_linux-x64/.NETCoreApp,Version=v10.0.AssemblyAttributes.cs",
        "RootDir": "/",
        "Filename": ".NETCoreApp,Version=v10.0.AssemblyAttributes",
        "Extension": ".cs",
        "RelativeDir": "/workspace/team-c/c3-admin-custody-validation/artifacts/root14-managed-build/obj/NineToOne.Accounts.Remote/debug_linux-x64/",
        "Directory": "workspace/team-c/c3-admin-custody-validation/artifacts/root14-managed-build/obj/NineToOne.Accounts.Remote/debug_linux-x64/",
        "RecursiveDir": "",
        "ModifiedTime": "2026-10-03 22:26:43.4149845",
        "CreatedTime": "2026-10-03 22:26:43.4149845",
        "AccessedTime": "2026-10-03 22:26:43.6036754",
        "DefiningProjectFullPath": "/workspace/.tools/dotnet/sdk/10.0.401/Microsoft.Common.CurrentVersion.targets",
        "DefiningProjectDirectory": "/workspace/.tools/dotnet/sdk/10.0.401/",
        "DefiningProjectName": "Microsoft.Common.CurrentVersion",
        "DefiningProjectExtension": ".targets"
      },
      {
        "Identity": "/workspace/team-c/c3-admin-custody-validation/artifacts/root14-managed-build/obj/NineToOne.Accounts.Remote/debug_linux-x64/NineToOne.Accounts.Remote.AssemblyInfo.cs",
        "FullPath": "/workspace/team-c/c3-admin-custody-validation/artifacts/root14-managed-build/obj/NineToOne.Accounts.Remote/debug_linux-x64/NineToOne.Accounts.Remote.AssemblyInfo.cs",
        "RootDir": "/",
        "Filename": "NineToOne.Accounts.Remote.AssemblyInfo",
        "Extension": ".cs",
        "RelativeDir": "/workspace/team-c/c3-admin-custody-validation/artifacts/root14-managed-build/obj/NineToOne.Accounts.Remote/debug_linux-x64/",
        "Directory": "workspace/team-c/c3-admin-custody-validation/artifacts/root14-managed-build/obj/NineToOne.Accounts.Remote/debug_linux-x64/",
        "RecursiveDir": "",
        "ModifiedTime": "2026-10-03 22:26:43.4276705",
        "CreatedTime": "2026-10-03 22:26:43.4276705",
        "AccessedTime": "2026-10-03 22:26:43.6036754",
        "DefiningProjectFullPath": "/workspace/.tools/dotnet/sdk/10.0.401/Sdks/Microsoft.NET.Sdk/targets/Microsoft.NET.GenerateAssemblyInfo.targets",
        "DefiningProjectDirectory": "/workspace/.tools/dotnet/sdk/10.0.401/Sdks/Microsoft.NET.Sdk/targets/",
        "DefiningProjectName": "Microsoft.NET.GenerateAssemblyInfo",
        "DefiningProjectExtension": ".targets"
      }
    ]
  }
}
