{
  "Properties": {
    "MSBuildProjectFullPath": "/workspace/team-c/c3-admin-custody-validation/9to1 Workspace/Accounts/Tests/OrgPools.Specs.csproj",
    "MSBuildProjectName": "OrgPools.Specs",
    "AssemblyName": "OrgPools.Specs",
    "TargetPath": "/workspace/team-c/c3-admin-custody-validation/artifacts/root14-managed-build/bin/OrgPools.Specs/debug_linux-x64/OrgPools.Specs.dll",
    "OutputPath": "/workspace/team-c/c3-admin-custody-validation/artifacts/root14-managed-build/bin/OrgPools.Specs/debug_linux-x64/",
    "Configuration": "Debug",
    "TargetFramework": "net10.0",
    "ProjectAssetsFile": "/workspace/team-c/c3-admin-custody-validation/artifacts/root14-managed-build/obj/OrgPools.Specs/project.assets.json",
    "MSBuildProjectExtensionsPath": "/workspace/team-c/c3-admin-custody-validation/artifacts/root14-managed-build/obj/OrgPools.Specs/",
    "AvaloniaBuildTasksLocation": "/workspace/team-c/c3-admin-custody-validation/artifacts/root14-host-build-tasks/bin/Avalonia.Build.Tasks/debug/Avalonia.Build.Tasks.dll",
    "EmitCompilerGeneratedFiles": "true",
    "IntermediateOutputPath": "/workspace/team-c/c3-admin-custody-validation/artifacts/root14-managed-build/obj/OrgPools.Specs/debug_linux-x64/",
    "CompilerGeneratedFilesOutputPath": "/workspace/team-c/c3-admin-custody-validation/artifacts/root14-managed-build/obj/OrgPools.Specs/debug_linux-x64//generated",
    "ArtifactsPath": "/workspace/team-c/c3-admin-custody-validation/artifacts/root14-managed-build",
    "ArtifactsProjectName": "OrgPools.Specs",
    "BaseIntermediateOutputPath": "/workspace/team-c/c3-admin-custody-validation/artifacts/root14-managed-build/obj/OrgPools.Specs/"
  },
  "Items": {
    "Compile": [
      {
        "Identity": "OrgPoolsProgram.cs",
        "FullPath": "/workspace/team-c/c3-admin-custody-validation/9to1 Workspace/Accounts/Tests/OrgPoolsProgram.cs",
        "RootDir": "/",
        "Filename": "OrgPoolsProgram",
        "Extension": ".cs",
        "RelativeDir": "",
        "Directory": "workspace/team-c/c3-admin-custody-validation/9to1 Workspace/Accounts/Tests/",
        "RecursiveDir": "",
        "ModifiedTime": "",
        "CreatedTime": "",
        "AccessedTime": "",
        "DefiningProjectFullPath": "/workspace/team-c/c3-admin-custody-validation/9to1 Workspace/Accounts/Tests/OrgPools.Specs.csproj",
        "DefiningProjectDirectory": "/workspace/team-c/c3-admin-custody-validation/9to1 Workspace/Accounts/Tests/",
        "DefiningProjectName": "OrgPools.Specs",
        "DefiningProjectExtension": ".csproj"
      },
      {
        "Identity": "/workspace/team-c/c3-admin-custody-validation/artifacts/root14-managed-build/obj/OrgPools.Specs/debug_linux-x64/OrgPools.Specs.GlobalUsings.g.cs",
        "FullPath": "/workspace/team-c/c3-admin-custody-validation/artifacts/root14-managed-build/obj/OrgPools.Specs/debug_linux-x64/OrgPools.Specs.GlobalUsings.g.cs",
        "RootDir": "/",
        "Filename": "OrgPools.Specs.GlobalUsings.g",
        "Extension": ".cs",
        "RelativeDir": "/workspace/team-c/c3-admin-custody-validation/artifacts/root14-managed-build/obj/OrgPools.Specs/debug_linux-x64/",
        "Directory": "workspace/team-c/c3-admin-custody-validation/artifacts/root14-managed-build/obj/OrgPools.Specs/debug_linux-x64/",
        "RecursiveDir": "",
        "ModifiedTime": "2026-10-03 22:26:38.7795411",
        "CreatedTime": "2026-10-03 22:26:38.7795411",
        "AccessedTime": "2026-10-03 22:26:39.2795550",
        "DefiningProjectFullPath": "/workspace/.tools/dotnet/sdk/10.0.401/Sdks/Microsoft.NET.Sdk/targets/Microsoft.NET.GenerateGlobalUsings.targets",
        "DefiningProjectDirectory": "/workspace/.tools/dotnet/sdk/10.0.401/Sdks/Microsoft.NET.Sdk/targets/",
        "DefiningProjectName": "Microsoft.NET.GenerateGlobalUsings",
        "DefiningProjectExtension": ".targets"
      },
      {
        "Identity": "/workspace/team-c/c3-admin-custody-validation/artifacts/root14-managed-build/obj/OrgPools.Specs/debug_linux-x64/.NETCoreApp,Version=v10.0.AssemblyAttributes.cs",
        "FullPath": "/workspace/team-c/c3-admin-custody-validation/artifacts/root14-managed-build/obj/OrgPools.Specs/debug_linux-x64/.NETCoreApp,Version=v10.0.AssemblyAttributes.cs",
        "RootDir": "/",
        "Filename": ".NETCoreApp,Version=v10.0.AssemblyAttributes",
        "Extension": ".cs",
        "RelativeDir": "/workspace/team-c/c3-admin-custody-validation/artifacts/root14-managed-build/obj/OrgPools.Specs/debug_linux-x64/",
        "Directory": "workspace/team-c/c3-admin-custody-validation/artifacts/root14-managed-build/obj/OrgPools.Specs/debug_linux-x64/",
        "RecursiveDir": "",
        "ModifiedTime": "2026-10-03 22:26:39.1203153",
        "CreatedTime": "2026-10-03 22:26:39.1203153",
        "AccessedTime": "2026-10-03 22:26:39.2795550",
        "DefiningProjectFullPath": "/workspace/.tools/dotnet/sdk/10.0.401/Microsoft.Common.CurrentVersion.targets",
        "DefiningProjectDirectory": "/workspace/.tools/dotnet/sdk/10.0.401/",
        "DefiningProjectName": "Microsoft.Common.CurrentVersion",
        "DefiningProjectExtension": ".targets"
      },
      {
        "Identity": "/workspace/team-c/c3-admin-custody-validation/artifacts/root14-managed-build/obj/OrgPools.Specs/debug_linux-x64/OrgPools.Specs.AssemblyInfo.cs",
        "FullPath": "/workspace/team-c/c3-admin-custody-validation/artifacts/root14-managed-build/obj/OrgPools.Specs/debug_linux-x64/OrgPools.Specs.AssemblyInfo.cs",
        "RootDir": "/",
        "Filename": "OrgPools.Specs.AssemblyInfo",
        "Extension": ".cs",
        "RelativeDir": "/workspace/team-c/c3-admin-custody-validation/artifacts/root14-managed-build/obj/OrgPools.Specs/debug_linux-x64/",
        "Directory": "workspace/team-c/c3-admin-custody-validation/artifacts/root14-managed-build/obj/OrgPools.Specs/debug_linux-x64/",
        "RecursiveDir": "",
        "ModifiedTime": "2026-10-03 22:26:39.1315509",
        "CreatedTime": "2026-10-03 22:26:39.1315509",
        "AccessedTime": "2026-10-03 22:26:39.2795550",
        "DefiningProjectFullPath": "/workspace/.tools/dotnet/sdk/10.0.401/Sdks/Microsoft.NET.Sdk/targets/Microsoft.NET.GenerateAssemblyInfo.targets",
        "DefiningProjectDirectory": "/workspace/.tools/dotnet/sdk/10.0.401/Sdks/Microsoft.NET.Sdk/targets/",
        "DefiningProjectName": "Microsoft.NET.GenerateAssemblyInfo",
        "DefiningProjectExtension": ".targets"
      }
    ]
  }
}
