{
  "Properties": {
    "MSBuildProjectFullPath": "/workspace/team-c/c3-admin-custody-validation/9to1 Models/Dulche Alpha/Dulche.Runtime.csproj",
    "MSBuildProjectName": "Dulche.Runtime",
    "AssemblyName": "Dulche.Runtime",
    "TargetPath": "/workspace/team-c/c3-admin-custody-validation/artifacts/root14-managed-build/bin/Dulche.Runtime/debug_linux-x64/Dulche.Runtime.dll",
    "OutputPath": "/workspace/team-c/c3-admin-custody-validation/artifacts/root14-managed-build/bin/Dulche.Runtime/debug_linux-x64/",
    "Configuration": "Debug",
    "TargetFramework": "net10.0",
    "ProjectAssetsFile": "/workspace/team-c/c3-admin-custody-validation/artifacts/root14-managed-build/obj/Dulche.Runtime/project.assets.json",
    "MSBuildProjectExtensionsPath": "/workspace/team-c/c3-admin-custody-validation/artifacts/root14-managed-build/obj/Dulche.Runtime/",
    "AvaloniaBuildTasksLocation": "/workspace/team-c/c3-admin-custody-validation/artifacts/root14-host-build-tasks/bin/Avalonia.Build.Tasks/debug/Avalonia.Build.Tasks.dll",
    "EmitCompilerGeneratedFiles": "true",
    "IntermediateOutputPath": "/workspace/team-c/c3-admin-custody-validation/artifacts/root14-managed-build/obj/Dulche.Runtime/debug_linux-x64/",
    "CompilerGeneratedFilesOutputPath": "/workspace/team-c/c3-admin-custody-validation/artifacts/root14-managed-build/obj/Dulche.Runtime/debug_linux-x64//generated",
    "ArtifactsPath": "/workspace/team-c/c3-admin-custody-validation/artifacts/root14-managed-build",
    "ArtifactsProjectName": "Dulche.Runtime",
    "BaseIntermediateOutputPath": "/workspace/team-c/c3-admin-custody-validation/artifacts/root14-managed-build/obj/Dulche.Runtime/"
  },
  "Items": {
    "Compile": [
      {
        "Identity": "Contracts.cs",
        "FullPath": "/workspace/team-c/c3-admin-custody-validation/9to1 Models/Dulche Alpha/Contracts.cs",
        "RootDir": "/",
        "Filename": "Contracts",
        "Extension": ".cs",
        "RelativeDir": "",
        "Directory": "workspace/team-c/c3-admin-custody-validation/9to1 Models/Dulche Alpha/",
        "RecursiveDir": "",
        "ModifiedTime": "",
        "CreatedTime": "",
        "AccessedTime": "",
        "DefiningProjectFullPath": "/workspace/team-c/c3-admin-custody-validation/9to1 Models/Dulche Alpha/Dulche.Runtime.csproj",
        "DefiningProjectDirectory": "/workspace/team-c/c3-admin-custody-validation/9to1 Models/Dulche Alpha/",
        "DefiningProjectName": "Dulche.Runtime",
        "DefiningProjectExtension": ".csproj"
      },
      {
        "Identity": "ToolRegistry.cs",
        "FullPath": "/workspace/team-c/c3-admin-custody-validation/9to1 Models/Dulche Alpha/ToolRegistry.cs",
        "RootDir": "/",
        "Filename": "ToolRegistry",
        "Extension": ".cs",
        "RelativeDir": "",
        "Directory": "workspace/team-c/c3-admin-custody-validation/9to1 Models/Dulche Alpha/",
        "RecursiveDir": "",
        "ModifiedTime": "",
        "CreatedTime": "",
        "AccessedTime": "",
        "DefiningProjectFullPath": "/workspace/team-c/c3-admin-custody-validation/9to1 Models/Dulche Alpha/Dulche.Runtime.csproj",
        "DefiningProjectDirectory": "/workspace/team-c/c3-admin-custody-validation/9to1 Models/Dulche Alpha/",
        "DefiningProjectName": "Dulche.Runtime",
        "DefiningProjectExtension": ".csproj"
      },
      {
        "Identity": "ModelRouteRegistry.cs",
        "FullPath": "/workspace/team-c/c3-admin-custody-validation/9to1 Models/Dulche Alpha/ModelRouteRegistry.cs",
        "RootDir": "/",
        "Filename": "ModelRouteRegistry",
        "Extension": ".cs",
        "RelativeDir": "",
        "Directory": "workspace/team-c/c3-admin-custody-validation/9to1 Models/Dulche Alpha/",
        "RecursiveDir": "",
        "ModifiedTime": "",
        "CreatedTime": "",
        "AccessedTime": "",
        "DefiningProjectFullPath": "/workspace/team-c/c3-admin-custody-validation/9to1 Models/Dulche Alpha/Dulche.Runtime.csproj",
        "DefiningProjectDirectory": "/workspace/team-c/c3-admin-custody-validation/9to1 Models/Dulche Alpha/",
        "DefiningProjectName": "Dulche.Runtime",
        "DefiningProjectExtension": ".csproj"
      },
      {
        "Identity": "ModelRouteResolver.cs",
        "FullPath": "/workspace/team-c/c3-admin-custody-validation/9to1 Models/Dulche Alpha/ModelRouteResolver.cs",
        "RootDir": "/",
        "Filename": "ModelRouteResolver",
        "Extension": ".cs",
        "RelativeDir": "",
        "Directory": "workspace/team-c/c3-admin-custody-validation/9to1 Models/Dulche Alpha/",
        "RecursiveDir": "",
        "ModifiedTime": "",
        "CreatedTime": "",
        "AccessedTime": "",
        "DefiningProjectFullPath": "/workspace/team-c/c3-admin-custody-validation/9to1 Models/Dulche Alpha/Dulche.Runtime.csproj",
        "DefiningProjectDirectory": "/workspace/team-c/c3-admin-custody-validation/9to1 Models/Dulche Alpha/",
        "DefiningProjectName": "Dulche.Runtime",
        "DefiningProjectExtension": ".csproj"
      },
      {
        "Identity": "Runtime.cs",
        "FullPath": "/workspace/team-c/c3-admin-custody-validation/9to1 Models/Dulche Alpha/Runtime.cs",
        "RootDir": "/",
        "Filename": "Runtime",
        "Extension": ".cs",
        "RelativeDir": "",
        "Directory": "workspace/team-c/c3-admin-custody-validation/9to1 Models/Dulche Alpha/",
        "RecursiveDir": "",
        "ModifiedTime": "",
        "CreatedTime": "",
        "AccessedTime": "",
        "DefiningProjectFullPath": "/workspace/team-c/c3-admin-custody-validation/9to1 Models/Dulche Alpha/Dulche.Runtime.csproj",
        "DefiningProjectDirectory": "/workspace/team-c/c3-admin-custody-validation/9to1 Models/Dulche Alpha/",
        "DefiningProjectName": "Dulche.Runtime",
        "DefiningProjectExtension": ".csproj"
      },
      {
        "Identity": "ActionSecurity.cs",
        "FullPath": "/workspace/team-c/c3-admin-custody-validation/9to1 Models/Dulche Alpha/ActionSecurity.cs",
        "RootDir": "/",
        "Filename": "ActionSecurity",
        "Extension": ".cs",
        "RelativeDir": "",
        "Directory": "workspace/team-c/c3-admin-custody-validation/9to1 Models/Dulche Alpha/",
        "RecursiveDir": "",
        "ModifiedTime": "",
        "CreatedTime": "",
        "AccessedTime": "",
        "DefiningProjectFullPath": "/workspace/team-c/c3-admin-custody-validation/9to1 Models/Dulche Alpha/Dulche.Runtime.csproj",
        "DefiningProjectDirectory": "/workspace/team-c/c3-admin-custody-validation/9to1 Models/Dulche Alpha/",
        "DefiningProjectName": "Dulche.Runtime",
        "DefiningProjectExtension": ".csproj"
      },
      {
        "Identity": "TranslateContracts.cs",
        "FullPath": "/workspace/team-c/c3-admin-custody-validation/9to1 Models/Dulche Alpha/TranslateContracts.cs",
        "RootDir": "/",
        "Filename": "TranslateContracts",
        "Extension": ".cs",
        "RelativeDir": "",
        "Directory": "workspace/team-c/c3-admin-custody-validation/9to1 Models/Dulche Alpha/",
        "RecursiveDir": "",
        "ModifiedTime": "",
        "CreatedTime": "",
        "AccessedTime": "",
        "DefiningProjectFullPath": "/workspace/team-c/c3-admin-custody-validation/9to1 Models/Dulche Alpha/Dulche.Runtime.csproj",
        "DefiningProjectDirectory": "/workspace/team-c/c3-admin-custody-validation/9to1 Models/Dulche Alpha/",
        "DefiningProjectName": "Dulche.Runtime",
        "DefiningProjectExtension": ".csproj"
      },
      {
        "Identity": "TranslateRepository.cs",
        "FullPath": "/workspace/team-c/c3-admin-custody-validation/9to1 Models/Dulche Alpha/TranslateRepository.cs",
        "RootDir": "/",
        "Filename": "TranslateRepository",
        "Extension": ".cs",
        "RelativeDir": "",
        "Directory": "workspace/team-c/c3-admin-custody-validation/9to1 Models/Dulche Alpha/",
        "RecursiveDir": "",
        "ModifiedTime": "",
        "CreatedTime": "",
        "AccessedTime": "",
        "DefiningProjectFullPath": "/workspace/team-c/c3-admin-custody-validation/9to1 Models/Dulche Alpha/Dulche.Runtime.csproj",
        "DefiningProjectDirectory": "/workspace/team-c/c3-admin-custody-validation/9to1 Models/Dulche Alpha/",
        "DefiningProjectName": "Dulche.Runtime",
        "DefiningProjectExtension": ".csproj"
      },
      {
        "Identity": "LanguageResolver.cs",
        "FullPath": "/workspace/team-c/c3-admin-custody-validation/9to1 Models/Dulche Alpha/LanguageResolver.cs",
        "RootDir": "/",
        "Filename": "LanguageResolver",
        "Extension": ".cs",
        "RelativeDir": "",
        "Directory": "workspace/team-c/c3-admin-custody-validation/9to1 Models/Dulche Alpha/",
        "RecursiveDir": "",
        "ModifiedTime": "",
        "CreatedTime": "",
        "AccessedTime": "",
        "DefiningProjectFullPath": "/workspace/team-c/c3-admin-custody-validation/9to1 Models/Dulche Alpha/Dulche.Runtime.csproj",
        "DefiningProjectDirectory": "/workspace/team-c/c3-admin-custody-validation/9to1 Models/Dulche Alpha/",
        "DefiningProjectName": "Dulche.Runtime",
        "DefiningProjectExtension": ".csproj"
      },
      {
        "Identity": "DulcheTranslateRuntime.cs",
        "FullPath": "/workspace/team-c/c3-admin-custody-validation/9to1 Models/Dulche Alpha/DulcheTranslateRuntime.cs",
        "RootDir": "/",
        "Filename": "DulcheTranslateRuntime",
        "Extension": ".cs",
        "RelativeDir": "",
        "Directory": "workspace/team-c/c3-admin-custody-validation/9to1 Models/Dulche Alpha/",
        "RecursiveDir": "",
        "ModifiedTime": "",
        "CreatedTime": "",
        "AccessedTime": "",
        "DefiningProjectFullPath": "/workspace/team-c/c3-admin-custody-validation/9to1 Models/Dulche Alpha/Dulche.Runtime.csproj",
        "DefiningProjectDirectory": "/workspace/team-c/c3-admin-custody-validation/9to1 Models/Dulche Alpha/",
        "DefiningProjectName": "Dulche.Runtime",
        "DefiningProjectExtension": ".csproj"
      },
      {
        "Identity": "Agents/AgentBudgetLedger.cs",
        "FullPath": "/workspace/team-c/c3-admin-custody-validation/9to1 Models/Dulche Alpha/Agents/AgentBudgetLedger.cs",
        "RootDir": "/",
        "Filename": "AgentBudgetLedger",
        "Extension": ".cs",
        "RelativeDir": "Agents/",
        "Directory": "workspace/team-c/c3-admin-custody-validation/9to1 Models/Dulche Alpha/Agents/",
        "RecursiveDir": "",
        "ModifiedTime": "",
        "CreatedTime": "",
        "AccessedTime": "",
        "DefiningProjectFullPath": "/workspace/team-c/c3-admin-custody-validation/9to1 Models/Dulche Alpha/Dulche.Runtime.csproj",
        "DefiningProjectDirectory": "/workspace/team-c/c3-admin-custody-validation/9to1 Models/Dulche Alpha/",
        "DefiningProjectName": "Dulche.Runtime",
        "DefiningProjectExtension": ".csproj"
      },
      {
        "Identity": "Agents/AgentContracts.cs",
        "FullPath": "/workspace/team-c/c3-admin-custody-validation/9to1 Models/Dulche Alpha/Agents/AgentContracts.cs",
        "RootDir": "/",
        "Filename": "AgentContracts",
        "Extension": ".cs",
        "RelativeDir": "Agents/",
        "Directory": "workspace/team-c/c3-admin-custody-validation/9to1 Models/Dulche Alpha/Agents/",
        "RecursiveDir": "",
        "ModifiedTime": "",
        "CreatedTime": "",
        "AccessedTime": "",
        "DefiningProjectFullPath": "/workspace/team-c/c3-admin-custody-validation/9to1 Models/Dulche Alpha/Dulche.Runtime.csproj",
        "DefiningProjectDirectory": "/workspace/team-c/c3-admin-custody-validation/9to1 Models/Dulche Alpha/",
        "DefiningProjectName": "Dulche.Runtime",
        "DefiningProjectExtension": ".csproj"
      },
      {
        "Identity": "Agents/AgentExecutionPorts.cs",
        "FullPath": "/workspace/team-c/c3-admin-custody-validation/9to1 Models/Dulche Alpha/Agents/AgentExecutionPorts.cs",
        "RootDir": "/",
        "Filename": "AgentExecutionPorts",
        "Extension": ".cs",
        "RelativeDir": "Agents/",
        "Directory": "workspace/team-c/c3-admin-custody-validation/9to1 Models/Dulche Alpha/Agents/",
        "RecursiveDir": "",
        "ModifiedTime": "",
        "CreatedTime": "",
        "AccessedTime": "",
        "DefiningProjectFullPath": "/workspace/team-c/c3-admin-custody-validation/9to1 Models/Dulche Alpha/Dulche.Runtime.csproj",
        "DefiningProjectDirectory": "/workspace/team-c/c3-admin-custody-validation/9to1 Models/Dulche Alpha/",
        "DefiningProjectName": "Dulche.Runtime",
        "DefiningProjectExtension": ".csproj"
      },
      {
        "Identity": "Agents/AgentExecutionService.cs",
        "FullPath": "/workspace/team-c/c3-admin-custody-validation/9to1 Models/Dulche Alpha/Agents/AgentExecutionService.cs",
        "RootDir": "/",
        "Filename": "AgentExecutionService",
        "Extension": ".cs",
        "RelativeDir": "Agents/",
        "Directory": "workspace/team-c/c3-admin-custody-validation/9to1 Models/Dulche Alpha/Agents/",
        "RecursiveDir": "",
        "ModifiedTime": "",
        "CreatedTime": "",
        "AccessedTime": "",
        "DefiningProjectFullPath": "/workspace/team-c/c3-admin-custody-validation/9to1 Models/Dulche Alpha/Dulche.Runtime.csproj",
        "DefiningProjectDirectory": "/workspace/team-c/c3-admin-custody-validation/9to1 Models/Dulche Alpha/",
        "DefiningProjectName": "Dulche.Runtime",
        "DefiningProjectExtension": ".csproj"
      },
      {
        "Identity": "/workspace/team-c/c3-admin-custody-validation/artifacts/root14-managed-build/obj/Dulche.Runtime/debug_linux-x64/Dulche.Runtime.GlobalUsings.g.cs",
        "FullPath": "/workspace/team-c/c3-admin-custody-validation/artifacts/root14-managed-build/obj/Dulche.Runtime/debug_linux-x64/Dulche.Runtime.GlobalUsings.g.cs",
        "RootDir": "/",
        "Filename": "Dulche.Runtime.GlobalUsings.g",
        "Extension": ".cs",
        "RelativeDir": "/workspace/team-c/c3-admin-custody-validation/artifacts/root14-managed-build/obj/Dulche.Runtime/debug_linux-x64/",
        "Directory": "workspace/team-c/c3-admin-custody-validation/artifacts/root14-managed-build/obj/Dulche.Runtime/debug_linux-x64/",
        "RecursiveDir": "",
        "ModifiedTime": "2026-10-03 22:27:03.2922242",
        "CreatedTime": "2026-10-03 22:27:03.2922242",
        "AccessedTime": "2026-10-03 22:27:03.4842295",
        "DefiningProjectFullPath": "/workspace/.tools/dotnet/sdk/10.0.401/Sdks/Microsoft.NET.Sdk/targets/Microsoft.NET.GenerateGlobalUsings.targets",
        "DefiningProjectDirectory": "/workspace/.tools/dotnet/sdk/10.0.401/Sdks/Microsoft.NET.Sdk/targets/",
        "DefiningProjectName": "Microsoft.NET.GenerateGlobalUsings",
        "DefiningProjectExtension": ".targets"
      },
      {
        "Identity": "/workspace/team-c/c3-admin-custody-validation/artifacts/root14-managed-build/obj/Dulche.Runtime/debug_linux-x64/.NETCoreApp,Version=v10.0.AssemblyAttributes.cs",
        "FullPath": "/workspace/team-c/c3-admin-custody-validation/artifacts/root14-managed-build/obj/Dulche.Runtime/debug_linux-x64/.NETCoreApp,Version=v10.0.AssemblyAttributes.cs",
        "RootDir": "/",
        "Filename": ".NETCoreApp,Version=v10.0.AssemblyAttributes",
        "Extension": ".cs",
        "RelativeDir": "/workspace/team-c/c3-admin-custody-validation/artifacts/root14-managed-build/obj/Dulche.Runtime/debug_linux-x64/",
        "Directory": "workspace/team-c/c3-admin-custody-validation/artifacts/root14-managed-build/obj/Dulche.Runtime/debug_linux-x64/",
        "RecursiveDir": "",
        "ModifiedTime": "2026-10-03 22:27:03.3071246",
        "CreatedTime": "2026-10-03 22:27:03.3071246",
        "AccessedTime": "2026-10-03 22:27:03.4842295",
        "DefiningProjectFullPath": "/workspace/.tools/dotnet/sdk/10.0.401/Microsoft.Common.CurrentVersion.targets",
        "DefiningProjectDirectory": "/workspace/.tools/dotnet/sdk/10.0.401/",
        "DefiningProjectName": "Microsoft.Common.CurrentVersion",
        "DefiningProjectExtension": ".targets"
      },
      {
        "Identity": "/workspace/team-c/c3-admin-custody-validation/artifacts/root14-managed-build/obj/Dulche.Runtime/debug_linux-x64/Dulche.Runtime.AssemblyInfo.cs",
        "FullPath": "/workspace/team-c/c3-admin-custody-validation/artifacts/root14-managed-build/obj/Dulche.Runtime/debug_linux-x64/Dulche.Runtime.AssemblyInfo.cs",
        "RootDir": "/",
        "Filename": "Dulche.Runtime.AssemblyInfo",
        "Extension": ".cs",
        "RelativeDir": "/workspace/team-c/c3-admin-custody-validation/artifacts/root14-managed-build/obj/Dulche.Runtime/debug_linux-x64/",
        "Directory": "workspace/team-c/c3-admin-custody-validation/artifacts/root14-managed-build/obj/Dulche.Runtime/debug_linux-x64/",
        "RecursiveDir": "",
        "ModifiedTime": "2026-10-03 22:27:03.3092425",
        "CreatedTime": "2026-10-03 22:27:03.3092425",
        "AccessedTime": "2026-10-03 22:27:03.4882296",
        "DefiningProjectFullPath": "/workspace/.tools/dotnet/sdk/10.0.401/Sdks/Microsoft.NET.Sdk/targets/Microsoft.NET.GenerateAssemblyInfo.targets",
        "DefiningProjectDirectory": "/workspace/.tools/dotnet/sdk/10.0.401/Sdks/Microsoft.NET.Sdk/targets/",
        "DefiningProjectName": "Microsoft.NET.GenerateAssemblyInfo",
        "DefiningProjectExtension": ".targets"
      }
    ]
  }
}
