.NET SDK:
 Version:           10.0.401
 Commit:            e34a38d2ae
 Workload version:  10.0.400-manifests.63b36e85
 MSBuild version:   18.9.11+e34a38d2a

Runtime Environment:
 OS Name:     debian
 OS Version:  13
 OS Platform: Linux
 RID:         linux-x64
 Base Path:   /workspace/.tools/dotnet/sdk/10.0.401/

.NET workloads installed:
There are no installed workloads to display.
Configured to use workload sets when installing new manifests.
No workload sets are installed. Run "dotnet workload restore" to install a workload set.

Host:
  Version:      10.0.12
  Architecture: x64
  Commit:       95017c711e

.NET SDKs installed:
  10.0.401 [/workspace/.tools/dotnet/sdk]

.NET runtimes installed:
  Microsoft.AspNetCore.App 10.0.12 [/workspace/.tools/dotnet/shared/Microsoft.AspNetCore.App]
  Microsoft.NETCore.App 10.0.12 [/workspace/.tools/dotnet/shared/Microsoft.NETCore.App]

Other architectures found:
  None

Environment variables:
  DOTNET_CLI_HOME                          [/workspace/team-c-resume-evidence/c4-browser-receiving/factory6-c878/cli]
  DOTNET_CLI_TELEMETRY_OPTOUT              [1]
  DOTNET_GENERATE_ASPNET_CERTIFICATE       [false]
  DOTNET_NOLOGO                            [1]
  DOTNET_ROOT                              [/workspace/.tools/dotnet]

global.json file:
  /workspace/team-c-c4-accounts-receiving-c878/global.json

Learn more:
  https://aka.ms/dotnet/info

Download .NET:
  https://aka.ms/dotnet/download
