Local browser fixture failed: Wrangler exited before readiness.
[33m▲ [43;33m[[43;30mWARNING[43;33m][0m [1mProxy environment variables detected. We'll use your proxy for fetch requests.[0m



 ⛅️ wrangler 4.146.0
────────────────────
[31m✘ [41;31m[[41;97mERROR[41;31m][0m [1mFailed to write to log file Error: ENOENT: no such file or directory, mkdir '/home/agent/.config/.wrangler'[0m

      at async Object.mkdir (node:internal/fs/promises:916:10)
      at async ensureDirectoryExists (/workspace/team-c/c2-auth/cloud/cake-id-auth/node_modules/wrangler/wrangler-dist/cli.js:64973:3)
      at async /workspace/team-c/c2-auth/cloud/cake-id-auth/node_modules/wrangler/wrangler-dist/cli.js:65054:7
      at async Mutex.runWith (/workspace/team-c/c2-auth/cloud/cake-id-auth/node_modules/miniflare/dist/src/index.js:70205:16)
      at async appendToDebugLogFile (/workspace/team-c/c2-auth/cloud/cake-id-auth/node_modules/wrangler/wrangler-dist/cli.js:65052:3) {
    errno: -2,
    code: 'ENOENT',
    syscall: 'mkdir',
    path: '/home/agent/.config/.wrangler'
  }


[31m✘ [41;31m[[41;97mERROR[41;31m][0m [1mWould have written: [0m

  --- 2026-10-03T20:06:30.510Z debug
  🪵  Writing logs to "/home/agent/.config/.wrangler/logs/wrangler-2026-10-03_20-06-30_307.log"
  ---
  


Using secrets defined in .dev.vars
Your Worker has access to the following bindings:
Binding                                                 Resource                  Mode
env.DB (cake-id-local-test-only)                        D1 Database               local
env.APP_MODE ("local-test-only")                        Environment Variable      local
env.AUTH_BASE_URL ("http://127.0.0.1:8798")             Environment Variable      local
env.API_RESOURCE ("(hidden)")                           Environment Variable      local
env.ALLOWED_WEB_ORIGINS ("(hidden)")                    Environment Variable      local
env.EMAIL_CAPTURE ("true")                              Environment Variable      local
env.LOGIN_MAX_ATTEMPTS ("8")                            Environment Variable      local
env.LOGIN_WINDOW_SECONDS ("900")                        Environment Variable      local
env.LOGIN_LOCK_SECONDS ("1800")                         Environment Variable      local
env.AUTH_SECRET ("(hidden)")                            Environment Variable      local
env.LOGIN_LIMITER_KEY ("(hidden)")                      Environment Variable      local
env.LOCAL_TEST_KEY ("(hidden)")                         Environment Variable      local

[wrangler:warn] Unable to fetch the `Request.cf` object! Falling back to a default placeholder...
Error: Request was cancelled.
    at new DOMException (node:internal/per_context/domexception:76:18)
    at makeAppropriateNetworkError (/workspace/team-c/c2-auth/cloud/cake-id-auth/node_modules/undici/lib/web/fetch/response.js:488:38)
    at httpNetworkFetch (/workspace/team-c/c2-auth/cloud/cake-id-auth/node_modules/undici/lib/web/fetch/index.js:1971:14)
    at process.processTicksAndRejections (node:internal/process/task_queues:104:5)
    at async httpNetworkOrCacheFetch (/workspace/team-c/c2-auth/cloud/cake-id-auth/node_modules/undici/lib/web/fetch/index.js:1600:29)
    at async httpFetch (/workspace/team-c/c2-auth/cloud/cake-id-auth/node_modules/undici/lib/web/fetch/index.js:1142:33)
    at async mainFetch (/workspace/team-c/c2-auth/cloud/cake-id-auth/node_modules/undici/lib/web/fetch/index.js:596:20)
Wrangler detected this dev session is running in an AI agent.
The Local Explorer API is available at http://127.0.0.1:8798/cdn-cgi/local/explorer/api
Useful routes:
  GET http://127.0.0.1:8798/cdn-cgi/local/explorer/api/local/workers - local Workers and bindings
  POST http://127.0.0.1:8798/cdn-cgi/local/explorer/api/local/scheduled?worker=<name> - invoke a Worker's scheduled handler; cron is required (see the OpenAPI schema for the full request)
  GET http://127.0.0.1:8798/cdn-cgi/local/explorer/api/storage/kv/namespaces - KV namespaces
  GET http://127.0.0.1:8798/cdn-cgi/local/explorer/api/d1/database - D1 databases
  GET http://127.0.0.1:8798/cdn-cgi/local/explorer/api/r2/buckets - R2 buckets
  GET http://127.0.0.1:8798/cdn-cgi/local/explorer/api/workers/durable_objects/namespaces - Durable Object namespaces
  GET http://127.0.0.1:8798/cdn-cgi/local/explorer/api/workflows - Workflows
  POST http://127.0.0.1:8798/cdn-cgi/local/explorer/api/local/observability/query - run a read-only SQL query (SELECT/WITH only) over captured request traces and console logs. Tables: spans, logs (read attributes via json(attributes)). Example:
    curl -X POST http://127.0.0.1:8798/cdn-cgi/local/explorer/api/local/observability/query -H 'Content-Type: application/json' -d '{"sql":"SELECT service, name, outcome, duration_ms FROM spans WHERE parent_id IS NULL LIMIT 20"}'
  POST http://127.0.0.1:8798/cdn-cgi/local/explorer/api/local/observability/clear - clear all captured traces and logs
If the routes above don't cover what you need, fetch the full OpenAPI schema (large - use only as a last resort):
  GET http://127.0.0.1:8798/cdn-cgi/local/explorer/api - OpenAPI schema

[31m✘ [41;31m[[41;97mERROR[41;31m][0m [1mENOENT: no such file or directory, mkdir '/home/agent/.config/.wrangler'[0m


[32mIf you think this is a bug then please create an issue at https://github.com/cloudflare/workers-sdk/issues/new/choose[0m
🪵  Logs were written to "/home/agent/.config/.wrangler/logs/wrangler-2026-10-03_20-06-30_307.log"

