  Determining projects to restore...
  All projects are up-to-date for restore.
  ActualNativeR2.Tests -> /workspace/team-c/evidence/c5/native-r2-peer/positive/bin/Debug/net10.0/ActualNativeR2.Tests.dll
Test run for /workspace/team-c/evidence/c5/native-r2-peer/positive/bin/Debug/net10.0/ActualNativeR2.Tests.dll (.NETCoreApp,Version=v10.0)
A total of 1 test files matched the specified pattern.
[xUnit.net 00:00:00.23]     HavenOS.Apps.Sites.Tests.R2NativeSiteArtifactReaderTests.VerifiesNativeManifestSemanticsAndRefusesChangedObjects(mode: "blank-both-source") [FAIL]
  Failed HavenOS.Apps.Sites.Tests.R2NativeSiteArtifactReaderTests.VerifiesNativeManifestSemanticsAndRefusesChangedObjects(mode: "blank-both-source") [2 ms]
  Error Message:
   Assert.Throws() Failure: No exception was thrown
Expected: typeof(System.IO.InvalidDataException)
  Stack Trace:
     at HavenOS.Apps.Sites.Tests.R2NativeSiteArtifactReaderTests.VerifiesNativeManifestSemanticsAndRefusesChangedObjects(String mode) in /workspace/team-c/evidence/c5/native-r2-peer/positive/R2NativeSiteArtifactReaderTests.cs:line 52
--- End of stack trace from previous location ---
[xUnit.net 00:00:00.26]     HavenOS.Apps.Sites.Tests.R2NativeSiteArtifactReaderTests.VerifiesNativeManifestSemanticsAndRefusesChangedObjects(mode: "blank-both-config") [FAIL]
  Failed HavenOS.Apps.Sites.Tests.R2NativeSiteArtifactReaderTests.VerifiesNativeManifestSemanticsAndRefusesChangedObjects(mode: "blank-both-config") [< 1 ms]
  Error Message:
   Assert.Throws() Failure: No exception was thrown
Expected: typeof(System.IO.InvalidDataException)
  Stack Trace:
     at HavenOS.Apps.Sites.Tests.R2NativeSiteArtifactReaderTests.VerifiesNativeManifestSemanticsAndRefusesChangedObjects(String mode) in /workspace/team-c/evidence/c5/native-r2-peer/positive/R2NativeSiteArtifactReaderTests.cs:line 52
--- End of stack trace from previous location ---
Results File: /workspace/team-c/evidence/c5/native-r2-peer/positive/results/blank-provenance.trx

Failed!  - Failed:     2, Passed:    12, Skipped:     0, Total:    14, Duration: 100 ms - ActualNativeR2.Tests.dll (net10.0)
