  Determining projects to restore...
  Restored /workspace/team-c/c5-durable-cancel-probe/9to1 Workspace/shared/src/Haven.Core/Haven.Core.csproj (in 91 ms).
  Restored /workspace/team-c/c5-durable-cancel-probe/9to1 Workspace/Home/HavenOS.Home.csproj (in 94 ms).
  Restored /workspace/team-c/c5-durable-cancel-probe/9to1 Workspace/shared/src/Haven.Application/Haven.Application.csproj (in 94 ms).
  Restored /workspace/team-c/c5-durable-cancel-probe/framework/CUI/Language/CakeOS.Cui.Language.csproj (in 1 ms).
  Restored /workspace/team-c/c5-durable-cancel-probe/framework/CUI/AI/NineToOne.Cui.AI.csproj (in 0.9 ms).
  Restored /workspace/team-c/c5-durable-cancel-probe/framework/CUI/Core/CakeOS.Cui.Core.csproj (in 1 ms).
  Restored /workspace/team-c/c5-durable-cancel-probe/9to1 Models/Dulche Alpha/Dulche.Runtime.csproj (in 2 ms).
  Restored /workspace/team-c/c5-durable-cancel-probe/9to1 Models/Dulche Alpha/Den.csproj (in 0.7 ms).
  Restored /workspace/team-c/c5-durable-cancel-probe/9to1 Workspace/shared/src/Haven.Infrastructure/Haven.Infrastructure.csproj (in 130 ms).
  Restored /workspace/team-c/evidence/c6/durable-15f/C5.DurableJob.Tests.csproj (in 296 ms).
  CakeOS.Cui.Language -> /workspace/team-c/evidence/c6/durable-15f/artifacts/bin/CakeOS.Cui.Language/debug/CakeOS.Cui.Language.dll
  Den -> /workspace/team-c/evidence/c6/durable-15f/artifacts/bin/Den/debug/Den.dll
  NineToOne.Cui.AI -> /workspace/team-c/evidence/c6/durable-15f/artifacts/bin/NineToOne.Cui.AI/debug/NineToOne.Cui.AI.dll
  Haven.Core -> /workspace/team-c/evidence/c6/durable-15f/artifacts/bin/Haven.Core/debug/Haven.Core.dll
  CakeOS.Cui.Core -> /workspace/team-c/evidence/c6/durable-15f/artifacts/bin/CakeOS.Cui.Core/debug/CakeOS.Cui.Core.dll
  Haven.Application -> /workspace/team-c/evidence/c6/durable-15f/artifacts/bin/Haven.Application/debug/Haven.Application.dll
  Dulche.Runtime -> /workspace/team-c/evidence/c6/durable-15f/artifacts/bin/Dulche.Runtime/debug/Dulche.Runtime.dll
  HavenOS.Home -> /workspace/team-c/evidence/c6/durable-15f/artifacts/bin/HavenOS.Home/debug/HavenOS.Home.dll
  Haven.Infrastructure -> /workspace/team-c/evidence/c6/durable-15f/artifacts/bin/Haven.Infrastructure/debug/Haven.Infrastructure.dll
  C5.DurableJob.Tests -> /workspace/team-c/evidence/c6/durable-15f/artifacts/bin/C5.DurableJob.Tests/debug/Haven.Infrastructure.Tests.dll
Test run for /workspace/team-c/evidence/c6/durable-15f/artifacts/bin/C5.DurableJob.Tests/debug/Haven.Infrastructure.Tests.dll (.NETCoreApp,Version=v10.0)
A total of 1 test files matched the specified pattern.
[xUnit.net 00:00:00.41]     Haven.Infrastructure.Tests.ExternalAgentDurableCancellationTests.Completion_committed_after_cancel_read_cannot_be_overwritten_by_stale_cancel [FAIL]
  Failed Haven.Infrastructure.Tests.ExternalAgentDurableCancellationTests.Completion_committed_after_cancel_read_cannot_be_overwritten_by_stale_cancel [60 ms]
  Error Message:
   Assert.Equal() Failure: Values differ
Expected: Completed
Actual:   Cancelled
  Stack Trace:
     at Haven.Infrastructure.Tests.ExternalAgentDurableCancellationTests.Completion_committed_after_cancel_read_cannot_be_overwritten_by_stale_cancel() in /workspace/team-c/c5-durable-cancel-probe/9to1 Workspace/shared/tests/Haven.Infrastructure.Tests/ExternalAgentDurableCancellationTests.cs:line 47
--- End of stack trace from previous location ---
  Standard Output Messages:
 Actual retained database=/workspace/team-c/evidence/c6/durable-15f/databases/actual-task-dfbe1303f15d449ba132029570997f67/tasks.db; cancelReturned=True; restoredStatus=Cancelled; result=<null>; idempotency=<null>


Results File: /workspace/team-c/evidence/c6/durable-15f/results/independent.trx

Failed!  - Failed:     1, Passed:     2, Skipped:     0, Total:     3, Duration: 314 ms - Haven.Infrastructure.Tests.dll (net10.0)
