
Welcome to .NET 10.0!
---------------------
SDK Version: 10.0.401

----------------
Write your first app: https://aka.ms/dotnet-hello-world
Find out what's new: https://aka.ms/dotnet-whats-new
Explore documentation: https://aka.ms/dotnet-docs
Report issues and find source on GitHub: https://github.com/dotnet/core
Use 'dotnet --help' to see available commands or visit: https://aka.ms/dotnet-cli
--------------------------------------------------------------------------------------
  Determining projects to restore...
  Restored /workspace/team-c-c5-mesh-filename-provisional/9to1 Workspace/shared/src/Haven.Core/Haven.Core.csproj (in 370 ms).
  Restored /workspace/team-c-c5-mesh-filename-provisional/framework/CUI/AI/NineToOne.Cui.AI.csproj (in 347 ms).
  Restored /workspace/team-c-c5-mesh-filename-provisional/9to1 Workspace/shared/src/Haven.Application/Haven.Application.csproj (in 410 ms).
  Restored /workspace/team-c-c5-mesh-filename-provisional/9to1 Workspace/shared/tests/Haven.PluginFixture/Haven.PluginFixture.csproj (in 2 ms).
  Restored /workspace/team-c-c5-mesh-filename-provisional/9to1 Workspace/shared/src/Haven.Browser/Haven.Browser.csproj (in 33 ms).
  Restored /workspace/team-c-c5-mesh-filename-provisional/9to1 Workspace/shared/src/Haven.Infrastructure/Haven.Infrastructure.csproj (in 726 ms).
  Restored /workspace/team-c-c5-mesh-filename-provisional/9to1 Workspace/shared/tests/Haven.Infrastructure.Tests/Haven.Infrastructure.Tests.csproj (in 288 ms).
  Haven.PluginFixture -> /workspace/team-c-resume-evidence/c5-mesh-filename-provisional/artifacts/bin/Haven.PluginFixture/debug/Haven.PluginFixture.dll
  NineToOne.Cui.AI -> /workspace/team-c-resume-evidence/c5-mesh-filename-provisional/artifacts/bin/NineToOne.Cui.AI/debug/NineToOne.Cui.AI.dll
  Haven.Core -> /workspace/team-c-resume-evidence/c5-mesh-filename-provisional/artifacts/bin/Haven.Core/debug/Haven.Core.dll
  Haven.Application -> /workspace/team-c-resume-evidence/c5-mesh-filename-provisional/artifacts/bin/Haven.Application/debug/Haven.Application.dll
  Haven.Browser -> /workspace/team-c-resume-evidence/c5-mesh-filename-provisional/artifacts/bin/Haven.Browser/debug/Haven.Browser.dll
  Haven.Infrastructure -> /workspace/team-c-resume-evidence/c5-mesh-filename-provisional/artifacts/bin/Haven.Infrastructure/debug/Haven.Infrastructure.dll
  Haven.Infrastructure.Tests -> /workspace/team-c-resume-evidence/c5-mesh-filename-provisional/artifacts/bin/Haven.Infrastructure.Tests/debug/Haven.Infrastructure.Tests.dll
Test run for /workspace/team-c-resume-evidence/c5-mesh-filename-provisional/artifacts/bin/Haven.Infrastructure.Tests/debug/Haven.Infrastructure.Tests.dll (.NETCoreApp,Version=v10.0)
A total of 1 test files matched the specified pattern.
Results File: /workspace/team-c-resume-evidence/c5-mesh-filename-provisional/focused-Debug/results/owning-mesh.trx

Passed!  - Failed:     0, Passed:    49, Skipped:     0, Total:    49, Duration: 1 s - Haven.Infrastructure.Tests.dll (net10.0)
