{
  "Properties": {
    "MSBuildProjectFullPath": "/workspace/team-c/c3-admin-symbol-errors-validation/9to1 Workspace/Home/HavenOS.Home.csproj",
    "MSBuildProjectName": "HavenOS.Home",
    "AssemblyName": "HavenOS.Home",
    "TargetPath": "/workspace/team-c/c3-admin-symbol-errors-validation/artifacts/root14-managed-build/bin/HavenOS.Home/debug_linux-x64/HavenOS.Home.dll",
    "OutputPath": "/workspace/team-c/c3-admin-symbol-errors-validation/artifacts/root14-managed-build/bin/HavenOS.Home/debug_linux-x64/",
    "Configuration": "Debug",
    "TargetFramework": "net10.0",
    "ProjectAssetsFile": "/workspace/team-c/c3-admin-symbol-errors-validation/artifacts/root14-managed-build/obj/HavenOS.Home/project.assets.json",
    "MSBuildProjectExtensionsPath": "/workspace/team-c/c3-admin-symbol-errors-validation/artifacts/root14-managed-build/obj/HavenOS.Home/",
    "AvaloniaBuildTasksLocation": "/workspace/team-c/c3-admin-symbol-errors-validation/artifacts/root14-host-build-tasks/bin/Avalonia.Build.Tasks/debug/Avalonia.Build.Tasks.dll",
    "EmitCompilerGeneratedFiles": "true",
    "IntermediateOutputPath": "/workspace/team-c/c3-admin-symbol-errors-validation/artifacts/root14-managed-build/obj/HavenOS.Home/debug_linux-x64/",
    "CompilerGeneratedFilesOutputPath": "/workspace/team-c/c3-admin-symbol-errors-validation/artifacts/root14-managed-build/obj/HavenOS.Home/debug_linux-x64//generated",
    "ArtifactsPath": "/workspace/team-c/c3-admin-symbol-errors-validation/artifacts/root14-managed-build",
    "ArtifactsProjectName": "HavenOS.Home",
    "BaseIntermediateOutputPath": "/workspace/team-c/c3-admin-symbol-errors-validation/artifacts/root14-managed-build/obj/HavenOS.Home/"
  },
  "Items": {
    "Compile": [
      {
        "Identity": "Source/Home/HomeDashboard.cs",
        "FullPath": "/workspace/team-c/c3-admin-symbol-errors-validation/9to1 Workspace/Home/Source/Home/HomeDashboard.cs",
        "RootDir": "/",
        "Filename": "HomeDashboard",
        "Extension": ".cs",
        "RelativeDir": "Source/Home/",
        "Directory": "workspace/team-c/c3-admin-symbol-errors-validation/9to1 Workspace/Home/Source/Home/",
        "RecursiveDir": "",
        "ModifiedTime": "",
        "CreatedTime": "",
        "AccessedTime": "",
        "DefiningProjectFullPath": "/workspace/team-c/c3-admin-symbol-errors-validation/9to1 Workspace/Home/HavenOS.Home.csproj",
        "DefiningProjectDirectory": "/workspace/team-c/c3-admin-symbol-errors-validation/9to1 Workspace/Home/",
        "DefiningProjectName": "HavenOS.Home",
        "DefiningProjectExtension": ".csproj"
      },
      {
        "Identity": "Source/Home/HomeCuiScene.cs",
        "FullPath": "/workspace/team-c/c3-admin-symbol-errors-validation/9to1 Workspace/Home/Source/Home/HomeCuiScene.cs",
        "RootDir": "/",
        "Filename": "HomeCuiScene",
        "Extension": ".cs",
        "RelativeDir": "Source/Home/",
        "Directory": "workspace/team-c/c3-admin-symbol-errors-validation/9to1 Workspace/Home/Source/Home/",
        "RecursiveDir": "",
        "ModifiedTime": "",
        "CreatedTime": "",
        "AccessedTime": "",
        "DefiningProjectFullPath": "/workspace/team-c/c3-admin-symbol-errors-validation/9to1 Workspace/Home/HavenOS.Home.csproj",
        "DefiningProjectDirectory": "/workspace/team-c/c3-admin-symbol-errors-validation/9to1 Workspace/Home/",
        "DefiningProjectName": "HavenOS.Home",
        "DefiningProjectExtension": ".csproj"
      },
      {
        "Identity": "Source/Home/HomeEcosystem.cs",
        "FullPath": "/workspace/team-c/c3-admin-symbol-errors-validation/9to1 Workspace/Home/Source/Home/HomeEcosystem.cs",
        "RootDir": "/",
        "Filename": "HomeEcosystem",
        "Extension": ".cs",
        "RelativeDir": "Source/Home/",
        "Directory": "workspace/team-c/c3-admin-symbol-errors-validation/9to1 Workspace/Home/Source/Home/",
        "RecursiveDir": "",
        "ModifiedTime": "",
        "CreatedTime": "",
        "AccessedTime": "",
        "DefiningProjectFullPath": "/workspace/team-c/c3-admin-symbol-errors-validation/9to1 Workspace/Home/HavenOS.Home.csproj",
        "DefiningProjectDirectory": "/workspace/team-c/c3-admin-symbol-errors-validation/9to1 Workspace/Home/",
        "DefiningProjectName": "HavenOS.Home",
        "DefiningProjectExtension": ".csproj"
      },
      {
        "Identity": "Source/Home/HomePermissionModels.cs",
        "FullPath": "/workspace/team-c/c3-admin-symbol-errors-validation/9to1 Workspace/Home/Source/Home/HomePermissionModels.cs",
        "RootDir": "/",
        "Filename": "HomePermissionModels",
        "Extension": ".cs",
        "RelativeDir": "Source/Home/",
        "Directory": "workspace/team-c/c3-admin-symbol-errors-validation/9to1 Workspace/Home/Source/Home/",
        "RecursiveDir": "",
        "ModifiedTime": "",
        "CreatedTime": "",
        "AccessedTime": "",
        "DefiningProjectFullPath": "/workspace/team-c/c3-admin-symbol-errors-validation/9to1 Workspace/Home/HavenOS.Home.csproj",
        "DefiningProjectDirectory": "/workspace/team-c/c3-admin-symbol-errors-validation/9to1 Workspace/Home/",
        "DefiningProjectName": "HavenOS.Home",
        "DefiningProjectExtension": ".csproj"
      },
      {
        "Identity": "Source/Home/HomePermissionTrustService.cs",
        "FullPath": "/workspace/team-c/c3-admin-symbol-errors-validation/9to1 Workspace/Home/Source/Home/HomePermissionTrustService.cs",
        "RootDir": "/",
        "Filename": "HomePermissionTrustService",
        "Extension": ".cs",
        "RelativeDir": "Source/Home/",
        "Directory": "workspace/team-c/c3-admin-symbol-errors-validation/9to1 Workspace/Home/Source/Home/",
        "RecursiveDir": "",
        "ModifiedTime": "",
        "CreatedTime": "",
        "AccessedTime": "",
        "DefiningProjectFullPath": "/workspace/team-c/c3-admin-symbol-errors-validation/9to1 Workspace/Home/HavenOS.Home.csproj",
        "DefiningProjectDirectory": "/workspace/team-c/c3-admin-symbol-errors-validation/9to1 Workspace/Home/",
        "DefiningProjectName": "HavenOS.Home",
        "DefiningProjectExtension": ".csproj"
      },
      {
        "Identity": "Source/Home/Core/FileHomeCoreStateStore.cs",
        "FullPath": "/workspace/team-c/c3-admin-symbol-errors-validation/9to1 Workspace/Home/Source/Home/Core/FileHomeCoreStateStore.cs",
        "RootDir": "/",
        "Filename": "FileHomeCoreStateStore",
        "Extension": ".cs",
        "RelativeDir": "Source/Home/Core/",
        "Directory": "workspace/team-c/c3-admin-symbol-errors-validation/9to1 Workspace/Home/Source/Home/Core/",
        "RecursiveDir": "",
        "ModifiedTime": "",
        "CreatedTime": "",
        "AccessedTime": "",
        "DefiningProjectFullPath": "/workspace/team-c/c3-admin-symbol-errors-validation/9to1 Workspace/Home/HavenOS.Home.csproj",
        "DefiningProjectDirectory": "/workspace/team-c/c3-admin-symbol-errors-validation/9to1 Workspace/Home/",
        "DefiningProjectName": "HavenOS.Home",
        "DefiningProjectExtension": ".csproj"
      },
      {
        "Identity": "Source/Home/Core/FileHomeCoreStateStore.GraphPublication.cs",
        "FullPath": "/workspace/team-c/c3-admin-symbol-errors-validation/9to1 Workspace/Home/Source/Home/Core/FileHomeCoreStateStore.GraphPublication.cs",
        "RootDir": "/",
        "Filename": "FileHomeCoreStateStore.GraphPublication",
        "Extension": ".cs",
        "RelativeDir": "Source/Home/Core/",
        "Directory": "workspace/team-c/c3-admin-symbol-errors-validation/9to1 Workspace/Home/Source/Home/Core/",
        "RecursiveDir": "",
        "ModifiedTime": "",
        "CreatedTime": "",
        "AccessedTime": "",
        "DefiningProjectFullPath": "/workspace/team-c/c3-admin-symbol-errors-validation/9to1 Workspace/Home/HavenOS.Home.csproj",
        "DefiningProjectDirectory": "/workspace/team-c/c3-admin-symbol-errors-validation/9to1 Workspace/Home/",
        "DefiningProjectName": "HavenOS.Home",
        "DefiningProjectExtension": ".csproj"
      },
      {
        "Identity": "Source/Home/Core/HomeActionPolicySource.cs",
        "FullPath": "/workspace/team-c/c3-admin-symbol-errors-validation/9to1 Workspace/Home/Source/Home/Core/HomeActionPolicySource.cs",
        "RootDir": "/",
        "Filename": "HomeActionPolicySource",
        "Extension": ".cs",
        "RelativeDir": "Source/Home/Core/",
        "Directory": "workspace/team-c/c3-admin-symbol-errors-validation/9to1 Workspace/Home/Source/Home/Core/",
        "RecursiveDir": "",
        "ModifiedTime": "",
        "CreatedTime": "",
        "AccessedTime": "",
        "DefiningProjectFullPath": "/workspace/team-c/c3-admin-symbol-errors-validation/9to1 Workspace/Home/HavenOS.Home.csproj",
        "DefiningProjectDirectory": "/workspace/team-c/c3-admin-symbol-errors-validation/9to1 Workspace/Home/",
        "DefiningProjectName": "HavenOS.Home",
        "DefiningProjectExtension": ".csproj"
      },
      {
        "Identity": "Source/Home/Core/HomeAppAiServices.cs",
        "FullPath": "/workspace/team-c/c3-admin-symbol-errors-validation/9to1 Workspace/Home/Source/Home/Core/HomeAppAiServices.cs",
        "RootDir": "/",
        "Filename": "HomeAppAiServices",
        "Extension": ".cs",
        "RelativeDir": "Source/Home/Core/",
        "Directory": "workspace/team-c/c3-admin-symbol-errors-validation/9to1 Workspace/Home/Source/Home/Core/",
        "RecursiveDir": "",
        "ModifiedTime": "",
        "CreatedTime": "",
        "AccessedTime": "",
        "DefiningProjectFullPath": "/workspace/team-c/c3-admin-symbol-errors-validation/9to1 Workspace/Home/HavenOS.Home.csproj",
        "DefiningProjectDirectory": "/workspace/team-c/c3-admin-symbol-errors-validation/9to1 Workspace/Home/",
        "DefiningProjectName": "HavenOS.Home",
        "DefiningProjectExtension": ".csproj"
      },
      {
        "Identity": "Source/Home/Core/HomeArtifactReferenceObjects.cs",
        "FullPath": "/workspace/team-c/c3-admin-symbol-errors-validation/9to1 Workspace/Home/Source/Home/Core/HomeArtifactReferenceObjects.cs",
        "RootDir": "/",
        "Filename": "HomeArtifactReferenceObjects",
        "Extension": ".cs",
        "RelativeDir": "Source/Home/Core/",
        "Directory": "workspace/team-c/c3-admin-symbol-errors-validation/9to1 Workspace/Home/Source/Home/Core/",
        "RecursiveDir": "",
        "ModifiedTime": "",
        "CreatedTime": "",
        "AccessedTime": "",
        "DefiningProjectFullPath": "/workspace/team-c/c3-admin-symbol-errors-validation/9to1 Workspace/Home/HavenOS.Home.csproj",
        "DefiningProjectDirectory": "/workspace/team-c/c3-admin-symbol-errors-validation/9to1 Workspace/Home/",
        "DefiningProjectName": "HavenOS.Home",
        "DefiningProjectExtension": ".csproj"
      },
      {
        "Identity": "Source/Home/Core/HomeClaimedResourceAttestation.cs",
        "FullPath": "/workspace/team-c/c3-admin-symbol-errors-validation/9to1 Workspace/Home/Source/Home/Core/HomeClaimedResourceAttestation.cs",
        "RootDir": "/",
        "Filename": "HomeClaimedResourceAttestation",
        "Extension": ".cs",
        "RelativeDir": "Source/Home/Core/",
        "Directory": "workspace/team-c/c3-admin-symbol-errors-validation/9to1 Workspace/Home/Source/Home/Core/",
        "RecursiveDir": "",
        "ModifiedTime": "",
        "CreatedTime": "",
        "AccessedTime": "",
        "DefiningProjectFullPath": "/workspace/team-c/c3-admin-symbol-errors-validation/9to1 Workspace/Home/HavenOS.Home.csproj",
        "DefiningProjectDirectory": "/workspace/team-c/c3-admin-symbol-errors-validation/9to1 Workspace/Home/",
        "DefiningProjectName": "HavenOS.Home",
        "DefiningProjectExtension": ".csproj"
      },
      {
        "Identity": "Source/Home/Core/HomeClaimedResourceCommitFence.cs",
        "FullPath": "/workspace/team-c/c3-admin-symbol-errors-validation/9to1 Workspace/Home/Source/Home/Core/HomeClaimedResourceCommitFence.cs",
        "RootDir": "/",
        "Filename": "HomeClaimedResourceCommitFence",
        "Extension": ".cs",
        "RelativeDir": "Source/Home/Core/",
        "Directory": "workspace/team-c/c3-admin-symbol-errors-validation/9to1 Workspace/Home/Source/Home/Core/",
        "RecursiveDir": "",
        "ModifiedTime": "",
        "CreatedTime": "",
        "AccessedTime": "",
        "DefiningProjectFullPath": "/workspace/team-c/c3-admin-symbol-errors-validation/9to1 Workspace/Home/HavenOS.Home.csproj",
        "DefiningProjectDirectory": "/workspace/team-c/c3-admin-symbol-errors-validation/9to1 Workspace/Home/",
        "DefiningProjectName": "HavenOS.Home",
        "DefiningProjectExtension": ".csproj"
      },
      {
        "Identity": "Source/Home/Core/HomeClaimedResourceCommitFence.ShelfItemEdit.cs",
        "FullPath": "/workspace/team-c/c3-admin-symbol-errors-validation/9to1 Workspace/Home/Source/Home/Core/HomeClaimedResourceCommitFence.ShelfItemEdit.cs",
        "RootDir": "/",
        "Filename": "HomeClaimedResourceCommitFence.ShelfItemEdit",
        "Extension": ".cs",
        "RelativeDir": "Source/Home/Core/",
        "Directory": "workspace/team-c/c3-admin-symbol-errors-validation/9to1 Workspace/Home/Source/Home/Core/",
        "RecursiveDir": "",
        "ModifiedTime": "",
        "CreatedTime": "",
        "AccessedTime": "",
        "DefiningProjectFullPath": "/workspace/team-c/c3-admin-symbol-errors-validation/9to1 Workspace/Home/HavenOS.Home.csproj",
        "DefiningProjectDirectory": "/workspace/team-c/c3-admin-symbol-errors-validation/9to1 Workspace/Home/",
        "DefiningProjectName": "HavenOS.Home",
        "DefiningProjectExtension": ".csproj"
      },
      {
        "Identity": "Source/Home/Core/HomeCoreApi.cs",
        "FullPath": "/workspace/team-c/c3-admin-symbol-errors-validation/9to1 Workspace/Home/Source/Home/Core/HomeCoreApi.cs",
        "RootDir": "/",
        "Filename": "HomeCoreApi",
        "Extension": ".cs",
        "RelativeDir": "Source/Home/Core/",
        "Directory": "workspace/team-c/c3-admin-symbol-errors-validation/9to1 Workspace/Home/Source/Home/Core/",
        "RecursiveDir": "",
        "ModifiedTime": "",
        "CreatedTime": "",
        "AccessedTime": "",
        "DefiningProjectFullPath": "/workspace/team-c/c3-admin-symbol-errors-validation/9to1 Workspace/Home/HavenOS.Home.csproj",
        "DefiningProjectDirectory": "/workspace/team-c/c3-admin-symbol-errors-validation/9to1 Workspace/Home/",
        "DefiningProjectName": "HavenOS.Home",
        "DefiningProjectExtension": ".csproj"
      },
      {
        "Identity": "Source/Home/Core/HomeCoreContracts.cs",
        "FullPath": "/workspace/team-c/c3-admin-symbol-errors-validation/9to1 Workspace/Home/Source/Home/Core/HomeCoreContracts.cs",
        "RootDir": "/",
        "Filename": "HomeCoreContracts",
        "Extension": ".cs",
        "RelativeDir": "Source/Home/Core/",
        "Directory": "workspace/team-c/c3-admin-symbol-errors-validation/9to1 Workspace/Home/Source/Home/Core/",
        "RecursiveDir": "",
        "ModifiedTime": "",
        "CreatedTime": "",
        "AccessedTime": "",
        "DefiningProjectFullPath": "/workspace/team-c/c3-admin-symbol-errors-validation/9to1 Workspace/Home/HavenOS.Home.csproj",
        "DefiningProjectDirectory": "/workspace/team-c/c3-admin-symbol-errors-validation/9to1 Workspace/Home/",
        "DefiningProjectName": "HavenOS.Home",
        "DefiningProjectExtension": ".csproj"
      },
      {
        "Identity": "Source/Home/Core/HomeCoreRuntime.cs",
        "FullPath": "/workspace/team-c/c3-admin-symbol-errors-validation/9to1 Workspace/Home/Source/Home/Core/HomeCoreRuntime.cs",
        "RootDir": "/",
        "Filename": "HomeCoreRuntime",
        "Extension": ".cs",
        "RelativeDir": "Source/Home/Core/",
        "Directory": "workspace/team-c/c3-admin-symbol-errors-validation/9to1 Workspace/Home/Source/Home/Core/",
        "RecursiveDir": "",
        "ModifiedTime": "",
        "CreatedTime": "",
        "AccessedTime": "",
        "DefiningProjectFullPath": "/workspace/team-c/c3-admin-symbol-errors-validation/9to1 Workspace/Home/HavenOS.Home.csproj",
        "DefiningProjectDirectory": "/workspace/team-c/c3-admin-symbol-errors-validation/9to1 Workspace/Home/",
        "DefiningProjectName": "HavenOS.Home",
        "DefiningProjectExtension": ".csproj"
      },
      {
        "Identity": "Source/Home/Core/HomeCoreStateService.cs",
        "FullPath": "/workspace/team-c/c3-admin-symbol-errors-validation/9to1 Workspace/Home/Source/Home/Core/HomeCoreStateService.cs",
        "RootDir": "/",
        "Filename": "HomeCoreStateService",
        "Extension": ".cs",
        "RelativeDir": "Source/Home/Core/",
        "Directory": "workspace/team-c/c3-admin-symbol-errors-validation/9to1 Workspace/Home/Source/Home/Core/",
        "RecursiveDir": "",
        "ModifiedTime": "",
        "CreatedTime": "",
        "AccessedTime": "",
        "DefiningProjectFullPath": "/workspace/team-c/c3-admin-symbol-errors-validation/9to1 Workspace/Home/HavenOS.Home.csproj",
        "DefiningProjectDirectory": "/workspace/team-c/c3-admin-symbol-errors-validation/9to1 Workspace/Home/",
        "DefiningProjectName": "HavenOS.Home",
        "DefiningProjectExtension": ".csproj"
      },
      {
        "Identity": "Source/Home/Core/HomeEquationObjects.cs",
        "FullPath": "/workspace/team-c/c3-admin-symbol-errors-validation/9to1 Workspace/Home/Source/Home/Core/HomeEquationObjects.cs",
        "RootDir": "/",
        "Filename": "HomeEquationObjects",
        "Extension": ".cs",
        "RelativeDir": "Source/Home/Core/",
        "Directory": "workspace/team-c/c3-admin-symbol-errors-validation/9to1 Workspace/Home/Source/Home/Core/",
        "RecursiveDir": "",
        "ModifiedTime": "",
        "CreatedTime": "",
        "AccessedTime": "",
        "DefiningProjectFullPath": "/workspace/team-c/c3-admin-symbol-errors-validation/9to1 Workspace/Home/HavenOS.Home.csproj",
        "DefiningProjectDirectory": "/workspace/team-c/c3-admin-symbol-errors-validation/9to1 Workspace/Home/",
        "DefiningProjectName": "HavenOS.Home",
        "DefiningProjectExtension": ".csproj"
      },
      {
        "Identity": "Source/Home/Core/HomeFeatureContracts.cs",
        "FullPath": "/workspace/team-c/c3-admin-symbol-errors-validation/9to1 Workspace/Home/Source/Home/Core/HomeFeatureContracts.cs",
        "RootDir": "/",
        "Filename": "HomeFeatureContracts",
        "Extension": ".cs",
        "RelativeDir": "Source/Home/Core/",
        "Directory": "workspace/team-c/c3-admin-symbol-errors-validation/9to1 Workspace/Home/Source/Home/Core/",
        "RecursiveDir": "",
        "ModifiedTime": "",
        "CreatedTime": "",
        "AccessedTime": "",
        "DefiningProjectFullPath": "/workspace/team-c/c3-admin-symbol-errors-validation/9to1 Workspace/Home/HavenOS.Home.csproj",
        "DefiningProjectDirectory": "/workspace/team-c/c3-admin-symbol-errors-validation/9to1 Workspace/Home/",
        "DefiningProjectName": "HavenOS.Home",
        "DefiningProjectExtension": ".csproj"
      },
      {
        "Identity": "Source/Home/Core/HomeGraphPublicationObservation.cs",
        "FullPath": "/workspace/team-c/c3-admin-symbol-errors-validation/9to1 Workspace/Home/Source/Home/Core/HomeGraphPublicationObservation.cs",
        "RootDir": "/",
        "Filename": "HomeGraphPublicationObservation",
        "Extension": ".cs",
        "RelativeDir": "Source/Home/Core/",
        "Directory": "workspace/team-c/c3-admin-symbol-errors-validation/9to1 Workspace/Home/Source/Home/Core/",
        "RecursiveDir": "",
        "ModifiedTime": "",
        "CreatedTime": "",
        "AccessedTime": "",
        "DefiningProjectFullPath": "/workspace/team-c/c3-admin-symbol-errors-validation/9to1 Workspace/Home/HavenOS.Home.csproj",
        "DefiningProjectDirectory": "/workspace/team-c/c3-admin-symbol-errors-validation/9to1 Workspace/Home/",
        "DefiningProjectName": "HavenOS.Home",
        "DefiningProjectExtension": ".csproj"
      },
      {
        "Identity": "Source/Home/Core/HomeGraphPublicationOwner.cs",
        "FullPath": "/workspace/team-c/c3-admin-symbol-errors-validation/9to1 Workspace/Home/Source/Home/Core/HomeGraphPublicationOwner.cs",
        "RootDir": "/",
        "Filename": "HomeGraphPublicationOwner",
        "Extension": ".cs",
        "RelativeDir": "Source/Home/Core/",
        "Directory": "workspace/team-c/c3-admin-symbol-errors-validation/9to1 Workspace/Home/Source/Home/Core/",
        "RecursiveDir": "",
        "ModifiedTime": "",
        "CreatedTime": "",
        "AccessedTime": "",
        "DefiningProjectFullPath": "/workspace/team-c/c3-admin-symbol-errors-validation/9to1 Workspace/Home/HavenOS.Home.csproj",
        "DefiningProjectDirectory": "/workspace/team-c/c3-admin-symbol-errors-validation/9to1 Workspace/Home/",
        "DefiningProjectName": "HavenOS.Home",
        "DefiningProjectExtension": ".csproj"
      },
      {
        "Identity": "Source/Home/Core/HomeGraphPublicationResourceRegistry.cs",
        "FullPath": "/workspace/team-c/c3-admin-symbol-errors-validation/9to1 Workspace/Home/Source/Home/Core/HomeGraphPublicationResourceRegistry.cs",
        "RootDir": "/",
        "Filename": "HomeGraphPublicationResourceRegistry",
        "Extension": ".cs",
        "RelativeDir": "Source/Home/Core/",
        "Directory": "workspace/team-c/c3-admin-symbol-errors-validation/9to1 Workspace/Home/Source/Home/Core/",
        "RecursiveDir": "",
        "ModifiedTime": "",
        "CreatedTime": "",
        "AccessedTime": "",
        "DefiningProjectFullPath": "/workspace/team-c/c3-admin-symbol-errors-validation/9to1 Workspace/Home/HavenOS.Home.csproj",
        "DefiningProjectDirectory": "/workspace/team-c/c3-admin-symbol-errors-validation/9to1 Workspace/Home/",
        "DefiningProjectName": "HavenOS.Home",
        "DefiningProjectExtension": ".csproj"
      },
      {
        "Identity": "Source/Home/Core/HomeGraphSqlAssociationLeaseSource.cs",
        "FullPath": "/workspace/team-c/c3-admin-symbol-errors-validation/9to1 Workspace/Home/Source/Home/Core/HomeGraphSqlAssociationLeaseSource.cs",
        "RootDir": "/",
        "Filename": "HomeGraphSqlAssociationLeaseSource",
        "Extension": ".cs",
        "RelativeDir": "Source/Home/Core/",
        "Directory": "workspace/team-c/c3-admin-symbol-errors-validation/9to1 Workspace/Home/Source/Home/Core/",
        "RecursiveDir": "",
        "ModifiedTime": "",
        "CreatedTime": "",
        "AccessedTime": "",
        "DefiningProjectFullPath": "/workspace/team-c/c3-admin-symbol-errors-validation/9to1 Workspace/Home/HavenOS.Home.csproj",
        "DefiningProjectDirectory": "/workspace/team-c/c3-admin-symbol-errors-validation/9to1 Workspace/Home/",
        "DefiningProjectName": "HavenOS.Home",
        "DefiningProjectExtension": ".csproj"
      },
      {
        "Identity": "Source/Home/Core/HomeInstalledAppInvocationSource.cs",
        "FullPath": "/workspace/team-c/c3-admin-symbol-errors-validation/9to1 Workspace/Home/Source/Home/Core/HomeInstalledAppInvocationSource.cs",
        "RootDir": "/",
        "Filename": "HomeInstalledAppInvocationSource",
        "Extension": ".cs",
        "RelativeDir": "Source/Home/Core/",
        "Directory": "workspace/team-c/c3-admin-symbol-errors-validation/9to1 Workspace/Home/Source/Home/Core/",
        "RecursiveDir": "",
        "ModifiedTime": "",
        "CreatedTime": "",
        "AccessedTime": "",
        "DefiningProjectFullPath": "/workspace/team-c/c3-admin-symbol-errors-validation/9to1 Workspace/Home/HavenOS.Home.csproj",
        "DefiningProjectDirectory": "/workspace/team-c/c3-admin-symbol-errors-validation/9to1 Workspace/Home/",
        "DefiningProjectName": "HavenOS.Home",
        "DefiningProjectExtension": ".csproj"
      },
      {
        "Identity": "Source/Home/Core/HomeInstalledApplicationRegistry.cs",
        "FullPath": "/workspace/team-c/c3-admin-symbol-errors-validation/9to1 Workspace/Home/Source/Home/Core/HomeInstalledApplicationRegistry.cs",
        "RootDir": "/",
        "Filename": "HomeInstalledApplicationRegistry",
        "Extension": ".cs",
        "RelativeDir": "Source/Home/Core/",
        "Directory": "workspace/team-c/c3-admin-symbol-errors-validation/9to1 Workspace/Home/Source/Home/Core/",
        "RecursiveDir": "",
        "ModifiedTime": "",
        "CreatedTime": "",
        "AccessedTime": "",
        "DefiningProjectFullPath": "/workspace/team-c/c3-admin-symbol-errors-validation/9to1 Workspace/Home/HavenOS.Home.csproj",
        "DefiningProjectDirectory": "/workspace/team-c/c3-admin-symbol-errors-validation/9to1 Workspace/Home/",
        "DefiningProjectName": "HavenOS.Home",
        "DefiningProjectExtension": ".csproj"
      },
      {
        "Identity": "Source/Home/Core/HomeInvocationCatalogue.cs",
        "FullPath": "/workspace/team-c/c3-admin-symbol-errors-validation/9to1 Workspace/Home/Source/Home/Core/HomeInvocationCatalogue.cs",
        "RootDir": "/",
        "Filename": "HomeInvocationCatalogue",
        "Extension": ".cs",
        "RelativeDir": "Source/Home/Core/",
        "Directory": "workspace/team-c/c3-admin-symbol-errors-validation/9to1 Workspace/Home/Source/Home/Core/",
        "RecursiveDir": "",
        "ModifiedTime": "",
        "CreatedTime": "",
        "AccessedTime": "",
        "DefiningProjectFullPath": "/workspace/team-c/c3-admin-symbol-errors-validation/9to1 Workspace/Home/HavenOS.Home.csproj",
        "DefiningProjectDirectory": "/workspace/team-c/c3-admin-symbol-errors-validation/9to1 Workspace/Home/",
        "DefiningProjectName": "HavenOS.Home",
        "DefiningProjectExtension": ".csproj"
      },
      {
        "Identity": "Source/Home/Core/HomeLocalOperationLease.cs",
        "FullPath": "/workspace/team-c/c3-admin-symbol-errors-validation/9to1 Workspace/Home/Source/Home/Core/HomeLocalOperationLease.cs",
        "RootDir": "/",
        "Filename": "HomeLocalOperationLease",
        "Extension": ".cs",
        "RelativeDir": "Source/Home/Core/",
        "Directory": "workspace/team-c/c3-admin-symbol-errors-validation/9to1 Workspace/Home/Source/Home/Core/",
        "RecursiveDir": "",
        "ModifiedTime": "",
        "CreatedTime": "",
        "AccessedTime": "",
        "DefiningProjectFullPath": "/workspace/team-c/c3-admin-symbol-errors-validation/9to1 Workspace/Home/HavenOS.Home.csproj",
        "DefiningProjectDirectory": "/workspace/team-c/c3-admin-symbol-errors-validation/9to1 Workspace/Home/",
        "DefiningProjectName": "HavenOS.Home",
        "DefiningProjectExtension": ".csproj"
      },
      {
        "Identity": "Source/Home/Core/HomeLocalProfileIdentity.cs",
        "FullPath": "/workspace/team-c/c3-admin-symbol-errors-validation/9to1 Workspace/Home/Source/Home/Core/HomeLocalProfileIdentity.cs",
        "RootDir": "/",
        "Filename": "HomeLocalProfileIdentity",
        "Extension": ".cs",
        "RelativeDir": "Source/Home/Core/",
        "Directory": "workspace/team-c/c3-admin-symbol-errors-validation/9to1 Workspace/Home/Source/Home/Core/",
        "RecursiveDir": "",
        "ModifiedTime": "",
        "CreatedTime": "",
        "AccessedTime": "",
        "DefiningProjectFullPath": "/workspace/team-c/c3-admin-symbol-errors-validation/9to1 Workspace/Home/HavenOS.Home.csproj",
        "DefiningProjectDirectory": "/workspace/team-c/c3-admin-symbol-errors-validation/9to1 Workspace/Home/",
        "DefiningProjectName": "HavenOS.Home",
        "DefiningProjectExtension": ".csproj"
      },
      {
        "Identity": "Source/Home/Core/HomeLocalReadComposition.cs",
        "FullPath": "/workspace/team-c/c3-admin-symbol-errors-validation/9to1 Workspace/Home/Source/Home/Core/HomeLocalReadComposition.cs",
        "RootDir": "/",
        "Filename": "HomeLocalReadComposition",
        "Extension": ".cs",
        "RelativeDir": "Source/Home/Core/",
        "Directory": "workspace/team-c/c3-admin-symbol-errors-validation/9to1 Workspace/Home/Source/Home/Core/",
        "RecursiveDir": "",
        "ModifiedTime": "",
        "CreatedTime": "",
        "AccessedTime": "",
        "DefiningProjectFullPath": "/workspace/team-c/c3-admin-symbol-errors-validation/9to1 Workspace/Home/HavenOS.Home.csproj",
        "DefiningProjectDirectory": "/workspace/team-c/c3-admin-symbol-errors-validation/9to1 Workspace/Home/",
        "DefiningProjectName": "HavenOS.Home",
        "DefiningProjectExtension": ".csproj"
      },
      {
        "Identity": "Source/Home/Core/HomeLocalStoreOwnership.cs",
        "FullPath": "/workspace/team-c/c3-admin-symbol-errors-validation/9to1 Workspace/Home/Source/Home/Core/HomeLocalStoreOwnership.cs",
        "RootDir": "/",
        "Filename": "HomeLocalStoreOwnership",
        "Extension": ".cs",
        "RelativeDir": "Source/Home/Core/",
        "Directory": "workspace/team-c/c3-admin-symbol-errors-validation/9to1 Workspace/Home/Source/Home/Core/",
        "RecursiveDir": "",
        "ModifiedTime": "",
        "CreatedTime": "",
        "AccessedTime": "",
        "DefiningProjectFullPath": "/workspace/team-c/c3-admin-symbol-errors-validation/9to1 Workspace/Home/HavenOS.Home.csproj",
        "DefiningProjectDirectory": "/workspace/team-c/c3-admin-symbol-errors-validation/9to1 Workspace/Home/",
        "DefiningProjectName": "HavenOS.Home",
        "DefiningProjectExtension": ".csproj"
      },
      {
        "Identity": "Source/Home/Core/HomeLocalStoreSetupSession.cs",
        "FullPath": "/workspace/team-c/c3-admin-symbol-errors-validation/9to1 Workspace/Home/Source/Home/Core/HomeLocalStoreSetupSession.cs",
        "RootDir": "/",
        "Filename": "HomeLocalStoreSetupSession",
        "Extension": ".cs",
        "RelativeDir": "Source/Home/Core/",
        "Directory": "workspace/team-c/c3-admin-symbol-errors-validation/9to1 Workspace/Home/Source/Home/Core/",
        "RecursiveDir": "",
        "ModifiedTime": "",
        "CreatedTime": "",
        "AccessedTime": "",
        "DefiningProjectFullPath": "/workspace/team-c/c3-admin-symbol-errors-validation/9to1 Workspace/Home/HavenOS.Home.csproj",
        "DefiningProjectDirectory": "/workspace/team-c/c3-admin-symbol-errors-validation/9to1 Workspace/Home/",
        "DefiningProjectName": "HavenOS.Home",
        "DefiningProjectExtension": ".csproj"
      },
      {
        "Identity": "Source/Home/Core/HomeModelOriginalActorFeatureContracts.cs",
        "FullPath": "/workspace/team-c/c3-admin-symbol-errors-validation/9to1 Workspace/Home/Source/Home/Core/HomeModelOriginalActorFeatureContracts.cs",
        "RootDir": "/",
        "Filename": "HomeModelOriginalActorFeatureContracts",
        "Extension": ".cs",
        "RelativeDir": "Source/Home/Core/",
        "Directory": "workspace/team-c/c3-admin-symbol-errors-validation/9to1 Workspace/Home/Source/Home/Core/",
        "RecursiveDir": "",
        "ModifiedTime": "",
        "CreatedTime": "",
        "AccessedTime": "",
        "DefiningProjectFullPath": "/workspace/team-c/c3-admin-symbol-errors-validation/9to1 Workspace/Home/HavenOS.Home.csproj",
        "DefiningProjectDirectory": "/workspace/team-c/c3-admin-symbol-errors-validation/9to1 Workspace/Home/",
        "DefiningProjectName": "HavenOS.Home",
        "DefiningProjectExtension": ".csproj"
      },
      {
        "Identity": "Source/Home/Core/HomeModelPickerFeatureProvider.cs",
        "FullPath": "/workspace/team-c/c3-admin-symbol-errors-validation/9to1 Workspace/Home/Source/Home/Core/HomeModelPickerFeatureProvider.cs",
        "RootDir": "/",
        "Filename": "HomeModelPickerFeatureProvider",
        "Extension": ".cs",
        "RelativeDir": "Source/Home/Core/",
        "Directory": "workspace/team-c/c3-admin-symbol-errors-validation/9to1 Workspace/Home/Source/Home/Core/",
        "RecursiveDir": "",
        "ModifiedTime": "",
        "CreatedTime": "",
        "AccessedTime": "",
        "DefiningProjectFullPath": "/workspace/team-c/c3-admin-symbol-errors-validation/9to1 Workspace/Home/HavenOS.Home.csproj",
        "DefiningProjectDirectory": "/workspace/team-c/c3-admin-symbol-errors-validation/9to1 Workspace/Home/",
        "DefiningProjectName": "HavenOS.Home",
        "DefiningProjectExtension": ".csproj"
      },
      {
        "Identity": "Source/Home/Core/HomeModelPickerOriginalSessionProvider.cs",
        "FullPath": "/workspace/team-c/c3-admin-symbol-errors-validation/9to1 Workspace/Home/Source/Home/Core/HomeModelPickerOriginalSessionProvider.cs",
        "RootDir": "/",
        "Filename": "HomeModelPickerOriginalSessionProvider",
        "Extension": ".cs",
        "RelativeDir": "Source/Home/Core/",
        "Directory": "workspace/team-c/c3-admin-symbol-errors-validation/9to1 Workspace/Home/Source/Home/Core/",
        "RecursiveDir": "",
        "ModifiedTime": "",
        "CreatedTime": "",
        "AccessedTime": "",
        "DefiningProjectFullPath": "/workspace/team-c/c3-admin-symbol-errors-validation/9to1 Workspace/Home/HavenOS.Home.csproj",
        "DefiningProjectDirectory": "/workspace/team-c/c3-admin-symbol-errors-validation/9to1 Workspace/Home/",
        "DefiningProjectName": "HavenOS.Home",
        "DefiningProjectExtension": ".csproj"
      },
      {
        "Identity": "Source/Home/Core/HomeNativeDiscoverySession.cs",
        "FullPath": "/workspace/team-c/c3-admin-symbol-errors-validation/9to1 Workspace/Home/Source/Home/Core/HomeNativeDiscoverySession.cs",
        "RootDir": "/",
        "Filename": "HomeNativeDiscoverySession",
        "Extension": ".cs",
        "RelativeDir": "Source/Home/Core/",
        "Directory": "workspace/team-c/c3-admin-symbol-errors-validation/9to1 Workspace/Home/Source/Home/Core/",
        "RecursiveDir": "",
        "ModifiedTime": "",
        "CreatedTime": "",
        "AccessedTime": "",
        "DefiningProjectFullPath": "/workspace/team-c/c3-admin-symbol-errors-validation/9to1 Workspace/Home/HavenOS.Home.csproj",
        "DefiningProjectDirectory": "/workspace/team-c/c3-admin-symbol-errors-validation/9to1 Workspace/Home/",
        "DefiningProjectName": "HavenOS.Home",
        "DefiningProjectExtension": ".csproj"
      },
      {
        "Identity": "Source/Home/Core/HomeNativeEndpointLocation.cs",
        "FullPath": "/workspace/team-c/c3-admin-symbol-errors-validation/9to1 Workspace/Home/Source/Home/Core/HomeNativeEndpointLocation.cs",
        "RootDir": "/",
        "Filename": "HomeNativeEndpointLocation",
        "Extension": ".cs",
        "RelativeDir": "Source/Home/Core/",
        "Directory": "workspace/team-c/c3-admin-symbol-errors-validation/9to1 Workspace/Home/Source/Home/Core/",
        "RecursiveDir": "",
        "ModifiedTime": "",
        "CreatedTime": "",
        "AccessedTime": "",
        "DefiningProjectFullPath": "/workspace/team-c/c3-admin-symbol-errors-validation/9to1 Workspace/Home/HavenOS.Home.csproj",
        "DefiningProjectDirectory": "/workspace/team-c/c3-admin-symbol-errors-validation/9to1 Workspace/Home/",
        "DefiningProjectName": "HavenOS.Home",
        "DefiningProjectExtension": ".csproj"
      },
      {
        "Identity": "Source/Home/Core/HomeNativePeerObservation.cs",
        "FullPath": "/workspace/team-c/c3-admin-symbol-errors-validation/9to1 Workspace/Home/Source/Home/Core/HomeNativePeerObservation.cs",
        "RootDir": "/",
        "Filename": "HomeNativePeerObservation",
        "Extension": ".cs",
        "RelativeDir": "Source/Home/Core/",
        "Directory": "workspace/team-c/c3-admin-symbol-errors-validation/9to1 Workspace/Home/Source/Home/Core/",
        "RecursiveDir": "",
        "ModifiedTime": "",
        "CreatedTime": "",
        "AccessedTime": "",
        "DefiningProjectFullPath": "/workspace/team-c/c3-admin-symbol-errors-validation/9to1 Workspace/Home/HavenOS.Home.csproj",
        "DefiningProjectDirectory": "/workspace/team-c/c3-admin-symbol-errors-validation/9to1 Workspace/Home/",
        "DefiningProjectName": "HavenOS.Home",
        "DefiningProjectExtension": ".csproj"
      },
      {
        "Identity": "Source/Home/Core/HomeNativeServiceHost.cs",
        "FullPath": "/workspace/team-c/c3-admin-symbol-errors-validation/9to1 Workspace/Home/Source/Home/Core/HomeNativeServiceHost.cs",
        "RootDir": "/",
        "Filename": "HomeNativeServiceHost",
        "Extension": ".cs",
        "RelativeDir": "Source/Home/Core/",
        "Directory": "workspace/team-c/c3-admin-symbol-errors-validation/9to1 Workspace/Home/Source/Home/Core/",
        "RecursiveDir": "",
        "ModifiedTime": "",
        "CreatedTime": "",
        "AccessedTime": "",
        "DefiningProjectFullPath": "/workspace/team-c/c3-admin-symbol-errors-validation/9to1 Workspace/Home/HavenOS.Home.csproj",
        "DefiningProjectDirectory": "/workspace/team-c/c3-admin-symbol-errors-validation/9to1 Workspace/Home/",
        "DefiningProjectName": "HavenOS.Home",
        "DefiningProjectExtension": ".csproj"
      },
      {
        "Identity": "Source/Home/Core/HomeNativeSessionLease.cs",
        "FullPath": "/workspace/team-c/c3-admin-symbol-errors-validation/9to1 Workspace/Home/Source/Home/Core/HomeNativeSessionLease.cs",
        "RootDir": "/",
        "Filename": "HomeNativeSessionLease",
        "Extension": ".cs",
        "RelativeDir": "Source/Home/Core/",
        "Directory": "workspace/team-c/c3-admin-symbol-errors-validation/9to1 Workspace/Home/Source/Home/Core/",
        "RecursiveDir": "",
        "ModifiedTime": "",
        "CreatedTime": "",
        "AccessedTime": "",
        "DefiningProjectFullPath": "/workspace/team-c/c3-admin-symbol-errors-validation/9to1 Workspace/Home/HavenOS.Home.csproj",
        "DefiningProjectDirectory": "/workspace/team-c/c3-admin-symbol-errors-validation/9to1 Workspace/Home/",
        "DefiningProjectName": "HavenOS.Home",
        "DefiningProjectExtension": ".csproj"
      },
      {
        "Identity": "Source/Home/Core/HomeNativeWidgetRegistry.cs",
        "FullPath": "/workspace/team-c/c3-admin-symbol-errors-validation/9to1 Workspace/Home/Source/Home/Core/HomeNativeWidgetRegistry.cs",
        "RootDir": "/",
        "Filename": "HomeNativeWidgetRegistry",
        "Extension": ".cs",
        "RelativeDir": "Source/Home/Core/",
        "Directory": "workspace/team-c/c3-admin-symbol-errors-validation/9to1 Workspace/Home/Source/Home/Core/",
        "RecursiveDir": "",
        "ModifiedTime": "",
        "CreatedTime": "",
        "AccessedTime": "",
        "DefiningProjectFullPath": "/workspace/team-c/c3-admin-symbol-errors-validation/9to1 Workspace/Home/HavenOS.Home.csproj",
        "DefiningProjectDirectory": "/workspace/team-c/c3-admin-symbol-errors-validation/9to1 Workspace/Home/",
        "DefiningProjectName": "HavenOS.Home",
        "DefiningProjectExtension": ".csproj"
      },
      {
        "Identity": "Source/Home/Core/HomeNativeWidgetRuntimeContracts.cs",
        "FullPath": "/workspace/team-c/c3-admin-symbol-errors-validation/9to1 Workspace/Home/Source/Home/Core/HomeNativeWidgetRuntimeContracts.cs",
        "RootDir": "/",
        "Filename": "HomeNativeWidgetRuntimeContracts",
        "Extension": ".cs",
        "RelativeDir": "Source/Home/Core/",
        "Directory": "workspace/team-c/c3-admin-symbol-errors-validation/9to1 Workspace/Home/Source/Home/Core/",
        "RecursiveDir": "",
        "ModifiedTime": "",
        "CreatedTime": "",
        "AccessedTime": "",
        "DefiningProjectFullPath": "/workspace/team-c/c3-admin-symbol-errors-validation/9to1 Workspace/Home/HavenOS.Home.csproj",
        "DefiningProjectDirectory": "/workspace/team-c/c3-admin-symbol-errors-validation/9to1 Workspace/Home/",
        "DefiningProjectName": "HavenOS.Home",
        "DefiningProjectExtension": ".csproj"
      },
      {
        "Identity": "Source/Home/Core/HomeNotesSharedObjects.cs",
        "FullPath": "/workspace/team-c/c3-admin-symbol-errors-validation/9to1 Workspace/Home/Source/Home/Core/HomeNotesSharedObjects.cs",
        "RootDir": "/",
        "Filename": "HomeNotesSharedObjects",
        "Extension": ".cs",
        "RelativeDir": "Source/Home/Core/",
        "Directory": "workspace/team-c/c3-admin-symbol-errors-validation/9to1 Workspace/Home/Source/Home/Core/",
        "RecursiveDir": "",
        "ModifiedTime": "",
        "CreatedTime": "",
        "AccessedTime": "",
        "DefiningProjectFullPath": "/workspace/team-c/c3-admin-symbol-errors-validation/9to1 Workspace/Home/HavenOS.Home.csproj",
        "DefiningProjectDirectory": "/workspace/team-c/c3-admin-symbol-errors-validation/9to1 Workspace/Home/",
        "DefiningProjectName": "HavenOS.Home",
        "DefiningProjectExtension": ".csproj"
      },
      {
        "Identity": "Source/Home/Core/HomeNotesStyleProjection.cs",
        "FullPath": "/workspace/team-c/c3-admin-symbol-errors-validation/9to1 Workspace/Home/Source/Home/Core/HomeNotesStyleProjection.cs",
        "RootDir": "/",
        "Filename": "HomeNotesStyleProjection",
        "Extension": ".cs",
        "RelativeDir": "Source/Home/Core/",
        "Directory": "workspace/team-c/c3-admin-symbol-errors-validation/9to1 Workspace/Home/Source/Home/Core/",
        "RecursiveDir": "",
        "ModifiedTime": "",
        "CreatedTime": "",
        "AccessedTime": "",
        "DefiningProjectFullPath": "/workspace/team-c/c3-admin-symbol-errors-validation/9to1 Workspace/Home/HavenOS.Home.csproj",
        "DefiningProjectDirectory": "/workspace/team-c/c3-admin-symbol-errors-validation/9to1 Workspace/Home/",
        "DefiningProjectName": "HavenOS.Home",
        "DefiningProjectExtension": ".csproj"
      },
      {
        "Identity": "Source/Home/Core/HomePermissionsCoreService.cs",
        "FullPath": "/workspace/team-c/c3-admin-symbol-errors-validation/9to1 Workspace/Home/Source/Home/Core/HomePermissionsCoreService.cs",
        "RootDir": "/",
        "Filename": "HomePermissionsCoreService",
        "Extension": ".cs",
        "RelativeDir": "Source/Home/Core/",
        "Directory": "workspace/team-c/c3-admin-symbol-errors-validation/9to1 Workspace/Home/Source/Home/Core/",
        "RecursiveDir": "",
        "ModifiedTime": "",
        "CreatedTime": "",
        "AccessedTime": "",
        "DefiningProjectFullPath": "/workspace/team-c/c3-admin-symbol-errors-validation/9to1 Workspace/Home/HavenOS.Home.csproj",
        "DefiningProjectDirectory": "/workspace/team-c/c3-admin-symbol-errors-validation/9to1 Workspace/Home/",
        "DefiningProjectName": "HavenOS.Home",
        "DefiningProjectExtension": ".csproj"
      },
      {
        "Identity": "Source/Home/Core/HomePersonalDenFactory.cs",
        "FullPath": "/workspace/team-c/c3-admin-symbol-errors-validation/9to1 Workspace/Home/Source/Home/Core/HomePersonalDenFactory.cs",
        "RootDir": "/",
        "Filename": "HomePersonalDenFactory",
        "Extension": ".cs",
        "RelativeDir": "Source/Home/Core/",
        "Directory": "workspace/team-c/c3-admin-symbol-errors-validation/9to1 Workspace/Home/Source/Home/Core/",
        "RecursiveDir": "",
        "ModifiedTime": "",
        "CreatedTime": "",
        "AccessedTime": "",
        "DefiningProjectFullPath": "/workspace/team-c/c3-admin-symbol-errors-validation/9to1 Workspace/Home/HavenOS.Home.csproj",
        "DefiningProjectDirectory": "/workspace/team-c/c3-admin-symbol-errors-validation/9to1 Workspace/Home/",
        "DefiningProjectName": "HavenOS.Home",
        "DefiningProjectExtension": ".csproj"
      },
      {
        "Identity": "Source/Home/Core/HomePersonalModelRoutes.cs",
        "FullPath": "/workspace/team-c/c3-admin-symbol-errors-validation/9to1 Workspace/Home/Source/Home/Core/HomePersonalModelRoutes.cs",
        "RootDir": "/",
        "Filename": "HomePersonalModelRoutes",
        "Extension": ".cs",
        "RelativeDir": "Source/Home/Core/",
        "Directory": "workspace/team-c/c3-admin-symbol-errors-validation/9to1 Workspace/Home/Source/Home/Core/",
        "RecursiveDir": "",
        "ModifiedTime": "",
        "CreatedTime": "",
        "AccessedTime": "",
        "DefiningProjectFullPath": "/workspace/team-c/c3-admin-symbol-errors-validation/9to1 Workspace/Home/HavenOS.Home.csproj",
        "DefiningProjectDirectory": "/workspace/team-c/c3-admin-symbol-errors-validation/9to1 Workspace/Home/",
        "DefiningProjectName": "HavenOS.Home",
        "DefiningProjectExtension": ".csproj"
      },
      {
        "Identity": "Source/Home/Core/HomeProductivityEngine.cs",
        "FullPath": "/workspace/team-c/c3-admin-symbol-errors-validation/9to1 Workspace/Home/Source/Home/Core/HomeProductivityEngine.cs",
        "RootDir": "/",
        "Filename": "HomeProductivityEngine",
        "Extension": ".cs",
        "RelativeDir": "Source/Home/Core/",
        "Directory": "workspace/team-c/c3-admin-symbol-errors-validation/9to1 Workspace/Home/Source/Home/Core/",
        "RecursiveDir": "",
        "ModifiedTime": "",
        "CreatedTime": "",
        "AccessedTime": "",
        "DefiningProjectFullPath": "/workspace/team-c/c3-admin-symbol-errors-validation/9to1 Workspace/Home/HavenOS.Home.csproj",
        "DefiningProjectDirectory": "/workspace/team-c/c3-admin-symbol-errors-validation/9to1 Workspace/Home/",
        "DefiningProjectName": "HavenOS.Home",
        "DefiningProjectExtension": ".csproj"
      },
      {
        "Identity": "Source/Home/Core/HomeProductivityGeometry.cs",
        "FullPath": "/workspace/team-c/c3-admin-symbol-errors-validation/9to1 Workspace/Home/Source/Home/Core/HomeProductivityGeometry.cs",
        "RootDir": "/",
        "Filename": "HomeProductivityGeometry",
        "Extension": ".cs",
        "RelativeDir": "Source/Home/Core/",
        "Directory": "workspace/team-c/c3-admin-symbol-errors-validation/9to1 Workspace/Home/Source/Home/Core/",
        "RecursiveDir": "",
        "ModifiedTime": "",
        "CreatedTime": "",
        "AccessedTime": "",
        "DefiningProjectFullPath": "/workspace/team-c/c3-admin-symbol-errors-validation/9to1 Workspace/Home/HavenOS.Home.csproj",
        "DefiningProjectDirectory": "/workspace/team-c/c3-admin-symbol-errors-validation/9to1 Workspace/Home/",
        "DefiningProjectName": "HavenOS.Home",
        "DefiningProjectExtension": ".csproj"
      },
      {
        "Identity": "Source/Home/Core/HomeProductivityHandlers.cs",
        "FullPath": "/workspace/team-c/c3-admin-symbol-errors-validation/9to1 Workspace/Home/Source/Home/Core/HomeProductivityHandlers.cs",
        "RootDir": "/",
        "Filename": "HomeProductivityHandlers",
        "Extension": ".cs",
        "RelativeDir": "Source/Home/Core/",
        "Directory": "workspace/team-c/c3-admin-symbol-errors-validation/9to1 Workspace/Home/Source/Home/Core/",
        "RecursiveDir": "",
        "ModifiedTime": "",
        "CreatedTime": "",
        "AccessedTime": "",
        "DefiningProjectFullPath": "/workspace/team-c/c3-admin-symbol-errors-validation/9to1 Workspace/Home/HavenOS.Home.csproj",
        "DefiningProjectDirectory": "/workspace/team-c/c3-admin-symbol-errors-validation/9to1 Workspace/Home/",
        "DefiningProjectName": "HavenOS.Home",
        "DefiningProjectExtension": ".csproj"
      },
      {
        "Identity": "Source/Home/Core/HomeProductivityRasterFrame.cs",
        "FullPath": "/workspace/team-c/c3-admin-symbol-errors-validation/9to1 Workspace/Home/Source/Home/Core/HomeProductivityRasterFrame.cs",
        "RootDir": "/",
        "Filename": "HomeProductivityRasterFrame",
        "Extension": ".cs",
        "RelativeDir": "Source/Home/Core/",
        "Directory": "workspace/team-c/c3-admin-symbol-errors-validation/9to1 Workspace/Home/Source/Home/Core/",
        "RecursiveDir": "",
        "ModifiedTime": "",
        "CreatedTime": "",
        "AccessedTime": "",
        "DefiningProjectFullPath": "/workspace/team-c/c3-admin-symbol-errors-validation/9to1 Workspace/Home/HavenOS.Home.csproj",
        "DefiningProjectDirectory": "/workspace/team-c/c3-admin-symbol-errors-validation/9to1 Workspace/Home/",
        "DefiningProjectName": "HavenOS.Home",
        "DefiningProjectExtension": ".csproj"
      },
      {
        "Identity": "Source/Home/Core/HomeResourceOperationBroker.cs",
        "FullPath": "/workspace/team-c/c3-admin-symbol-errors-validation/9to1 Workspace/Home/Source/Home/Core/HomeResourceOperationBroker.cs",
        "RootDir": "/",
        "Filename": "HomeResourceOperationBroker",
        "Extension": ".cs",
        "RelativeDir": "Source/Home/Core/",
        "Directory": "workspace/team-c/c3-admin-symbol-errors-validation/9to1 Workspace/Home/Source/Home/Core/",
        "RecursiveDir": "",
        "ModifiedTime": "",
        "CreatedTime": "",
        "AccessedTime": "",
        "DefiningProjectFullPath": "/workspace/team-c/c3-admin-symbol-errors-validation/9to1 Workspace/Home/HavenOS.Home.csproj",
        "DefiningProjectDirectory": "/workspace/team-c/c3-admin-symbol-errors-validation/9to1 Workspace/Home/",
        "DefiningProjectName": "HavenOS.Home",
        "DefiningProjectExtension": ".csproj"
      },
      {
        "Identity": "Source/Home/Core/HomeResourcePreparedReview.cs",
        "FullPath": "/workspace/team-c/c3-admin-symbol-errors-validation/9to1 Workspace/Home/Source/Home/Core/HomeResourcePreparedReview.cs",
        "RootDir": "/",
        "Filename": "HomeResourcePreparedReview",
        "Extension": ".cs",
        "RelativeDir": "Source/Home/Core/",
        "Directory": "workspace/team-c/c3-admin-symbol-errors-validation/9to1 Workspace/Home/Source/Home/Core/",
        "RecursiveDir": "",
        "ModifiedTime": "",
        "CreatedTime": "",
        "AccessedTime": "",
        "DefiningProjectFullPath": "/workspace/team-c/c3-admin-symbol-errors-validation/9to1 Workspace/Home/HavenOS.Home.csproj",
        "DefiningProjectDirectory": "/workspace/team-c/c3-admin-symbol-errors-validation/9to1 Workspace/Home/",
        "DefiningProjectName": "HavenOS.Home",
        "DefiningProjectExtension": ".csproj"
      },
      {
        "Identity": "Source/Home/Core/HomeResourceStoreOwnershipAuthority.cs",
        "FullPath": "/workspace/team-c/c3-admin-symbol-errors-validation/9to1 Workspace/Home/Source/Home/Core/HomeResourceStoreOwnershipAuthority.cs",
        "RootDir": "/",
        "Filename": "HomeResourceStoreOwnershipAuthority",
        "Extension": ".cs",
        "RelativeDir": "Source/Home/Core/",
        "Directory": "workspace/team-c/c3-admin-symbol-errors-validation/9to1 Workspace/Home/Source/Home/Core/",
        "RecursiveDir": "",
        "ModifiedTime": "",
        "CreatedTime": "",
        "AccessedTime": "",
        "DefiningProjectFullPath": "/workspace/team-c/c3-admin-symbol-errors-validation/9to1 Workspace/Home/HavenOS.Home.csproj",
        "DefiningProjectDirectory": "/workspace/team-c/c3-admin-symbol-errors-validation/9to1 Workspace/Home/",
        "DefiningProjectName": "HavenOS.Home",
        "DefiningProjectExtension": ".csproj"
      },
      {
        "Identity": "Source/Home/Core/HomeStateCommitActorGuard.cs",
        "FullPath": "/workspace/team-c/c3-admin-symbol-errors-validation/9to1 Workspace/Home/Source/Home/Core/HomeStateCommitActorGuard.cs",
        "RootDir": "/",
        "Filename": "HomeStateCommitActorGuard",
        "Extension": ".cs",
        "RelativeDir": "Source/Home/Core/",
        "Directory": "workspace/team-c/c3-admin-symbol-errors-validation/9to1 Workspace/Home/Source/Home/Core/",
        "RecursiveDir": "",
        "ModifiedTime": "",
        "CreatedTime": "",
        "AccessedTime": "",
        "DefiningProjectFullPath": "/workspace/team-c/c3-admin-symbol-errors-validation/9to1 Workspace/Home/HavenOS.Home.csproj",
        "DefiningProjectDirectory": "/workspace/team-c/c3-admin-symbol-errors-validation/9to1 Workspace/Home/",
        "DefiningProjectName": "HavenOS.Home",
        "DefiningProjectExtension": ".csproj"
      },
      {
        "Identity": "Source/Home/Core/HomeTerminalAdviceService.cs",
        "FullPath": "/workspace/team-c/c3-admin-symbol-errors-validation/9to1 Workspace/Home/Source/Home/Core/HomeTerminalAdviceService.cs",
        "RootDir": "/",
        "Filename": "HomeTerminalAdviceService",
        "Extension": ".cs",
        "RelativeDir": "Source/Home/Core/",
        "Directory": "workspace/team-c/c3-admin-symbol-errors-validation/9to1 Workspace/Home/Source/Home/Core/",
        "RecursiveDir": "",
        "ModifiedTime": "",
        "CreatedTime": "",
        "AccessedTime": "",
        "DefiningProjectFullPath": "/workspace/team-c/c3-admin-symbol-errors-validation/9to1 Workspace/Home/HavenOS.Home.csproj",
        "DefiningProjectDirectory": "/workspace/team-c/c3-admin-symbol-errors-validation/9to1 Workspace/Home/",
        "DefiningProjectName": "HavenOS.Home",
        "DefiningProjectExtension": ".csproj"
      },
      {
        "Identity": "Source/Home/Core/HomeTestAssemblyInfo.cs",
        "FullPath": "/workspace/team-c/c3-admin-symbol-errors-validation/9to1 Workspace/Home/Source/Home/Core/HomeTestAssemblyInfo.cs",
        "RootDir": "/",
        "Filename": "HomeTestAssemblyInfo",
        "Extension": ".cs",
        "RelativeDir": "Source/Home/Core/",
        "Directory": "workspace/team-c/c3-admin-symbol-errors-validation/9to1 Workspace/Home/Source/Home/Core/",
        "RecursiveDir": "",
        "ModifiedTime": "",
        "CreatedTime": "",
        "AccessedTime": "",
        "DefiningProjectFullPath": "/workspace/team-c/c3-admin-symbol-errors-validation/9to1 Workspace/Home/HavenOS.Home.csproj",
        "DefiningProjectDirectory": "/workspace/team-c/c3-admin-symbol-errors-validation/9to1 Workspace/Home/",
        "DefiningProjectName": "HavenOS.Home",
        "DefiningProjectExtension": ".csproj"
      },
      {
        "Identity": "Source/Home/Core/HomeUnixDiscoveryClient.cs",
        "FullPath": "/workspace/team-c/c3-admin-symbol-errors-validation/9to1 Workspace/Home/Source/Home/Core/HomeUnixDiscoveryClient.cs",
        "RootDir": "/",
        "Filename": "HomeUnixDiscoveryClient",
        "Extension": ".cs",
        "RelativeDir": "Source/Home/Core/",
        "Directory": "workspace/team-c/c3-admin-symbol-errors-validation/9to1 Workspace/Home/Source/Home/Core/",
        "RecursiveDir": "",
        "ModifiedTime": "",
        "CreatedTime": "",
        "AccessedTime": "",
        "DefiningProjectFullPath": "/workspace/team-c/c3-admin-symbol-errors-validation/9to1 Workspace/Home/HavenOS.Home.csproj",
        "DefiningProjectDirectory": "/workspace/team-c/c3-admin-symbol-errors-validation/9to1 Workspace/Home/",
        "DefiningProjectName": "HavenOS.Home",
        "DefiningProjectExtension": ".csproj"
      },
      {
        "Identity": "Source/Home/Core/HomeUnixDiscoveryTransport.cs",
        "FullPath": "/workspace/team-c/c3-admin-symbol-errors-validation/9to1 Workspace/Home/Source/Home/Core/HomeUnixDiscoveryTransport.cs",
        "RootDir": "/",
        "Filename": "HomeUnixDiscoveryTransport",
        "Extension": ".cs",
        "RelativeDir": "Source/Home/Core/",
        "Directory": "workspace/team-c/c3-admin-symbol-errors-validation/9to1 Workspace/Home/Source/Home/Core/",
        "RecursiveDir": "",
        "ModifiedTime": "",
        "CreatedTime": "",
        "AccessedTime": "",
        "DefiningProjectFullPath": "/workspace/team-c/c3-admin-symbol-errors-validation/9to1 Workspace/Home/HavenOS.Home.csproj",
        "DefiningProjectDirectory": "/workspace/team-c/c3-admin-symbol-errors-validation/9to1 Workspace/Home/",
        "DefiningProjectName": "HavenOS.Home",
        "DefiningProjectExtension": ".csproj"
      },
      {
        "Identity": "Source/Home/Core/HomeVectorShapeObjects.cs",
        "FullPath": "/workspace/team-c/c3-admin-symbol-errors-validation/9to1 Workspace/Home/Source/Home/Core/HomeVectorShapeObjects.cs",
        "RootDir": "/",
        "Filename": "HomeVectorShapeObjects",
        "Extension": ".cs",
        "RelativeDir": "Source/Home/Core/",
        "Directory": "workspace/team-c/c3-admin-symbol-errors-validation/9to1 Workspace/Home/Source/Home/Core/",
        "RecursiveDir": "",
        "ModifiedTime": "",
        "CreatedTime": "",
        "AccessedTime": "",
        "DefiningProjectFullPath": "/workspace/team-c/c3-admin-symbol-errors-validation/9to1 Workspace/Home/HavenOS.Home.csproj",
        "DefiningProjectDirectory": "/workspace/team-c/c3-admin-symbol-errors-validation/9to1 Workspace/Home/",
        "DefiningProjectName": "HavenOS.Home",
        "DefiningProjectExtension": ".csproj"
      },
      {
        "Identity": "Source/Home/Core/HomeVersionedModelRouteRepository.cs",
        "FullPath": "/workspace/team-c/c3-admin-symbol-errors-validation/9to1 Workspace/Home/Source/Home/Core/HomeVersionedModelRouteRepository.cs",
        "RootDir": "/",
        "Filename": "HomeVersionedModelRouteRepository",
        "Extension": ".cs",
        "RelativeDir": "Source/Home/Core/",
        "Directory": "workspace/team-c/c3-admin-symbol-errors-validation/9to1 Workspace/Home/Source/Home/Core/",
        "RecursiveDir": "",
        "ModifiedTime": "",
        "CreatedTime": "",
        "AccessedTime": "",
        "DefiningProjectFullPath": "/workspace/team-c/c3-admin-symbol-errors-validation/9to1 Workspace/Home/HavenOS.Home.csproj",
        "DefiningProjectDirectory": "/workspace/team-c/c3-admin-symbol-errors-validation/9to1 Workspace/Home/",
        "DefiningProjectName": "HavenOS.Home",
        "DefiningProjectExtension": ".csproj"
      },
      {
        "Identity": "Source/Home/Core/HomeVersionedNodeGraphRepository.cs",
        "FullPath": "/workspace/team-c/c3-admin-symbol-errors-validation/9to1 Workspace/Home/Source/Home/Core/HomeVersionedNodeGraphRepository.cs",
        "RootDir": "/",
        "Filename": "HomeVersionedNodeGraphRepository",
        "Extension": ".cs",
        "RelativeDir": "Source/Home/Core/",
        "Directory": "workspace/team-c/c3-admin-symbol-errors-validation/9to1 Workspace/Home/Source/Home/Core/",
        "RecursiveDir": "",
        "ModifiedTime": "",
        "CreatedTime": "",
        "AccessedTime": "",
        "DefiningProjectFullPath": "/workspace/team-c/c3-admin-symbol-errors-validation/9to1 Workspace/Home/HavenOS.Home.csproj",
        "DefiningProjectDirectory": "/workspace/team-c/c3-admin-symbol-errors-validation/9to1 Workspace/Home/",
        "DefiningProjectName": "HavenOS.Home",
        "DefiningProjectExtension": ".csproj"
      },
      {
        "Identity": "Source/Home/Core/HomeVersionedNodeGraphRepository.Guarded.cs",
        "FullPath": "/workspace/team-c/c3-admin-symbol-errors-validation/9to1 Workspace/Home/Source/Home/Core/HomeVersionedNodeGraphRepository.Guarded.cs",
        "RootDir": "/",
        "Filename": "HomeVersionedNodeGraphRepository.Guarded",
        "Extension": ".cs",
        "RelativeDir": "Source/Home/Core/",
        "Directory": "workspace/team-c/c3-admin-symbol-errors-validation/9to1 Workspace/Home/Source/Home/Core/",
        "RecursiveDir": "",
        "ModifiedTime": "",
        "CreatedTime": "",
        "AccessedTime": "",
        "DefiningProjectFullPath": "/workspace/team-c/c3-admin-symbol-errors-validation/9to1 Workspace/Home/HavenOS.Home.csproj",
        "DefiningProjectDirectory": "/workspace/team-c/c3-admin-symbol-errors-validation/9to1 Workspace/Home/",
        "DefiningProjectName": "HavenOS.Home",
        "DefiningProjectExtension": ".csproj"
      },
      {
        "Identity": "Source/Home/Core/HomeWebMcpActionPolicySource.cs",
        "FullPath": "/workspace/team-c/c3-admin-symbol-errors-validation/9to1 Workspace/Home/Source/Home/Core/HomeWebMcpActionPolicySource.cs",
        "RootDir": "/",
        "Filename": "HomeWebMcpActionPolicySource",
        "Extension": ".cs",
        "RelativeDir": "Source/Home/Core/",
        "Directory": "workspace/team-c/c3-admin-symbol-errors-validation/9to1 Workspace/Home/Source/Home/Core/",
        "RecursiveDir": "",
        "ModifiedTime": "",
        "CreatedTime": "",
        "AccessedTime": "",
        "DefiningProjectFullPath": "/workspace/team-c/c3-admin-symbol-errors-validation/9to1 Workspace/Home/HavenOS.Home.csproj",
        "DefiningProjectDirectory": "/workspace/team-c/c3-admin-symbol-errors-validation/9to1 Workspace/Home/",
        "DefiningProjectName": "HavenOS.Home",
        "DefiningProjectExtension": ".csproj"
      },
      {
        "Identity": "Source/Home/Core/HomeWebMcpOriginalActorApproval.cs",
        "FullPath": "/workspace/team-c/c3-admin-symbol-errors-validation/9to1 Workspace/Home/Source/Home/Core/HomeWebMcpOriginalActorApproval.cs",
        "RootDir": "/",
        "Filename": "HomeWebMcpOriginalActorApproval",
        "Extension": ".cs",
        "RelativeDir": "Source/Home/Core/",
        "Directory": "workspace/team-c/c3-admin-symbol-errors-validation/9to1 Workspace/Home/Source/Home/Core/",
        "RecursiveDir": "",
        "ModifiedTime": "",
        "CreatedTime": "",
        "AccessedTime": "",
        "DefiningProjectFullPath": "/workspace/team-c/c3-admin-symbol-errors-validation/9to1 Workspace/Home/HavenOS.Home.csproj",
        "DefiningProjectDirectory": "/workspace/team-c/c3-admin-symbol-errors-validation/9to1 Workspace/Home/",
        "DefiningProjectName": "HavenOS.Home",
        "DefiningProjectExtension": ".csproj"
      },
      {
        "Identity": "Source/Home/Core/IHomePersistedWriteObserver.cs",
        "FullPath": "/workspace/team-c/c3-admin-symbol-errors-validation/9to1 Workspace/Home/Source/Home/Core/IHomePersistedWriteObserver.cs",
        "RootDir": "/",
        "Filename": "IHomePersistedWriteObserver",
        "Extension": ".cs",
        "RelativeDir": "Source/Home/Core/",
        "Directory": "workspace/team-c/c3-admin-symbol-errors-validation/9to1 Workspace/Home/Source/Home/Core/",
        "RecursiveDir": "",
        "ModifiedTime": "",
        "CreatedTime": "",
        "AccessedTime": "",
        "DefiningProjectFullPath": "/workspace/team-c/c3-admin-symbol-errors-validation/9to1 Workspace/Home/HavenOS.Home.csproj",
        "DefiningProjectDirectory": "/workspace/team-c/c3-admin-symbol-errors-validation/9to1 Workspace/Home/",
        "DefiningProjectName": "HavenOS.Home",
        "DefiningProjectExtension": ".csproj"
      },
      {
        "Identity": "Source/Home/Apps/HomeAppsFeature.cs",
        "FullPath": "/workspace/team-c/c3-admin-symbol-errors-validation/9to1 Workspace/Home/Source/Home/Apps/HomeAppsFeature.cs",
        "RootDir": "/",
        "Filename": "HomeAppsFeature",
        "Extension": ".cs",
        "RelativeDir": "Source/Home/Apps/",
        "Directory": "workspace/team-c/c3-admin-symbol-errors-validation/9to1 Workspace/Home/Source/Home/Apps/",
        "RecursiveDir": "",
        "ModifiedTime": "",
        "CreatedTime": "",
        "AccessedTime": "",
        "DefiningProjectFullPath": "/workspace/team-c/c3-admin-symbol-errors-validation/9to1 Workspace/Home/HavenOS.Home.csproj",
        "DefiningProjectDirectory": "/workspace/team-c/c3-admin-symbol-errors-validation/9to1 Workspace/Home/",
        "DefiningProjectName": "HavenOS.Home",
        "DefiningProjectExtension": ".csproj"
      },
      {
        "Identity": "Source/Home/Apps/HomePackageDatabase.cs",
        "FullPath": "/workspace/team-c/c3-admin-symbol-errors-validation/9to1 Workspace/Home/Source/Home/Apps/HomePackageDatabase.cs",
        "RootDir": "/",
        "Filename": "HomePackageDatabase",
        "Extension": ".cs",
        "RelativeDir": "Source/Home/Apps/",
        "Directory": "workspace/team-c/c3-admin-symbol-errors-validation/9to1 Workspace/Home/Source/Home/Apps/",
        "RecursiveDir": "",
        "ModifiedTime": "",
        "CreatedTime": "",
        "AccessedTime": "",
        "DefiningProjectFullPath": "/workspace/team-c/c3-admin-symbol-errors-validation/9to1 Workspace/Home/HavenOS.Home.csproj",
        "DefiningProjectDirectory": "/workspace/team-c/c3-admin-symbol-errors-validation/9to1 Workspace/Home/",
        "DefiningProjectName": "HavenOS.Home",
        "DefiningProjectExtension": ".csproj"
      },
      {
        "Identity": "Source/Home/Discover/HomeDiscoverCatalog.cs",
        "FullPath": "/workspace/team-c/c3-admin-symbol-errors-validation/9to1 Workspace/Home/Source/Home/Discover/HomeDiscoverCatalog.cs",
        "RootDir": "/",
        "Filename": "HomeDiscoverCatalog",
        "Extension": ".cs",
        "RelativeDir": "Source/Home/Discover/",
        "Directory": "workspace/team-c/c3-admin-symbol-errors-validation/9to1 Workspace/Home/Source/Home/Discover/",
        "RecursiveDir": "",
        "ModifiedTime": "",
        "CreatedTime": "",
        "AccessedTime": "",
        "DefiningProjectFullPath": "/workspace/team-c/c3-admin-symbol-errors-validation/9to1 Workspace/Home/HavenOS.Home.csproj",
        "DefiningProjectDirectory": "/workspace/team-c/c3-admin-symbol-errors-validation/9to1 Workspace/Home/",
        "DefiningProjectName": "HavenOS.Home",
        "DefiningProjectExtension": ".csproj"
      },
      {
        "Identity": "Source/Home/ModelPicker/HomeModelCatalogueEntry.cs",
        "FullPath": "/workspace/team-c/c3-admin-symbol-errors-validation/9to1 Workspace/Home/Source/Home/ModelPicker/HomeModelCatalogueEntry.cs",
        "RootDir": "/",
        "Filename": "HomeModelCatalogueEntry",
        "Extension": ".cs",
        "RelativeDir": "Source/Home/ModelPicker/",
        "Directory": "workspace/team-c/c3-admin-symbol-errors-validation/9to1 Workspace/Home/Source/Home/ModelPicker/",
        "RecursiveDir": "",
        "ModifiedTime": "",
        "CreatedTime": "",
        "AccessedTime": "",
        "DefiningProjectFullPath": "/workspace/team-c/c3-admin-symbol-errors-validation/9to1 Workspace/Home/HavenOS.Home.csproj",
        "DefiningProjectDirectory": "/workspace/team-c/c3-admin-symbol-errors-validation/9to1 Workspace/Home/",
        "DefiningProjectName": "HavenOS.Home",
        "DefiningProjectExtension": ".csproj"
      },
      {
        "Identity": "Source/Home/ModelPicker/HomeModelPickerCuiScene.cs",
        "FullPath": "/workspace/team-c/c3-admin-symbol-errors-validation/9to1 Workspace/Home/Source/Home/ModelPicker/HomeModelPickerCuiScene.cs",
        "RootDir": "/",
        "Filename": "HomeModelPickerCuiScene",
        "Extension": ".cs",
        "RelativeDir": "Source/Home/ModelPicker/",
        "Directory": "workspace/team-c/c3-admin-symbol-errors-validation/9to1 Workspace/Home/Source/Home/ModelPicker/",
        "RecursiveDir": "",
        "ModifiedTime": "",
        "CreatedTime": "",
        "AccessedTime": "",
        "DefiningProjectFullPath": "/workspace/team-c/c3-admin-symbol-errors-validation/9to1 Workspace/Home/HavenOS.Home.csproj",
        "DefiningProjectDirectory": "/workspace/team-c/c3-admin-symbol-errors-validation/9to1 Workspace/Home/",
        "DefiningProjectName": "HavenOS.Home",
        "DefiningProjectExtension": ".csproj"
      },
      {
        "Identity": "Source/Home/ModelPicker/HomeModelPickerRouteEditor.cs",
        "FullPath": "/workspace/team-c/c3-admin-symbol-errors-validation/9to1 Workspace/Home/Source/Home/ModelPicker/HomeModelPickerRouteEditor.cs",
        "RootDir": "/",
        "Filename": "HomeModelPickerRouteEditor",
        "Extension": ".cs",
        "RelativeDir": "Source/Home/ModelPicker/",
        "Directory": "workspace/team-c/c3-admin-symbol-errors-validation/9to1 Workspace/Home/Source/Home/ModelPicker/",
        "RecursiveDir": "",
        "ModifiedTime": "",
        "CreatedTime": "",
        "AccessedTime": "",
        "DefiningProjectFullPath": "/workspace/team-c/c3-admin-symbol-errors-validation/9to1 Workspace/Home/HavenOS.Home.csproj",
        "DefiningProjectDirectory": "/workspace/team-c/c3-admin-symbol-errors-validation/9to1 Workspace/Home/",
        "DefiningProjectName": "HavenOS.Home",
        "DefiningProjectExtension": ".csproj"
      },
      {
        "Identity": "Source/Home/PermissionsTrustNotifications/HomeFeatureStoreException.cs",
        "FullPath": "/workspace/team-c/c3-admin-symbol-errors-validation/9to1 Workspace/Home/Source/Home/PermissionsTrustNotifications/HomeFeatureStoreException.cs",
        "RootDir": "/",
        "Filename": "HomeFeatureStoreException",
        "Extension": ".cs",
        "RelativeDir": "Source/Home/PermissionsTrustNotifications/",
        "Directory": "workspace/team-c/c3-admin-symbol-errors-validation/9to1 Workspace/Home/Source/Home/PermissionsTrustNotifications/",
        "RecursiveDir": "",
        "ModifiedTime": "",
        "CreatedTime": "",
        "AccessedTime": "",
        "DefiningProjectFullPath": "/workspace/team-c/c3-admin-symbol-errors-validation/9to1 Workspace/Home/HavenOS.Home.csproj",
        "DefiningProjectDirectory": "/workspace/team-c/c3-admin-symbol-errors-validation/9to1 Workspace/Home/",
        "DefiningProjectName": "HavenOS.Home",
        "DefiningProjectExtension": ".csproj"
      },
      {
        "Identity": "Source/Home/PermissionsTrustNotifications/HomeNotificationFeatureProvider.cs",
        "FullPath": "/workspace/team-c/c3-admin-symbol-errors-validation/9to1 Workspace/Home/Source/Home/PermissionsTrustNotifications/HomeNotificationFeatureProvider.cs",
        "RootDir": "/",
        "Filename": "HomeNotificationFeatureProvider",
        "Extension": ".cs",
        "RelativeDir": "Source/Home/PermissionsTrustNotifications/",
        "Directory": "workspace/team-c/c3-admin-symbol-errors-validation/9to1 Workspace/Home/Source/Home/PermissionsTrustNotifications/",
        "RecursiveDir": "",
        "ModifiedTime": "",
        "CreatedTime": "",
        "AccessedTime": "",
        "DefiningProjectFullPath": "/workspace/team-c/c3-admin-symbol-errors-validation/9to1 Workspace/Home/HavenOS.Home.csproj",
        "DefiningProjectDirectory": "/workspace/team-c/c3-admin-symbol-errors-validation/9to1 Workspace/Home/",
        "DefiningProjectName": "HavenOS.Home",
        "DefiningProjectExtension": ".csproj"
      },
      {
        "Identity": "/workspace/team-c/c3-admin-symbol-errors-validation/artifacts/root14-managed-build/obj/HavenOS.Home/debug_linux-x64/HavenOS.Home.GlobalUsings.g.cs",
        "FullPath": "/workspace/team-c/c3-admin-symbol-errors-validation/artifacts/root14-managed-build/obj/HavenOS.Home/debug_linux-x64/HavenOS.Home.GlobalUsings.g.cs",
        "RootDir": "/",
        "Filename": "HavenOS.Home.GlobalUsings.g",
        "Extension": ".cs",
        "RelativeDir": "/workspace/team-c/c3-admin-symbol-errors-validation/artifacts/root14-managed-build/obj/HavenOS.Home/debug_linux-x64/",
        "Directory": "workspace/team-c/c3-admin-symbol-errors-validation/artifacts/root14-managed-build/obj/HavenOS.Home/debug_linux-x64/",
        "RecursiveDir": "",
        "ModifiedTime": "2026-10-03 22:47:53.3951302",
        "CreatedTime": "2026-10-03 22:47:53.3951302",
        "AccessedTime": "2026-10-03 22:48:16.6677814",
        "DefiningProjectFullPath": "/workspace/.tools/dotnet/sdk/10.0.401/Sdks/Microsoft.NET.Sdk/targets/Microsoft.NET.GenerateGlobalUsings.targets",
        "DefiningProjectDirectory": "/workspace/.tools/dotnet/sdk/10.0.401/Sdks/Microsoft.NET.Sdk/targets/",
        "DefiningProjectName": "Microsoft.NET.GenerateGlobalUsings",
        "DefiningProjectExtension": ".targets"
      },
      {
        "Identity": "/workspace/team-c/c3-admin-symbol-errors-validation/artifacts/root14-managed-build/obj/HavenOS.Home/debug_linux-x64/.NETCoreApp,Version=v10.0.AssemblyAttributes.cs",
        "FullPath": "/workspace/team-c/c3-admin-symbol-errors-validation/artifacts/root14-managed-build/obj/HavenOS.Home/debug_linux-x64/.NETCoreApp,Version=v10.0.AssemblyAttributes.cs",
        "RootDir": "/",
        "Filename": ".NETCoreApp,Version=v10.0.AssemblyAttributes",
        "Extension": ".cs",
        "RelativeDir": "/workspace/team-c/c3-admin-symbol-errors-validation/artifacts/root14-managed-build/obj/HavenOS.Home/debug_linux-x64/",
        "Directory": "workspace/team-c/c3-admin-symbol-errors-validation/artifacts/root14-managed-build/obj/HavenOS.Home/debug_linux-x64/",
        "RecursiveDir": "",
        "ModifiedTime": "2026-10-03 22:48:16.4664095",
        "CreatedTime": "2026-10-03 22:48:16.4664095",
        "AccessedTime": "2026-10-03 22:48:16.6677814",
        "DefiningProjectFullPath": "/workspace/.tools/dotnet/sdk/10.0.401/Microsoft.Common.CurrentVersion.targets",
        "DefiningProjectDirectory": "/workspace/.tools/dotnet/sdk/10.0.401/",
        "DefiningProjectName": "Microsoft.Common.CurrentVersion",
        "DefiningProjectExtension": ".targets"
      },
      {
        "Identity": "/workspace/team-c/c3-admin-symbol-errors-validation/artifacts/root14-managed-build/obj/HavenOS.Home/debug_linux-x64/HavenOS.Home.AssemblyInfo.cs",
        "FullPath": "/workspace/team-c/c3-admin-symbol-errors-validation/artifacts/root14-managed-build/obj/HavenOS.Home/debug_linux-x64/HavenOS.Home.AssemblyInfo.cs",
        "RootDir": "/",
        "Filename": "HavenOS.Home.AssemblyInfo",
        "Extension": ".cs",
        "RelativeDir": "/workspace/team-c/c3-admin-symbol-errors-validation/artifacts/root14-managed-build/obj/HavenOS.Home/debug_linux-x64/",
        "Directory": "workspace/team-c/c3-admin-symbol-errors-validation/artifacts/root14-managed-build/obj/HavenOS.Home/debug_linux-x64/",
        "RecursiveDir": "",
        "ModifiedTime": "2026-10-03 22:48:16.4682964",
        "CreatedTime": "2026-10-03 22:48:16.4682964",
        "AccessedTime": "2026-10-03 22:48:16.6677814",
        "DefiningProjectFullPath": "/workspace/.tools/dotnet/sdk/10.0.401/Sdks/Microsoft.NET.Sdk/targets/Microsoft.NET.GenerateAssemblyInfo.targets",
        "DefiningProjectDirectory": "/workspace/.tools/dotnet/sdk/10.0.401/Sdks/Microsoft.NET.Sdk/targets/",
        "DefiningProjectName": "Microsoft.NET.GenerateAssemblyInfo",
        "DefiningProjectExtension": ".targets"
      }
    ]
  }
}
