{
  "Properties": {
    "MSBuildProjectFullPath": "/workspace/team-c/c3-admin-symbol-errors-validation/9to1 Workspace/Files/CUI/HavenOS.Files.CUI.csproj",
    "MSBuildProjectName": "HavenOS.Files.CUI",
    "AssemblyName": "HavenOS.Files.CUI",
    "TargetPath": "/workspace/team-c/c3-admin-symbol-errors-validation/artifacts/root14-managed-build/bin/HavenOS.Files.CUI/debug_linux-x64/HavenOS.Files.CUI.dll",
    "OutputPath": "/workspace/team-c/c3-admin-symbol-errors-validation/artifacts/root14-managed-build/bin/HavenOS.Files.CUI/debug_linux-x64/",
    "Configuration": "Debug",
    "TargetFramework": "net10.0",
    "ProjectAssetsFile": "/workspace/team-c/c3-admin-symbol-errors-validation/artifacts/root14-managed-build/obj/HavenOS.Files.CUI/project.assets.json",
    "MSBuildProjectExtensionsPath": "/workspace/team-c/c3-admin-symbol-errors-validation/artifacts/root14-managed-build/obj/HavenOS.Files.CUI/",
    "AvaloniaBuildTasksLocation": "/workspace/team-c/c3-admin-symbol-errors-validation/artifacts/root14-host-build-tasks/bin/Avalonia.Build.Tasks/debug/Avalonia.Build.Tasks.dll",
    "EmitCompilerGeneratedFiles": "true",
    "IntermediateOutputPath": "/workspace/team-c/c3-admin-symbol-errors-validation/artifacts/root14-managed-build/obj/HavenOS.Files.CUI/debug_linux-x64/",
    "CompilerGeneratedFilesOutputPath": "/workspace/team-c/c3-admin-symbol-errors-validation/artifacts/root14-managed-build/obj/HavenOS.Files.CUI/debug_linux-x64//generated",
    "ArtifactsPath": "/workspace/team-c/c3-admin-symbol-errors-validation/artifacts/root14-managed-build",
    "ArtifactsProjectName": "HavenOS.Files.CUI",
    "BaseIntermediateOutputPath": "/workspace/team-c/c3-admin-symbol-errors-validation/artifacts/root14-managed-build/obj/HavenOS.Files.CUI/"
  },
  "Items": {
    "Compile": [
      {
        "Identity": "Contracts/FileSystemContracts.cs",
        "FullPath": "/workspace/team-c/c3-admin-symbol-errors-validation/9to1 Workspace/Files/CUI/Contracts/FileSystemContracts.cs",
        "RootDir": "/",
        "Filename": "FileSystemContracts",
        "Extension": ".cs",
        "RelativeDir": "Contracts/",
        "Directory": "workspace/team-c/c3-admin-symbol-errors-validation/9to1 Workspace/Files/CUI/Contracts/",
        "RecursiveDir": "Contracts/",
        "ModifiedTime": "",
        "CreatedTime": "",
        "AccessedTime": "",
        "DefiningProjectFullPath": "/workspace/.tools/dotnet/sdk/10.0.401/Sdks/Microsoft.NET.Sdk/targets/Microsoft.NET.Sdk.DefaultItems.props",
        "DefiningProjectDirectory": "/workspace/.tools/dotnet/sdk/10.0.401/Sdks/Microsoft.NET.Sdk/targets/",
        "DefiningProjectName": "Microsoft.NET.Sdk.DefaultItems",
        "DefiningProjectExtension": ".props"
      },
      {
        "Identity": "Contracts/HostedFilesContracts.cs",
        "FullPath": "/workspace/team-c/c3-admin-symbol-errors-validation/9to1 Workspace/Files/CUI/Contracts/HostedFilesContracts.cs",
        "RootDir": "/",
        "Filename": "HostedFilesContracts",
        "Extension": ".cs",
        "RelativeDir": "Contracts/",
        "Directory": "workspace/team-c/c3-admin-symbol-errors-validation/9to1 Workspace/Files/CUI/Contracts/",
        "RecursiveDir": "Contracts/",
        "ModifiedTime": "",
        "CreatedTime": "",
        "AccessedTime": "",
        "DefiningProjectFullPath": "/workspace/.tools/dotnet/sdk/10.0.401/Sdks/Microsoft.NET.Sdk/targets/Microsoft.NET.Sdk.DefaultItems.props",
        "DefiningProjectDirectory": "/workspace/.tools/dotnet/sdk/10.0.401/Sdks/Microsoft.NET.Sdk/targets/",
        "DefiningProjectName": "Microsoft.NET.Sdk.DefaultItems",
        "DefiningProjectExtension": ".props"
      },
      {
        "Identity": "Services/DurableDriveProvider.ArtifactContent.cs",
        "FullPath": "/workspace/team-c/c3-admin-symbol-errors-validation/9to1 Workspace/Files/CUI/Services/DurableDriveProvider.ArtifactContent.cs",
        "RootDir": "/",
        "Filename": "DurableDriveProvider.ArtifactContent",
        "Extension": ".cs",
        "RelativeDir": "Services/",
        "Directory": "workspace/team-c/c3-admin-symbol-errors-validation/9to1 Workspace/Files/CUI/Services/",
        "RecursiveDir": "Services/",
        "ModifiedTime": "",
        "CreatedTime": "",
        "AccessedTime": "",
        "DefiningProjectFullPath": "/workspace/.tools/dotnet/sdk/10.0.401/Sdks/Microsoft.NET.Sdk/targets/Microsoft.NET.Sdk.DefaultItems.props",
        "DefiningProjectDirectory": "/workspace/.tools/dotnet/sdk/10.0.401/Sdks/Microsoft.NET.Sdk/targets/",
        "DefiningProjectName": "Microsoft.NET.Sdk.DefaultItems",
        "DefiningProjectExtension": ".props"
      },
      {
        "Identity": "Services/DurableDriveProvider.ArtifactIdentity.cs",
        "FullPath": "/workspace/team-c/c3-admin-symbol-errors-validation/9to1 Workspace/Files/CUI/Services/DurableDriveProvider.ArtifactIdentity.cs",
        "RootDir": "/",
        "Filename": "DurableDriveProvider.ArtifactIdentity",
        "Extension": ".cs",
        "RelativeDir": "Services/",
        "Directory": "workspace/team-c/c3-admin-symbol-errors-validation/9to1 Workspace/Files/CUI/Services/",
        "RecursiveDir": "Services/",
        "ModifiedTime": "",
        "CreatedTime": "",
        "AccessedTime": "",
        "DefiningProjectFullPath": "/workspace/.tools/dotnet/sdk/10.0.401/Sdks/Microsoft.NET.Sdk/targets/Microsoft.NET.Sdk.DefaultItems.props",
        "DefiningProjectDirectory": "/workspace/.tools/dotnet/sdk/10.0.401/Sdks/Microsoft.NET.Sdk/targets/",
        "DefiningProjectName": "Microsoft.NET.Sdk.DefaultItems",
        "DefiningProjectExtension": ".props"
      },
      {
        "Identity": "Services/DurableDriveProvider.Artifacts.cs",
        "FullPath": "/workspace/team-c/c3-admin-symbol-errors-validation/9to1 Workspace/Files/CUI/Services/DurableDriveProvider.Artifacts.cs",
        "RootDir": "/",
        "Filename": "DurableDriveProvider.Artifacts",
        "Extension": ".cs",
        "RelativeDir": "Services/",
        "Directory": "workspace/team-c/c3-admin-symbol-errors-validation/9to1 Workspace/Files/CUI/Services/",
        "RecursiveDir": "Services/",
        "ModifiedTime": "",
        "CreatedTime": "",
        "AccessedTime": "",
        "DefiningProjectFullPath": "/workspace/.tools/dotnet/sdk/10.0.401/Sdks/Microsoft.NET.Sdk/targets/Microsoft.NET.Sdk.DefaultItems.props",
        "DefiningProjectDirectory": "/workspace/.tools/dotnet/sdk/10.0.401/Sdks/Microsoft.NET.Sdk/targets/",
        "DefiningProjectName": "Microsoft.NET.Sdk.DefaultItems",
        "DefiningProjectExtension": ".props"
      },
      {
        "Identity": "Services/DurableDriveProvider.Content.cs",
        "FullPath": "/workspace/team-c/c3-admin-symbol-errors-validation/9to1 Workspace/Files/CUI/Services/DurableDriveProvider.Content.cs",
        "RootDir": "/",
        "Filename": "DurableDriveProvider.Content",
        "Extension": ".cs",
        "RelativeDir": "Services/",
        "Directory": "workspace/team-c/c3-admin-symbol-errors-validation/9to1 Workspace/Files/CUI/Services/",
        "RecursiveDir": "Services/",
        "ModifiedTime": "",
        "CreatedTime": "",
        "AccessedTime": "",
        "DefiningProjectFullPath": "/workspace/.tools/dotnet/sdk/10.0.401/Sdks/Microsoft.NET.Sdk/targets/Microsoft.NET.Sdk.DefaultItems.props",
        "DefiningProjectDirectory": "/workspace/.tools/dotnet/sdk/10.0.401/Sdks/Microsoft.NET.Sdk/targets/",
        "DefiningProjectName": "Microsoft.NET.Sdk.DefaultItems",
        "DefiningProjectExtension": ".props"
      },
      {
        "Identity": "Services/DurableDriveProvider.CreateArtifact.cs",
        "FullPath": "/workspace/team-c/c3-admin-symbol-errors-validation/9to1 Workspace/Files/CUI/Services/DurableDriveProvider.CreateArtifact.cs",
        "RootDir": "/",
        "Filename": "DurableDriveProvider.CreateArtifact",
        "Extension": ".cs",
        "RelativeDir": "Services/",
        "Directory": "workspace/team-c/c3-admin-symbol-errors-validation/9to1 Workspace/Files/CUI/Services/",
        "RecursiveDir": "Services/",
        "ModifiedTime": "",
        "CreatedTime": "",
        "AccessedTime": "",
        "DefiningProjectFullPath": "/workspace/.tools/dotnet/sdk/10.0.401/Sdks/Microsoft.NET.Sdk/targets/Microsoft.NET.Sdk.DefaultItems.props",
        "DefiningProjectDirectory": "/workspace/.tools/dotnet/sdk/10.0.401/Sdks/Microsoft.NET.Sdk/targets/",
        "DefiningProjectName": "Microsoft.NET.Sdk.DefaultItems",
        "DefiningProjectExtension": ".props"
      },
      {
        "Identity": "Services/DurableDriveProvider.cs",
        "FullPath": "/workspace/team-c/c3-admin-symbol-errors-validation/9to1 Workspace/Files/CUI/Services/DurableDriveProvider.cs",
        "RootDir": "/",
        "Filename": "DurableDriveProvider",
        "Extension": ".cs",
        "RelativeDir": "Services/",
        "Directory": "workspace/team-c/c3-admin-symbol-errors-validation/9to1 Workspace/Files/CUI/Services/",
        "RecursiveDir": "Services/",
        "ModifiedTime": "",
        "CreatedTime": "",
        "AccessedTime": "",
        "DefiningProjectFullPath": "/workspace/.tools/dotnet/sdk/10.0.401/Sdks/Microsoft.NET.Sdk/targets/Microsoft.NET.Sdk.DefaultItems.props",
        "DefiningProjectDirectory": "/workspace/.tools/dotnet/sdk/10.0.401/Sdks/Microsoft.NET.Sdk/targets/",
        "DefiningProjectName": "Microsoft.NET.Sdk.DefaultItems",
        "DefiningProjectExtension": ".props"
      },
      {
        "Identity": "Services/DurableDriveProvider.HistoricalContent.cs",
        "FullPath": "/workspace/team-c/c3-admin-symbol-errors-validation/9to1 Workspace/Files/CUI/Services/DurableDriveProvider.HistoricalContent.cs",
        "RootDir": "/",
        "Filename": "DurableDriveProvider.HistoricalContent",
        "Extension": ".cs",
        "RelativeDir": "Services/",
        "Directory": "workspace/team-c/c3-admin-symbol-errors-validation/9to1 Workspace/Files/CUI/Services/",
        "RecursiveDir": "Services/",
        "ModifiedTime": "",
        "CreatedTime": "",
        "AccessedTime": "",
        "DefiningProjectFullPath": "/workspace/.tools/dotnet/sdk/10.0.401/Sdks/Microsoft.NET.Sdk/targets/Microsoft.NET.Sdk.DefaultItems.props",
        "DefiningProjectDirectory": "/workspace/.tools/dotnet/sdk/10.0.401/Sdks/Microsoft.NET.Sdk/targets/",
        "DefiningProjectName": "Microsoft.NET.Sdk.DefaultItems",
        "DefiningProjectExtension": ".props"
      },
      {
        "Identity": "Services/DurableDriveProvider.Identity.cs",
        "FullPath": "/workspace/team-c/c3-admin-symbol-errors-validation/9to1 Workspace/Files/CUI/Services/DurableDriveProvider.Identity.cs",
        "RootDir": "/",
        "Filename": "DurableDriveProvider.Identity",
        "Extension": ".cs",
        "RelativeDir": "Services/",
        "Directory": "workspace/team-c/c3-admin-symbol-errors-validation/9to1 Workspace/Files/CUI/Services/",
        "RecursiveDir": "Services/",
        "ModifiedTime": "",
        "CreatedTime": "",
        "AccessedTime": "",
        "DefiningProjectFullPath": "/workspace/.tools/dotnet/sdk/10.0.401/Sdks/Microsoft.NET.Sdk/targets/Microsoft.NET.Sdk.DefaultItems.props",
        "DefiningProjectDirectory": "/workspace/.tools/dotnet/sdk/10.0.401/Sdks/Microsoft.NET.Sdk/targets/",
        "DefiningProjectName": "Microsoft.NET.Sdk.DefaultItems",
        "DefiningProjectExtension": ".props"
      },
      {
        "Identity": "Services/DurableDriveProvider.Import.cs",
        "FullPath": "/workspace/team-c/c3-admin-symbol-errors-validation/9to1 Workspace/Files/CUI/Services/DurableDriveProvider.Import.cs",
        "RootDir": "/",
        "Filename": "DurableDriveProvider.Import",
        "Extension": ".cs",
        "RelativeDir": "Services/",
        "Directory": "workspace/team-c/c3-admin-symbol-errors-validation/9to1 Workspace/Files/CUI/Services/",
        "RecursiveDir": "Services/",
        "ModifiedTime": "",
        "CreatedTime": "",
        "AccessedTime": "",
        "DefiningProjectFullPath": "/workspace/.tools/dotnet/sdk/10.0.401/Sdks/Microsoft.NET.Sdk/targets/Microsoft.NET.Sdk.DefaultItems.props",
        "DefiningProjectDirectory": "/workspace/.tools/dotnet/sdk/10.0.401/Sdks/Microsoft.NET.Sdk/targets/",
        "DefiningProjectName": "Microsoft.NET.Sdk.DefaultItems",
        "DefiningProjectExtension": ".props"
      },
      {
        "Identity": "Services/FilesCommitAuthorityGuard.cs",
        "FullPath": "/workspace/team-c/c3-admin-symbol-errors-validation/9to1 Workspace/Files/CUI/Services/FilesCommitAuthorityGuard.cs",
        "RootDir": "/",
        "Filename": "FilesCommitAuthorityGuard",
        "Extension": ".cs",
        "RelativeDir": "Services/",
        "Directory": "workspace/team-c/c3-admin-symbol-errors-validation/9to1 Workspace/Files/CUI/Services/",
        "RecursiveDir": "Services/",
        "ModifiedTime": "",
        "CreatedTime": "",
        "AccessedTime": "",
        "DefiningProjectFullPath": "/workspace/.tools/dotnet/sdk/10.0.401/Sdks/Microsoft.NET.Sdk/targets/Microsoft.NET.Sdk.DefaultItems.props",
        "DefiningProjectDirectory": "/workspace/.tools/dotnet/sdk/10.0.401/Sdks/Microsoft.NET.Sdk/targets/",
        "DefiningProjectName": "Microsoft.NET.Sdk.DefaultItems",
        "DefiningProjectExtension": ".props"
      },
      {
        "Identity": "Services/FilesFolderPresentationStore.cs",
        "FullPath": "/workspace/team-c/c3-admin-symbol-errors-validation/9to1 Workspace/Files/CUI/Services/FilesFolderPresentationStore.cs",
        "RootDir": "/",
        "Filename": "FilesFolderPresentationStore",
        "Extension": ".cs",
        "RelativeDir": "Services/",
        "Directory": "workspace/team-c/c3-admin-symbol-errors-validation/9to1 Workspace/Files/CUI/Services/",
        "RecursiveDir": "Services/",
        "ModifiedTime": "",
        "CreatedTime": "",
        "AccessedTime": "",
        "DefiningProjectFullPath": "/workspace/.tools/dotnet/sdk/10.0.401/Sdks/Microsoft.NET.Sdk/targets/Microsoft.NET.Sdk.DefaultItems.props",
        "DefiningProjectDirectory": "/workspace/.tools/dotnet/sdk/10.0.401/Sdks/Microsoft.NET.Sdk/targets/",
        "DefiningProjectName": "Microsoft.NET.Sdk.DefaultItems",
        "DefiningProjectExtension": ".props"
      },
      {
        "Identity": "Services/FilesMaterializationRegistry.cs",
        "FullPath": "/workspace/team-c/c3-admin-symbol-errors-validation/9to1 Workspace/Files/CUI/Services/FilesMaterializationRegistry.cs",
        "RootDir": "/",
        "Filename": "FilesMaterializationRegistry",
        "Extension": ".cs",
        "RelativeDir": "Services/",
        "Directory": "workspace/team-c/c3-admin-symbol-errors-validation/9to1 Workspace/Files/CUI/Services/",
        "RecursiveDir": "Services/",
        "ModifiedTime": "",
        "CreatedTime": "",
        "AccessedTime": "",
        "DefiningProjectFullPath": "/workspace/.tools/dotnet/sdk/10.0.401/Sdks/Microsoft.NET.Sdk/targets/Microsoft.NET.Sdk.DefaultItems.props",
        "DefiningProjectDirectory": "/workspace/.tools/dotnet/sdk/10.0.401/Sdks/Microsoft.NET.Sdk/targets/",
        "DefiningProjectName": "Microsoft.NET.Sdk.DefaultItems",
        "DefiningProjectExtension": ".props"
      },
      {
        "Identity": "Services/FilesOperationJournal.cs",
        "FullPath": "/workspace/team-c/c3-admin-symbol-errors-validation/9to1 Workspace/Files/CUI/Services/FilesOperationJournal.cs",
        "RootDir": "/",
        "Filename": "FilesOperationJournal",
        "Extension": ".cs",
        "RelativeDir": "Services/",
        "Directory": "workspace/team-c/c3-admin-symbol-errors-validation/9to1 Workspace/Files/CUI/Services/",
        "RecursiveDir": "Services/",
        "ModifiedTime": "",
        "CreatedTime": "",
        "AccessedTime": "",
        "DefiningProjectFullPath": "/workspace/.tools/dotnet/sdk/10.0.401/Sdks/Microsoft.NET.Sdk/targets/Microsoft.NET.Sdk.DefaultItems.props",
        "DefiningProjectDirectory": "/workspace/.tools/dotnet/sdk/10.0.401/Sdks/Microsoft.NET.Sdk/targets/",
        "DefiningProjectName": "Microsoft.NET.Sdk.DefaultItems",
        "DefiningProjectExtension": ".props"
      },
      {
        "Identity": "Services/FilesPhysicalDirectory.cs",
        "FullPath": "/workspace/team-c/c3-admin-symbol-errors-validation/9to1 Workspace/Files/CUI/Services/FilesPhysicalDirectory.cs",
        "RootDir": "/",
        "Filename": "FilesPhysicalDirectory",
        "Extension": ".cs",
        "RelativeDir": "Services/",
        "Directory": "workspace/team-c/c3-admin-symbol-errors-validation/9to1 Workspace/Files/CUI/Services/",
        "RecursiveDir": "Services/",
        "ModifiedTime": "",
        "CreatedTime": "",
        "AccessedTime": "",
        "DefiningProjectFullPath": "/workspace/.tools/dotnet/sdk/10.0.401/Sdks/Microsoft.NET.Sdk/targets/Microsoft.NET.Sdk.DefaultItems.props",
        "DefiningProjectDirectory": "/workspace/.tools/dotnet/sdk/10.0.401/Sdks/Microsoft.NET.Sdk/targets/",
        "DefiningProjectName": "Microsoft.NET.Sdk.DefaultItems",
        "DefiningProjectExtension": ".props"
      },
      {
        "Identity": "Services/FilesProviderRegistry.cs",
        "FullPath": "/workspace/team-c/c3-admin-symbol-errors-validation/9to1 Workspace/Files/CUI/Services/FilesProviderRegistry.cs",
        "RootDir": "/",
        "Filename": "FilesProviderRegistry",
        "Extension": ".cs",
        "RelativeDir": "Services/",
        "Directory": "workspace/team-c/c3-admin-symbol-errors-validation/9to1 Workspace/Files/CUI/Services/",
        "RecursiveDir": "Services/",
        "ModifiedTime": "",
        "CreatedTime": "",
        "AccessedTime": "",
        "DefiningProjectFullPath": "/workspace/.tools/dotnet/sdk/10.0.401/Sdks/Microsoft.NET.Sdk/targets/Microsoft.NET.Sdk.DefaultItems.props",
        "DefiningProjectDirectory": "/workspace/.tools/dotnet/sdk/10.0.401/Sdks/Microsoft.NET.Sdk/targets/",
        "DefiningProjectName": "Microsoft.NET.Sdk.DefaultItems",
        "DefiningProjectExtension": ".props"
      },
      {
        "Identity": "Services/FilesServiceActionCatalog.cs",
        "FullPath": "/workspace/team-c/c3-admin-symbol-errors-validation/9to1 Workspace/Files/CUI/Services/FilesServiceActionCatalog.cs",
        "RootDir": "/",
        "Filename": "FilesServiceActionCatalog",
        "Extension": ".cs",
        "RelativeDir": "Services/",
        "Directory": "workspace/team-c/c3-admin-symbol-errors-validation/9to1 Workspace/Files/CUI/Services/",
        "RecursiveDir": "Services/",
        "ModifiedTime": "",
        "CreatedTime": "",
        "AccessedTime": "",
        "DefiningProjectFullPath": "/workspace/.tools/dotnet/sdk/10.0.401/Sdks/Microsoft.NET.Sdk/targets/Microsoft.NET.Sdk.DefaultItems.props",
        "DefiningProjectDirectory": "/workspace/.tools/dotnet/sdk/10.0.401/Sdks/Microsoft.NET.Sdk/targets/",
        "DefiningProjectName": "Microsoft.NET.Sdk.DefaultItems",
        "DefiningProjectExtension": ".props"
      },
      {
        "Identity": "Services/FilesSyncCursorStore.cs",
        "FullPath": "/workspace/team-c/c3-admin-symbol-errors-validation/9to1 Workspace/Files/CUI/Services/FilesSyncCursorStore.cs",
        "RootDir": "/",
        "Filename": "FilesSyncCursorStore",
        "Extension": ".cs",
        "RelativeDir": "Services/",
        "Directory": "workspace/team-c/c3-admin-symbol-errors-validation/9to1 Workspace/Files/CUI/Services/",
        "RecursiveDir": "Services/",
        "ModifiedTime": "",
        "CreatedTime": "",
        "AccessedTime": "",
        "DefiningProjectFullPath": "/workspace/.tools/dotnet/sdk/10.0.401/Sdks/Microsoft.NET.Sdk/targets/Microsoft.NET.Sdk.DefaultItems.props",
        "DefiningProjectDirectory": "/workspace/.tools/dotnet/sdk/10.0.401/Sdks/Microsoft.NET.Sdk/targets/",
        "DefiningProjectName": "Microsoft.NET.Sdk.DefaultItems",
        "DefiningProjectExtension": ".props"
      },
      {
        "Identity": "Services/FilesWorkspaceDirectoryResolver.cs",
        "FullPath": "/workspace/team-c/c3-admin-symbol-errors-validation/9to1 Workspace/Files/CUI/Services/FilesWorkspaceDirectoryResolver.cs",
        "RootDir": "/",
        "Filename": "FilesWorkspaceDirectoryResolver",
        "Extension": ".cs",
        "RelativeDir": "Services/",
        "Directory": "workspace/team-c/c3-admin-symbol-errors-validation/9to1 Workspace/Files/CUI/Services/",
        "RecursiveDir": "Services/",
        "ModifiedTime": "",
        "CreatedTime": "",
        "AccessedTime": "",
        "DefiningProjectFullPath": "/workspace/.tools/dotnet/sdk/10.0.401/Sdks/Microsoft.NET.Sdk/targets/Microsoft.NET.Sdk.DefaultItems.props",
        "DefiningProjectDirectory": "/workspace/.tools/dotnet/sdk/10.0.401/Sdks/Microsoft.NET.Sdk/targets/",
        "DefiningProjectName": "Microsoft.NET.Sdk.DefaultItems",
        "DefiningProjectExtension": ".props"
      },
      {
        "Identity": "Services/VersionedJsonStateStore.cs",
        "FullPath": "/workspace/team-c/c3-admin-symbol-errors-validation/9to1 Workspace/Files/CUI/Services/VersionedJsonStateStore.cs",
        "RootDir": "/",
        "Filename": "VersionedJsonStateStore",
        "Extension": ".cs",
        "RelativeDir": "Services/",
        "Directory": "workspace/team-c/c3-admin-symbol-errors-validation/9to1 Workspace/Files/CUI/Services/",
        "RecursiveDir": "Services/",
        "ModifiedTime": "",
        "CreatedTime": "",
        "AccessedTime": "",
        "DefiningProjectFullPath": "/workspace/.tools/dotnet/sdk/10.0.401/Sdks/Microsoft.NET.Sdk/targets/Microsoft.NET.Sdk.DefaultItems.props",
        "DefiningProjectDirectory": "/workspace/.tools/dotnet/sdk/10.0.401/Sdks/Microsoft.NET.Sdk/targets/",
        "DefiningProjectName": "Microsoft.NET.Sdk.DefaultItems",
        "DefiningProjectExtension": ".props"
      },
      {
        "Identity": "/workspace/team-c/c3-admin-symbol-errors-validation/artifacts/root14-managed-build/obj/HavenOS.Files.CUI/debug_linux-x64/HavenOS.Files.CUI.GlobalUsings.g.cs",
        "FullPath": "/workspace/team-c/c3-admin-symbol-errors-validation/artifacts/root14-managed-build/obj/HavenOS.Files.CUI/debug_linux-x64/HavenOS.Files.CUI.GlobalUsings.g.cs",
        "RootDir": "/",
        "Filename": "HavenOS.Files.CUI.GlobalUsings.g",
        "Extension": ".cs",
        "RelativeDir": "/workspace/team-c/c3-admin-symbol-errors-validation/artifacts/root14-managed-build/obj/HavenOS.Files.CUI/debug_linux-x64/",
        "Directory": "workspace/team-c/c3-admin-symbol-errors-validation/artifacts/root14-managed-build/obj/HavenOS.Files.CUI/debug_linux-x64/",
        "RecursiveDir": "",
        "ModifiedTime": "2026-10-03 22:48:21.9977834",
        "CreatedTime": "2026-10-03 22:48:21.9977834",
        "AccessedTime": "2026-10-03 22:48:24.6320039",
        "DefiningProjectFullPath": "/workspace/.tools/dotnet/sdk/10.0.401/Sdks/Microsoft.NET.Sdk/targets/Microsoft.NET.GenerateGlobalUsings.targets",
        "DefiningProjectDirectory": "/workspace/.tools/dotnet/sdk/10.0.401/Sdks/Microsoft.NET.Sdk/targets/",
        "DefiningProjectName": "Microsoft.NET.GenerateGlobalUsings",
        "DefiningProjectExtension": ".targets"
      },
      {
        "Identity": "/workspace/team-c/c3-admin-symbol-errors-validation/artifacts/root14-managed-build/obj/HavenOS.Files.CUI/debug_linux-x64/.NETCoreApp,Version=v10.0.AssemblyAttributes.cs",
        "FullPath": "/workspace/team-c/c3-admin-symbol-errors-validation/artifacts/root14-managed-build/obj/HavenOS.Files.CUI/debug_linux-x64/.NETCoreApp,Version=v10.0.AssemblyAttributes.cs",
        "RootDir": "/",
        "Filename": ".NETCoreApp,Version=v10.0.AssemblyAttributes",
        "Extension": ".cs",
        "RelativeDir": "/workspace/team-c/c3-admin-symbol-errors-validation/artifacts/root14-managed-build/obj/HavenOS.Files.CUI/debug_linux-x64/",
        "Directory": "workspace/team-c/c3-admin-symbol-errors-validation/artifacts/root14-managed-build/obj/HavenOS.Files.CUI/debug_linux-x64/",
        "RecursiveDir": "",
        "ModifiedTime": "2026-10-03 22:48:24.4516162",
        "CreatedTime": "2026-10-03 22:48:24.4516162",
        "AccessedTime": "2026-10-03 22:48:24.6440043",
        "DefiningProjectFullPath": "/workspace/.tools/dotnet/sdk/10.0.401/Microsoft.Common.CurrentVersion.targets",
        "DefiningProjectDirectory": "/workspace/.tools/dotnet/sdk/10.0.401/",
        "DefiningProjectName": "Microsoft.Common.CurrentVersion",
        "DefiningProjectExtension": ".targets"
      },
      {
        "Identity": "/workspace/team-c/c3-admin-symbol-errors-validation/artifacts/root14-managed-build/obj/HavenOS.Files.CUI/debug_linux-x64/HavenOS.Files.CUI.AssemblyInfo.cs",
        "FullPath": "/workspace/team-c/c3-admin-symbol-errors-validation/artifacts/root14-managed-build/obj/HavenOS.Files.CUI/debug_linux-x64/HavenOS.Files.CUI.AssemblyInfo.cs",
        "RootDir": "/",
        "Filename": "HavenOS.Files.CUI.AssemblyInfo",
        "Extension": ".cs",
        "RelativeDir": "/workspace/team-c/c3-admin-symbol-errors-validation/artifacts/root14-managed-build/obj/HavenOS.Files.CUI/debug_linux-x64/",
        "Directory": "workspace/team-c/c3-admin-symbol-errors-validation/artifacts/root14-managed-build/obj/HavenOS.Files.CUI/debug_linux-x64/",
        "RecursiveDir": "",
        "ModifiedTime": "2026-10-03 22:48:24.4541283",
        "CreatedTime": "2026-10-03 22:48:24.4541283",
        "AccessedTime": "2026-10-03 22:48:24.6440043",
        "DefiningProjectFullPath": "/workspace/.tools/dotnet/sdk/10.0.401/Sdks/Microsoft.NET.Sdk/targets/Microsoft.NET.GenerateAssemblyInfo.targets",
        "DefiningProjectDirectory": "/workspace/.tools/dotnet/sdk/10.0.401/Sdks/Microsoft.NET.Sdk/targets/",
        "DefiningProjectName": "Microsoft.NET.GenerateAssemblyInfo",
        "DefiningProjectExtension": ".targets"
      }
    ]
  }
}
