{
  "Properties": {
    "MSBuildProjectFullPath": "/workspace/team-c/c3-admin-symbol-errors-validation/9to1 Workspace/shared/src/Haven.UI/Haven.UI.csproj",
    "MSBuildProjectName": "Haven.UI",
    "AssemblyName": "Haven.UI",
    "TargetPath": "/workspace/team-c/c3-admin-symbol-errors-validation/artifacts/root14-managed-build/bin/Haven.UI/debug_linux-x64/Haven.UI.dll",
    "OutputPath": "/workspace/team-c/c3-admin-symbol-errors-validation/artifacts/root14-managed-build/bin/Haven.UI/debug_linux-x64/",
    "Configuration": "Debug",
    "TargetFramework": "net10.0",
    "ProjectAssetsFile": "/workspace/team-c/c3-admin-symbol-errors-validation/artifacts/root14-managed-build/obj/Haven.UI/project.assets.json",
    "MSBuildProjectExtensionsPath": "/workspace/team-c/c3-admin-symbol-errors-validation/artifacts/root14-managed-build/obj/Haven.UI/",
    "AvaloniaBuildTasksLocation": "/workspace/team-c/c3-admin-symbol-errors-validation/artifacts/root14-host-build-tasks/bin/Avalonia.Build.Tasks/debug/Avalonia.Build.Tasks.dll",
    "EmitCompilerGeneratedFiles": "true",
    "IntermediateOutputPath": "/workspace/team-c/c3-admin-symbol-errors-validation/artifacts/root14-managed-build/obj/Haven.UI/debug_linux-x64/",
    "CompilerGeneratedFilesOutputPath": "/workspace/team-c/c3-admin-symbol-errors-validation/artifacts/root14-managed-build/obj/Haven.UI/debug_linux-x64//generated",
    "ArtifactsPath": "/workspace/team-c/c3-admin-symbol-errors-validation/artifacts/root14-managed-build",
    "ArtifactsProjectName": "Haven.UI",
    "BaseIntermediateOutputPath": "/workspace/team-c/c3-admin-symbol-errors-validation/artifacts/root14-managed-build/obj/Haven.UI/"
  },
  "Items": {
    "Compile": [
      {
        "Identity": "Accessibility/HavenAccessibility.cs",
        "FullPath": "/workspace/team-c/c3-admin-symbol-errors-validation/9to1 Workspace/shared/src/Haven.UI/Accessibility/HavenAccessibility.cs",
        "RootDir": "/",
        "Filename": "HavenAccessibility",
        "Extension": ".cs",
        "RelativeDir": "Accessibility/",
        "Directory": "workspace/team-c/c3-admin-symbol-errors-validation/9to1 Workspace/shared/src/Haven.UI/Accessibility/",
        "RecursiveDir": "Accessibility/",
        "ModifiedTime": "",
        "CreatedTime": "",
        "AccessedTime": "",
        "DefiningProjectFullPath": "/workspace/.tools/dotnet/sdk/10.0.401/Sdks/Microsoft.NET.Sdk/targets/Microsoft.NET.Sdk.DefaultItems.props",
        "DefiningProjectDirectory": "/workspace/.tools/dotnet/sdk/10.0.401/Sdks/Microsoft.NET.Sdk/targets/",
        "DefiningProjectName": "Microsoft.NET.Sdk.DefaultItems",
        "DefiningProjectExtension": ".props"
      },
      {
        "Identity": "Actions/HavenActions.cs",
        "FullPath": "/workspace/team-c/c3-admin-symbol-errors-validation/9to1 Workspace/shared/src/Haven.UI/Actions/HavenActions.cs",
        "RootDir": "/",
        "Filename": "HavenActions",
        "Extension": ".cs",
        "RelativeDir": "Actions/",
        "Directory": "workspace/team-c/c3-admin-symbol-errors-validation/9to1 Workspace/shared/src/Haven.UI/Actions/",
        "RecursiveDir": "Actions/",
        "ModifiedTime": "",
        "CreatedTime": "",
        "AccessedTime": "",
        "DefiningProjectFullPath": "/workspace/.tools/dotnet/sdk/10.0.401/Sdks/Microsoft.NET.Sdk/targets/Microsoft.NET.Sdk.DefaultItems.props",
        "DefiningProjectDirectory": "/workspace/.tools/dotnet/sdk/10.0.401/Sdks/Microsoft.NET.Sdk/targets/",
        "DefiningProjectName": "Microsoft.NET.Sdk.DefaultItems",
        "DefiningProjectExtension": ".props"
      },
      {
        "Identity": "Animation/HavenAnimationEngine.cs",
        "FullPath": "/workspace/team-c/c3-admin-symbol-errors-validation/9to1 Workspace/shared/src/Haven.UI/Animation/HavenAnimationEngine.cs",
        "RootDir": "/",
        "Filename": "HavenAnimationEngine",
        "Extension": ".cs",
        "RelativeDir": "Animation/",
        "Directory": "workspace/team-c/c3-admin-symbol-errors-validation/9to1 Workspace/shared/src/Haven.UI/Animation/",
        "RecursiveDir": "Animation/",
        "ModifiedTime": "",
        "CreatedTime": "",
        "AccessedTime": "",
        "DefiningProjectFullPath": "/workspace/.tools/dotnet/sdk/10.0.401/Sdks/Microsoft.NET.Sdk/targets/Microsoft.NET.Sdk.DefaultItems.props",
        "DefiningProjectDirectory": "/workspace/.tools/dotnet/sdk/10.0.401/Sdks/Microsoft.NET.Sdk/targets/",
        "DefiningProjectName": "Microsoft.NET.Sdk.DefaultItems",
        "DefiningProjectExtension": ".props"
      },
      {
        "Identity": "Animation/HavenEasing.cs",
        "FullPath": "/workspace/team-c/c3-admin-symbol-errors-validation/9to1 Workspace/shared/src/Haven.UI/Animation/HavenEasing.cs",
        "RootDir": "/",
        "Filename": "HavenEasing",
        "Extension": ".cs",
        "RelativeDir": "Animation/",
        "Directory": "workspace/team-c/c3-admin-symbol-errors-validation/9to1 Workspace/shared/src/Haven.UI/Animation/",
        "RecursiveDir": "Animation/",
        "ModifiedTime": "",
        "CreatedTime": "",
        "AccessedTime": "",
        "DefiningProjectFullPath": "/workspace/.tools/dotnet/sdk/10.0.401/Sdks/Microsoft.NET.Sdk/targets/Microsoft.NET.Sdk.DefaultItems.props",
        "DefiningProjectDirectory": "/workspace/.tools/dotnet/sdk/10.0.401/Sdks/Microsoft.NET.Sdk/targets/",
        "DefiningProjectName": "Microsoft.NET.Sdk.DefaultItems",
        "DefiningProjectExtension": ".props"
      },
      {
        "Identity": "Components/Button/Button.cs",
        "FullPath": "/workspace/team-c/c3-admin-symbol-errors-validation/9to1 Workspace/shared/src/Haven.UI/Components/Button/Button.cs",
        "RootDir": "/",
        "Filename": "Button",
        "Extension": ".cs",
        "RelativeDir": "Components/Button/",
        "Directory": "workspace/team-c/c3-admin-symbol-errors-validation/9to1 Workspace/shared/src/Haven.UI/Components/Button/",
        "RecursiveDir": "Components/Button/",
        "ModifiedTime": "",
        "CreatedTime": "",
        "AccessedTime": "",
        "DefiningProjectFullPath": "/workspace/.tools/dotnet/sdk/10.0.401/Sdks/Microsoft.NET.Sdk/targets/Microsoft.NET.Sdk.DefaultItems.props",
        "DefiningProjectDirectory": "/workspace/.tools/dotnet/sdk/10.0.401/Sdks/Microsoft.NET.Sdk/targets/",
        "DefiningProjectName": "Microsoft.NET.Sdk.DefaultItems",
        "DefiningProjectExtension": ".props"
      },
      {
        "Identity": "Components/Canvas/Canvas.cs",
        "FullPath": "/workspace/team-c/c3-admin-symbol-errors-validation/9to1 Workspace/shared/src/Haven.UI/Components/Canvas/Canvas.cs",
        "RootDir": "/",
        "Filename": "Canvas",
        "Extension": ".cs",
        "RelativeDir": "Components/Canvas/",
        "Directory": "workspace/team-c/c3-admin-symbol-errors-validation/9to1 Workspace/shared/src/Haven.UI/Components/Canvas/",
        "RecursiveDir": "Components/Canvas/",
        "ModifiedTime": "",
        "CreatedTime": "",
        "AccessedTime": "",
        "DefiningProjectFullPath": "/workspace/.tools/dotnet/sdk/10.0.401/Sdks/Microsoft.NET.Sdk/targets/Microsoft.NET.Sdk.DefaultItems.props",
        "DefiningProjectDirectory": "/workspace/.tools/dotnet/sdk/10.0.401/Sdks/Microsoft.NET.Sdk/targets/",
        "DefiningProjectName": "Microsoft.NET.Sdk.DefaultItems",
        "DefiningProjectExtension": ".props"
      },
      {
        "Identity": "Components/Container/Container.cs",
        "FullPath": "/workspace/team-c/c3-admin-symbol-errors-validation/9to1 Workspace/shared/src/Haven.UI/Components/Container/Container.cs",
        "RootDir": "/",
        "Filename": "Container",
        "Extension": ".cs",
        "RelativeDir": "Components/Container/",
        "Directory": "workspace/team-c/c3-admin-symbol-errors-validation/9to1 Workspace/shared/src/Haven.UI/Components/Container/",
        "RecursiveDir": "Components/Container/",
        "ModifiedTime": "",
        "CreatedTime": "",
        "AccessedTime": "",
        "DefiningProjectFullPath": "/workspace/.tools/dotnet/sdk/10.0.401/Sdks/Microsoft.NET.Sdk/targets/Microsoft.NET.Sdk.DefaultItems.props",
        "DefiningProjectDirectory": "/workspace/.tools/dotnet/sdk/10.0.401/Sdks/Microsoft.NET.Sdk/targets/",
        "DefiningProjectName": "Microsoft.NET.Sdk.DefaultItems",
        "DefiningProjectExtension": ".props"
      },
      {
        "Identity": "Components/DynamicUI/DynamicUI.cs",
        "FullPath": "/workspace/team-c/c3-admin-symbol-errors-validation/9to1 Workspace/shared/src/Haven.UI/Components/DynamicUI/DynamicUI.cs",
        "RootDir": "/",
        "Filename": "DynamicUI",
        "Extension": ".cs",
        "RelativeDir": "Components/DynamicUI/",
        "Directory": "workspace/team-c/c3-admin-symbol-errors-validation/9to1 Workspace/shared/src/Haven.UI/Components/DynamicUI/",
        "RecursiveDir": "Components/DynamicUI/",
        "ModifiedTime": "",
        "CreatedTime": "",
        "AccessedTime": "",
        "DefiningProjectFullPath": "/workspace/.tools/dotnet/sdk/10.0.401/Sdks/Microsoft.NET.Sdk/targets/Microsoft.NET.Sdk.DefaultItems.props",
        "DefiningProjectDirectory": "/workspace/.tools/dotnet/sdk/10.0.401/Sdks/Microsoft.NET.Sdk/targets/",
        "DefiningProjectName": "Microsoft.NET.Sdk.DefaultItems",
        "DefiningProjectExtension": ".props"
      },
      {
        "Identity": "Components/Input/Input.cs",
        "FullPath": "/workspace/team-c/c3-admin-symbol-errors-validation/9to1 Workspace/shared/src/Haven.UI/Components/Input/Input.cs",
        "RootDir": "/",
        "Filename": "Input",
        "Extension": ".cs",
        "RelativeDir": "Components/Input/",
        "Directory": "workspace/team-c/c3-admin-symbol-errors-validation/9to1 Workspace/shared/src/Haven.UI/Components/Input/",
        "RecursiveDir": "Components/Input/",
        "ModifiedTime": "",
        "CreatedTime": "",
        "AccessedTime": "",
        "DefiningProjectFullPath": "/workspace/.tools/dotnet/sdk/10.0.401/Sdks/Microsoft.NET.Sdk/targets/Microsoft.NET.Sdk.DefaultItems.props",
        "DefiningProjectDirectory": "/workspace/.tools/dotnet/sdk/10.0.401/Sdks/Microsoft.NET.Sdk/targets/",
        "DefiningProjectName": "Microsoft.NET.Sdk.DefaultItems",
        "DefiningProjectExtension": ".props"
      },
      {
        "Identity": "Components/Markdown/Markdown.cs",
        "FullPath": "/workspace/team-c/c3-admin-symbol-errors-validation/9to1 Workspace/shared/src/Haven.UI/Components/Markdown/Markdown.cs",
        "RootDir": "/",
        "Filename": "Markdown",
        "Extension": ".cs",
        "RelativeDir": "Components/Markdown/",
        "Directory": "workspace/team-c/c3-admin-symbol-errors-validation/9to1 Workspace/shared/src/Haven.UI/Components/Markdown/",
        "RecursiveDir": "Components/Markdown/",
        "ModifiedTime": "",
        "CreatedTime": "",
        "AccessedTime": "",
        "DefiningProjectFullPath": "/workspace/.tools/dotnet/sdk/10.0.401/Sdks/Microsoft.NET.Sdk/targets/Microsoft.NET.Sdk.DefaultItems.props",
        "DefiningProjectDirectory": "/workspace/.tools/dotnet/sdk/10.0.401/Sdks/Microsoft.NET.Sdk/targets/",
        "DefiningProjectName": "Microsoft.NET.Sdk.DefaultItems",
        "DefiningProjectExtension": ".props"
      },
      {
        "Identity": "Components/Media/Media.cs",
        "FullPath": "/workspace/team-c/c3-admin-symbol-errors-validation/9to1 Workspace/shared/src/Haven.UI/Components/Media/Media.cs",
        "RootDir": "/",
        "Filename": "Media",
        "Extension": ".cs",
        "RelativeDir": "Components/Media/",
        "Directory": "workspace/team-c/c3-admin-symbol-errors-validation/9to1 Workspace/shared/src/Haven.UI/Components/Media/",
        "RecursiveDir": "Components/Media/",
        "ModifiedTime": "",
        "CreatedTime": "",
        "AccessedTime": "",
        "DefiningProjectFullPath": "/workspace/.tools/dotnet/sdk/10.0.401/Sdks/Microsoft.NET.Sdk/targets/Microsoft.NET.Sdk.DefaultItems.props",
        "DefiningProjectDirectory": "/workspace/.tools/dotnet/sdk/10.0.401/Sdks/Microsoft.NET.Sdk/targets/",
        "DefiningProjectName": "Microsoft.NET.Sdk.DefaultItems",
        "DefiningProjectExtension": ".props"
      },
      {
        "Identity": "Components/NodeEditor/NodeEditor.cs",
        "FullPath": "/workspace/team-c/c3-admin-symbol-errors-validation/9to1 Workspace/shared/src/Haven.UI/Components/NodeEditor/NodeEditor.cs",
        "RootDir": "/",
        "Filename": "NodeEditor",
        "Extension": ".cs",
        "RelativeDir": "Components/NodeEditor/",
        "Directory": "workspace/team-c/c3-admin-symbol-errors-validation/9to1 Workspace/shared/src/Haven.UI/Components/NodeEditor/",
        "RecursiveDir": "Components/NodeEditor/",
        "ModifiedTime": "",
        "CreatedTime": "",
        "AccessedTime": "",
        "DefiningProjectFullPath": "/workspace/.tools/dotnet/sdk/10.0.401/Sdks/Microsoft.NET.Sdk/targets/Microsoft.NET.Sdk.DefaultItems.props",
        "DefiningProjectDirectory": "/workspace/.tools/dotnet/sdk/10.0.401/Sdks/Microsoft.NET.Sdk/targets/",
        "DefiningProjectName": "Microsoft.NET.Sdk.DefaultItems",
        "DefiningProjectExtension": ".props"
      },
      {
        "Identity": "Components/NodeEditor/NodeEditorModels.cs",
        "FullPath": "/workspace/team-c/c3-admin-symbol-errors-validation/9to1 Workspace/shared/src/Haven.UI/Components/NodeEditor/NodeEditorModels.cs",
        "RootDir": "/",
        "Filename": "NodeEditorModels",
        "Extension": ".cs",
        "RelativeDir": "Components/NodeEditor/",
        "Directory": "workspace/team-c/c3-admin-symbol-errors-validation/9to1 Workspace/shared/src/Haven.UI/Components/NodeEditor/",
        "RecursiveDir": "Components/NodeEditor/",
        "ModifiedTime": "",
        "CreatedTime": "",
        "AccessedTime": "",
        "DefiningProjectFullPath": "/workspace/.tools/dotnet/sdk/10.0.401/Sdks/Microsoft.NET.Sdk/targets/Microsoft.NET.Sdk.DefaultItems.props",
        "DefiningProjectDirectory": "/workspace/.tools/dotnet/sdk/10.0.401/Sdks/Microsoft.NET.Sdk/targets/",
        "DefiningProjectName": "Microsoft.NET.Sdk.DefaultItems",
        "DefiningProjectExtension": ".props"
      },
      {
        "Identity": "Components/Page/Page.cs",
        "FullPath": "/workspace/team-c/c3-admin-symbol-errors-validation/9to1 Workspace/shared/src/Haven.UI/Components/Page/Page.cs",
        "RootDir": "/",
        "Filename": "Page",
        "Extension": ".cs",
        "RelativeDir": "Components/Page/",
        "Directory": "workspace/team-c/c3-admin-symbol-errors-validation/9to1 Workspace/shared/src/Haven.UI/Components/Page/",
        "RecursiveDir": "Components/Page/",
        "ModifiedTime": "",
        "CreatedTime": "",
        "AccessedTime": "",
        "DefiningProjectFullPath": "/workspace/.tools/dotnet/sdk/10.0.401/Sdks/Microsoft.NET.Sdk/targets/Microsoft.NET.Sdk.DefaultItems.props",
        "DefiningProjectDirectory": "/workspace/.tools/dotnet/sdk/10.0.401/Sdks/Microsoft.NET.Sdk/targets/",
        "DefiningProjectName": "Microsoft.NET.Sdk.DefaultItems",
        "DefiningProjectExtension": ".props"
      },
      {
        "Identity": "Components/Popup/PopupMenu.cs",
        "FullPath": "/workspace/team-c/c3-admin-symbol-errors-validation/9to1 Workspace/shared/src/Haven.UI/Components/Popup/PopupMenu.cs",
        "RootDir": "/",
        "Filename": "PopupMenu",
        "Extension": ".cs",
        "RelativeDir": "Components/Popup/",
        "Directory": "workspace/team-c/c3-admin-symbol-errors-validation/9to1 Workspace/shared/src/Haven.UI/Components/Popup/",
        "RecursiveDir": "Components/Popup/",
        "ModifiedTime": "",
        "CreatedTime": "",
        "AccessedTime": "",
        "DefiningProjectFullPath": "/workspace/.tools/dotnet/sdk/10.0.401/Sdks/Microsoft.NET.Sdk/targets/Microsoft.NET.Sdk.DefaultItems.props",
        "DefiningProjectDirectory": "/workspace/.tools/dotnet/sdk/10.0.401/Sdks/Microsoft.NET.Sdk/targets/",
        "DefiningProjectName": "Microsoft.NET.Sdk.DefaultItems",
        "DefiningProjectExtension": ".props"
      },
      {
        "Identity": "Components/Prefab/Prefab.cs",
        "FullPath": "/workspace/team-c/c3-admin-symbol-errors-validation/9to1 Workspace/shared/src/Haven.UI/Components/Prefab/Prefab.cs",
        "RootDir": "/",
        "Filename": "Prefab",
        "Extension": ".cs",
        "RelativeDir": "Components/Prefab/",
        "Directory": "workspace/team-c/c3-admin-symbol-errors-validation/9to1 Workspace/shared/src/Haven.UI/Components/Prefab/",
        "RecursiveDir": "Components/Prefab/",
        "ModifiedTime": "",
        "CreatedTime": "",
        "AccessedTime": "",
        "DefiningProjectFullPath": "/workspace/.tools/dotnet/sdk/10.0.401/Sdks/Microsoft.NET.Sdk/targets/Microsoft.NET.Sdk.DefaultItems.props",
        "DefiningProjectDirectory": "/workspace/.tools/dotnet/sdk/10.0.401/Sdks/Microsoft.NET.Sdk/targets/",
        "DefiningProjectName": "Microsoft.NET.Sdk.DefaultItems",
        "DefiningProjectExtension": ".props"
      },
      {
        "Identity": "Components/Progress/Progress.cs",
        "FullPath": "/workspace/team-c/c3-admin-symbol-errors-validation/9to1 Workspace/shared/src/Haven.UI/Components/Progress/Progress.cs",
        "RootDir": "/",
        "Filename": "Progress",
        "Extension": ".cs",
        "RelativeDir": "Components/Progress/",
        "Directory": "workspace/team-c/c3-admin-symbol-errors-validation/9to1 Workspace/shared/src/Haven.UI/Components/Progress/",
        "RecursiveDir": "Components/Progress/",
        "ModifiedTime": "",
        "CreatedTime": "",
        "AccessedTime": "",
        "DefiningProjectFullPath": "/workspace/.tools/dotnet/sdk/10.0.401/Sdks/Microsoft.NET.Sdk/targets/Microsoft.NET.Sdk.DefaultItems.props",
        "DefiningProjectDirectory": "/workspace/.tools/dotnet/sdk/10.0.401/Sdks/Microsoft.NET.Sdk/targets/",
        "DefiningProjectName": "Microsoft.NET.Sdk.DefaultItems",
        "DefiningProjectExtension": ".props"
      },
      {
        "Identity": "Components/Select/Select.cs",
        "FullPath": "/workspace/team-c/c3-admin-symbol-errors-validation/9to1 Workspace/shared/src/Haven.UI/Components/Select/Select.cs",
        "RootDir": "/",
        "Filename": "Select",
        "Extension": ".cs",
        "RelativeDir": "Components/Select/",
        "Directory": "workspace/team-c/c3-admin-symbol-errors-validation/9to1 Workspace/shared/src/Haven.UI/Components/Select/",
        "RecursiveDir": "Components/Select/",
        "ModifiedTime": "",
        "CreatedTime": "",
        "AccessedTime": "",
        "DefiningProjectFullPath": "/workspace/.tools/dotnet/sdk/10.0.401/Sdks/Microsoft.NET.Sdk/targets/Microsoft.NET.Sdk.DefaultItems.props",
        "DefiningProjectDirectory": "/workspace/.tools/dotnet/sdk/10.0.401/Sdks/Microsoft.NET.Sdk/targets/",
        "DefiningProjectName": "Microsoft.NET.Sdk.DefaultItems",
        "DefiningProjectExtension": ".props"
      },
      {
        "Identity": "Components/Separator/Separator.cs",
        "FullPath": "/workspace/team-c/c3-admin-symbol-errors-validation/9to1 Workspace/shared/src/Haven.UI/Components/Separator/Separator.cs",
        "RootDir": "/",
        "Filename": "Separator",
        "Extension": ".cs",
        "RelativeDir": "Components/Separator/",
        "Directory": "workspace/team-c/c3-admin-symbol-errors-validation/9to1 Workspace/shared/src/Haven.UI/Components/Separator/",
        "RecursiveDir": "Components/Separator/",
        "ModifiedTime": "",
        "CreatedTime": "",
        "AccessedTime": "",
        "DefiningProjectFullPath": "/workspace/.tools/dotnet/sdk/10.0.401/Sdks/Microsoft.NET.Sdk/targets/Microsoft.NET.Sdk.DefaultItems.props",
        "DefiningProjectDirectory": "/workspace/.tools/dotnet/sdk/10.0.401/Sdks/Microsoft.NET.Sdk/targets/",
        "DefiningProjectName": "Microsoft.NET.Sdk.DefaultItems",
        "DefiningProjectExtension": ".props"
      },
      {
        "Identity": "Components/Slider/Slider.cs",
        "FullPath": "/workspace/team-c/c3-admin-symbol-errors-validation/9to1 Workspace/shared/src/Haven.UI/Components/Slider/Slider.cs",
        "RootDir": "/",
        "Filename": "Slider",
        "Extension": ".cs",
        "RelativeDir": "Components/Slider/",
        "Directory": "workspace/team-c/c3-admin-symbol-errors-validation/9to1 Workspace/shared/src/Haven.UI/Components/Slider/",
        "RecursiveDir": "Components/Slider/",
        "ModifiedTime": "",
        "CreatedTime": "",
        "AccessedTime": "",
        "DefiningProjectFullPath": "/workspace/.tools/dotnet/sdk/10.0.401/Sdks/Microsoft.NET.Sdk/targets/Microsoft.NET.Sdk.DefaultItems.props",
        "DefiningProjectDirectory": "/workspace/.tools/dotnet/sdk/10.0.401/Sdks/Microsoft.NET.Sdk/targets/",
        "DefiningProjectName": "Microsoft.NET.Sdk.DefaultItems",
        "DefiningProjectExtension": ".props"
      },
      {
        "Identity": "Components/Tabs/TabStrip.cs",
        "FullPath": "/workspace/team-c/c3-admin-symbol-errors-validation/9to1 Workspace/shared/src/Haven.UI/Components/Tabs/TabStrip.cs",
        "RootDir": "/",
        "Filename": "TabStrip",
        "Extension": ".cs",
        "RelativeDir": "Components/Tabs/",
        "Directory": "workspace/team-c/c3-admin-symbol-errors-validation/9to1 Workspace/shared/src/Haven.UI/Components/Tabs/",
        "RecursiveDir": "Components/Tabs/",
        "ModifiedTime": "",
        "CreatedTime": "",
        "AccessedTime": "",
        "DefiningProjectFullPath": "/workspace/.tools/dotnet/sdk/10.0.401/Sdks/Microsoft.NET.Sdk/targets/Microsoft.NET.Sdk.DefaultItems.props",
        "DefiningProjectDirectory": "/workspace/.tools/dotnet/sdk/10.0.401/Sdks/Microsoft.NET.Sdk/targets/",
        "DefiningProjectName": "Microsoft.NET.Sdk.DefaultItems",
        "DefiningProjectExtension": ".props"
      },
      {
        "Identity": "Components/Text/Text.cs",
        "FullPath": "/workspace/team-c/c3-admin-symbol-errors-validation/9to1 Workspace/shared/src/Haven.UI/Components/Text/Text.cs",
        "RootDir": "/",
        "Filename": "Text",
        "Extension": ".cs",
        "RelativeDir": "Components/Text/",
        "Directory": "workspace/team-c/c3-admin-symbol-errors-validation/9to1 Workspace/shared/src/Haven.UI/Components/Text/",
        "RecursiveDir": "Components/Text/",
        "ModifiedTime": "",
        "CreatedTime": "",
        "AccessedTime": "",
        "DefiningProjectFullPath": "/workspace/.tools/dotnet/sdk/10.0.401/Sdks/Microsoft.NET.Sdk/targets/Microsoft.NET.Sdk.DefaultItems.props",
        "DefiningProjectDirectory": "/workspace/.tools/dotnet/sdk/10.0.401/Sdks/Microsoft.NET.Sdk/targets/",
        "DefiningProjectName": "Microsoft.NET.Sdk.DefaultItems",
        "DefiningProjectExtension": ".props"
      },
      {
        "Identity": "Components/Toggle/Toggle.cs",
        "FullPath": "/workspace/team-c/c3-admin-symbol-errors-validation/9to1 Workspace/shared/src/Haven.UI/Components/Toggle/Toggle.cs",
        "RootDir": "/",
        "Filename": "Toggle",
        "Extension": ".cs",
        "RelativeDir": "Components/Toggle/",
        "Directory": "workspace/team-c/c3-admin-symbol-errors-validation/9to1 Workspace/shared/src/Haven.UI/Components/Toggle/",
        "RecursiveDir": "Components/Toggle/",
        "ModifiedTime": "",
        "CreatedTime": "",
        "AccessedTime": "",
        "DefiningProjectFullPath": "/workspace/.tools/dotnet/sdk/10.0.401/Sdks/Microsoft.NET.Sdk/targets/Microsoft.NET.Sdk.DefaultItems.props",
        "DefiningProjectDirectory": "/workspace/.tools/dotnet/sdk/10.0.401/Sdks/Microsoft.NET.Sdk/targets/",
        "DefiningProjectName": "Microsoft.NET.Sdk.DefaultItems",
        "DefiningProjectExtension": ".props"
      },
      {
        "Identity": "Conditions/HavenRenderConditions.cs",
        "FullPath": "/workspace/team-c/c3-admin-symbol-errors-validation/9to1 Workspace/shared/src/Haven.UI/Conditions/HavenRenderConditions.cs",
        "RootDir": "/",
        "Filename": "HavenRenderConditions",
        "Extension": ".cs",
        "RelativeDir": "Conditions/",
        "Directory": "workspace/team-c/c3-admin-symbol-errors-validation/9to1 Workspace/shared/src/Haven.UI/Conditions/",
        "RecursiveDir": "Conditions/",
        "ModifiedTime": "",
        "CreatedTime": "",
        "AccessedTime": "",
        "DefiningProjectFullPath": "/workspace/.tools/dotnet/sdk/10.0.401/Sdks/Microsoft.NET.Sdk/targets/Microsoft.NET.Sdk.DefaultItems.props",
        "DefiningProjectDirectory": "/workspace/.tools/dotnet/sdk/10.0.401/Sdks/Microsoft.NET.Sdk/targets/",
        "DefiningProjectName": "Microsoft.NET.Sdk.DefaultItems",
        "DefiningProjectExtension": ".props"
      },
      {
        "Identity": "Contracts/IHavenBrushTokenResolver.cs",
        "FullPath": "/workspace/team-c/c3-admin-symbol-errors-validation/9to1 Workspace/shared/src/Haven.UI/Contracts/IHavenBrushTokenResolver.cs",
        "RootDir": "/",
        "Filename": "IHavenBrushTokenResolver",
        "Extension": ".cs",
        "RelativeDir": "Contracts/",
        "Directory": "workspace/team-c/c3-admin-symbol-errors-validation/9to1 Workspace/shared/src/Haven.UI/Contracts/",
        "RecursiveDir": "Contracts/",
        "ModifiedTime": "",
        "CreatedTime": "",
        "AccessedTime": "",
        "DefiningProjectFullPath": "/workspace/.tools/dotnet/sdk/10.0.401/Sdks/Microsoft.NET.Sdk/targets/Microsoft.NET.Sdk.DefaultItems.props",
        "DefiningProjectDirectory": "/workspace/.tools/dotnet/sdk/10.0.401/Sdks/Microsoft.NET.Sdk/targets/",
        "DefiningProjectName": "Microsoft.NET.Sdk.DefaultItems",
        "DefiningProjectExtension": ".props"
      },
      {
        "Identity": "Drawing/HavenDrawing.cs",
        "FullPath": "/workspace/team-c/c3-admin-symbol-errors-validation/9to1 Workspace/shared/src/Haven.UI/Drawing/HavenDrawing.cs",
        "RootDir": "/",
        "Filename": "HavenDrawing",
        "Extension": ".cs",
        "RelativeDir": "Drawing/",
        "Directory": "workspace/team-c/c3-admin-symbol-errors-validation/9to1 Workspace/shared/src/Haven.UI/Drawing/",
        "RecursiveDir": "Drawing/",
        "ModifiedTime": "",
        "CreatedTime": "",
        "AccessedTime": "",
        "DefiningProjectFullPath": "/workspace/.tools/dotnet/sdk/10.0.401/Sdks/Microsoft.NET.Sdk/targets/Microsoft.NET.Sdk.DefaultItems.props",
        "DefiningProjectDirectory": "/workspace/.tools/dotnet/sdk/10.0.401/Sdks/Microsoft.NET.Sdk/targets/",
        "DefiningProjectName": "Microsoft.NET.Sdk.DefaultItems",
        "DefiningProjectExtension": ".props"
      },
      {
        "Identity": "Drawing/HavenEffects.cs",
        "FullPath": "/workspace/team-c/c3-admin-symbol-errors-validation/9to1 Workspace/shared/src/Haven.UI/Drawing/HavenEffects.cs",
        "RootDir": "/",
        "Filename": "HavenEffects",
        "Extension": ".cs",
        "RelativeDir": "Drawing/",
        "Directory": "workspace/team-c/c3-admin-symbol-errors-validation/9to1 Workspace/shared/src/Haven.UI/Drawing/",
        "RecursiveDir": "Drawing/",
        "ModifiedTime": "",
        "CreatedTime": "",
        "AccessedTime": "",
        "DefiningProjectFullPath": "/workspace/.tools/dotnet/sdk/10.0.401/Sdks/Microsoft.NET.Sdk/targets/Microsoft.NET.Sdk.DefaultItems.props",
        "DefiningProjectDirectory": "/workspace/.tools/dotnet/sdk/10.0.401/Sdks/Microsoft.NET.Sdk/targets/",
        "DefiningProjectName": "Microsoft.NET.Sdk.DefaultItems",
        "DefiningProjectExtension": ".props"
      },
      {
        "Identity": "Drawing/HavenIconCatalog.cs",
        "FullPath": "/workspace/team-c/c3-admin-symbol-errors-validation/9to1 Workspace/shared/src/Haven.UI/Drawing/HavenIconCatalog.cs",
        "RootDir": "/",
        "Filename": "HavenIconCatalog",
        "Extension": ".cs",
        "RelativeDir": "Drawing/",
        "Directory": "workspace/team-c/c3-admin-symbol-errors-validation/9to1 Workspace/shared/src/Haven.UI/Drawing/",
        "RecursiveDir": "Drawing/",
        "ModifiedTime": "",
        "CreatedTime": "",
        "AccessedTime": "",
        "DefiningProjectFullPath": "/workspace/.tools/dotnet/sdk/10.0.401/Sdks/Microsoft.NET.Sdk/targets/Microsoft.NET.Sdk.DefaultItems.props",
        "DefiningProjectDirectory": "/workspace/.tools/dotnet/sdk/10.0.401/Sdks/Microsoft.NET.Sdk/targets/",
        "DefiningProjectName": "Microsoft.NET.Sdk.DefaultItems",
        "DefiningProjectExtension": ".props"
      },
      {
        "Identity": "Drawing/IHavenDrawCommandSource.cs",
        "FullPath": "/workspace/team-c/c3-admin-symbol-errors-validation/9to1 Workspace/shared/src/Haven.UI/Drawing/IHavenDrawCommandSource.cs",
        "RootDir": "/",
        "Filename": "IHavenDrawCommandSource",
        "Extension": ".cs",
        "RelativeDir": "Drawing/",
        "Directory": "workspace/team-c/c3-admin-symbol-errors-validation/9to1 Workspace/shared/src/Haven.UI/Drawing/",
        "RecursiveDir": "Drawing/",
        "ModifiedTime": "",
        "CreatedTime": "",
        "AccessedTime": "",
        "DefiningProjectFullPath": "/workspace/.tools/dotnet/sdk/10.0.401/Sdks/Microsoft.NET.Sdk/targets/Microsoft.NET.Sdk.DefaultItems.props",
        "DefiningProjectDirectory": "/workspace/.tools/dotnet/sdk/10.0.401/Sdks/Microsoft.NET.Sdk/targets/",
        "DefiningProjectName": "Microsoft.NET.Sdk.DefaultItems",
        "DefiningProjectExtension": ".props"
      },
      {
        "Identity": "Geometry/HavenGeometry.cs",
        "FullPath": "/workspace/team-c/c3-admin-symbol-errors-validation/9to1 Workspace/shared/src/Haven.UI/Geometry/HavenGeometry.cs",
        "RootDir": "/",
        "Filename": "HavenGeometry",
        "Extension": ".cs",
        "RelativeDir": "Geometry/",
        "Directory": "workspace/team-c/c3-admin-symbol-errors-validation/9to1 Workspace/shared/src/Haven.UI/Geometry/",
        "RecursiveDir": "Geometry/",
        "ModifiedTime": "",
        "CreatedTime": "",
        "AccessedTime": "",
        "DefiningProjectFullPath": "/workspace/.tools/dotnet/sdk/10.0.401/Sdks/Microsoft.NET.Sdk/targets/Microsoft.NET.Sdk.DefaultItems.props",
        "DefiningProjectDirectory": "/workspace/.tools/dotnet/sdk/10.0.401/Sdks/Microsoft.NET.Sdk/targets/",
        "DefiningProjectName": "Microsoft.NET.Sdk.DefaultItems",
        "DefiningProjectExtension": ".props"
      },
      {
        "Identity": "Input/HavenDirectManipulation.cs",
        "FullPath": "/workspace/team-c/c3-admin-symbol-errors-validation/9to1 Workspace/shared/src/Haven.UI/Input/HavenDirectManipulation.cs",
        "RootDir": "/",
        "Filename": "HavenDirectManipulation",
        "Extension": ".cs",
        "RelativeDir": "Input/",
        "Directory": "workspace/team-c/c3-admin-symbol-errors-validation/9to1 Workspace/shared/src/Haven.UI/Input/",
        "RecursiveDir": "Input/",
        "ModifiedTime": "",
        "CreatedTime": "",
        "AccessedTime": "",
        "DefiningProjectFullPath": "/workspace/.tools/dotnet/sdk/10.0.401/Sdks/Microsoft.NET.Sdk/targets/Microsoft.NET.Sdk.DefaultItems.props",
        "DefiningProjectDirectory": "/workspace/.tools/dotnet/sdk/10.0.401/Sdks/Microsoft.NET.Sdk/targets/",
        "DefiningProjectName": "Microsoft.NET.Sdk.DefaultItems",
        "DefiningProjectExtension": ".props"
      },
      {
        "Identity": "Input/HavenInputRouter.cs",
        "FullPath": "/workspace/team-c/c3-admin-symbol-errors-validation/9to1 Workspace/shared/src/Haven.UI/Input/HavenInputRouter.cs",
        "RootDir": "/",
        "Filename": "HavenInputRouter",
        "Extension": ".cs",
        "RelativeDir": "Input/",
        "Directory": "workspace/team-c/c3-admin-symbol-errors-validation/9to1 Workspace/shared/src/Haven.UI/Input/",
        "RecursiveDir": "Input/",
        "ModifiedTime": "",
        "CreatedTime": "",
        "AccessedTime": "",
        "DefiningProjectFullPath": "/workspace/.tools/dotnet/sdk/10.0.401/Sdks/Microsoft.NET.Sdk/targets/Microsoft.NET.Sdk.DefaultItems.props",
        "DefiningProjectDirectory": "/workspace/.tools/dotnet/sdk/10.0.401/Sdks/Microsoft.NET.Sdk/targets/",
        "DefiningProjectName": "Microsoft.NET.Sdk.DefaultItems",
        "DefiningProjectExtension": ".props"
      },
      {
        "Identity": "Input/IHavenPointerInputTarget.cs",
        "FullPath": "/workspace/team-c/c3-admin-symbol-errors-validation/9to1 Workspace/shared/src/Haven.UI/Input/IHavenPointerInputTarget.cs",
        "RootDir": "/",
        "Filename": "IHavenPointerInputTarget",
        "Extension": ".cs",
        "RelativeDir": "Input/",
        "Directory": "workspace/team-c/c3-admin-symbol-errors-validation/9to1 Workspace/shared/src/Haven.UI/Input/",
        "RecursiveDir": "Input/",
        "ModifiedTime": "",
        "CreatedTime": "",
        "AccessedTime": "",
        "DefiningProjectFullPath": "/workspace/.tools/dotnet/sdk/10.0.401/Sdks/Microsoft.NET.Sdk/targets/Microsoft.NET.Sdk.DefaultItems.props",
        "DefiningProjectDirectory": "/workspace/.tools/dotnet/sdk/10.0.401/Sdks/Microsoft.NET.Sdk/targets/",
        "DefiningProjectName": "Microsoft.NET.Sdk.DefaultItems",
        "DefiningProjectExtension": ".props"
      },
      {
        "Identity": "Layout/HavenLayoutEngine.cs",
        "FullPath": "/workspace/team-c/c3-admin-symbol-errors-validation/9to1 Workspace/shared/src/Haven.UI/Layout/HavenLayoutEngine.cs",
        "RootDir": "/",
        "Filename": "HavenLayoutEngine",
        "Extension": ".cs",
        "RelativeDir": "Layout/",
        "Directory": "workspace/team-c/c3-admin-symbol-errors-validation/9to1 Workspace/shared/src/Haven.UI/Layout/",
        "RecursiveDir": "Layout/",
        "ModifiedTime": "",
        "CreatedTime": "",
        "AccessedTime": "",
        "DefiningProjectFullPath": "/workspace/.tools/dotnet/sdk/10.0.401/Sdks/Microsoft.NET.Sdk/targets/Microsoft.NET.Sdk.DefaultItems.props",
        "DefiningProjectDirectory": "/workspace/.tools/dotnet/sdk/10.0.401/Sdks/Microsoft.NET.Sdk/targets/",
        "DefiningProjectName": "Microsoft.NET.Sdk.DefaultItems",
        "DefiningProjectExtension": ".props"
      },
      {
        "Identity": "Markup/HavenMarkupParser.cs",
        "FullPath": "/workspace/team-c/c3-admin-symbol-errors-validation/9to1 Workspace/shared/src/Haven.UI/Markup/HavenMarkupParser.cs",
        "RootDir": "/",
        "Filename": "HavenMarkupParser",
        "Extension": ".cs",
        "RelativeDir": "Markup/",
        "Directory": "workspace/team-c/c3-admin-symbol-errors-validation/9to1 Workspace/shared/src/Haven.UI/Markup/",
        "RecursiveDir": "Markup/",
        "ModifiedTime": "",
        "CreatedTime": "",
        "AccessedTime": "",
        "DefiningProjectFullPath": "/workspace/.tools/dotnet/sdk/10.0.401/Sdks/Microsoft.NET.Sdk/targets/Microsoft.NET.Sdk.DefaultItems.props",
        "DefiningProjectDirectory": "/workspace/.tools/dotnet/sdk/10.0.401/Sdks/Microsoft.NET.Sdk/targets/",
        "DefiningProjectName": "Microsoft.NET.Sdk.DefaultItems",
        "DefiningProjectExtension": ".props"
      },
      {
        "Identity": "Migration/HavenUiMigrationPolicy.cs",
        "FullPath": "/workspace/team-c/c3-admin-symbol-errors-validation/9to1 Workspace/shared/src/Haven.UI/Migration/HavenUiMigrationPolicy.cs",
        "RootDir": "/",
        "Filename": "HavenUiMigrationPolicy",
        "Extension": ".cs",
        "RelativeDir": "Migration/",
        "Directory": "workspace/team-c/c3-admin-symbol-errors-validation/9to1 Workspace/shared/src/Haven.UI/Migration/",
        "RecursiveDir": "Migration/",
        "ModifiedTime": "",
        "CreatedTime": "",
        "AccessedTime": "",
        "DefiningProjectFullPath": "/workspace/.tools/dotnet/sdk/10.0.401/Sdks/Microsoft.NET.Sdk/targets/Microsoft.NET.Sdk.DefaultItems.props",
        "DefiningProjectDirectory": "/workspace/.tools/dotnet/sdk/10.0.401/Sdks/Microsoft.NET.Sdk/targets/",
        "DefiningProjectName": "Microsoft.NET.Sdk.DefaultItems",
        "DefiningProjectExtension": ".props"
      },
      {
        "Identity": "Primitives/HavenBrushToken.cs",
        "FullPath": "/workspace/team-c/c3-admin-symbol-errors-validation/9to1 Workspace/shared/src/Haven.UI/Primitives/HavenBrushToken.cs",
        "RootDir": "/",
        "Filename": "HavenBrushToken",
        "Extension": ".cs",
        "RelativeDir": "Primitives/",
        "Directory": "workspace/team-c/c3-admin-symbol-errors-validation/9to1 Workspace/shared/src/Haven.UI/Primitives/",
        "RecursiveDir": "Primitives/",
        "ModifiedTime": "",
        "CreatedTime": "",
        "AccessedTime": "",
        "DefiningProjectFullPath": "/workspace/.tools/dotnet/sdk/10.0.401/Sdks/Microsoft.NET.Sdk/targets/Microsoft.NET.Sdk.DefaultItems.props",
        "DefiningProjectDirectory": "/workspace/.tools/dotnet/sdk/10.0.401/Sdks/Microsoft.NET.Sdk/targets/",
        "DefiningProjectName": "Microsoft.NET.Sdk.DefaultItems",
        "DefiningProjectExtension": ".props"
      },
      {
        "Identity": "Rendering/HavenSceneRenderer.cs",
        "FullPath": "/workspace/team-c/c3-admin-symbol-errors-validation/9to1 Workspace/shared/src/Haven.UI/Rendering/HavenSceneRenderer.cs",
        "RootDir": "/",
        "Filename": "HavenSceneRenderer",
        "Extension": ".cs",
        "RelativeDir": "Rendering/",
        "Directory": "workspace/team-c/c3-admin-symbol-errors-validation/9to1 Workspace/shared/src/Haven.UI/Rendering/",
        "RecursiveDir": "Rendering/",
        "ModifiedTime": "",
        "CreatedTime": "",
        "AccessedTime": "",
        "DefiningProjectFullPath": "/workspace/.tools/dotnet/sdk/10.0.401/Sdks/Microsoft.NET.Sdk/targets/Microsoft.NET.Sdk.DefaultItems.props",
        "DefiningProjectDirectory": "/workspace/.tools/dotnet/sdk/10.0.401/Sdks/Microsoft.NET.Sdk/targets/",
        "DefiningProjectName": "Microsoft.NET.Sdk.DefaultItems",
        "DefiningProjectExtension": ".props"
      },
      {
        "Identity": "Resources/HavenResourceCatalog.cs",
        "FullPath": "/workspace/team-c/c3-admin-symbol-errors-validation/9to1 Workspace/shared/src/Haven.UI/Resources/HavenResourceCatalog.cs",
        "RootDir": "/",
        "Filename": "HavenResourceCatalog",
        "Extension": ".cs",
        "RelativeDir": "Resources/",
        "Directory": "workspace/team-c/c3-admin-symbol-errors-validation/9to1 Workspace/shared/src/Haven.UI/Resources/",
        "RecursiveDir": "Resources/",
        "ModifiedTime": "",
        "CreatedTime": "",
        "AccessedTime": "",
        "DefiningProjectFullPath": "/workspace/.tools/dotnet/sdk/10.0.401/Sdks/Microsoft.NET.Sdk/targets/Microsoft.NET.Sdk.DefaultItems.props",
        "DefiningProjectDirectory": "/workspace/.tools/dotnet/sdk/10.0.401/Sdks/Microsoft.NET.Sdk/targets/",
        "DefiningProjectName": "Microsoft.NET.Sdk.DefaultItems",
        "DefiningProjectExtension": ".props"
      },
      {
        "Identity": "Resources/HavenResourceParser.cs",
        "FullPath": "/workspace/team-c/c3-admin-symbol-errors-validation/9to1 Workspace/shared/src/Haven.UI/Resources/HavenResourceParser.cs",
        "RootDir": "/",
        "Filename": "HavenResourceParser",
        "Extension": ".cs",
        "RelativeDir": "Resources/",
        "Directory": "workspace/team-c/c3-admin-symbol-errors-validation/9to1 Workspace/shared/src/Haven.UI/Resources/",
        "RecursiveDir": "Resources/",
        "ModifiedTime": "",
        "CreatedTime": "",
        "AccessedTime": "",
        "DefiningProjectFullPath": "/workspace/.tools/dotnet/sdk/10.0.401/Sdks/Microsoft.NET.Sdk/targets/Microsoft.NET.Sdk.DefaultItems.props",
        "DefiningProjectDirectory": "/workspace/.tools/dotnet/sdk/10.0.401/Sdks/Microsoft.NET.Sdk/targets/",
        "DefiningProjectName": "Microsoft.NET.Sdk.DefaultItems",
        "DefiningProjectExtension": ".props"
      },
      {
        "Identity": "Scene/HavenElement.cs",
        "FullPath": "/workspace/team-c/c3-admin-symbol-errors-validation/9to1 Workspace/shared/src/Haven.UI/Scene/HavenElement.cs",
        "RootDir": "/",
        "Filename": "HavenElement",
        "Extension": ".cs",
        "RelativeDir": "Scene/",
        "Directory": "workspace/team-c/c3-admin-symbol-errors-validation/9to1 Workspace/shared/src/Haven.UI/Scene/",
        "RecursiveDir": "Scene/",
        "ModifiedTime": "",
        "CreatedTime": "",
        "AccessedTime": "",
        "DefiningProjectFullPath": "/workspace/.tools/dotnet/sdk/10.0.401/Sdks/Microsoft.NET.Sdk/targets/Microsoft.NET.Sdk.DefaultItems.props",
        "DefiningProjectDirectory": "/workspace/.tools/dotnet/sdk/10.0.401/Sdks/Microsoft.NET.Sdk/targets/",
        "DefiningProjectName": "Microsoft.NET.Sdk.DefaultItems",
        "DefiningProjectExtension": ".props"
      },
      {
        "Identity": "Scene/HavenInvalidationKinds.cs",
        "FullPath": "/workspace/team-c/c3-admin-symbol-errors-validation/9to1 Workspace/shared/src/Haven.UI/Scene/HavenInvalidationKinds.cs",
        "RootDir": "/",
        "Filename": "HavenInvalidationKinds",
        "Extension": ".cs",
        "RelativeDir": "Scene/",
        "Directory": "workspace/team-c/c3-admin-symbol-errors-validation/9to1 Workspace/shared/src/Haven.UI/Scene/",
        "RecursiveDir": "Scene/",
        "ModifiedTime": "",
        "CreatedTime": "",
        "AccessedTime": "",
        "DefiningProjectFullPath": "/workspace/.tools/dotnet/sdk/10.0.401/Sdks/Microsoft.NET.Sdk/targets/Microsoft.NET.Sdk.DefaultItems.props",
        "DefiningProjectDirectory": "/workspace/.tools/dotnet/sdk/10.0.401/Sdks/Microsoft.NET.Sdk/targets/",
        "DefiningProjectName": "Microsoft.NET.Sdk.DefaultItems",
        "DefiningProjectExtension": ".props"
      },
      {
        "Identity": "Scene/HavenProperties.cs",
        "FullPath": "/workspace/team-c/c3-admin-symbol-errors-validation/9to1 Workspace/shared/src/Haven.UI/Scene/HavenProperties.cs",
        "RootDir": "/",
        "Filename": "HavenProperties",
        "Extension": ".cs",
        "RelativeDir": "Scene/",
        "Directory": "workspace/team-c/c3-admin-symbol-errors-validation/9to1 Workspace/shared/src/Haven.UI/Scene/",
        "RecursiveDir": "Scene/",
        "ModifiedTime": "",
        "CreatedTime": "",
        "AccessedTime": "",
        "DefiningProjectFullPath": "/workspace/.tools/dotnet/sdk/10.0.401/Sdks/Microsoft.NET.Sdk/targets/Microsoft.NET.Sdk.DefaultItems.props",
        "DefiningProjectDirectory": "/workspace/.tools/dotnet/sdk/10.0.401/Sdks/Microsoft.NET.Sdk/targets/",
        "DefiningProjectName": "Microsoft.NET.Sdk.DefaultItems",
        "DefiningProjectExtension": ".props"
      },
      {
        "Identity": "Scene/HavenProperty.cs",
        "FullPath": "/workspace/team-c/c3-admin-symbol-errors-validation/9to1 Workspace/shared/src/Haven.UI/Scene/HavenProperty.cs",
        "RootDir": "/",
        "Filename": "HavenProperty",
        "Extension": ".cs",
        "RelativeDir": "Scene/",
        "Directory": "workspace/team-c/c3-admin-symbol-errors-validation/9to1 Workspace/shared/src/Haven.UI/Scene/",
        "RecursiveDir": "Scene/",
        "ModifiedTime": "",
        "CreatedTime": "",
        "AccessedTime": "",
        "DefiningProjectFullPath": "/workspace/.tools/dotnet/sdk/10.0.401/Sdks/Microsoft.NET.Sdk/targets/Microsoft.NET.Sdk.DefaultItems.props",
        "DefiningProjectDirectory": "/workspace/.tools/dotnet/sdk/10.0.401/Sdks/Microsoft.NET.Sdk/targets/",
        "DefiningProjectName": "Microsoft.NET.Sdk.DefaultItems",
        "DefiningProjectExtension": ".props"
      },
      {
        "Identity": "Scene/HavenPropertyCodec.cs",
        "FullPath": "/workspace/team-c/c3-admin-symbol-errors-validation/9to1 Workspace/shared/src/Haven.UI/Scene/HavenPropertyCodec.cs",
        "RootDir": "/",
        "Filename": "HavenPropertyCodec",
        "Extension": ".cs",
        "RelativeDir": "Scene/",
        "Directory": "workspace/team-c/c3-admin-symbol-errors-validation/9to1 Workspace/shared/src/Haven.UI/Scene/",
        "RecursiveDir": "Scene/",
        "ModifiedTime": "",
        "CreatedTime": "",
        "AccessedTime": "",
        "DefiningProjectFullPath": "/workspace/.tools/dotnet/sdk/10.0.401/Sdks/Microsoft.NET.Sdk/targets/Microsoft.NET.Sdk.DefaultItems.props",
        "DefiningProjectDirectory": "/workspace/.tools/dotnet/sdk/10.0.401/Sdks/Microsoft.NET.Sdk/targets/",
        "DefiningProjectName": "Microsoft.NET.Sdk.DefaultItems",
        "DefiningProjectExtension": ".props"
      },
      {
        "Identity": "Scene/HavenSelector.cs",
        "FullPath": "/workspace/team-c/c3-admin-symbol-errors-validation/9to1 Workspace/shared/src/Haven.UI/Scene/HavenSelector.cs",
        "RootDir": "/",
        "Filename": "HavenSelector",
        "Extension": ".cs",
        "RelativeDir": "Scene/",
        "Directory": "workspace/team-c/c3-admin-symbol-errors-validation/9to1 Workspace/shared/src/Haven.UI/Scene/",
        "RecursiveDir": "Scene/",
        "ModifiedTime": "",
        "CreatedTime": "",
        "AccessedTime": "",
        "DefiningProjectFullPath": "/workspace/.tools/dotnet/sdk/10.0.401/Sdks/Microsoft.NET.Sdk/targets/Microsoft.NET.Sdk.DefaultItems.props",
        "DefiningProjectDirectory": "/workspace/.tools/dotnet/sdk/10.0.401/Sdks/Microsoft.NET.Sdk/targets/",
        "DefiningProjectName": "Microsoft.NET.Sdk.DefaultItems",
        "DefiningProjectExtension": ".props"
      },
      {
        "Identity": "Tokens/HavenDesignTokens.cs",
        "FullPath": "/workspace/team-c/c3-admin-symbol-errors-validation/9to1 Workspace/shared/src/Haven.UI/Tokens/HavenDesignTokens.cs",
        "RootDir": "/",
        "Filename": "HavenDesignTokens",
        "Extension": ".cs",
        "RelativeDir": "Tokens/",
        "Directory": "workspace/team-c/c3-admin-symbol-errors-validation/9to1 Workspace/shared/src/Haven.UI/Tokens/",
        "RecursiveDir": "Tokens/",
        "ModifiedTime": "",
        "CreatedTime": "",
        "AccessedTime": "",
        "DefiningProjectFullPath": "/workspace/.tools/dotnet/sdk/10.0.401/Sdks/Microsoft.NET.Sdk/targets/Microsoft.NET.Sdk.DefaultItems.props",
        "DefiningProjectDirectory": "/workspace/.tools/dotnet/sdk/10.0.401/Sdks/Microsoft.NET.Sdk/targets/",
        "DefiningProjectName": "Microsoft.NET.Sdk.DefaultItems",
        "DefiningProjectExtension": ".props"
      },
      {
        "Identity": "Virtualisation/HavenVirtualWindow.cs",
        "FullPath": "/workspace/team-c/c3-admin-symbol-errors-validation/9to1 Workspace/shared/src/Haven.UI/Virtualisation/HavenVirtualWindow.cs",
        "RootDir": "/",
        "Filename": "HavenVirtualWindow",
        "Extension": ".cs",
        "RelativeDir": "Virtualisation/",
        "Directory": "workspace/team-c/c3-admin-symbol-errors-validation/9to1 Workspace/shared/src/Haven.UI/Virtualisation/",
        "RecursiveDir": "Virtualisation/",
        "ModifiedTime": "",
        "CreatedTime": "",
        "AccessedTime": "",
        "DefiningProjectFullPath": "/workspace/.tools/dotnet/sdk/10.0.401/Sdks/Microsoft.NET.Sdk/targets/Microsoft.NET.Sdk.DefaultItems.props",
        "DefiningProjectDirectory": "/workspace/.tools/dotnet/sdk/10.0.401/Sdks/Microsoft.NET.Sdk/targets/",
        "DefiningProjectName": "Microsoft.NET.Sdk.DefaultItems",
        "DefiningProjectExtension": ".props"
      },
      {
        "Identity": "/workspace/team-c/c3-admin-symbol-errors-validation/artifacts/root14-managed-build/obj/Haven.UI/debug_linux-x64/Haven.UI.GlobalUsings.g.cs",
        "FullPath": "/workspace/team-c/c3-admin-symbol-errors-validation/artifacts/root14-managed-build/obj/Haven.UI/debug_linux-x64/Haven.UI.GlobalUsings.g.cs",
        "RootDir": "/",
        "Filename": "Haven.UI.GlobalUsings.g",
        "Extension": ".cs",
        "RelativeDir": "/workspace/team-c/c3-admin-symbol-errors-validation/artifacts/root14-managed-build/obj/Haven.UI/debug_linux-x64/",
        "Directory": "workspace/team-c/c3-admin-symbol-errors-validation/artifacts/root14-managed-build/obj/Haven.UI/debug_linux-x64/",
        "RecursiveDir": "",
        "ModifiedTime": "2026-10-03 22:48:22.0172249",
        "CreatedTime": "2026-10-03 22:48:22.0172249",
        "AccessedTime": "2026-10-03 22:48:22.1999360",
        "DefiningProjectFullPath": "/workspace/.tools/dotnet/sdk/10.0.401/Sdks/Microsoft.NET.Sdk/targets/Microsoft.NET.GenerateGlobalUsings.targets",
        "DefiningProjectDirectory": "/workspace/.tools/dotnet/sdk/10.0.401/Sdks/Microsoft.NET.Sdk/targets/",
        "DefiningProjectName": "Microsoft.NET.GenerateGlobalUsings",
        "DefiningProjectExtension": ".targets"
      },
      {
        "Identity": "/workspace/team-c/c3-admin-symbol-errors-validation/artifacts/root14-managed-build/obj/Haven.UI/debug_linux-x64/.NETCoreApp,Version=v10.0.AssemblyAttributes.cs",
        "FullPath": "/workspace/team-c/c3-admin-symbol-errors-validation/artifacts/root14-managed-build/obj/Haven.UI/debug_linux-x64/.NETCoreApp,Version=v10.0.AssemblyAttributes.cs",
        "RootDir": "/",
        "Filename": ".NETCoreApp,Version=v10.0.AssemblyAttributes",
        "Extension": ".cs",
        "RelativeDir": "/workspace/team-c/c3-admin-symbol-errors-validation/artifacts/root14-managed-build/obj/Haven.UI/debug_linux-x64/",
        "Directory": "workspace/team-c/c3-admin-symbol-errors-validation/artifacts/root14-managed-build/obj/Haven.UI/debug_linux-x64/",
        "RecursiveDir": "",
        "ModifiedTime": "2026-10-03 22:48:22.0256841",
        "CreatedTime": "2026-10-03 22:48:22.0256841",
        "AccessedTime": "2026-10-03 22:48:22.1999360",
        "DefiningProjectFullPath": "/workspace/.tools/dotnet/sdk/10.0.401/Microsoft.Common.CurrentVersion.targets",
        "DefiningProjectDirectory": "/workspace/.tools/dotnet/sdk/10.0.401/",
        "DefiningProjectName": "Microsoft.Common.CurrentVersion",
        "DefiningProjectExtension": ".targets"
      },
      {
        "Identity": "/workspace/team-c/c3-admin-symbol-errors-validation/artifacts/root14-managed-build/obj/Haven.UI/debug_linux-x64/Haven.UI.AssemblyInfo.cs",
        "FullPath": "/workspace/team-c/c3-admin-symbol-errors-validation/artifacts/root14-managed-build/obj/Haven.UI/debug_linux-x64/Haven.UI.AssemblyInfo.cs",
        "RootDir": "/",
        "Filename": "Haven.UI.AssemblyInfo",
        "Extension": ".cs",
        "RelativeDir": "/workspace/team-c/c3-admin-symbol-errors-validation/artifacts/root14-managed-build/obj/Haven.UI/debug_linux-x64/",
        "Directory": "workspace/team-c/c3-admin-symbol-errors-validation/artifacts/root14-managed-build/obj/Haven.UI/debug_linux-x64/",
        "RecursiveDir": "",
        "ModifiedTime": "2026-10-03 22:48:22.0274529",
        "CreatedTime": "2026-10-03 22:48:22.0274529",
        "AccessedTime": "2026-10-03 22:48:22.1999360",
        "DefiningProjectFullPath": "/workspace/.tools/dotnet/sdk/10.0.401/Sdks/Microsoft.NET.Sdk/targets/Microsoft.NET.GenerateAssemblyInfo.targets",
        "DefiningProjectDirectory": "/workspace/.tools/dotnet/sdk/10.0.401/Sdks/Microsoft.NET.Sdk/targets/",
        "DefiningProjectName": "Microsoft.NET.GenerateAssemblyInfo",
        "DefiningProjectExtension": ".targets"
      }
    ]
  }
}
