{
  "Properties": {
    "MSBuildProjectFullPath": "/workspace/team-c/c3-admin-symbol-errors-validation/framework/CUI/vendor/Avalonia/src/Headless/Avalonia.Headless/Avalonia.Headless.csproj",
    "MSBuildProjectName": "Avalonia.Headless",
    "AssemblyName": "Avalonia.Headless",
    "TargetPath": "/workspace/team-c/c3-admin-symbol-errors-validation/artifacts/root14-managed-build/bin/Avalonia.Headless/debug_net10.0_linux-x64/Avalonia.Headless.dll",
    "OutputPath": "/workspace/team-c/c3-admin-symbol-errors-validation/artifacts/root14-managed-build/bin/Avalonia.Headless/debug_net10.0_linux-x64/",
    "Configuration": "Debug",
    "TargetFramework": "net10.0",
    "ProjectAssetsFile": "/workspace/team-c/c3-admin-symbol-errors-validation/artifacts/root14-managed-build/obj/Avalonia.Headless/project.assets.json",
    "MSBuildProjectExtensionsPath": "/workspace/team-c/c3-admin-symbol-errors-validation/artifacts/root14-managed-build/obj/Avalonia.Headless/",
    "AvaloniaBuildTasksLocation": "/workspace/team-c/c3-admin-symbol-errors-validation/artifacts/root14-host-build-tasks/bin/Avalonia.Build.Tasks/debug/Avalonia.Build.Tasks.dll",
    "EmitCompilerGeneratedFiles": "true",
    "IntermediateOutputPath": "/workspace/team-c/c3-admin-symbol-errors-validation/artifacts/root14-managed-build/obj/Avalonia.Headless/debug_net10.0_linux-x64/",
    "CompilerGeneratedFilesOutputPath": "/workspace/team-c/c3-admin-symbol-errors-validation/artifacts/root14-managed-build/obj/Avalonia.Headless/debug_net10.0_linux-x64//generated",
    "ArtifactsPath": "/workspace/team-c/c3-admin-symbol-errors-validation/artifacts/root14-managed-build",
    "ArtifactsProjectName": "Avalonia.Headless",
    "BaseIntermediateOutputPath": "/workspace/team-c/c3-admin-symbol-errors-validation/artifacts/root14-managed-build/obj/Avalonia.Headless/"
  },
  "Items": {
    "Compile": [
      {
        "Identity": "AvaloniaHeadlessPlatform.cs",
        "FullPath": "/workspace/team-c/c3-admin-symbol-errors-validation/framework/CUI/vendor/Avalonia/src/Headless/Avalonia.Headless/AvaloniaHeadlessPlatform.cs",
        "RootDir": "/",
        "Filename": "AvaloniaHeadlessPlatform",
        "Extension": ".cs",
        "RelativeDir": "",
        "Directory": "workspace/team-c/c3-admin-symbol-errors-validation/framework/CUI/vendor/Avalonia/src/Headless/Avalonia.Headless/",
        "RecursiveDir": "",
        "ModifiedTime": "",
        "CreatedTime": "",
        "AccessedTime": "",
        "DefiningProjectFullPath": "/workspace/.tools/dotnet/sdk/10.0.401/Sdks/Microsoft.NET.Sdk/targets/Microsoft.NET.Sdk.DefaultItems.props",
        "DefiningProjectDirectory": "/workspace/.tools/dotnet/sdk/10.0.401/Sdks/Microsoft.NET.Sdk/targets/",
        "DefiningProjectName": "Microsoft.NET.Sdk.DefaultItems",
        "DefiningProjectExtension": ".props"
      },
      {
        "Identity": "AvaloniaTestApplicationAttribute.cs",
        "FullPath": "/workspace/team-c/c3-admin-symbol-errors-validation/framework/CUI/vendor/Avalonia/src/Headless/Avalonia.Headless/AvaloniaTestApplicationAttribute.cs",
        "RootDir": "/",
        "Filename": "AvaloniaTestApplicationAttribute",
        "Extension": ".cs",
        "RelativeDir": "",
        "Directory": "workspace/team-c/c3-admin-symbol-errors-validation/framework/CUI/vendor/Avalonia/src/Headless/Avalonia.Headless/",
        "RecursiveDir": "",
        "ModifiedTime": "",
        "CreatedTime": "",
        "AccessedTime": "",
        "DefiningProjectFullPath": "/workspace/.tools/dotnet/sdk/10.0.401/Sdks/Microsoft.NET.Sdk/targets/Microsoft.NET.Sdk.DefaultItems.props",
        "DefiningProjectDirectory": "/workspace/.tools/dotnet/sdk/10.0.401/Sdks/Microsoft.NET.Sdk/targets/",
        "DefiningProjectName": "Microsoft.NET.Sdk.DefaultItems",
        "DefiningProjectExtension": ".props"
      },
      {
        "Identity": "HeadlessPlatformRenderInterface.cs",
        "FullPath": "/workspace/team-c/c3-admin-symbol-errors-validation/framework/CUI/vendor/Avalonia/src/Headless/Avalonia.Headless/HeadlessPlatformRenderInterface.cs",
        "RootDir": "/",
        "Filename": "HeadlessPlatformRenderInterface",
        "Extension": ".cs",
        "RelativeDir": "",
        "Directory": "workspace/team-c/c3-admin-symbol-errors-validation/framework/CUI/vendor/Avalonia/src/Headless/Avalonia.Headless/",
        "RecursiveDir": "",
        "ModifiedTime": "",
        "CreatedTime": "",
        "AccessedTime": "",
        "DefiningProjectFullPath": "/workspace/.tools/dotnet/sdk/10.0.401/Sdks/Microsoft.NET.Sdk/targets/Microsoft.NET.Sdk.DefaultItems.props",
        "DefiningProjectDirectory": "/workspace/.tools/dotnet/sdk/10.0.401/Sdks/Microsoft.NET.Sdk/targets/",
        "DefiningProjectName": "Microsoft.NET.Sdk.DefaultItems",
        "DefiningProjectExtension": ".props"
      },
      {
        "Identity": "HeadlessPlatformStubs.cs",
        "FullPath": "/workspace/team-c/c3-admin-symbol-errors-validation/framework/CUI/vendor/Avalonia/src/Headless/Avalonia.Headless/HeadlessPlatformStubs.cs",
        "RootDir": "/",
        "Filename": "HeadlessPlatformStubs",
        "Extension": ".cs",
        "RelativeDir": "",
        "Directory": "workspace/team-c/c3-admin-symbol-errors-validation/framework/CUI/vendor/Avalonia/src/Headless/Avalonia.Headless/",
        "RecursiveDir": "",
        "ModifiedTime": "",
        "CreatedTime": "",
        "AccessedTime": "",
        "DefiningProjectFullPath": "/workspace/.tools/dotnet/sdk/10.0.401/Sdks/Microsoft.NET.Sdk/targets/Microsoft.NET.Sdk.DefaultItems.props",
        "DefiningProjectDirectory": "/workspace/.tools/dotnet/sdk/10.0.401/Sdks/Microsoft.NET.Sdk/targets/",
        "DefiningProjectName": "Microsoft.NET.Sdk.DefaultItems",
        "DefiningProjectExtension": ".props"
      },
      {
        "Identity": "HeadlessUnitTestIsolationAttribute.cs",
        "FullPath": "/workspace/team-c/c3-admin-symbol-errors-validation/framework/CUI/vendor/Avalonia/src/Headless/Avalonia.Headless/HeadlessUnitTestIsolationAttribute.cs",
        "RootDir": "/",
        "Filename": "HeadlessUnitTestIsolationAttribute",
        "Extension": ".cs",
        "RelativeDir": "",
        "Directory": "workspace/team-c/c3-admin-symbol-errors-validation/framework/CUI/vendor/Avalonia/src/Headless/Avalonia.Headless/",
        "RecursiveDir": "",
        "ModifiedTime": "",
        "CreatedTime": "",
        "AccessedTime": "",
        "DefiningProjectFullPath": "/workspace/.tools/dotnet/sdk/10.0.401/Sdks/Microsoft.NET.Sdk/targets/Microsoft.NET.Sdk.DefaultItems.props",
        "DefiningProjectDirectory": "/workspace/.tools/dotnet/sdk/10.0.401/Sdks/Microsoft.NET.Sdk/targets/",
        "DefiningProjectName": "Microsoft.NET.Sdk.DefaultItems",
        "DefiningProjectExtension": ".props"
      },
      {
        "Identity": "HeadlessUnitTestSession.cs",
        "FullPath": "/workspace/team-c/c3-admin-symbol-errors-validation/framework/CUI/vendor/Avalonia/src/Headless/Avalonia.Headless/HeadlessUnitTestSession.cs",
        "RootDir": "/",
        "Filename": "HeadlessUnitTestSession",
        "Extension": ".cs",
        "RelativeDir": "",
        "Directory": "workspace/team-c/c3-admin-symbol-errors-validation/framework/CUI/vendor/Avalonia/src/Headless/Avalonia.Headless/",
        "RecursiveDir": "",
        "ModifiedTime": "",
        "CreatedTime": "",
        "AccessedTime": "",
        "DefiningProjectFullPath": "/workspace/.tools/dotnet/sdk/10.0.401/Sdks/Microsoft.NET.Sdk/targets/Microsoft.NET.Sdk.DefaultItems.props",
        "DefiningProjectDirectory": "/workspace/.tools/dotnet/sdk/10.0.401/Sdks/Microsoft.NET.Sdk/targets/",
        "DefiningProjectName": "Microsoft.NET.Sdk.DefaultItems",
        "DefiningProjectExtension": ".props"
      },
      {
        "Identity": "HeadlessWindowExtensions.cs",
        "FullPath": "/workspace/team-c/c3-admin-symbol-errors-validation/framework/CUI/vendor/Avalonia/src/Headless/Avalonia.Headless/HeadlessWindowExtensions.cs",
        "RootDir": "/",
        "Filename": "HeadlessWindowExtensions",
        "Extension": ".cs",
        "RelativeDir": "",
        "Directory": "workspace/team-c/c3-admin-symbol-errors-validation/framework/CUI/vendor/Avalonia/src/Headless/Avalonia.Headless/",
        "RecursiveDir": "",
        "ModifiedTime": "",
        "CreatedTime": "",
        "AccessedTime": "",
        "DefiningProjectFullPath": "/workspace/.tools/dotnet/sdk/10.0.401/Sdks/Microsoft.NET.Sdk/targets/Microsoft.NET.Sdk.DefaultItems.props",
        "DefiningProjectDirectory": "/workspace/.tools/dotnet/sdk/10.0.401/Sdks/Microsoft.NET.Sdk/targets/",
        "DefiningProjectName": "Microsoft.NET.Sdk.DefaultItems",
        "DefiningProjectExtension": ".props"
      },
      {
        "Identity": "HeadlessWindowImpl.cs",
        "FullPath": "/workspace/team-c/c3-admin-symbol-errors-validation/framework/CUI/vendor/Avalonia/src/Headless/Avalonia.Headless/HeadlessWindowImpl.cs",
        "RootDir": "/",
        "Filename": "HeadlessWindowImpl",
        "Extension": ".cs",
        "RelativeDir": "",
        "Directory": "workspace/team-c/c3-admin-symbol-errors-validation/framework/CUI/vendor/Avalonia/src/Headless/Avalonia.Headless/",
        "RecursiveDir": "",
        "ModifiedTime": "",
        "CreatedTime": "",
        "AccessedTime": "",
        "DefiningProjectFullPath": "/workspace/.tools/dotnet/sdk/10.0.401/Sdks/Microsoft.NET.Sdk/targets/Microsoft.NET.Sdk.DefaultItems.props",
        "DefiningProjectDirectory": "/workspace/.tools/dotnet/sdk/10.0.401/Sdks/Microsoft.NET.Sdk/targets/",
        "DefiningProjectName": "Microsoft.NET.Sdk.DefaultItems",
        "DefiningProjectExtension": ".props"
      },
      {
        "Identity": "IHeadlessWindow.cs",
        "FullPath": "/workspace/team-c/c3-admin-symbol-errors-validation/framework/CUI/vendor/Avalonia/src/Headless/Avalonia.Headless/IHeadlessWindow.cs",
        "RootDir": "/",
        "Filename": "IHeadlessWindow",
        "Extension": ".cs",
        "RelativeDir": "",
        "Directory": "workspace/team-c/c3-admin-symbol-errors-validation/framework/CUI/vendor/Avalonia/src/Headless/Avalonia.Headless/",
        "RecursiveDir": "",
        "ModifiedTime": "",
        "CreatedTime": "",
        "AccessedTime": "",
        "DefiningProjectFullPath": "/workspace/.tools/dotnet/sdk/10.0.401/Sdks/Microsoft.NET.Sdk/targets/Microsoft.NET.Sdk.DefaultItems.props",
        "DefiningProjectDirectory": "/workspace/.tools/dotnet/sdk/10.0.401/Sdks/Microsoft.NET.Sdk/targets/",
        "DefiningProjectName": "Microsoft.NET.Sdk.DefaultItems",
        "DefiningProjectExtension": ".props"
      },
      {
        "Identity": "/workspace/team-c/c3-admin-symbol-errors-validation/artifacts/root14-managed-build/obj/Avalonia.Headless/debug_net10.0_linux-x64/.NETCoreApp,Version=v10.0.AssemblyAttributes.cs",
        "FullPath": "/workspace/team-c/c3-admin-symbol-errors-validation/artifacts/root14-managed-build/obj/Avalonia.Headless/debug_net10.0_linux-x64/.NETCoreApp,Version=v10.0.AssemblyAttributes.cs",
        "RootDir": "/",
        "Filename": ".NETCoreApp,Version=v10.0.AssemblyAttributes",
        "Extension": ".cs",
        "RelativeDir": "/workspace/team-c/c3-admin-symbol-errors-validation/artifacts/root14-managed-build/obj/Avalonia.Headless/debug_net10.0_linux-x64/",
        "Directory": "workspace/team-c/c3-admin-symbol-errors-validation/artifacts/root14-managed-build/obj/Avalonia.Headless/debug_net10.0_linux-x64/",
        "RecursiveDir": "",
        "ModifiedTime": "2026-10-03 22:50:21.2546106",
        "CreatedTime": "2026-10-03 22:50:21.2546106",
        "AccessedTime": "2026-10-03 22:50:21.4192669",
        "DefiningProjectFullPath": "/workspace/.tools/dotnet/sdk/10.0.401/Microsoft.Common.CurrentVersion.targets",
        "DefiningProjectDirectory": "/workspace/.tools/dotnet/sdk/10.0.401/",
        "DefiningProjectName": "Microsoft.Common.CurrentVersion",
        "DefiningProjectExtension": ".targets"
      },
      {
        "Identity": "/workspace/team-c/c3-admin-symbol-errors-validation/artifacts/root14-managed-build/obj/Avalonia.Headless/debug_net10.0_linux-x64/Avalonia.Headless.AssemblyInfo.cs",
        "FullPath": "/workspace/team-c/c3-admin-symbol-errors-validation/artifacts/root14-managed-build/obj/Avalonia.Headless/debug_net10.0_linux-x64/Avalonia.Headless.AssemblyInfo.cs",
        "RootDir": "/",
        "Filename": "Avalonia.Headless.AssemblyInfo",
        "Extension": ".cs",
        "RelativeDir": "/workspace/team-c/c3-admin-symbol-errors-validation/artifacts/root14-managed-build/obj/Avalonia.Headless/debug_net10.0_linux-x64/",
        "Directory": "workspace/team-c/c3-admin-symbol-errors-validation/artifacts/root14-managed-build/obj/Avalonia.Headless/debug_net10.0_linux-x64/",
        "RecursiveDir": "",
        "ModifiedTime": "2026-10-03 22:50:21.2567212",
        "CreatedTime": "2026-10-03 22:50:21.2567212",
        "AccessedTime": "2026-10-03 22:50:21.4192669",
        "DefiningProjectFullPath": "/workspace/.tools/dotnet/sdk/10.0.401/Sdks/Microsoft.NET.Sdk/targets/Microsoft.NET.GenerateAssemblyInfo.targets",
        "DefiningProjectDirectory": "/workspace/.tools/dotnet/sdk/10.0.401/Sdks/Microsoft.NET.Sdk/targets/",
        "DefiningProjectName": "Microsoft.NET.GenerateAssemblyInfo",
        "DefiningProjectExtension": ".targets"
      }
    ]
  }
}
