{
  "Properties": {
    "MSBuildProjectFullPath": "/workspace/team-c/c3-admin-symbol-errors-validation/framework/CUI/vendor/Avalonia/src/Avalonia.FreeDesktop/Avalonia.FreeDesktop.csproj",
    "MSBuildProjectName": "Avalonia.FreeDesktop",
    "AssemblyName": "Avalonia.FreeDesktop",
    "TargetPath": "/workspace/team-c/c3-admin-symbol-errors-validation/artifacts/root14-managed-build/bin/Avalonia.FreeDesktop/debug_net10.0_linux-x64/Avalonia.FreeDesktop.dll",
    "OutputPath": "/workspace/team-c/c3-admin-symbol-errors-validation/artifacts/root14-managed-build/bin/Avalonia.FreeDesktop/debug_net10.0_linux-x64/",
    "Configuration": "Debug",
    "TargetFramework": "net10.0",
    "ProjectAssetsFile": "/workspace/team-c/c3-admin-symbol-errors-validation/artifacts/root14-managed-build/obj/Avalonia.FreeDesktop/project.assets.json",
    "MSBuildProjectExtensionsPath": "/workspace/team-c/c3-admin-symbol-errors-validation/artifacts/root14-managed-build/obj/Avalonia.FreeDesktop/",
    "AvaloniaBuildTasksLocation": "/workspace/team-c/c3-admin-symbol-errors-validation/artifacts/root14-host-build-tasks/bin/Avalonia.Build.Tasks/debug/Avalonia.Build.Tasks.dll",
    "EmitCompilerGeneratedFiles": "true",
    "IntermediateOutputPath": "/workspace/team-c/c3-admin-symbol-errors-validation/artifacts/root14-managed-build/obj/Avalonia.FreeDesktop/debug_net10.0_linux-x64/",
    "CompilerGeneratedFilesOutputPath": "/workspace/team-c/c3-admin-symbol-errors-validation/artifacts/root14-managed-build/obj/Avalonia.FreeDesktop/debug_net10.0_linux-x64//generated",
    "ArtifactsPath": "/workspace/team-c/c3-admin-symbol-errors-validation/artifacts/root14-managed-build",
    "ArtifactsProjectName": "Avalonia.FreeDesktop",
    "BaseIntermediateOutputPath": "/workspace/team-c/c3-admin-symbol-errors-validation/artifacts/root14-managed-build/obj/Avalonia.FreeDesktop/"
  },
  "Items": {
    "Compile": [
      {
        "Identity": "DBusCallQueue.cs",
        "FullPath": "/workspace/team-c/c3-admin-symbol-errors-validation/framework/CUI/vendor/Avalonia/src/Avalonia.FreeDesktop/DBusCallQueue.cs",
        "RootDir": "/",
        "Filename": "DBusCallQueue",
        "Extension": ".cs",
        "RelativeDir": "",
        "Directory": "workspace/team-c/c3-admin-symbol-errors-validation/framework/CUI/vendor/Avalonia/src/Avalonia.FreeDesktop/",
        "RecursiveDir": "",
        "ModifiedTime": "",
        "CreatedTime": "",
        "AccessedTime": "",
        "DefiningProjectFullPath": "/workspace/.tools/dotnet/sdk/10.0.401/Sdks/Microsoft.NET.Sdk/targets/Microsoft.NET.Sdk.DefaultItems.props",
        "DefiningProjectDirectory": "/workspace/.tools/dotnet/sdk/10.0.401/Sdks/Microsoft.NET.Sdk/targets/",
        "DefiningProjectName": "Microsoft.NET.Sdk.DefaultItems",
        "DefiningProjectExtension": ".props"
      },
      {
        "Identity": "DBusHelper.cs",
        "FullPath": "/workspace/team-c/c3-admin-symbol-errors-validation/framework/CUI/vendor/Avalonia/src/Avalonia.FreeDesktop/DBusHelper.cs",
        "RootDir": "/",
        "Filename": "DBusHelper",
        "Extension": ".cs",
        "RelativeDir": "",
        "Directory": "workspace/team-c/c3-admin-symbol-errors-validation/framework/CUI/vendor/Avalonia/src/Avalonia.FreeDesktop/",
        "RecursiveDir": "",
        "ModifiedTime": "",
        "CreatedTime": "",
        "AccessedTime": "",
        "DefiningProjectFullPath": "/workspace/.tools/dotnet/sdk/10.0.401/Sdks/Microsoft.NET.Sdk/targets/Microsoft.NET.Sdk.DefaultItems.props",
        "DefiningProjectDirectory": "/workspace/.tools/dotnet/sdk/10.0.401/Sdks/Microsoft.NET.Sdk/targets/",
        "DefiningProjectName": "Microsoft.NET.Sdk.DefaultItems",
        "DefiningProjectExtension": ".props"
      },
      {
        "Identity": "DBusIme/DBusTextInputMethodBase.cs",
        "FullPath": "/workspace/team-c/c3-admin-symbol-errors-validation/framework/CUI/vendor/Avalonia/src/Avalonia.FreeDesktop/DBusIme/DBusTextInputMethodBase.cs",
        "RootDir": "/",
        "Filename": "DBusTextInputMethodBase",
        "Extension": ".cs",
        "RelativeDir": "DBusIme/",
        "Directory": "workspace/team-c/c3-admin-symbol-errors-validation/framework/CUI/vendor/Avalonia/src/Avalonia.FreeDesktop/DBusIme/",
        "RecursiveDir": "DBusIme/",
        "ModifiedTime": "",
        "CreatedTime": "",
        "AccessedTime": "",
        "DefiningProjectFullPath": "/workspace/.tools/dotnet/sdk/10.0.401/Sdks/Microsoft.NET.Sdk/targets/Microsoft.NET.Sdk.DefaultItems.props",
        "DefiningProjectDirectory": "/workspace/.tools/dotnet/sdk/10.0.401/Sdks/Microsoft.NET.Sdk/targets/",
        "DefiningProjectName": "Microsoft.NET.Sdk.DefaultItems",
        "DefiningProjectExtension": ".props"
      },
      {
        "Identity": "DBusIme/Fcitx/FcitxEnums.cs",
        "FullPath": "/workspace/team-c/c3-admin-symbol-errors-validation/framework/CUI/vendor/Avalonia/src/Avalonia.FreeDesktop/DBusIme/Fcitx/FcitxEnums.cs",
        "RootDir": "/",
        "Filename": "FcitxEnums",
        "Extension": ".cs",
        "RelativeDir": "DBusIme/Fcitx/",
        "Directory": "workspace/team-c/c3-admin-symbol-errors-validation/framework/CUI/vendor/Avalonia/src/Avalonia.FreeDesktop/DBusIme/Fcitx/",
        "RecursiveDir": "DBusIme/Fcitx/",
        "ModifiedTime": "",
        "CreatedTime": "",
        "AccessedTime": "",
        "DefiningProjectFullPath": "/workspace/.tools/dotnet/sdk/10.0.401/Sdks/Microsoft.NET.Sdk/targets/Microsoft.NET.Sdk.DefaultItems.props",
        "DefiningProjectDirectory": "/workspace/.tools/dotnet/sdk/10.0.401/Sdks/Microsoft.NET.Sdk/targets/",
        "DefiningProjectName": "Microsoft.NET.Sdk.DefaultItems",
        "DefiningProjectExtension": ".props"
      },
      {
        "Identity": "DBusIme/Fcitx/FcitxICWrapper.cs",
        "FullPath": "/workspace/team-c/c3-admin-symbol-errors-validation/framework/CUI/vendor/Avalonia/src/Avalonia.FreeDesktop/DBusIme/Fcitx/FcitxICWrapper.cs",
        "RootDir": "/",
        "Filename": "FcitxICWrapper",
        "Extension": ".cs",
        "RelativeDir": "DBusIme/Fcitx/",
        "Directory": "workspace/team-c/c3-admin-symbol-errors-validation/framework/CUI/vendor/Avalonia/src/Avalonia.FreeDesktop/DBusIme/Fcitx/",
        "RecursiveDir": "DBusIme/Fcitx/",
        "ModifiedTime": "",
        "CreatedTime": "",
        "AccessedTime": "",
        "DefiningProjectFullPath": "/workspace/.tools/dotnet/sdk/10.0.401/Sdks/Microsoft.NET.Sdk/targets/Microsoft.NET.Sdk.DefaultItems.props",
        "DefiningProjectDirectory": "/workspace/.tools/dotnet/sdk/10.0.401/Sdks/Microsoft.NET.Sdk/targets/",
        "DefiningProjectName": "Microsoft.NET.Sdk.DefaultItems",
        "DefiningProjectExtension": ".props"
      },
      {
        "Identity": "DBusIme/Fcitx/FcitxX11TextInputMethod.cs",
        "FullPath": "/workspace/team-c/c3-admin-symbol-errors-validation/framework/CUI/vendor/Avalonia/src/Avalonia.FreeDesktop/DBusIme/Fcitx/FcitxX11TextInputMethod.cs",
        "RootDir": "/",
        "Filename": "FcitxX11TextInputMethod",
        "Extension": ".cs",
        "RelativeDir": "DBusIme/Fcitx/",
        "Directory": "workspace/team-c/c3-admin-symbol-errors-validation/framework/CUI/vendor/Avalonia/src/Avalonia.FreeDesktop/DBusIme/Fcitx/",
        "RecursiveDir": "DBusIme/Fcitx/",
        "ModifiedTime": "",
        "CreatedTime": "",
        "AccessedTime": "",
        "DefiningProjectFullPath": "/workspace/.tools/dotnet/sdk/10.0.401/Sdks/Microsoft.NET.Sdk/targets/Microsoft.NET.Sdk.DefaultItems.props",
        "DefiningProjectDirectory": "/workspace/.tools/dotnet/sdk/10.0.401/Sdks/Microsoft.NET.Sdk/targets/",
        "DefiningProjectName": "Microsoft.NET.Sdk.DefaultItems",
        "DefiningProjectExtension": ".props"
      },
      {
        "Identity": "DBusIme/IBus/IBusEnums.cs",
        "FullPath": "/workspace/team-c/c3-admin-symbol-errors-validation/framework/CUI/vendor/Avalonia/src/Avalonia.FreeDesktop/DBusIme/IBus/IBusEnums.cs",
        "RootDir": "/",
        "Filename": "IBusEnums",
        "Extension": ".cs",
        "RelativeDir": "DBusIme/IBus/",
        "Directory": "workspace/team-c/c3-admin-symbol-errors-validation/framework/CUI/vendor/Avalonia/src/Avalonia.FreeDesktop/DBusIme/IBus/",
        "RecursiveDir": "DBusIme/IBus/",
        "ModifiedTime": "",
        "CreatedTime": "",
        "AccessedTime": "",
        "DefiningProjectFullPath": "/workspace/.tools/dotnet/sdk/10.0.401/Sdks/Microsoft.NET.Sdk/targets/Microsoft.NET.Sdk.DefaultItems.props",
        "DefiningProjectDirectory": "/workspace/.tools/dotnet/sdk/10.0.401/Sdks/Microsoft.NET.Sdk/targets/",
        "DefiningProjectName": "Microsoft.NET.Sdk.DefaultItems",
        "DefiningProjectExtension": ".props"
      },
      {
        "Identity": "DBusIme/IBus/IBusX11TextInputMethod.cs",
        "FullPath": "/workspace/team-c/c3-admin-symbol-errors-validation/framework/CUI/vendor/Avalonia/src/Avalonia.FreeDesktop/DBusIme/IBus/IBusX11TextInputMethod.cs",
        "RootDir": "/",
        "Filename": "IBusX11TextInputMethod",
        "Extension": ".cs",
        "RelativeDir": "DBusIme/IBus/",
        "Directory": "workspace/team-c/c3-admin-symbol-errors-validation/framework/CUI/vendor/Avalonia/src/Avalonia.FreeDesktop/DBusIme/IBus/",
        "RecursiveDir": "DBusIme/IBus/",
        "ModifiedTime": "",
        "CreatedTime": "",
        "AccessedTime": "",
        "DefiningProjectFullPath": "/workspace/.tools/dotnet/sdk/10.0.401/Sdks/Microsoft.NET.Sdk/targets/Microsoft.NET.Sdk.DefaultItems.props",
        "DefiningProjectDirectory": "/workspace/.tools/dotnet/sdk/10.0.401/Sdks/Microsoft.NET.Sdk/targets/",
        "DefiningProjectName": "Microsoft.NET.Sdk.DefaultItems",
        "DefiningProjectExtension": ".props"
      },
      {
        "Identity": "DBusIme/X11DBusImeHelper.cs",
        "FullPath": "/workspace/team-c/c3-admin-symbol-errors-validation/framework/CUI/vendor/Avalonia/src/Avalonia.FreeDesktop/DBusIme/X11DBusImeHelper.cs",
        "RootDir": "/",
        "Filename": "X11DBusImeHelper",
        "Extension": ".cs",
        "RelativeDir": "DBusIme/",
        "Directory": "workspace/team-c/c3-admin-symbol-errors-validation/framework/CUI/vendor/Avalonia/src/Avalonia.FreeDesktop/DBusIme/",
        "RecursiveDir": "DBusIme/",
        "ModifiedTime": "",
        "CreatedTime": "",
        "AccessedTime": "",
        "DefiningProjectFullPath": "/workspace/.tools/dotnet/sdk/10.0.401/Sdks/Microsoft.NET.Sdk/targets/Microsoft.NET.Sdk.DefaultItems.props",
        "DefiningProjectDirectory": "/workspace/.tools/dotnet/sdk/10.0.401/Sdks/Microsoft.NET.Sdk/targets/",
        "DefiningProjectName": "Microsoft.NET.Sdk.DefaultItems",
        "DefiningProjectExtension": ".props"
      },
      {
        "Identity": "DBusMenuExporter.cs",
        "FullPath": "/workspace/team-c/c3-admin-symbol-errors-validation/framework/CUI/vendor/Avalonia/src/Avalonia.FreeDesktop/DBusMenuExporter.cs",
        "RootDir": "/",
        "Filename": "DBusMenuExporter",
        "Extension": ".cs",
        "RelativeDir": "",
        "Directory": "workspace/team-c/c3-admin-symbol-errors-validation/framework/CUI/vendor/Avalonia/src/Avalonia.FreeDesktop/",
        "RecursiveDir": "",
        "ModifiedTime": "",
        "CreatedTime": "",
        "AccessedTime": "",
        "DefiningProjectFullPath": "/workspace/.tools/dotnet/sdk/10.0.401/Sdks/Microsoft.NET.Sdk/targets/Microsoft.NET.Sdk.DefaultItems.props",
        "DefiningProjectDirectory": "/workspace/.tools/dotnet/sdk/10.0.401/Sdks/Microsoft.NET.Sdk/targets/",
        "DefiningProjectName": "Microsoft.NET.Sdk.DefaultItems",
        "DefiningProjectExtension": ".props"
      },
      {
        "Identity": "DBusPlatformSettings.cs",
        "FullPath": "/workspace/team-c/c3-admin-symbol-errors-validation/framework/CUI/vendor/Avalonia/src/Avalonia.FreeDesktop/DBusPlatformSettings.cs",
        "RootDir": "/",
        "Filename": "DBusPlatformSettings",
        "Extension": ".cs",
        "RelativeDir": "",
        "Directory": "workspace/team-c/c3-admin-symbol-errors-validation/framework/CUI/vendor/Avalonia/src/Avalonia.FreeDesktop/",
        "RecursiveDir": "",
        "ModifiedTime": "",
        "CreatedTime": "",
        "AccessedTime": "",
        "DefiningProjectFullPath": "/workspace/.tools/dotnet/sdk/10.0.401/Sdks/Microsoft.NET.Sdk/targets/Microsoft.NET.Sdk.DefaultItems.props",
        "DefiningProjectDirectory": "/workspace/.tools/dotnet/sdk/10.0.401/Sdks/Microsoft.NET.Sdk/targets/",
        "DefiningProjectName": "Microsoft.NET.Sdk.DefaultItems",
        "DefiningProjectExtension": ".props"
      },
      {
        "Identity": "DBusSystemDialog.cs",
        "FullPath": "/workspace/team-c/c3-admin-symbol-errors-validation/framework/CUI/vendor/Avalonia/src/Avalonia.FreeDesktop/DBusSystemDialog.cs",
        "RootDir": "/",
        "Filename": "DBusSystemDialog",
        "Extension": ".cs",
        "RelativeDir": "",
        "Directory": "workspace/team-c/c3-admin-symbol-errors-validation/framework/CUI/vendor/Avalonia/src/Avalonia.FreeDesktop/",
        "RecursiveDir": "",
        "ModifiedTime": "",
        "CreatedTime": "",
        "AccessedTime": "",
        "DefiningProjectFullPath": "/workspace/.tools/dotnet/sdk/10.0.401/Sdks/Microsoft.NET.Sdk/targets/Microsoft.NET.Sdk.DefaultItems.props",
        "DefiningProjectDirectory": "/workspace/.tools/dotnet/sdk/10.0.401/Sdks/Microsoft.NET.Sdk/targets/",
        "DefiningProjectName": "Microsoft.NET.Sdk.DefaultItems",
        "DefiningProjectExtension": ".props"
      },
      {
        "Identity": "DBusTrayIconImpl.cs",
        "FullPath": "/workspace/team-c/c3-admin-symbol-errors-validation/framework/CUI/vendor/Avalonia/src/Avalonia.FreeDesktop/DBusTrayIconImpl.cs",
        "RootDir": "/",
        "Filename": "DBusTrayIconImpl",
        "Extension": ".cs",
        "RelativeDir": "",
        "Directory": "workspace/team-c/c3-admin-symbol-errors-validation/framework/CUI/vendor/Avalonia/src/Avalonia.FreeDesktop/",
        "RecursiveDir": "",
        "ModifiedTime": "",
        "CreatedTime": "",
        "AccessedTime": "",
        "DefiningProjectFullPath": "/workspace/.tools/dotnet/sdk/10.0.401/Sdks/Microsoft.NET.Sdk/targets/Microsoft.NET.Sdk.DefaultItems.props",
        "DefiningProjectDirectory": "/workspace/.tools/dotnet/sdk/10.0.401/Sdks/Microsoft.NET.Sdk/targets/",
        "DefiningProjectName": "Microsoft.NET.Sdk.DefaultItems",
        "DefiningProjectExtension": ".props"
      },
      {
        "Identity": "IX11InputMethod.cs",
        "FullPath": "/workspace/team-c/c3-admin-symbol-errors-validation/framework/CUI/vendor/Avalonia/src/Avalonia.FreeDesktop/IX11InputMethod.cs",
        "RootDir": "/",
        "Filename": "IX11InputMethod",
        "Extension": ".cs",
        "RelativeDir": "",
        "Directory": "workspace/team-c/c3-admin-symbol-errors-validation/framework/CUI/vendor/Avalonia/src/Avalonia.FreeDesktop/",
        "RecursiveDir": "",
        "ModifiedTime": "",
        "CreatedTime": "",
        "AccessedTime": "",
        "DefiningProjectFullPath": "/workspace/.tools/dotnet/sdk/10.0.401/Sdks/Microsoft.NET.Sdk/targets/Microsoft.NET.Sdk.DefaultItems.props",
        "DefiningProjectDirectory": "/workspace/.tools/dotnet/sdk/10.0.401/Sdks/Microsoft.NET.Sdk/targets/",
        "DefiningProjectName": "Microsoft.NET.Sdk.DefaultItems",
        "DefiningProjectExtension": ".props"
      },
      {
        "Identity": "LinuxMountedVolumeInfoListener.cs",
        "FullPath": "/workspace/team-c/c3-admin-symbol-errors-validation/framework/CUI/vendor/Avalonia/src/Avalonia.FreeDesktop/LinuxMountedVolumeInfoListener.cs",
        "RootDir": "/",
        "Filename": "LinuxMountedVolumeInfoListener",
        "Extension": ".cs",
        "RelativeDir": "",
        "Directory": "workspace/team-c/c3-admin-symbol-errors-validation/framework/CUI/vendor/Avalonia/src/Avalonia.FreeDesktop/",
        "RecursiveDir": "",
        "ModifiedTime": "",
        "CreatedTime": "",
        "AccessedTime": "",
        "DefiningProjectFullPath": "/workspace/.tools/dotnet/sdk/10.0.401/Sdks/Microsoft.NET.Sdk/targets/Microsoft.NET.Sdk.DefaultItems.props",
        "DefiningProjectDirectory": "/workspace/.tools/dotnet/sdk/10.0.401/Sdks/Microsoft.NET.Sdk/targets/",
        "DefiningProjectName": "Microsoft.NET.Sdk.DefaultItems",
        "DefiningProjectExtension": ".props"
      },
      {
        "Identity": "LinuxMountedVolumeInfoProvider.cs",
        "FullPath": "/workspace/team-c/c3-admin-symbol-errors-validation/framework/CUI/vendor/Avalonia/src/Avalonia.FreeDesktop/LinuxMountedVolumeInfoProvider.cs",
        "RootDir": "/",
        "Filename": "LinuxMountedVolumeInfoProvider",
        "Extension": ".cs",
        "RelativeDir": "",
        "Directory": "workspace/team-c/c3-admin-symbol-errors-validation/framework/CUI/vendor/Avalonia/src/Avalonia.FreeDesktop/",
        "RecursiveDir": "",
        "ModifiedTime": "",
        "CreatedTime": "",
        "AccessedTime": "",
        "DefiningProjectFullPath": "/workspace/.tools/dotnet/sdk/10.0.401/Sdks/Microsoft.NET.Sdk/targets/Microsoft.NET.Sdk.DefaultItems.props",
        "DefiningProjectDirectory": "/workspace/.tools/dotnet/sdk/10.0.401/Sdks/Microsoft.NET.Sdk/targets/",
        "DefiningProjectName": "Microsoft.NET.Sdk.DefaultItems",
        "DefiningProjectExtension": ".props"
      },
      {
        "Identity": "NativeMethods.cs",
        "FullPath": "/workspace/team-c/c3-admin-symbol-errors-validation/framework/CUI/vendor/Avalonia/src/Avalonia.FreeDesktop/NativeMethods.cs",
        "RootDir": "/",
        "Filename": "NativeMethods",
        "Extension": ".cs",
        "RelativeDir": "",
        "Directory": "workspace/team-c/c3-admin-symbol-errors-validation/framework/CUI/vendor/Avalonia/src/Avalonia.FreeDesktop/",
        "RecursiveDir": "",
        "ModifiedTime": "",
        "CreatedTime": "",
        "AccessedTime": "",
        "DefiningProjectFullPath": "/workspace/.tools/dotnet/sdk/10.0.401/Sdks/Microsoft.NET.Sdk/targets/Microsoft.NET.Sdk.DefaultItems.props",
        "DefiningProjectDirectory": "/workspace/.tools/dotnet/sdk/10.0.401/Sdks/Microsoft.NET.Sdk/targets/",
        "DefiningProjectName": "Microsoft.NET.Sdk.DefaultItems",
        "DefiningProjectExtension": ".props"
      },
      {
        "Identity": "../Shared/IsExternalInit.cs",
        "Link": "IsExternalInit.cs",
        "FullPath": "/workspace/team-c/c3-admin-symbol-errors-validation/framework/CUI/vendor/Avalonia/src/Shared/IsExternalInit.cs",
        "RootDir": "/",
        "Filename": "IsExternalInit",
        "Extension": ".cs",
        "RelativeDir": "../Shared/",
        "Directory": "workspace/team-c/c3-admin-symbol-errors-validation/framework/CUI/vendor/Avalonia/src/Shared/",
        "RecursiveDir": "",
        "ModifiedTime": "",
        "CreatedTime": "",
        "AccessedTime": "",
        "DefiningProjectFullPath": "/workspace/team-c/c3-admin-symbol-errors-validation/framework/CUI/vendor/Avalonia/src/Avalonia.FreeDesktop/Avalonia.FreeDesktop.csproj",
        "DefiningProjectDirectory": "/workspace/team-c/c3-admin-symbol-errors-validation/framework/CUI/vendor/Avalonia/src/Avalonia.FreeDesktop/",
        "DefiningProjectName": "Avalonia.FreeDesktop",
        "DefiningProjectExtension": ".csproj"
      },
      {
        "Identity": "/workspace/team-c/c3-admin-symbol-errors-validation/artifacts/root14-managed-build/obj/Avalonia.FreeDesktop/debug_net10.0_linux-x64/.NETCoreApp,Version=v10.0.AssemblyAttributes.cs",
        "FullPath": "/workspace/team-c/c3-admin-symbol-errors-validation/artifacts/root14-managed-build/obj/Avalonia.FreeDesktop/debug_net10.0_linux-x64/.NETCoreApp,Version=v10.0.AssemblyAttributes.cs",
        "RootDir": "/",
        "Filename": ".NETCoreApp,Version=v10.0.AssemblyAttributes",
        "Extension": ".cs",
        "RelativeDir": "/workspace/team-c/c3-admin-symbol-errors-validation/artifacts/root14-managed-build/obj/Avalonia.FreeDesktop/debug_net10.0_linux-x64/",
        "Directory": "workspace/team-c/c3-admin-symbol-errors-validation/artifacts/root14-managed-build/obj/Avalonia.FreeDesktop/debug_net10.0_linux-x64/",
        "RecursiveDir": "",
        "ModifiedTime": "2026-10-03 22:49:58.8942412",
        "CreatedTime": "2026-10-03 22:49:58.8942412",
        "AccessedTime": "2026-10-03 22:49:59.0906429",
        "DefiningProjectFullPath": "/workspace/.tools/dotnet/sdk/10.0.401/Microsoft.Common.CurrentVersion.targets",
        "DefiningProjectDirectory": "/workspace/.tools/dotnet/sdk/10.0.401/",
        "DefiningProjectName": "Microsoft.Common.CurrentVersion",
        "DefiningProjectExtension": ".targets"
      },
      {
        "Identity": "/workspace/team-c/c3-admin-symbol-errors-validation/artifacts/root14-managed-build/obj/Avalonia.FreeDesktop/debug_net10.0_linux-x64/Avalonia.FreeDesktop.AssemblyInfo.cs",
        "FullPath": "/workspace/team-c/c3-admin-symbol-errors-validation/artifacts/root14-managed-build/obj/Avalonia.FreeDesktop/debug_net10.0_linux-x64/Avalonia.FreeDesktop.AssemblyInfo.cs",
        "RootDir": "/",
        "Filename": "Avalonia.FreeDesktop.AssemblyInfo",
        "Extension": ".cs",
        "RelativeDir": "/workspace/team-c/c3-admin-symbol-errors-validation/artifacts/root14-managed-build/obj/Avalonia.FreeDesktop/debug_net10.0_linux-x64/",
        "Directory": "workspace/team-c/c3-admin-symbol-errors-validation/artifacts/root14-managed-build/obj/Avalonia.FreeDesktop/debug_net10.0_linux-x64/",
        "RecursiveDir": "",
        "ModifiedTime": "2026-10-03 22:49:58.8964833",
        "CreatedTime": "2026-10-03 22:49:58.8964833",
        "AccessedTime": "2026-10-03 22:49:59.0946431",
        "DefiningProjectFullPath": "/workspace/.tools/dotnet/sdk/10.0.401/Sdks/Microsoft.NET.Sdk/targets/Microsoft.NET.GenerateAssemblyInfo.targets",
        "DefiningProjectDirectory": "/workspace/.tools/dotnet/sdk/10.0.401/Sdks/Microsoft.NET.Sdk/targets/",
        "DefiningProjectName": "Microsoft.NET.GenerateAssemblyInfo",
        "DefiningProjectExtension": ".targets"
      }
    ]
  }
}
