  Determining projects to restore...
  Restored /workspace/team-c/c3-admin-symbol-errors-validation/framework/CUI/vendor/Avalonia/src/tools/DevGenerators/DevGenerators.csproj (in 285 ms).
  Restored /workspace/team-c/c3-admin-symbol-errors-validation/framework/CUI/vendor/Avalonia/src/tools/Avalonia.Generators/Avalonia.Generators.csproj (in 285 ms).
  Restored /workspace/team-c/c3-admin-symbol-errors-validation/framework/CUI/vendor/Avalonia/src/tools/DevAnalyzers/DevAnalyzers.csproj (in 284 ms).
  Restored /workspace/team-c/c3-admin-symbol-errors-validation/framework/CUI/vendor/Avalonia/src/Avalonia.Vulkan/Avalonia.Vulkan.csproj (in 284 ms).
  Restored /workspace/team-c/c3-admin-symbol-errors-validation/framework/CUI/vendor/Avalonia/src/Avalonia.Remote.Protocol/Avalonia.Remote.Protocol.csproj (in 4 ms).
  Restored /workspace/team-c/c3-admin-symbol-errors-validation/framework/CUI/vendor/Avalonia/src/Avalonia.OpenGL/Avalonia.OpenGL.csproj (in 6 ms).
  Restored /workspace/team-c/c3-admin-symbol-errors-validation/framework/CUI/vendor/Avalonia/src/Avalonia.MicroCom/Avalonia.MicroCom.csproj (in 4 ms).
  Restored /workspace/team-c/c3-admin-symbol-errors-validation/framework/CUI/vendor/Avalonia/src/Avalonia.Themes.Fluent/Avalonia.Themes.Fluent.csproj (in 7 ms).
  Restored /workspace/team-c/c3-admin-symbol-errors-validation/framework/CUI/vendor/Avalonia/src/Avalonia.Metal/Avalonia.Metal.csproj (in 5 ms).
  Restored /workspace/team-c/c3-admin-symbol-errors-validation/framework/CUI/vendor/Avalonia/src/Avalonia.Native/Avalonia.Native.csproj (in 14 ms).
  Restored /workspace/team-c/c3-admin-symbol-errors-validation/framework/CUI/vendor/Avalonia/src/Avalonia.FreeDesktop/Avalonia.FreeDesktop.csproj (in 8 ms).
  Restored /workspace/team-c/c3-admin-symbol-errors-validation/framework/CUI/vendor/Avalonia/src/Avalonia.Fonts.Inter/Avalonia.Fonts.Inter.csproj (in 4 ms).
  Restored /workspace/team-c/c3-admin-symbol-errors-validation/framework/CUI/vendor/Avalonia/src/Avalonia.FreeDesktop.AtSpi/Avalonia.FreeDesktop.AtSpi.csproj (in 10 ms).
  Restored /workspace/team-c/c3-admin-symbol-errors-validation/framework/CUI/vendor/Avalonia/src/Avalonia.Dialogs/Avalonia.Dialogs.csproj (in 6 ms).
  Restored /workspace/team-c/c3-admin-symbol-errors-validation/framework/CUI/vendor/Avalonia/src/Avalonia.Desktop/Avalonia.Desktop.csproj (in 40 ms).
  Restored /workspace/team-c/c3-admin-symbol-errors-validation/9to1 Workspace/Home/NativeUI/HavenOS.Home.NativeUI.csproj (in 26 ms).
  Restored /workspace/team-c/c3-admin-symbol-errors-validation/framework/CUI/vendor/Avalonia/src/tools/Avalonia.DBus.Generators/Avalonia.DBus.Generators.csproj (in 7 ms).
  Restored /workspace/team-c/c3-admin-symbol-errors-validation/9to1 Workspace/Web/Tests/Web.Specs.csproj (in 46 ms).
  Restored /workspace/team-c/c3-admin-symbol-errors-validation/9to1 Workspace/Admin/NineToOne.Admin.csproj (in 29 ms).
  Restored /workspace/team-c/c3-admin-symbol-errors-validation/framework/CUI/vendor/Avalonia/src/tools/Avalonia.Analyzers.VisualBasic/Avalonia.Analyzers.VisualBasic.csproj (in 8 ms).
  Restored /workspace/team-c/c3-admin-symbol-errors-validation/framework/CUI/vendor/Avalonia/src/tools/Avalonia.Analyzers.CSharp/Avalonia.Analyzers.CSharp.csproj (in 7 ms).
  Restored /workspace/team-c/c3-admin-symbol-errors-validation/framework/CUI/vendor/Avalonia/src/Windows/Avalonia.Win32.Automation/Avalonia.Win32.Automation.csproj (in 5 ms).
  Restored /workspace/team-c/c3-admin-symbol-errors-validation/framework/CUI/vendor/Avalonia/src/tools/Avalonia.Analyzers.CodeFixes.CSharp/Avalonia.Analyzers.CodeFixes.CSharp.csproj (in 16 ms).
  Restored /workspace/team-c/c3-admin-symbol-errors-validation/framework/CUI/vendor/Avalonia/src/Markup/Avalonia.Markup/Avalonia.Markup.csproj (in 3 ms).
  Restored /workspace/team-c/c3-admin-symbol-errors-validation/framework/CUI/vendor/Avalonia/src/Markup/Avalonia.Markup.Xaml/Avalonia.Markup.Xaml.csproj (in 5 ms).
  Restored /workspace/team-c/c3-admin-symbol-errors-validation/framework/CUI/vendor/Avalonia/src/Skia/Avalonia.Skia/Avalonia.Skia.csproj (in 13 ms).
  Restored /workspace/team-c/c3-admin-symbol-errors-validation/framework/CUI/vendor/Avalonia/src/Windows/Avalonia.Win32/Avalonia.Win32.csproj (in 18 ms).
  Restored /workspace/team-c/c3-admin-symbol-errors-validation/framework/CUI/vendor/Avalonia/src/Headless/Avalonia.Headless/Avalonia.Headless.csproj (in 19 ms).
  Restored /workspace/team-c/c3-admin-symbol-errors-validation/framework/CUI/vendor/Avalonia/src/Avalonia.Controls/Avalonia.Controls.csproj (in 4 ms).
  Restored /workspace/team-c/c3-admin-symbol-errors-validation/framework/CUI/vendor/Avalonia/src/HarfBuzz/Avalonia.HarfBuzz/Avalonia.HarfBuzz.csproj (in 8 ms).
  Restored /workspace/team-c/c3-admin-symbol-errors-validation/framework/CUI/vendor/Avalonia/src/Avalonia.DesignerSupport/Avalonia.DesignerSupport.csproj (in 6 ms).
  Restored /workspace/team-c/c3-admin-symbol-errors-validation/framework/CUI/vendor/Avalonia/src/Avalonia.Base/Avalonia.Base.csproj (in 3 ms).
  Restored /workspace/team-c/c3-admin-symbol-errors-validation/framework/CUI/Themes/CakeOS.Cui.Themes.csproj (in 5 ms).
  Restored /workspace/team-c/c3-admin-symbol-errors-validation/framework/CUI/vendor/Avalonia/packages/Avalonia/Avalonia.csproj (in 11 ms).
  Restored /workspace/team-c/c3-admin-symbol-errors-validation/framework/CUI/Runtime/CakeOS.Cui.Runtime.csproj (in 33 ms).
  Restored /workspace/team-c/c3-admin-symbol-errors-validation/framework/CUI/vendor/Avalonia/src/Avalonia.X11/Avalonia.X11.csproj (in 26 ms).
  Restored /workspace/team-c/c3-admin-symbol-errors-validation/framework/CUI/vendor/Avalonia/src/Avalonia.Build.Tasks/Avalonia.Build.Tasks.csproj (in 58 ms).
  14 of 51 projects are up-to-date for restore.
