{
  "Properties": {
    "MSBuildProjectFullPath": "/workspace/team-c/c3-admin-symbol-errors-validation/framework/CUI/vendor/Avalonia/src/Markup/Avalonia.Markup.Xaml/Avalonia.Markup.Xaml.csproj",
    "MSBuildProjectName": "Avalonia.Markup.Xaml",
    "AssemblyName": "Avalonia.Markup.Xaml",
    "TargetPath": "/workspace/team-c/c3-admin-symbol-errors-validation/artifacts/root14-managed-build/bin/Avalonia.Markup.Xaml/release_net10.0_linux-x64/Avalonia.Markup.Xaml.dll",
    "OutputPath": "/workspace/team-c/c3-admin-symbol-errors-validation/artifacts/root14-managed-build/bin/Avalonia.Markup.Xaml/release_net10.0_linux-x64/",
    "Configuration": "Release",
    "TargetFramework": "net10.0",
    "ProjectAssetsFile": "/workspace/team-c/c3-admin-symbol-errors-validation/artifacts/root14-managed-build/obj/Avalonia.Markup.Xaml/project.assets.json",
    "MSBuildProjectExtensionsPath": "/workspace/team-c/c3-admin-symbol-errors-validation/artifacts/root14-managed-build/obj/Avalonia.Markup.Xaml/",
    "AvaloniaBuildTasksLocation": "/workspace/team-c/c3-admin-symbol-errors-validation/artifacts/root14-host-build-tasks/bin/Avalonia.Build.Tasks/release/Avalonia.Build.Tasks.dll",
    "EmitCompilerGeneratedFiles": "true",
    "IntermediateOutputPath": "/workspace/team-c/c3-admin-symbol-errors-validation/artifacts/root14-managed-build/obj/Avalonia.Markup.Xaml/release_net10.0_linux-x64/",
    "CompilerGeneratedFilesOutputPath": "/workspace/team-c/c3-admin-symbol-errors-validation/artifacts/root14-managed-build/obj/Avalonia.Markup.Xaml/release_net10.0_linux-x64//generated",
    "ArtifactsPath": "/workspace/team-c/c3-admin-symbol-errors-validation/artifacts/root14-managed-build",
    "ArtifactsProjectName": "Avalonia.Markup.Xaml",
    "BaseIntermediateOutputPath": "/workspace/team-c/c3-admin-symbol-errors-validation/artifacts/root14-managed-build/obj/Avalonia.Markup.Xaml/"
  },
  "Items": {
    "Compile": [
      {
        "Identity": "AvaloniaXamlLoader.cs",
        "FullPath": "/workspace/team-c/c3-admin-symbol-errors-validation/framework/CUI/vendor/Avalonia/src/Markup/Avalonia.Markup.Xaml/AvaloniaXamlLoader.cs",
        "RootDir": "/",
        "Filename": "AvaloniaXamlLoader",
        "Extension": ".cs",
        "RelativeDir": "",
        "Directory": "workspace/team-c/c3-admin-symbol-errors-validation/framework/CUI/vendor/Avalonia/src/Markup/Avalonia.Markup.Xaml/",
        "RecursiveDir": "",
        "ModifiedTime": "",
        "CreatedTime": "",
        "AccessedTime": "",
        "DefiningProjectFullPath": "/workspace/team-c/c3-admin-symbol-errors-validation/framework/CUI/vendor/Avalonia/src/Markup/Avalonia.Markup.Xaml/Avalonia.Markup.Xaml.csproj",
        "DefiningProjectDirectory": "/workspace/team-c/c3-admin-symbol-errors-validation/framework/CUI/vendor/Avalonia/src/Markup/Avalonia.Markup.Xaml/",
        "DefiningProjectName": "Avalonia.Markup.Xaml",
        "DefiningProjectExtension": ".csproj"
      },
      {
        "Identity": "Converters/AvaloniaUriTypeConverter.cs",
        "FullPath": "/workspace/team-c/c3-admin-symbol-errors-validation/framework/CUI/vendor/Avalonia/src/Markup/Avalonia.Markup.Xaml/Converters/AvaloniaUriTypeConverter.cs",
        "RootDir": "/",
        "Filename": "AvaloniaUriTypeConverter",
        "Extension": ".cs",
        "RelativeDir": "Converters/",
        "Directory": "workspace/team-c/c3-admin-symbol-errors-validation/framework/CUI/vendor/Avalonia/src/Markup/Avalonia.Markup.Xaml/Converters/",
        "RecursiveDir": "",
        "ModifiedTime": "",
        "CreatedTime": "",
        "AccessedTime": "",
        "DefiningProjectFullPath": "/workspace/team-c/c3-admin-symbol-errors-validation/framework/CUI/vendor/Avalonia/src/Markup/Avalonia.Markup.Xaml/Avalonia.Markup.Xaml.csproj",
        "DefiningProjectDirectory": "/workspace/team-c/c3-admin-symbol-errors-validation/framework/CUI/vendor/Avalonia/src/Markup/Avalonia.Markup.Xaml/",
        "DefiningProjectName": "Avalonia.Markup.Xaml",
        "DefiningProjectExtension": ".csproj"
      },
      {
        "Identity": "Converters/ColorToBrushConverter.cs",
        "FullPath": "/workspace/team-c/c3-admin-symbol-errors-validation/framework/CUI/vendor/Avalonia/src/Markup/Avalonia.Markup.Xaml/Converters/ColorToBrushConverter.cs",
        "RootDir": "/",
        "Filename": "ColorToBrushConverter",
        "Extension": ".cs",
        "RelativeDir": "Converters/",
        "Directory": "workspace/team-c/c3-admin-symbol-errors-validation/framework/CUI/vendor/Avalonia/src/Markup/Avalonia.Markup.Xaml/Converters/",
        "RecursiveDir": "",
        "ModifiedTime": "",
        "CreatedTime": "",
        "AccessedTime": "",
        "DefiningProjectFullPath": "/workspace/team-c/c3-admin-symbol-errors-validation/framework/CUI/vendor/Avalonia/src/Markup/Avalonia.Markup.Xaml/Avalonia.Markup.Xaml.csproj",
        "DefiningProjectDirectory": "/workspace/team-c/c3-admin-symbol-errors-validation/framework/CUI/vendor/Avalonia/src/Markup/Avalonia.Markup.Xaml/",
        "DefiningProjectName": "Avalonia.Markup.Xaml",
        "DefiningProjectExtension": ".csproj"
      },
      {
        "Identity": "Converters/FontFamilyTypeConverter.cs",
        "FullPath": "/workspace/team-c/c3-admin-symbol-errors-validation/framework/CUI/vendor/Avalonia/src/Markup/Avalonia.Markup.Xaml/Converters/FontFamilyTypeConverter.cs",
        "RootDir": "/",
        "Filename": "FontFamilyTypeConverter",
        "Extension": ".cs",
        "RelativeDir": "Converters/",
        "Directory": "workspace/team-c/c3-admin-symbol-errors-validation/framework/CUI/vendor/Avalonia/src/Markup/Avalonia.Markup.Xaml/Converters/",
        "RecursiveDir": "",
        "ModifiedTime": "",
        "CreatedTime": "",
        "AccessedTime": "",
        "DefiningProjectFullPath": "/workspace/team-c/c3-admin-symbol-errors-validation/framework/CUI/vendor/Avalonia/src/Markup/Avalonia.Markup.Xaml/Avalonia.Markup.Xaml.csproj",
        "DefiningProjectDirectory": "/workspace/team-c/c3-admin-symbol-errors-validation/framework/CUI/vendor/Avalonia/src/Markup/Avalonia.Markup.Xaml/",
        "DefiningProjectName": "Avalonia.Markup.Xaml",
        "DefiningProjectExtension": ".csproj"
      },
      {
        "Identity": "Converters/TimeSpanTypeConverter.cs",
        "FullPath": "/workspace/team-c/c3-admin-symbol-errors-validation/framework/CUI/vendor/Avalonia/src/Markup/Avalonia.Markup.Xaml/Converters/TimeSpanTypeConverter.cs",
        "RootDir": "/",
        "Filename": "TimeSpanTypeConverter",
        "Extension": ".cs",
        "RelativeDir": "Converters/",
        "Directory": "workspace/team-c/c3-admin-symbol-errors-validation/framework/CUI/vendor/Avalonia/src/Markup/Avalonia.Markup.Xaml/Converters/",
        "RecursiveDir": "",
        "ModifiedTime": "",
        "CreatedTime": "",
        "AccessedTime": "",
        "DefiningProjectFullPath": "/workspace/team-c/c3-admin-symbol-errors-validation/framework/CUI/vendor/Avalonia/src/Markup/Avalonia.Markup.Xaml/Avalonia.Markup.Xaml.csproj",
        "DefiningProjectDirectory": "/workspace/team-c/c3-admin-symbol-errors-validation/framework/CUI/vendor/Avalonia/src/Markup/Avalonia.Markup.Xaml/",
        "DefiningProjectName": "Avalonia.Markup.Xaml",
        "DefiningProjectExtension": ".csproj"
      },
      {
        "Identity": "Data/DynamicResourceExpression.cs",
        "FullPath": "/workspace/team-c/c3-admin-symbol-errors-validation/framework/CUI/vendor/Avalonia/src/Markup/Avalonia.Markup.Xaml/Data/DynamicResourceExpression.cs",
        "RootDir": "/",
        "Filename": "DynamicResourceExpression",
        "Extension": ".cs",
        "RelativeDir": "Data/",
        "Directory": "workspace/team-c/c3-admin-symbol-errors-validation/framework/CUI/vendor/Avalonia/src/Markup/Avalonia.Markup.Xaml/Data/",
        "RecursiveDir": "",
        "ModifiedTime": "",
        "CreatedTime": "",
        "AccessedTime": "",
        "DefiningProjectFullPath": "/workspace/team-c/c3-admin-symbol-errors-validation/framework/CUI/vendor/Avalonia/src/Markup/Avalonia.Markup.Xaml/Avalonia.Markup.Xaml.csproj",
        "DefiningProjectDirectory": "/workspace/team-c/c3-admin-symbol-errors-validation/framework/CUI/vendor/Avalonia/src/Markup/Avalonia.Markup.Xaml/",
        "DefiningProjectName": "Avalonia.Markup.Xaml",
        "DefiningProjectExtension": ".csproj"
      },
      {
        "Identity": "EagerParentStackEnumerator.cs",
        "FullPath": "/workspace/team-c/c3-admin-symbol-errors-validation/framework/CUI/vendor/Avalonia/src/Markup/Avalonia.Markup.Xaml/EagerParentStackEnumerator.cs",
        "RootDir": "/",
        "Filename": "EagerParentStackEnumerator",
        "Extension": ".cs",
        "RelativeDir": "",
        "Directory": "workspace/team-c/c3-admin-symbol-errors-validation/framework/CUI/vendor/Avalonia/src/Markup/Avalonia.Markup.Xaml/",
        "RecursiveDir": "",
        "ModifiedTime": "",
        "CreatedTime": "",
        "AccessedTime": "",
        "DefiningProjectFullPath": "/workspace/team-c/c3-admin-symbol-errors-validation/framework/CUI/vendor/Avalonia/src/Markup/Avalonia.Markup.Xaml/Avalonia.Markup.Xaml.csproj",
        "DefiningProjectDirectory": "/workspace/team-c/c3-admin-symbol-errors-validation/framework/CUI/vendor/Avalonia/src/Markup/Avalonia.Markup.Xaml/",
        "DefiningProjectName": "Avalonia.Markup.Xaml",
        "DefiningProjectExtension": ".csproj"
      },
      {
        "Identity": "Extensions.cs",
        "FullPath": "/workspace/team-c/c3-admin-symbol-errors-validation/framework/CUI/vendor/Avalonia/src/Markup/Avalonia.Markup.Xaml/Extensions.cs",
        "RootDir": "/",
        "Filename": "Extensions",
        "Extension": ".cs",
        "RelativeDir": "",
        "Directory": "workspace/team-c/c3-admin-symbol-errors-validation/framework/CUI/vendor/Avalonia/src/Markup/Avalonia.Markup.Xaml/",
        "RecursiveDir": "",
        "ModifiedTime": "",
        "CreatedTime": "",
        "AccessedTime": "",
        "DefiningProjectFullPath": "/workspace/team-c/c3-admin-symbol-errors-validation/framework/CUI/vendor/Avalonia/src/Markup/Avalonia.Markup.Xaml/Avalonia.Markup.Xaml.csproj",
        "DefiningProjectDirectory": "/workspace/team-c/c3-admin-symbol-errors-validation/framework/CUI/vendor/Avalonia/src/Markup/Avalonia.Markup.Xaml/",
        "DefiningProjectName": "Avalonia.Markup.Xaml",
        "DefiningProjectExtension": ".csproj"
      },
      {
        "Identity": "MarkupExtension.cs",
        "FullPath": "/workspace/team-c/c3-admin-symbol-errors-validation/framework/CUI/vendor/Avalonia/src/Markup/Avalonia.Markup.Xaml/MarkupExtension.cs",
        "RootDir": "/",
        "Filename": "MarkupExtension",
        "Extension": ".cs",
        "RelativeDir": "",
        "Directory": "workspace/team-c/c3-admin-symbol-errors-validation/framework/CUI/vendor/Avalonia/src/Markup/Avalonia.Markup.Xaml/",
        "RecursiveDir": "",
        "ModifiedTime": "",
        "CreatedTime": "",
        "AccessedTime": "",
        "DefiningProjectFullPath": "/workspace/team-c/c3-admin-symbol-errors-validation/framework/CUI/vendor/Avalonia/src/Markup/Avalonia.Markup.Xaml/Avalonia.Markup.Xaml.csproj",
        "DefiningProjectDirectory": "/workspace/team-c/c3-admin-symbol-errors-validation/framework/CUI/vendor/Avalonia/src/Markup/Avalonia.Markup.Xaml/",
        "DefiningProjectName": "Avalonia.Markup.Xaml",
        "DefiningProjectExtension": ".csproj"
      },
      {
        "Identity": "MarkupExtensions/CompiledBindingExtension.cs",
        "FullPath": "/workspace/team-c/c3-admin-symbol-errors-validation/framework/CUI/vendor/Avalonia/src/Markup/Avalonia.Markup.Xaml/MarkupExtensions/CompiledBindingExtension.cs",
        "RootDir": "/",
        "Filename": "CompiledBindingExtension",
        "Extension": ".cs",
        "RelativeDir": "MarkupExtensions/",
        "Directory": "workspace/team-c/c3-admin-symbol-errors-validation/framework/CUI/vendor/Avalonia/src/Markup/Avalonia.Markup.Xaml/MarkupExtensions/",
        "RecursiveDir": "",
        "ModifiedTime": "",
        "CreatedTime": "",
        "AccessedTime": "",
        "DefiningProjectFullPath": "/workspace/team-c/c3-admin-symbol-errors-validation/framework/CUI/vendor/Avalonia/src/Markup/Avalonia.Markup.Xaml/Avalonia.Markup.Xaml.csproj",
        "DefiningProjectDirectory": "/workspace/team-c/c3-admin-symbol-errors-validation/framework/CUI/vendor/Avalonia/src/Markup/Avalonia.Markup.Xaml/",
        "DefiningProjectName": "Avalonia.Markup.Xaml",
        "DefiningProjectExtension": ".csproj"
      },
      {
        "Identity": "MarkupExtensions/CompiledBindings/PropertyInfoAccessorFactory.cs",
        "FullPath": "/workspace/team-c/c3-admin-symbol-errors-validation/framework/CUI/vendor/Avalonia/src/Markup/Avalonia.Markup.Xaml/MarkupExtensions/CompiledBindings/PropertyInfoAccessorFactory.cs",
        "RootDir": "/",
        "Filename": "PropertyInfoAccessorFactory",
        "Extension": ".cs",
        "RelativeDir": "MarkupExtensions/CompiledBindings/",
        "Directory": "workspace/team-c/c3-admin-symbol-errors-validation/framework/CUI/vendor/Avalonia/src/Markup/Avalonia.Markup.Xaml/MarkupExtensions/CompiledBindings/",
        "RecursiveDir": "",
        "ModifiedTime": "",
        "CreatedTime": "",
        "AccessedTime": "",
        "DefiningProjectFullPath": "/workspace/team-c/c3-admin-symbol-errors-validation/framework/CUI/vendor/Avalonia/src/Markup/Avalonia.Markup.Xaml/Avalonia.Markup.Xaml.csproj",
        "DefiningProjectDirectory": "/workspace/team-c/c3-admin-symbol-errors-validation/framework/CUI/vendor/Avalonia/src/Markup/Avalonia.Markup.Xaml/",
        "DefiningProjectName": "Avalonia.Markup.Xaml",
        "DefiningProjectExtension": ".csproj"
      },
      {
        "Identity": "MarkupExtensions/CompiledBindings/TaskStreamPlugin.cs",
        "FullPath": "/workspace/team-c/c3-admin-symbol-errors-validation/framework/CUI/vendor/Avalonia/src/Markup/Avalonia.Markup.Xaml/MarkupExtensions/CompiledBindings/TaskStreamPlugin.cs",
        "RootDir": "/",
        "Filename": "TaskStreamPlugin",
        "Extension": ".cs",
        "RelativeDir": "MarkupExtensions/CompiledBindings/",
        "Directory": "workspace/team-c/c3-admin-symbol-errors-validation/framework/CUI/vendor/Avalonia/src/Markup/Avalonia.Markup.Xaml/MarkupExtensions/CompiledBindings/",
        "RecursiveDir": "",
        "ModifiedTime": "",
        "CreatedTime": "",
        "AccessedTime": "",
        "DefiningProjectFullPath": "/workspace/team-c/c3-admin-symbol-errors-validation/framework/CUI/vendor/Avalonia/src/Markup/Avalonia.Markup.Xaml/Avalonia.Markup.Xaml.csproj",
        "DefiningProjectDirectory": "/workspace/team-c/c3-admin-symbol-errors-validation/framework/CUI/vendor/Avalonia/src/Markup/Avalonia.Markup.Xaml/",
        "DefiningProjectName": "Avalonia.Markup.Xaml",
        "DefiningProjectExtension": ".csproj"
      },
      {
        "Identity": "MarkupExtensions/DynamicResourceExtension.cs",
        "FullPath": "/workspace/team-c/c3-admin-symbol-errors-validation/framework/CUI/vendor/Avalonia/src/Markup/Avalonia.Markup.Xaml/MarkupExtensions/DynamicResourceExtension.cs",
        "RootDir": "/",
        "Filename": "DynamicResourceExtension",
        "Extension": ".cs",
        "RelativeDir": "MarkupExtensions/",
        "Directory": "workspace/team-c/c3-admin-symbol-errors-validation/framework/CUI/vendor/Avalonia/src/Markup/Avalonia.Markup.Xaml/MarkupExtensions/",
        "RecursiveDir": "",
        "ModifiedTime": "",
        "CreatedTime": "",
        "AccessedTime": "",
        "DefiningProjectFullPath": "/workspace/team-c/c3-admin-symbol-errors-validation/framework/CUI/vendor/Avalonia/src/Markup/Avalonia.Markup.Xaml/Avalonia.Markup.Xaml.csproj",
        "DefiningProjectDirectory": "/workspace/team-c/c3-admin-symbol-errors-validation/framework/CUI/vendor/Avalonia/src/Markup/Avalonia.Markup.Xaml/",
        "DefiningProjectName": "Avalonia.Markup.Xaml",
        "DefiningProjectExtension": ".csproj"
      },
      {
        "Identity": "MarkupExtensions/On.cs",
        "FullPath": "/workspace/team-c/c3-admin-symbol-errors-validation/framework/CUI/vendor/Avalonia/src/Markup/Avalonia.Markup.Xaml/MarkupExtensions/On.cs",
        "RootDir": "/",
        "Filename": "On",
        "Extension": ".cs",
        "RelativeDir": "MarkupExtensions/",
        "Directory": "workspace/team-c/c3-admin-symbol-errors-validation/framework/CUI/vendor/Avalonia/src/Markup/Avalonia.Markup.Xaml/MarkupExtensions/",
        "RecursiveDir": "",
        "ModifiedTime": "",
        "CreatedTime": "",
        "AccessedTime": "",
        "DefiningProjectFullPath": "/workspace/team-c/c3-admin-symbol-errors-validation/framework/CUI/vendor/Avalonia/src/Markup/Avalonia.Markup.Xaml/Avalonia.Markup.Xaml.csproj",
        "DefiningProjectDirectory": "/workspace/team-c/c3-admin-symbol-errors-validation/framework/CUI/vendor/Avalonia/src/Markup/Avalonia.Markup.Xaml/",
        "DefiningProjectName": "Avalonia.Markup.Xaml",
        "DefiningProjectExtension": ".csproj"
      },
      {
        "Identity": "MarkupExtensions/OnFormFactorExtension.cs",
        "FullPath": "/workspace/team-c/c3-admin-symbol-errors-validation/framework/CUI/vendor/Avalonia/src/Markup/Avalonia.Markup.Xaml/MarkupExtensions/OnFormFactorExtension.cs",
        "RootDir": "/",
        "Filename": "OnFormFactorExtension",
        "Extension": ".cs",
        "RelativeDir": "MarkupExtensions/",
        "Directory": "workspace/team-c/c3-admin-symbol-errors-validation/framework/CUI/vendor/Avalonia/src/Markup/Avalonia.Markup.Xaml/MarkupExtensions/",
        "RecursiveDir": "",
        "ModifiedTime": "",
        "CreatedTime": "",
        "AccessedTime": "",
        "DefiningProjectFullPath": "/workspace/team-c/c3-admin-symbol-errors-validation/framework/CUI/vendor/Avalonia/src/Markup/Avalonia.Markup.Xaml/Avalonia.Markup.Xaml.csproj",
        "DefiningProjectDirectory": "/workspace/team-c/c3-admin-symbol-errors-validation/framework/CUI/vendor/Avalonia/src/Markup/Avalonia.Markup.Xaml/",
        "DefiningProjectName": "Avalonia.Markup.Xaml",
        "DefiningProjectExtension": ".csproj"
      },
      {
        "Identity": "MarkupExtensions/OnPlatformExtension.cs",
        "FullPath": "/workspace/team-c/c3-admin-symbol-errors-validation/framework/CUI/vendor/Avalonia/src/Markup/Avalonia.Markup.Xaml/MarkupExtensions/OnPlatformExtension.cs",
        "RootDir": "/",
        "Filename": "OnPlatformExtension",
        "Extension": ".cs",
        "RelativeDir": "MarkupExtensions/",
        "Directory": "workspace/team-c/c3-admin-symbol-errors-validation/framework/CUI/vendor/Avalonia/src/Markup/Avalonia.Markup.Xaml/MarkupExtensions/",
        "RecursiveDir": "",
        "ModifiedTime": "",
        "CreatedTime": "",
        "AccessedTime": "",
        "DefiningProjectFullPath": "/workspace/team-c/c3-admin-symbol-errors-validation/framework/CUI/vendor/Avalonia/src/Markup/Avalonia.Markup.Xaml/Avalonia.Markup.Xaml.csproj",
        "DefiningProjectDirectory": "/workspace/team-c/c3-admin-symbol-errors-validation/framework/CUI/vendor/Avalonia/src/Markup/Avalonia.Markup.Xaml/",
        "DefiningProjectName": "Avalonia.Markup.Xaml",
        "DefiningProjectExtension": ".csproj"
      },
      {
        "Identity": "MarkupExtensions/ResolveByNameExtension.cs",
        "FullPath": "/workspace/team-c/c3-admin-symbol-errors-validation/framework/CUI/vendor/Avalonia/src/Markup/Avalonia.Markup.Xaml/MarkupExtensions/ResolveByNameExtension.cs",
        "RootDir": "/",
        "Filename": "ResolveByNameExtension",
        "Extension": ".cs",
        "RelativeDir": "MarkupExtensions/",
        "Directory": "workspace/team-c/c3-admin-symbol-errors-validation/framework/CUI/vendor/Avalonia/src/Markup/Avalonia.Markup.Xaml/MarkupExtensions/",
        "RecursiveDir": "",
        "ModifiedTime": "",
        "CreatedTime": "",
        "AccessedTime": "",
        "DefiningProjectFullPath": "/workspace/team-c/c3-admin-symbol-errors-validation/framework/CUI/vendor/Avalonia/src/Markup/Avalonia.Markup.Xaml/Avalonia.Markup.Xaml.csproj",
        "DefiningProjectDirectory": "/workspace/team-c/c3-admin-symbol-errors-validation/framework/CUI/vendor/Avalonia/src/Markup/Avalonia.Markup.Xaml/",
        "DefiningProjectName": "Avalonia.Markup.Xaml",
        "DefiningProjectExtension": ".csproj"
      },
      {
        "Identity": "MarkupExtensions/StaticResourceExtension.cs",
        "FullPath": "/workspace/team-c/c3-admin-symbol-errors-validation/framework/CUI/vendor/Avalonia/src/Markup/Avalonia.Markup.Xaml/MarkupExtensions/StaticResourceExtension.cs",
        "RootDir": "/",
        "Filename": "StaticResourceExtension",
        "Extension": ".cs",
        "RelativeDir": "MarkupExtensions/",
        "Directory": "workspace/team-c/c3-admin-symbol-errors-validation/framework/CUI/vendor/Avalonia/src/Markup/Avalonia.Markup.Xaml/MarkupExtensions/",
        "RecursiveDir": "",
        "ModifiedTime": "",
        "CreatedTime": "",
        "AccessedTime": "",
        "DefiningProjectFullPath": "/workspace/team-c/c3-admin-symbol-errors-validation/framework/CUI/vendor/Avalonia/src/Markup/Avalonia.Markup.Xaml/Avalonia.Markup.Xaml.csproj",
        "DefiningProjectDirectory": "/workspace/team-c/c3-admin-symbol-errors-validation/framework/CUI/vendor/Avalonia/src/Markup/Avalonia.Markup.Xaml/",
        "DefiningProjectName": "Avalonia.Markup.Xaml",
        "DefiningProjectExtension": ".csproj"
      },
      {
        "Identity": "Parsers/PropertyParser.cs",
        "FullPath": "/workspace/team-c/c3-admin-symbol-errors-validation/framework/CUI/vendor/Avalonia/src/Markup/Avalonia.Markup.Xaml/Parsers/PropertyParser.cs",
        "RootDir": "/",
        "Filename": "PropertyParser",
        "Extension": ".cs",
        "RelativeDir": "Parsers/",
        "Directory": "workspace/team-c/c3-admin-symbol-errors-validation/framework/CUI/vendor/Avalonia/src/Markup/Avalonia.Markup.Xaml/Parsers/",
        "RecursiveDir": "",
        "ModifiedTime": "",
        "CreatedTime": "",
        "AccessedTime": "",
        "DefiningProjectFullPath": "/workspace/team-c/c3-admin-symbol-errors-validation/framework/CUI/vendor/Avalonia/src/Markup/Avalonia.Markup.Xaml/Avalonia.Markup.Xaml.csproj",
        "DefiningProjectDirectory": "/workspace/team-c/c3-admin-symbol-errors-validation/framework/CUI/vendor/Avalonia/src/Markup/Avalonia.Markup.Xaml/",
        "DefiningProjectName": "Avalonia.Markup.Xaml",
        "DefiningProjectExtension": ".csproj"
      },
      {
        "Identity": "Converters/BitmapTypeConverter.cs",
        "FullPath": "/workspace/team-c/c3-admin-symbol-errors-validation/framework/CUI/vendor/Avalonia/src/Markup/Avalonia.Markup.Xaml/Converters/BitmapTypeConverter.cs",
        "RootDir": "/",
        "Filename": "BitmapTypeConverter",
        "Extension": ".cs",
        "RelativeDir": "Converters/",
        "Directory": "workspace/team-c/c3-admin-symbol-errors-validation/framework/CUI/vendor/Avalonia/src/Markup/Avalonia.Markup.Xaml/Converters/",
        "RecursiveDir": "",
        "ModifiedTime": "",
        "CreatedTime": "",
        "AccessedTime": "",
        "DefiningProjectFullPath": "/workspace/team-c/c3-admin-symbol-errors-validation/framework/CUI/vendor/Avalonia/src/Markup/Avalonia.Markup.Xaml/Avalonia.Markup.Xaml.csproj",
        "DefiningProjectDirectory": "/workspace/team-c/c3-admin-symbol-errors-validation/framework/CUI/vendor/Avalonia/src/Markup/Avalonia.Markup.Xaml/",
        "DefiningProjectName": "Avalonia.Markup.Xaml",
        "DefiningProjectExtension": ".csproj"
      },
      {
        "Identity": "Converters/IconTypeConverter.cs",
        "FullPath": "/workspace/team-c/c3-admin-symbol-errors-validation/framework/CUI/vendor/Avalonia/src/Markup/Avalonia.Markup.Xaml/Converters/IconTypeConverter.cs",
        "RootDir": "/",
        "Filename": "IconTypeConverter",
        "Extension": ".cs",
        "RelativeDir": "Converters/",
        "Directory": "workspace/team-c/c3-admin-symbol-errors-validation/framework/CUI/vendor/Avalonia/src/Markup/Avalonia.Markup.Xaml/Converters/",
        "RecursiveDir": "",
        "ModifiedTime": "",
        "CreatedTime": "",
        "AccessedTime": "",
        "DefiningProjectFullPath": "/workspace/team-c/c3-admin-symbol-errors-validation/framework/CUI/vendor/Avalonia/src/Markup/Avalonia.Markup.Xaml/Avalonia.Markup.Xaml.csproj",
        "DefiningProjectDirectory": "/workspace/team-c/c3-admin-symbol-errors-validation/framework/CUI/vendor/Avalonia/src/Markup/Avalonia.Markup.Xaml/",
        "DefiningProjectName": "Avalonia.Markup.Xaml",
        "DefiningProjectExtension": ".csproj"
      },
      {
        "Identity": "Converters/AvaloniaPropertyTypeConverter.cs",
        "FullPath": "/workspace/team-c/c3-admin-symbol-errors-validation/framework/CUI/vendor/Avalonia/src/Markup/Avalonia.Markup.Xaml/Converters/AvaloniaPropertyTypeConverter.cs",
        "RootDir": "/",
        "Filename": "AvaloniaPropertyTypeConverter",
        "Extension": ".cs",
        "RelativeDir": "Converters/",
        "Directory": "workspace/team-c/c3-admin-symbol-errors-validation/framework/CUI/vendor/Avalonia/src/Markup/Avalonia.Markup.Xaml/Converters/",
        "RecursiveDir": "",
        "ModifiedTime": "",
        "CreatedTime": "",
        "AccessedTime": "",
        "DefiningProjectFullPath": "/workspace/team-c/c3-admin-symbol-errors-validation/framework/CUI/vendor/Avalonia/src/Markup/Avalonia.Markup.Xaml/Avalonia.Markup.Xaml.csproj",
        "DefiningProjectDirectory": "/workspace/team-c/c3-admin-symbol-errors-validation/framework/CUI/vendor/Avalonia/src/Markup/Avalonia.Markup.Xaml/",
        "DefiningProjectName": "Avalonia.Markup.Xaml",
        "DefiningProjectExtension": ".csproj"
      },
      {
        "Identity": "Converters/PointsListTypeConverter.cs",
        "FullPath": "/workspace/team-c/c3-admin-symbol-errors-validation/framework/CUI/vendor/Avalonia/src/Markup/Avalonia.Markup.Xaml/Converters/PointsListTypeConverter.cs",
        "RootDir": "/",
        "Filename": "PointsListTypeConverter",
        "Extension": ".cs",
        "RelativeDir": "Converters/",
        "Directory": "workspace/team-c/c3-admin-symbol-errors-validation/framework/CUI/vendor/Avalonia/src/Markup/Avalonia.Markup.Xaml/Converters/",
        "RecursiveDir": "",
        "ModifiedTime": "",
        "CreatedTime": "",
        "AccessedTime": "",
        "DefiningProjectFullPath": "/workspace/team-c/c3-admin-symbol-errors-validation/framework/CUI/vendor/Avalonia/src/Markup/Avalonia.Markup.Xaml/Avalonia.Markup.Xaml.csproj",
        "DefiningProjectDirectory": "/workspace/team-c/c3-admin-symbol-errors-validation/framework/CUI/vendor/Avalonia/src/Markup/Avalonia.Markup.Xaml/",
        "DefiningProjectName": "Avalonia.Markup.Xaml",
        "DefiningProjectExtension": ".csproj"
      },
      {
        "Identity": "MarkupExtensions/ReflectionBindingExtension.cs",
        "FullPath": "/workspace/team-c/c3-admin-symbol-errors-validation/framework/CUI/vendor/Avalonia/src/Markup/Avalonia.Markup.Xaml/MarkupExtensions/ReflectionBindingExtension.cs",
        "RootDir": "/",
        "Filename": "ReflectionBindingExtension",
        "Extension": ".cs",
        "RelativeDir": "MarkupExtensions/",
        "Directory": "workspace/team-c/c3-admin-symbol-errors-validation/framework/CUI/vendor/Avalonia/src/Markup/Avalonia.Markup.Xaml/MarkupExtensions/",
        "RecursiveDir": "",
        "ModifiedTime": "",
        "CreatedTime": "",
        "AccessedTime": "",
        "DefiningProjectFullPath": "/workspace/team-c/c3-admin-symbol-errors-validation/framework/CUI/vendor/Avalonia/src/Markup/Avalonia.Markup.Xaml/Avalonia.Markup.Xaml.csproj",
        "DefiningProjectDirectory": "/workspace/team-c/c3-admin-symbol-errors-validation/framework/CUI/vendor/Avalonia/src/Markup/Avalonia.Markup.Xaml/",
        "DefiningProjectName": "Avalonia.Markup.Xaml",
        "DefiningProjectExtension": ".csproj"
      },
      {
        "Identity": "MarkupExtensions/RelativeSourceExtension.cs",
        "FullPath": "/workspace/team-c/c3-admin-symbol-errors-validation/framework/CUI/vendor/Avalonia/src/Markup/Avalonia.Markup.Xaml/MarkupExtensions/RelativeSourceExtension.cs",
        "RootDir": "/",
        "Filename": "RelativeSourceExtension",
        "Extension": ".cs",
        "RelativeDir": "MarkupExtensions/",
        "Directory": "workspace/team-c/c3-admin-symbol-errors-validation/framework/CUI/vendor/Avalonia/src/Markup/Avalonia.Markup.Xaml/MarkupExtensions/",
        "RecursiveDir": "",
        "ModifiedTime": "",
        "CreatedTime": "",
        "AccessedTime": "",
        "DefiningProjectFullPath": "/workspace/team-c/c3-admin-symbol-errors-validation/framework/CUI/vendor/Avalonia/src/Markup/Avalonia.Markup.Xaml/Avalonia.Markup.Xaml.csproj",
        "DefiningProjectDirectory": "/workspace/team-c/c3-admin-symbol-errors-validation/framework/CUI/vendor/Avalonia/src/Markup/Avalonia.Markup.Xaml/",
        "DefiningProjectName": "Avalonia.Markup.Xaml",
        "DefiningProjectExtension": ".csproj"
      },
      {
        "Identity": "Properties/AssemblyInfo.cs",
        "FullPath": "/workspace/team-c/c3-admin-symbol-errors-validation/framework/CUI/vendor/Avalonia/src/Markup/Avalonia.Markup.Xaml/Properties/AssemblyInfo.cs",
        "RootDir": "/",
        "Filename": "AssemblyInfo",
        "Extension": ".cs",
        "RelativeDir": "Properties/",
        "Directory": "workspace/team-c/c3-admin-symbol-errors-validation/framework/CUI/vendor/Avalonia/src/Markup/Avalonia.Markup.Xaml/Properties/",
        "RecursiveDir": "",
        "ModifiedTime": "",
        "CreatedTime": "",
        "AccessedTime": "",
        "DefiningProjectFullPath": "/workspace/team-c/c3-admin-symbol-errors-validation/framework/CUI/vendor/Avalonia/src/Markup/Avalonia.Markup.Xaml/Avalonia.Markup.Xaml.csproj",
        "DefiningProjectDirectory": "/workspace/team-c/c3-admin-symbol-errors-validation/framework/CUI/vendor/Avalonia/src/Markup/Avalonia.Markup.Xaml/",
        "DefiningProjectName": "Avalonia.Markup.Xaml",
        "DefiningProjectExtension": ".csproj"
      },
      {
        "Identity": "RuntimeXamlLoaderConfiguration.cs",
        "FullPath": "/workspace/team-c/c3-admin-symbol-errors-validation/framework/CUI/vendor/Avalonia/src/Markup/Avalonia.Markup.Xaml/RuntimeXamlLoaderConfiguration.cs",
        "RootDir": "/",
        "Filename": "RuntimeXamlLoaderConfiguration",
        "Extension": ".cs",
        "RelativeDir": "",
        "Directory": "workspace/team-c/c3-admin-symbol-errors-validation/framework/CUI/vendor/Avalonia/src/Markup/Avalonia.Markup.Xaml/",
        "RecursiveDir": "",
        "ModifiedTime": "",
        "CreatedTime": "",
        "AccessedTime": "",
        "DefiningProjectFullPath": "/workspace/team-c/c3-admin-symbol-errors-validation/framework/CUI/vendor/Avalonia/src/Markup/Avalonia.Markup.Xaml/Avalonia.Markup.Xaml.csproj",
        "DefiningProjectDirectory": "/workspace/team-c/c3-admin-symbol-errors-validation/framework/CUI/vendor/Avalonia/src/Markup/Avalonia.Markup.Xaml/",
        "DefiningProjectName": "Avalonia.Markup.Xaml",
        "DefiningProjectExtension": ".csproj"
      },
      {
        "Identity": "RuntimeXamlLoaderDocument.cs",
        "FullPath": "/workspace/team-c/c3-admin-symbol-errors-validation/framework/CUI/vendor/Avalonia/src/Markup/Avalonia.Markup.Xaml/RuntimeXamlLoaderDocument.cs",
        "RootDir": "/",
        "Filename": "RuntimeXamlLoaderDocument",
        "Extension": ".cs",
        "RelativeDir": "",
        "Directory": "workspace/team-c/c3-admin-symbol-errors-validation/framework/CUI/vendor/Avalonia/src/Markup/Avalonia.Markup.Xaml/",
        "RecursiveDir": "",
        "ModifiedTime": "",
        "CreatedTime": "",
        "AccessedTime": "",
        "DefiningProjectFullPath": "/workspace/team-c/c3-admin-symbol-errors-validation/framework/CUI/vendor/Avalonia/src/Markup/Avalonia.Markup.Xaml/Avalonia.Markup.Xaml.csproj",
        "DefiningProjectDirectory": "/workspace/team-c/c3-admin-symbol-errors-validation/framework/CUI/vendor/Avalonia/src/Markup/Avalonia.Markup.Xaml/",
        "DefiningProjectName": "Avalonia.Markup.Xaml",
        "DefiningProjectExtension": ".csproj"
      },
      {
        "Identity": "Diagnostics/XamlSourceInfo.cs",
        "FullPath": "/workspace/team-c/c3-admin-symbol-errors-validation/framework/CUI/vendor/Avalonia/src/Markup/Avalonia.Markup.Xaml/Diagnostics/XamlSourceInfo.cs",
        "RootDir": "/",
        "Filename": "XamlSourceInfo",
        "Extension": ".cs",
        "RelativeDir": "Diagnostics/",
        "Directory": "workspace/team-c/c3-admin-symbol-errors-validation/framework/CUI/vendor/Avalonia/src/Markup/Avalonia.Markup.Xaml/Diagnostics/",
        "RecursiveDir": "",
        "ModifiedTime": "",
        "CreatedTime": "",
        "AccessedTime": "",
        "DefiningProjectFullPath": "/workspace/team-c/c3-admin-symbol-errors-validation/framework/CUI/vendor/Avalonia/src/Markup/Avalonia.Markup.Xaml/Avalonia.Markup.Xaml.csproj",
        "DefiningProjectDirectory": "/workspace/team-c/c3-admin-symbol-errors-validation/framework/CUI/vendor/Avalonia/src/Markup/Avalonia.Markup.Xaml/",
        "DefiningProjectName": "Avalonia.Markup.Xaml",
        "DefiningProjectExtension": ".csproj"
      },
      {
        "Identity": "Styling/MergeResourceInclude.cs",
        "FullPath": "/workspace/team-c/c3-admin-symbol-errors-validation/framework/CUI/vendor/Avalonia/src/Markup/Avalonia.Markup.Xaml/Styling/MergeResourceInclude.cs",
        "RootDir": "/",
        "Filename": "MergeResourceInclude",
        "Extension": ".cs",
        "RelativeDir": "Styling/",
        "Directory": "workspace/team-c/c3-admin-symbol-errors-validation/framework/CUI/vendor/Avalonia/src/Markup/Avalonia.Markup.Xaml/Styling/",
        "RecursiveDir": "",
        "ModifiedTime": "",
        "CreatedTime": "",
        "AccessedTime": "",
        "DefiningProjectFullPath": "/workspace/team-c/c3-admin-symbol-errors-validation/framework/CUI/vendor/Avalonia/src/Markup/Avalonia.Markup.Xaml/Avalonia.Markup.Xaml.csproj",
        "DefiningProjectDirectory": "/workspace/team-c/c3-admin-symbol-errors-validation/framework/CUI/vendor/Avalonia/src/Markup/Avalonia.Markup.Xaml/",
        "DefiningProjectName": "Avalonia.Markup.Xaml",
        "DefiningProjectExtension": ".csproj"
      },
      {
        "Identity": "Styling/ResourceInclude.cs",
        "FullPath": "/workspace/team-c/c3-admin-symbol-errors-validation/framework/CUI/vendor/Avalonia/src/Markup/Avalonia.Markup.Xaml/Styling/ResourceInclude.cs",
        "RootDir": "/",
        "Filename": "ResourceInclude",
        "Extension": ".cs",
        "RelativeDir": "Styling/",
        "Directory": "workspace/team-c/c3-admin-symbol-errors-validation/framework/CUI/vendor/Avalonia/src/Markup/Avalonia.Markup.Xaml/Styling/",
        "RecursiveDir": "",
        "ModifiedTime": "",
        "CreatedTime": "",
        "AccessedTime": "",
        "DefiningProjectFullPath": "/workspace/team-c/c3-admin-symbol-errors-validation/framework/CUI/vendor/Avalonia/src/Markup/Avalonia.Markup.Xaml/Avalonia.Markup.Xaml.csproj",
        "DefiningProjectDirectory": "/workspace/team-c/c3-admin-symbol-errors-validation/framework/CUI/vendor/Avalonia/src/Markup/Avalonia.Markup.Xaml/",
        "DefiningProjectName": "Avalonia.Markup.Xaml",
        "DefiningProjectExtension": ".csproj"
      },
      {
        "Identity": "Styling/StyleInclude.cs",
        "FullPath": "/workspace/team-c/c3-admin-symbol-errors-validation/framework/CUI/vendor/Avalonia/src/Markup/Avalonia.Markup.Xaml/Styling/StyleInclude.cs",
        "RootDir": "/",
        "Filename": "StyleInclude",
        "Extension": ".cs",
        "RelativeDir": "Styling/",
        "Directory": "workspace/team-c/c3-admin-symbol-errors-validation/framework/CUI/vendor/Avalonia/src/Markup/Avalonia.Markup.Xaml/Styling/",
        "RecursiveDir": "",
        "ModifiedTime": "",
        "CreatedTime": "",
        "AccessedTime": "",
        "DefiningProjectFullPath": "/workspace/team-c/c3-admin-symbol-errors-validation/framework/CUI/vendor/Avalonia/src/Markup/Avalonia.Markup.Xaml/Avalonia.Markup.Xaml.csproj",
        "DefiningProjectDirectory": "/workspace/team-c/c3-admin-symbol-errors-validation/framework/CUI/vendor/Avalonia/src/Markup/Avalonia.Markup.Xaml/",
        "DefiningProjectName": "Avalonia.Markup.Xaml",
        "DefiningProjectExtension": ".csproj"
      },
      {
        "Identity": "Templates/ControlTemplate.cs",
        "FullPath": "/workspace/team-c/c3-admin-symbol-errors-validation/framework/CUI/vendor/Avalonia/src/Markup/Avalonia.Markup.Xaml/Templates/ControlTemplate.cs",
        "RootDir": "/",
        "Filename": "ControlTemplate",
        "Extension": ".cs",
        "RelativeDir": "Templates/",
        "Directory": "workspace/team-c/c3-admin-symbol-errors-validation/framework/CUI/vendor/Avalonia/src/Markup/Avalonia.Markup.Xaml/Templates/",
        "RecursiveDir": "",
        "ModifiedTime": "",
        "CreatedTime": "",
        "AccessedTime": "",
        "DefiningProjectFullPath": "/workspace/team-c/c3-admin-symbol-errors-validation/framework/CUI/vendor/Avalonia/src/Markup/Avalonia.Markup.Xaml/Avalonia.Markup.Xaml.csproj",
        "DefiningProjectDirectory": "/workspace/team-c/c3-admin-symbol-errors-validation/framework/CUI/vendor/Avalonia/src/Markup/Avalonia.Markup.Xaml/",
        "DefiningProjectName": "Avalonia.Markup.Xaml",
        "DefiningProjectExtension": ".csproj"
      },
      {
        "Identity": "Templates/DataTemplate.cs",
        "FullPath": "/workspace/team-c/c3-admin-symbol-errors-validation/framework/CUI/vendor/Avalonia/src/Markup/Avalonia.Markup.Xaml/Templates/DataTemplate.cs",
        "RootDir": "/",
        "Filename": "DataTemplate",
        "Extension": ".cs",
        "RelativeDir": "Templates/",
        "Directory": "workspace/team-c/c3-admin-symbol-errors-validation/framework/CUI/vendor/Avalonia/src/Markup/Avalonia.Markup.Xaml/Templates/",
        "RecursiveDir": "",
        "ModifiedTime": "",
        "CreatedTime": "",
        "AccessedTime": "",
        "DefiningProjectFullPath": "/workspace/team-c/c3-admin-symbol-errors-validation/framework/CUI/vendor/Avalonia/src/Markup/Avalonia.Markup.Xaml/Avalonia.Markup.Xaml.csproj",
        "DefiningProjectDirectory": "/workspace/team-c/c3-admin-symbol-errors-validation/framework/CUI/vendor/Avalonia/src/Markup/Avalonia.Markup.Xaml/",
        "DefiningProjectName": "Avalonia.Markup.Xaml",
        "DefiningProjectExtension": ".csproj"
      },
      {
        "Identity": "Templates/FocusAdornerTemplate.cs",
        "FullPath": "/workspace/team-c/c3-admin-symbol-errors-validation/framework/CUI/vendor/Avalonia/src/Markup/Avalonia.Markup.Xaml/Templates/FocusAdornerTemplate.cs",
        "RootDir": "/",
        "Filename": "FocusAdornerTemplate",
        "Extension": ".cs",
        "RelativeDir": "Templates/",
        "Directory": "workspace/team-c/c3-admin-symbol-errors-validation/framework/CUI/vendor/Avalonia/src/Markup/Avalonia.Markup.Xaml/Templates/",
        "RecursiveDir": "",
        "ModifiedTime": "",
        "CreatedTime": "",
        "AccessedTime": "",
        "DefiningProjectFullPath": "/workspace/team-c/c3-admin-symbol-errors-validation/framework/CUI/vendor/Avalonia/src/Markup/Avalonia.Markup.Xaml/Avalonia.Markup.Xaml.csproj",
        "DefiningProjectDirectory": "/workspace/team-c/c3-admin-symbol-errors-validation/framework/CUI/vendor/Avalonia/src/Markup/Avalonia.Markup.Xaml/",
        "DefiningProjectName": "Avalonia.Markup.Xaml",
        "DefiningProjectExtension": ".csproj"
      },
      {
        "Identity": "Templates/ItemsPanelTemplate.cs",
        "FullPath": "/workspace/team-c/c3-admin-symbol-errors-validation/framework/CUI/vendor/Avalonia/src/Markup/Avalonia.Markup.Xaml/Templates/ItemsPanelTemplate.cs",
        "RootDir": "/",
        "Filename": "ItemsPanelTemplate",
        "Extension": ".cs",
        "RelativeDir": "Templates/",
        "Directory": "workspace/team-c/c3-admin-symbol-errors-validation/framework/CUI/vendor/Avalonia/src/Markup/Avalonia.Markup.Xaml/Templates/",
        "RecursiveDir": "",
        "ModifiedTime": "",
        "CreatedTime": "",
        "AccessedTime": "",
        "DefiningProjectFullPath": "/workspace/team-c/c3-admin-symbol-errors-validation/framework/CUI/vendor/Avalonia/src/Markup/Avalonia.Markup.Xaml/Avalonia.Markup.Xaml.csproj",
        "DefiningProjectDirectory": "/workspace/team-c/c3-admin-symbol-errors-validation/framework/CUI/vendor/Avalonia/src/Markup/Avalonia.Markup.Xaml/",
        "DefiningProjectName": "Avalonia.Markup.Xaml",
        "DefiningProjectExtension": ".csproj"
      },
      {
        "Identity": "Templates/Template.cs",
        "FullPath": "/workspace/team-c/c3-admin-symbol-errors-validation/framework/CUI/vendor/Avalonia/src/Markup/Avalonia.Markup.Xaml/Templates/Template.cs",
        "RootDir": "/",
        "Filename": "Template",
        "Extension": ".cs",
        "RelativeDir": "Templates/",
        "Directory": "workspace/team-c/c3-admin-symbol-errors-validation/framework/CUI/vendor/Avalonia/src/Markup/Avalonia.Markup.Xaml/Templates/",
        "RecursiveDir": "",
        "ModifiedTime": "",
        "CreatedTime": "",
        "AccessedTime": "",
        "DefiningProjectFullPath": "/workspace/team-c/c3-admin-symbol-errors-validation/framework/CUI/vendor/Avalonia/src/Markup/Avalonia.Markup.Xaml/Avalonia.Markup.Xaml.csproj",
        "DefiningProjectDirectory": "/workspace/team-c/c3-admin-symbol-errors-validation/framework/CUI/vendor/Avalonia/src/Markup/Avalonia.Markup.Xaml/",
        "DefiningProjectName": "Avalonia.Markup.Xaml",
        "DefiningProjectExtension": ".csproj"
      },
      {
        "Identity": "Templates/TemplateContent.cs",
        "FullPath": "/workspace/team-c/c3-admin-symbol-errors-validation/framework/CUI/vendor/Avalonia/src/Markup/Avalonia.Markup.Xaml/Templates/TemplateContent.cs",
        "RootDir": "/",
        "Filename": "TemplateContent",
        "Extension": ".cs",
        "RelativeDir": "Templates/",
        "Directory": "workspace/team-c/c3-admin-symbol-errors-validation/framework/CUI/vendor/Avalonia/src/Markup/Avalonia.Markup.Xaml/Templates/",
        "RecursiveDir": "",
        "ModifiedTime": "",
        "CreatedTime": "",
        "AccessedTime": "",
        "DefiningProjectFullPath": "/workspace/team-c/c3-admin-symbol-errors-validation/framework/CUI/vendor/Avalonia/src/Markup/Avalonia.Markup.Xaml/Avalonia.Markup.Xaml.csproj",
        "DefiningProjectDirectory": "/workspace/team-c/c3-admin-symbol-errors-validation/framework/CUI/vendor/Avalonia/src/Markup/Avalonia.Markup.Xaml/",
        "DefiningProjectName": "Avalonia.Markup.Xaml",
        "DefiningProjectExtension": ".csproj"
      },
      {
        "Identity": "Templates/TreeDataTemplate.cs",
        "FullPath": "/workspace/team-c/c3-admin-symbol-errors-validation/framework/CUI/vendor/Avalonia/src/Markup/Avalonia.Markup.Xaml/Templates/TreeDataTemplate.cs",
        "RootDir": "/",
        "Filename": "TreeDataTemplate",
        "Extension": ".cs",
        "RelativeDir": "Templates/",
        "Directory": "workspace/team-c/c3-admin-symbol-errors-validation/framework/CUI/vendor/Avalonia/src/Markup/Avalonia.Markup.Xaml/Templates/",
        "RecursiveDir": "",
        "ModifiedTime": "",
        "CreatedTime": "",
        "AccessedTime": "",
        "DefiningProjectFullPath": "/workspace/team-c/c3-admin-symbol-errors-validation/framework/CUI/vendor/Avalonia/src/Markup/Avalonia.Markup.Xaml/Avalonia.Markup.Xaml.csproj",
        "DefiningProjectDirectory": "/workspace/team-c/c3-admin-symbol-errors-validation/framework/CUI/vendor/Avalonia/src/Markup/Avalonia.Markup.Xaml/",
        "DefiningProjectName": "Avalonia.Markup.Xaml",
        "DefiningProjectExtension": ".csproj"
      },
      {
        "Identity": "Templates/WindowDrawnDecorationsTemplate.cs",
        "FullPath": "/workspace/team-c/c3-admin-symbol-errors-validation/framework/CUI/vendor/Avalonia/src/Markup/Avalonia.Markup.Xaml/Templates/WindowDrawnDecorationsTemplate.cs",
        "RootDir": "/",
        "Filename": "WindowDrawnDecorationsTemplate",
        "Extension": ".cs",
        "RelativeDir": "Templates/",
        "Directory": "workspace/team-c/c3-admin-symbol-errors-validation/framework/CUI/vendor/Avalonia/src/Markup/Avalonia.Markup.Xaml/Templates/",
        "RecursiveDir": "",
        "ModifiedTime": "",
        "CreatedTime": "",
        "AccessedTime": "",
        "DefiningProjectFullPath": "/workspace/team-c/c3-admin-symbol-errors-validation/framework/CUI/vendor/Avalonia/src/Markup/Avalonia.Markup.Xaml/Avalonia.Markup.Xaml.csproj",
        "DefiningProjectDirectory": "/workspace/team-c/c3-admin-symbol-errors-validation/framework/CUI/vendor/Avalonia/src/Markup/Avalonia.Markup.Xaml/",
        "DefiningProjectName": "Avalonia.Markup.Xaml",
        "DefiningProjectExtension": ".csproj"
      },
      {
        "Identity": "XamlIl/Runtime/IAvaloniaXamlIlControlTemplateProvider.cs",
        "FullPath": "/workspace/team-c/c3-admin-symbol-errors-validation/framework/CUI/vendor/Avalonia/src/Markup/Avalonia.Markup.Xaml/XamlIl/Runtime/IAvaloniaXamlIlControlTemplateProvider.cs",
        "RootDir": "/",
        "Filename": "IAvaloniaXamlIlControlTemplateProvider",
        "Extension": ".cs",
        "RelativeDir": "XamlIl/Runtime/",
        "Directory": "workspace/team-c/c3-admin-symbol-errors-validation/framework/CUI/vendor/Avalonia/src/Markup/Avalonia.Markup.Xaml/XamlIl/Runtime/",
        "RecursiveDir": "",
        "ModifiedTime": "",
        "CreatedTime": "",
        "AccessedTime": "",
        "DefiningProjectFullPath": "/workspace/team-c/c3-admin-symbol-errors-validation/framework/CUI/vendor/Avalonia/src/Markup/Avalonia.Markup.Xaml/Avalonia.Markup.Xaml.csproj",
        "DefiningProjectDirectory": "/workspace/team-c/c3-admin-symbol-errors-validation/framework/CUI/vendor/Avalonia/src/Markup/Avalonia.Markup.Xaml/",
        "DefiningProjectName": "Avalonia.Markup.Xaml",
        "DefiningProjectExtension": ".csproj"
      },
      {
        "Identity": "XamlIl/Runtime/IAvaloniaXamlIlParentStackProvider.cs",
        "FullPath": "/workspace/team-c/c3-admin-symbol-errors-validation/framework/CUI/vendor/Avalonia/src/Markup/Avalonia.Markup.Xaml/XamlIl/Runtime/IAvaloniaXamlIlParentStackProvider.cs",
        "RootDir": "/",
        "Filename": "IAvaloniaXamlIlParentStackProvider",
        "Extension": ".cs",
        "RelativeDir": "XamlIl/Runtime/",
        "Directory": "workspace/team-c/c3-admin-symbol-errors-validation/framework/CUI/vendor/Avalonia/src/Markup/Avalonia.Markup.Xaml/XamlIl/Runtime/",
        "RecursiveDir": "",
        "ModifiedTime": "",
        "CreatedTime": "",
        "AccessedTime": "",
        "DefiningProjectFullPath": "/workspace/team-c/c3-admin-symbol-errors-validation/framework/CUI/vendor/Avalonia/src/Markup/Avalonia.Markup.Xaml/Avalonia.Markup.Xaml.csproj",
        "DefiningProjectDirectory": "/workspace/team-c/c3-admin-symbol-errors-validation/framework/CUI/vendor/Avalonia/src/Markup/Avalonia.Markup.Xaml/",
        "DefiningProjectName": "Avalonia.Markup.Xaml",
        "DefiningProjectExtension": ".csproj"
      },
      {
        "Identity": "XamlIl/Runtime/IAvaloniaXamlIlXmlNamespaceInfoProviderV1.cs",
        "FullPath": "/workspace/team-c/c3-admin-symbol-errors-validation/framework/CUI/vendor/Avalonia/src/Markup/Avalonia.Markup.Xaml/XamlIl/Runtime/IAvaloniaXamlIlXmlNamespaceInfoProviderV1.cs",
        "RootDir": "/",
        "Filename": "IAvaloniaXamlIlXmlNamespaceInfoProviderV1",
        "Extension": ".cs",
        "RelativeDir": "XamlIl/Runtime/",
        "Directory": "workspace/team-c/c3-admin-symbol-errors-validation/framework/CUI/vendor/Avalonia/src/Markup/Avalonia.Markup.Xaml/XamlIl/Runtime/",
        "RecursiveDir": "",
        "ModifiedTime": "",
        "CreatedTime": "",
        "AccessedTime": "",
        "DefiningProjectFullPath": "/workspace/team-c/c3-admin-symbol-errors-validation/framework/CUI/vendor/Avalonia/src/Markup/Avalonia.Markup.Xaml/Avalonia.Markup.Xaml.csproj",
        "DefiningProjectDirectory": "/workspace/team-c/c3-admin-symbol-errors-validation/framework/CUI/vendor/Avalonia/src/Markup/Avalonia.Markup.Xaml/",
        "DefiningProjectName": "Avalonia.Markup.Xaml",
        "DefiningProjectExtension": ".csproj"
      },
      {
        "Identity": "XamlIl/Runtime/XamlIlParentStackProviderWrapper.cs",
        "FullPath": "/workspace/team-c/c3-admin-symbol-errors-validation/framework/CUI/vendor/Avalonia/src/Markup/Avalonia.Markup.Xaml/XamlIl/Runtime/XamlIlParentStackProviderWrapper.cs",
        "RootDir": "/",
        "Filename": "XamlIlParentStackProviderWrapper",
        "Extension": ".cs",
        "RelativeDir": "XamlIl/Runtime/",
        "Directory": "workspace/team-c/c3-admin-symbol-errors-validation/framework/CUI/vendor/Avalonia/src/Markup/Avalonia.Markup.Xaml/XamlIl/Runtime/",
        "RecursiveDir": "",
        "ModifiedTime": "",
        "CreatedTime": "",
        "AccessedTime": "",
        "DefiningProjectFullPath": "/workspace/team-c/c3-admin-symbol-errors-validation/framework/CUI/vendor/Avalonia/src/Markup/Avalonia.Markup.Xaml/Avalonia.Markup.Xaml.csproj",
        "DefiningProjectDirectory": "/workspace/team-c/c3-admin-symbol-errors-validation/framework/CUI/vendor/Avalonia/src/Markup/Avalonia.Markup.Xaml/",
        "DefiningProjectName": "Avalonia.Markup.Xaml",
        "DefiningProjectExtension": ".csproj"
      },
      {
        "Identity": "XamlIl/Runtime/XamlIlRuntimeHelpers.cs",
        "FullPath": "/workspace/team-c/c3-admin-symbol-errors-validation/framework/CUI/vendor/Avalonia/src/Markup/Avalonia.Markup.Xaml/XamlIl/Runtime/XamlIlRuntimeHelpers.cs",
        "RootDir": "/",
        "Filename": "XamlIlRuntimeHelpers",
        "Extension": ".cs",
        "RelativeDir": "XamlIl/Runtime/",
        "Directory": "workspace/team-c/c3-admin-symbol-errors-validation/framework/CUI/vendor/Avalonia/src/Markup/Avalonia.Markup.Xaml/XamlIl/Runtime/",
        "RecursiveDir": "",
        "ModifiedTime": "",
        "CreatedTime": "",
        "AccessedTime": "",
        "DefiningProjectFullPath": "/workspace/team-c/c3-admin-symbol-errors-validation/framework/CUI/vendor/Avalonia/src/Markup/Avalonia.Markup.Xaml/Avalonia.Markup.Xaml.csproj",
        "DefiningProjectDirectory": "/workspace/team-c/c3-admin-symbol-errors-validation/framework/CUI/vendor/Avalonia/src/Markup/Avalonia.Markup.Xaml/",
        "DefiningProjectName": "Avalonia.Markup.Xaml",
        "DefiningProjectExtension": ".csproj"
      },
      {
        "Identity": "XamlLoadException.cs",
        "FullPath": "/workspace/team-c/c3-admin-symbol-errors-validation/framework/CUI/vendor/Avalonia/src/Markup/Avalonia.Markup.Xaml/XamlLoadException.cs",
        "RootDir": "/",
        "Filename": "XamlLoadException",
        "Extension": ".cs",
        "RelativeDir": "",
        "Directory": "workspace/team-c/c3-admin-symbol-errors-validation/framework/CUI/vendor/Avalonia/src/Markup/Avalonia.Markup.Xaml/",
        "RecursiveDir": "",
        "ModifiedTime": "",
        "CreatedTime": "",
        "AccessedTime": "",
        "DefiningProjectFullPath": "/workspace/team-c/c3-admin-symbol-errors-validation/framework/CUI/vendor/Avalonia/src/Markup/Avalonia.Markup.Xaml/Avalonia.Markup.Xaml.csproj",
        "DefiningProjectDirectory": "/workspace/team-c/c3-admin-symbol-errors-validation/framework/CUI/vendor/Avalonia/src/Markup/Avalonia.Markup.Xaml/",
        "DefiningProjectName": "Avalonia.Markup.Xaml",
        "DefiningProjectExtension": ".csproj"
      },
      {
        "Identity": "XamlTypes.cs",
        "FullPath": "/workspace/team-c/c3-admin-symbol-errors-validation/framework/CUI/vendor/Avalonia/src/Markup/Avalonia.Markup.Xaml/XamlTypes.cs",
        "RootDir": "/",
        "Filename": "XamlTypes",
        "Extension": ".cs",
        "RelativeDir": "",
        "Directory": "workspace/team-c/c3-admin-symbol-errors-validation/framework/CUI/vendor/Avalonia/src/Markup/Avalonia.Markup.Xaml/",
        "RecursiveDir": "",
        "ModifiedTime": "",
        "CreatedTime": "",
        "AccessedTime": "",
        "DefiningProjectFullPath": "/workspace/team-c/c3-admin-symbol-errors-validation/framework/CUI/vendor/Avalonia/src/Markup/Avalonia.Markup.Xaml/Avalonia.Markup.Xaml.csproj",
        "DefiningProjectDirectory": "/workspace/team-c/c3-admin-symbol-errors-validation/framework/CUI/vendor/Avalonia/src/Markup/Avalonia.Markup.Xaml/",
        "DefiningProjectName": "Avalonia.Markup.Xaml",
        "DefiningProjectExtension": ".csproj"
      },
      {
        "Identity": "/workspace/team-c/c3-admin-symbol-errors-validation/artifacts/root14-managed-build/obj/Avalonia.Markup.Xaml/release_net10.0_linux-x64/.NETCoreApp,Version=v10.0.AssemblyAttributes.cs",
        "FullPath": "/workspace/team-c/c3-admin-symbol-errors-validation/artifacts/root14-managed-build/obj/Avalonia.Markup.Xaml/release_net10.0_linux-x64/.NETCoreApp,Version=v10.0.AssemblyAttributes.cs",
        "RootDir": "/",
        "Filename": ".NETCoreApp,Version=v10.0.AssemblyAttributes",
        "Extension": ".cs",
        "RelativeDir": "/workspace/team-c/c3-admin-symbol-errors-validation/artifacts/root14-managed-build/obj/Avalonia.Markup.Xaml/release_net10.0_linux-x64/",
        "Directory": "workspace/team-c/c3-admin-symbol-errors-validation/artifacts/root14-managed-build/obj/Avalonia.Markup.Xaml/release_net10.0_linux-x64/",
        "RecursiveDir": "",
        "ModifiedTime": "2026-10-03 22:55:09.0152925",
        "CreatedTime": "2026-10-03 22:55:09.0152925",
        "AccessedTime": "2026-10-03 22:55:09.2472989",
        "DefiningProjectFullPath": "/workspace/.tools/dotnet/sdk/10.0.401/Microsoft.Common.CurrentVersion.targets",
        "DefiningProjectDirectory": "/workspace/.tools/dotnet/sdk/10.0.401/",
        "DefiningProjectName": "Microsoft.Common.CurrentVersion",
        "DefiningProjectExtension": ".targets"
      },
      {
        "Identity": "/workspace/team-c/c3-admin-symbol-errors-validation/artifacts/root14-managed-build/obj/Avalonia.Markup.Xaml/release_net10.0_linux-x64/Avalonia.Markup.Xaml.AssemblyInfo.cs",
        "FullPath": "/workspace/team-c/c3-admin-symbol-errors-validation/artifacts/root14-managed-build/obj/Avalonia.Markup.Xaml/release_net10.0_linux-x64/Avalonia.Markup.Xaml.AssemblyInfo.cs",
        "RootDir": "/",
        "Filename": "Avalonia.Markup.Xaml.AssemblyInfo",
        "Extension": ".cs",
        "RelativeDir": "/workspace/team-c/c3-admin-symbol-errors-validation/artifacts/root14-managed-build/obj/Avalonia.Markup.Xaml/release_net10.0_linux-x64/",
        "Directory": "workspace/team-c/c3-admin-symbol-errors-validation/artifacts/root14-managed-build/obj/Avalonia.Markup.Xaml/release_net10.0_linux-x64/",
        "RecursiveDir": "",
        "ModifiedTime": "2026-10-03 22:55:09.0186503",
        "CreatedTime": "2026-10-03 22:55:09.0186503",
        "AccessedTime": "2026-10-03 22:55:09.2352986",
        "DefiningProjectFullPath": "/workspace/.tools/dotnet/sdk/10.0.401/Sdks/Microsoft.NET.Sdk/targets/Microsoft.NET.GenerateAssemblyInfo.targets",
        "DefiningProjectDirectory": "/workspace/.tools/dotnet/sdk/10.0.401/Sdks/Microsoft.NET.Sdk/targets/",
        "DefiningProjectName": "Microsoft.NET.GenerateAssemblyInfo",
        "DefiningProjectExtension": ".targets"
      }
    ]
  }
}
