<?xml version="1.0" encoding="utf-8"?>
<TestRun id="65c079b3-91c5-435e-a23c-c2ea8299ecf7" name="@5f26f397bc73 2026-10-04 10:04:25" xmlns="http://microsoft.com/schemas/VisualStudio/TeamTest/2010">
  <Times creation="2026-10-04T10:04:25.0574899+00:00" queuing="2026-10-04T10:04:25.0574899+00:00" start="2026-10-04T10:04:24.4172540+00:00" finish="2026-10-04T10:04:25.0995829+00:00" />
  <TestSettings name="default" id="68a777a7-7c7c-4d58-92f8-dd1e32f843c5">
    <Deployment runDeploymentRoot="_5f26f397bc73_2026-10-04_10_04_25" />
  </TestSettings>
  <Results>
    <UnitTestResult executionId="315da57c-0edf-4fff-ab50-1e3f26923910" testId="73ade372-1117-3ef5-e509-bd3ceed6e123" testName="Haven.Infrastructure.Tests.CloudflareWorkersAiMetadataTests.Pagination_uses_actual_page_length_and_deduplicates_stable_names" computerName="5f26f397bc73" duration="00:00:00.0277076" startTime="2026-10-04T10:04:25.0332897+00:00" endTime="2026-10-04T10:04:25.0346051+00:00" testType="13cdc9d9-ddb5-4fa4-a97d-d965ccfc6d4b" outcome="Passed" testListId="8c84fa94-04c1-424b-9868-57a2d4851a1d" relativeResultsDirectory="315da57c-0edf-4fff-ab50-1e3f26923910" />
    <UnitTestResult executionId="9b1634df-3a39-4c30-a40e-2e547af8a33d" testId="d5edf3e7-d242-662e-7c34-2c03806f11d3" testName="Haven.Infrastructure.Tests.ProviderEndpointSecurityTests.Loopback_http_and_remote_https_are_allowed(endpoint: &quot;http://localhost:11434/v1&quot;)" computerName="5f26f397bc73" duration="00:00:00.0009695" startTime="2026-10-04T10:04:25.0020263+00:00" endTime="2026-10-04T10:04:25.0020672+00:00" testType="13cdc9d9-ddb5-4fa4-a97d-d965ccfc6d4b" outcome="Passed" testListId="8c84fa94-04c1-424b-9868-57a2d4851a1d" relativeResultsDirectory="9b1634df-3a39-4c30-a40e-2e547af8a33d" />
    <UnitTestResult executionId="78d24702-5189-45d7-9251-090809383c91" testId="4bf5262e-2689-e91e-7748-8c69789a0980" testName="Haven.Infrastructure.Tests.CloudflareWorkersAiMetadataTests.Unknown_context_is_not_fabricated_and_price_does_not_grant_routing_capabilities" computerName="5f26f397bc73" duration="00:00:00.0069127" startTime="2026-10-04T10:04:25.0331423+00:00" endTime="2026-10-04T10:04:25.0331824+00:00" testType="13cdc9d9-ddb5-4fa4-a97d-d965ccfc6d4b" outcome="Passed" testListId="8c84fa94-04c1-424b-9868-57a2d4851a1d" relativeResultsDirectory="78d24702-5189-45d7-9251-090809383c91" />
    <UnitTestResult executionId="28e2ab6b-a41c-4790-8af5-c9e7df1ead42" testId="584eb04e-0054-c5d6-2d57-0919ff92ccb5" testName="Haven.Infrastructure.Tests.ProviderEndpointSecurityTests.Remote_or_invalid_insecure_endpoints_are_rejected_at_transport_boundary(endpoint: &quot;http://example.com/v1&quot;)" computerName="5f26f397bc73" duration="00:00:00.0000360" startTime="2026-10-04T10:04:25.0300117+00:00" endTime="2026-10-04T10:04:25.0300534+00:00" testType="13cdc9d9-ddb5-4fa4-a97d-d965ccfc6d4b" outcome="Passed" testListId="8c84fa94-04c1-424b-9868-57a2d4851a1d" relativeResultsDirectory="28e2ab6b-a41c-4790-8af5-c9e7df1ead42" />
    <UnitTestResult executionId="2650b167-3964-4ff5-950e-f908c6bfd04f" testId="ae4417ce-9f61-7140-3b91-afc7217e2f79" testName="Haven.Infrastructure.Tests.ProviderEndpointSecurityTests.Remote_or_invalid_insecure_endpoints_are_rejected_at_transport_boundary(endpoint: &quot;ftp://example.com/v1&quot;)" computerName="5f26f397bc73" duration="00:00:00.0003875" startTime="2026-10-04T10:04:25.0299028+00:00" endTime="2026-10-04T10:04:25.0299534+00:00" testType="13cdc9d9-ddb5-4fa4-a97d-d965ccfc6d4b" outcome="Passed" testListId="8c84fa94-04c1-424b-9868-57a2d4851a1d" relativeResultsDirectory="2650b167-3964-4ff5-950e-f908c6bfd04f" />
    <UnitTestResult executionId="050f76d1-02b4-4ec9-9dc1-cfd7fb466414" testId="44c8a429-005d-95bc-4033-fcd00dadbfb1" testName="Haven.Infrastructure.Tests.CloudflareWorkersAiMetadataTests.Other_endpoints_keep_original_OpenAI_discovery(endpoint: &quot;https://api.cloudflare.com.evil.example/client/v4/&quot;···)" computerName="5f26f397bc73" duration="00:00:00.0000241" startTime="2026-10-04T10:04:25.0330139+00:00" endTime="2026-10-04T10:04:25.0330505+00:00" testType="13cdc9d9-ddb5-4fa4-a97d-d965ccfc6d4b" outcome="Passed" testListId="8c84fa94-04c1-424b-9868-57a2d4851a1d" relativeResultsDirectory="050f76d1-02b4-4ec9-9dc1-cfd7fb466414" />
    <UnitTestResult executionId="5114c8c9-2adc-4b89-8b3e-0684d2bf5ae8" testId="3d1cc3f9-7fb7-a7e4-e0d4-61fa7f2e8f04" testName="Haven.Infrastructure.Tests.ProviderEndpointSecurityTests.Ollama_locality_uses_actual_transport_not_configuration_claim(endpoint: &quot;http://[::1]:11434/&quot;, expected: True)" computerName="5f26f397bc73" duration="00:00:00.0009373" startTime="2026-10-04T10:04:25.0007916+00:00" endTime="2026-10-04T10:04:25.0008259+00:00" testType="13cdc9d9-ddb5-4fa4-a97d-d965ccfc6d4b" outcome="Passed" testListId="8c84fa94-04c1-424b-9868-57a2d4851a1d" relativeResultsDirectory="5114c8c9-2adc-4b89-8b3e-0684d2bf5ae8" />
    <UnitTestResult executionId="73262a29-6c9e-49cc-a61a-2d721ac4cea7" testId="897e301e-6e2e-b7b9-9dfe-b5a4310171cc" testName="Haven.Infrastructure.Tests.CloudflareWorkersAiMetadataTests.Other_endpoints_keep_original_OpenAI_discovery(endpoint: &quot;https://example.com/client/v4/accounts/8aea00ca3c4&quot;···)" computerName="5f26f397bc73" duration="00:00:00.0000417" startTime="2026-10-04T10:04:25.0315098+00:00" endTime="2026-10-04T10:04:25.0315446+00:00" testType="13cdc9d9-ddb5-4fa4-a97d-d965ccfc6d4b" outcome="Passed" testListId="8c84fa94-04c1-424b-9868-57a2d4851a1d" relativeResultsDirectory="73262a29-6c9e-49cc-a61a-2d721ac4cea7" />
    <UnitTestResult executionId="03bd7e26-7996-450e-910e-b64adf62d852" testId="871e9313-e696-d179-439d-907b9ab7795c" testName="Haven.Infrastructure.Tests.CloudflareWorkersAiMetadataTests.Cancellation_and_disabled_configuration_prevent_transport" computerName="5f26f397bc73" duration="00:00:00.0024415" startTime="2026-10-04T10:04:25.0372926+00:00" endTime="2026-10-04T10:04:25.0397073+00:00" testType="13cdc9d9-ddb5-4fa4-a97d-d965ccfc6d4b" outcome="Passed" testListId="8c84fa94-04c1-424b-9868-57a2d4851a1d" relativeResultsDirectory="03bd7e26-7996-450e-910e-b64adf62d852" />
    <UnitTestResult executionId="e2c0a1a9-810e-4710-ba91-c004d86a01b9" testId="02a32fba-2895-b7c5-7af3-99f6f5d4cd76" testName="Haven.Infrastructure.Tests.CloudflareWorkersAiMetadataTests.Unconfirmed_or_invalid_native_catalogue_is_not_healthy(body: &quot;{\&quot;data\&quot;:[]}&quot;)" computerName="5f26f397bc73" duration="00:00:00.0019118" startTime="2026-10-04T10:04:25.0347087+00:00" endTime="2026-10-04T10:04:25.0365962+00:00" testType="13cdc9d9-ddb5-4fa4-a97d-d965ccfc6d4b" outcome="Passed" testListId="8c84fa94-04c1-424b-9868-57a2d4851a1d" relativeResultsDirectory="e2c0a1a9-810e-4710-ba91-c004d86a01b9" />
    <UnitTestResult executionId="9b14b9a8-feac-41e6-b85b-21185d1f631c" testId="41acd1ca-e662-3956-5fe2-ccbeb6074361" testName="Haven.Infrastructure.Tests.ProviderEndpointSecurityTests.Ollama_locality_uses_actual_transport_not_configuration_claim(endpoint: &quot;https://remote.example/&quot;, expected: False)" computerName="5f26f397bc73" duration="00:00:00.0000190" startTime="2026-10-04T10:04:25.0006816+00:00" endTime="2026-10-04T10:04:25.0007243+00:00" testType="13cdc9d9-ddb5-4fa4-a97d-d965ccfc6d4b" outcome="Passed" testListId="8c84fa94-04c1-424b-9868-57a2d4851a1d" relativeResultsDirectory="9b14b9a8-feac-41e6-b85b-21185d1f631c" />
    <UnitTestResult executionId="4c828d5f-e7ff-4e44-a537-e3ae61bfd392" testId="6b700072-ac71-296d-2bfa-7b625b235ba3" testName="Haven.Infrastructure.Tests.CloudflareWorkersAiMetadataTests.Other_endpoints_keep_original_OpenAI_discovery(endpoint: &quot;https://api.cloudflare.com:8443/client/v4/accounts&quot;···)" computerName="5f26f397bc73" duration="00:00:00.0002018" startTime="2026-10-04T10:04:25.0313980+00:00" endTime="2026-10-04T10:04:25.0314386+00:00" testType="13cdc9d9-ddb5-4fa4-a97d-d965ccfc6d4b" outcome="Passed" testListId="8c84fa94-04c1-424b-9868-57a2d4851a1d" relativeResultsDirectory="4c828d5f-e7ff-4e44-a537-e3ae61bfd392" />
    <UnitTestResult executionId="3cc1c722-4722-4a06-a9bd-5079d6415573" testId="b3dfa174-7996-44a3-067a-8147544e66d0" testName="Haven.Infrastructure.Tests.CloudflareWorkersAiMetadataTests.Other_endpoints_keep_original_OpenAI_discovery(endpoint: &quot;https://api.cloudflare.com/client/v4/accounts/not-&quot;···)" computerName="5f26f397bc73" duration="00:00:00.0004788" startTime="2026-10-04T10:04:25.0312354+00:00" endTime="2026-10-04T10:04:25.0313140+00:00" testType="13cdc9d9-ddb5-4fa4-a97d-d965ccfc6d4b" outcome="Passed" testListId="8c84fa94-04c1-424b-9868-57a2d4851a1d" relativeResultsDirectory="3cc1c722-4722-4a06-a9bd-5079d6415573" />
    <UnitTestResult executionId="52098c55-02cf-4898-8c3f-fcfadccd7f3f" testId="7962d873-64eb-a031-1bf7-eab7eb6345ca" testName="Haven.Infrastructure.Tests.CloudflareWorkersAiMetadataTests.Unconfirmed_or_invalid_native_catalogue_is_not_healthy(body: &quot;{\&quot;success\&quot;:true,\&quot;result\&quot;:{}}&quot;)" computerName="5f26f397bc73" duration="00:00:00.0000821" startTime="2026-10-04T10:04:25.0370953+00:00" endTime="2026-10-04T10:04:25.0371907+00:00" testType="13cdc9d9-ddb5-4fa4-a97d-d965ccfc6d4b" outcome="Passed" testListId="8c84fa94-04c1-424b-9868-57a2d4851a1d" relativeResultsDirectory="52098c55-02cf-4898-8c3f-fcfadccd7f3f" />
    <UnitTestResult executionId="b0765221-9763-4b30-bd5e-5196c674c534" testId="ec36f226-e99f-aa54-43c0-c305bf32cf33" testName="Haven.Infrastructure.Tests.CloudflareWorkersAiMetadataTests.Actual_catalogue_health_is_read_only_metadata_not_inference" computerName="5f26f397bc73" duration="00:00:00.0009062" startTime="2026-10-04T10:04:25.0411216+00:00" endTime="2026-10-04T10:04:25.0419446+00:00" testType="13cdc9d9-ddb5-4fa4-a97d-d965ccfc6d4b" outcome="Passed" testListId="8c84fa94-04c1-424b-9868-57a2d4851a1d" relativeResultsDirectory="b0765221-9763-4b30-bd5e-5196c674c534" />
    <UnitTestResult executionId="c2ac4dd1-bce0-428f-9f0f-858579dea9c6" testId="48893136-9274-84f0-e5a7-ef31c3680fb1" testName="Haven.Infrastructure.Tests.CloudflareWorkersAiMetadataTests.HTTP_denial_and_malformed_JSON_do_not_become_healthy" computerName="5f26f397bc73" duration="00:00:00.0015629" startTime="2026-10-04T10:04:25.0475352+00:00" endTime="2026-10-04T10:04:25.0490363+00:00" testType="13cdc9d9-ddb5-4fa4-a97d-d965ccfc6d4b" outcome="Passed" testListId="8c84fa94-04c1-424b-9868-57a2d4851a1d" relativeResultsDirectory="c2ac4dd1-bce0-428f-9f0f-858579dea9c6" />
    <UnitTestResult executionId="12e4e0fc-5531-436c-8adf-2782911b5bd9" testId="1030a14a-f807-e6d9-d86c-8f0c567132ba" testName="Haven.Infrastructure.Tests.ProviderEndpointSecurityTests.Remote_or_invalid_insecure_endpoints_are_rejected_at_transport_boundary(endpoint: &quot;relative/path&quot;)" computerName="5f26f397bc73" duration="00:00:00.0022732" startTime="2026-10-04T10:04:25.0297915+00:00" endTime="2026-10-04T10:04:25.0298320+00:00" testType="13cdc9d9-ddb5-4fa4-a97d-d965ccfc6d4b" outcome="Passed" testListId="8c84fa94-04c1-424b-9868-57a2d4851a1d" relativeResultsDirectory="12e4e0fc-5531-436c-8adf-2782911b5bd9" />
    <UnitTestResult executionId="80211284-1223-4195-9c03-c761f256b249" testId="42b8d80c-8e3c-aeb0-fddc-e6cff6b77587" testName="Haven.Infrastructure.Tests.CloudflareWorkersAiMetadataTests.Actual_catalogue_preserves_provider_model_identity_and_context_without_granting_capabilities" computerName="5f26f397bc73" duration="00:00:00.0022218" startTime="2026-10-04T10:04:25.0420401+00:00" endTime="2026-10-04T10:04:25.0442278+00:00" testType="13cdc9d9-ddb5-4fa4-a97d-d965ccfc6d4b" outcome="Passed" testListId="8c84fa94-04c1-424b-9868-57a2d4851a1d" relativeResultsDirectory="80211284-1223-4195-9c03-c761f256b249" />
    <UnitTestResult executionId="2e4b29c8-4e85-4cfb-ba4c-da5b72cfd311" testId="1521dd45-8f80-2e78-e33a-6888a9fbf4ec" testName="Haven.Infrastructure.Tests.CloudflareWorkersAiMetadataTests.Oversized_provider_page_refuses_catalogue_and_health_without_followup_requests" computerName="5f26f397bc73" duration="00:00:00.0012068" startTime="2026-10-04T10:04:25.0403604+00:00" endTime="2026-10-04T10:04:25.0409641+00:00" testType="13cdc9d9-ddb5-4fa4-a97d-d965ccfc6d4b" outcome="Passed" testListId="8c84fa94-04c1-424b-9868-57a2d4851a1d" relativeResultsDirectory="2e4b29c8-4e85-4cfb-ba4c-da5b72cfd311" />
    <UnitTestResult executionId="51e56905-7588-4aee-a668-8d089ccbb1ed" testId="1990db82-daec-2b58-de85-9b6dc2459ada" testName="Haven.Infrastructure.Tests.ProviderEndpointSecurityTests.Ollama_locality_uses_actual_transport_not_configuration_claim(endpoint: &quot;http://user@localhost/&quot;, expected: False)" computerName="5f26f397bc73" duration="00:00:00.0000145" startTime="2026-10-04T10:04:25.0008833+00:00" endTime="2026-10-04T10:04:25.0009151+00:00" testType="13cdc9d9-ddb5-4fa4-a97d-d965ccfc6d4b" outcome="Passed" testListId="8c84fa94-04c1-424b-9868-57a2d4851a1d" relativeResultsDirectory="51e56905-7588-4aee-a668-8d089ccbb1ed" />
    <UnitTestResult executionId="e6b0fbca-a209-4362-b37f-0639ecc1544f" testId="c89c5d16-b186-c9b7-5626-d69fb17bbf00" testName="Haven.Infrastructure.Tests.CloudflareWorkersAiMetadataTests.Unconfirmed_or_invalid_native_catalogue_is_not_healthy(body: &quot;{\&quot;success\&quot;:false,\&quot;result\&quot;:[]}&quot;)" computerName="5f26f397bc73" duration="00:00:00.0002808" startTime="2026-10-04T10:04:25.0366794+00:00" endTime="2026-10-04T10:04:25.0369247+00:00" testType="13cdc9d9-ddb5-4fa4-a97d-d965ccfc6d4b" outcome="Passed" testListId="8c84fa94-04c1-424b-9868-57a2d4851a1d" relativeResultsDirectory="e6b0fbca-a209-4362-b37f-0639ecc1544f" />
    <UnitTestResult executionId="00d6edcf-e4aa-4398-9dc4-abf134e8976d" testId="932000e3-b6a5-f3fb-3cb6-3c3f5f770aab" testName="Haven.Infrastructure.Tests.ProviderEndpointSecurityTests.Ollama_locality_uses_actual_transport_not_configuration_claim(endpoint: &quot;http://localhost:11434/&quot;, expected: True)" computerName="5f26f397bc73" duration="00:00:00.0001921" startTime="2026-10-04T10:04:25.0010753+00:00" endTime="2026-10-04T10:04:25.0011109+00:00" testType="13cdc9d9-ddb5-4fa4-a97d-d965ccfc6d4b" outcome="Passed" testListId="8c84fa94-04c1-424b-9868-57a2d4851a1d" relativeResultsDirectory="00d6edcf-e4aa-4398-9dc4-abf134e8976d" />
    <UnitTestResult executionId="6f5c0cad-1382-4c9d-a332-b68ed2cf595a" testId="beebc952-9273-ca67-4924-f88040e14e0e" testName="Haven.Infrastructure.Tests.ProviderEndpointSecurityTests.Ollama_locality_uses_actual_transport_not_configuration_claim(endpoint: &quot;http://127.0.0.1.remote.example/&quot;, expected: False)" computerName="5f26f397bc73" duration="00:00:00.0000047" startTime="2026-10-04T10:04:25.0009672+00:00" endTime="2026-10-04T10:04:25.0010144+00:00" testType="13cdc9d9-ddb5-4fa4-a97d-d965ccfc6d4b" outcome="Passed" testListId="8c84fa94-04c1-424b-9868-57a2d4851a1d" relativeResultsDirectory="6f5c0cad-1382-4c9d-a332-b68ed2cf595a" />
    <UnitTestResult executionId="b02e5d8b-fb4e-456d-9bae-04a3c6c16e9a" testId="def9a8d4-a7ab-d01e-b2c0-4baed7f3f1bb" testName="Haven.Infrastructure.Tests.CloudflareWorkersAiMetadataTests.Repeated_full_pages_refuse_partial_catalogue_at_bound" computerName="5f26f397bc73" duration="00:00:00.0031371" startTime="2026-10-04T10:04:25.0443690+00:00" endTime="2026-10-04T10:04:25.0474148+00:00" testType="13cdc9d9-ddb5-4fa4-a97d-d965ccfc6d4b" outcome="Passed" testListId="8c84fa94-04c1-424b-9868-57a2d4851a1d" relativeResultsDirectory="b02e5d8b-fb4e-456d-9bae-04a3c6c16e9a" />
    <UnitTestResult executionId="ddc40b54-ebad-4554-875b-9b5764a74991" testId="325a18d0-e2ea-67da-318c-4d6ceb8fa290" testName="Haven.Infrastructure.Tests.CloudflareWorkersAiMetadataTests.Other_endpoints_keep_original_OpenAI_discovery(endpoint: &quot;https://api.cloudflare.com/client/v4/accounts/8aea&quot;···)" computerName="5f26f397bc73" duration="00:00:00.0000240" startTime="2026-10-04T10:04:25.0328859+00:00" endTime="2026-10-04T10:04:25.0329312+00:00" testType="13cdc9d9-ddb5-4fa4-a97d-d965ccfc6d4b" outcome="Passed" testListId="8c84fa94-04c1-424b-9868-57a2d4851a1d" relativeResultsDirectory="ddc40b54-ebad-4554-875b-9b5764a74991" />
    <UnitTestResult executionId="f4c67ddb-9c6b-4df8-9093-dc1f1a5e82be" testId="bcd2b854-712e-aa73-f161-10b6646b1b6b" testName="Haven.Infrastructure.Tests.ProviderEndpointSecurityTests.Ollama_locality_uses_actual_transport_not_configuration_claim(endpoint: &quot;http://127.0.0.1:11434/&quot;, expected: True)" computerName="5f26f397bc73" duration="00:00:00.0004787" startTime="2026-10-04T10:04:25.0000504+00:00" endTime="2026-10-04T10:04:25.0001105+00:00" testType="13cdc9d9-ddb5-4fa4-a97d-d965ccfc6d4b" outcome="Passed" testListId="8c84fa94-04c1-424b-9868-57a2d4851a1d" relativeResultsDirectory="f4c67ddb-9c6b-4df8-9093-dc1f1a5e82be" />
    <UnitTestResult executionId="049d1fde-8443-4cf9-87cb-1cca006e092a" testId="b80bbb0b-80f0-a35b-e08b-8ac4f88c3229" testName="Haven.Infrastructure.Tests.ProviderEndpointSecurityTests.Loopback_http_and_remote_https_are_allowed(endpoint: &quot;http://127.0.0.1:11434/v1&quot;)" computerName="5f26f397bc73" duration="00:00:00.0000196" startTime="2026-10-04T10:04:25.0295651+00:00" endTime="2026-10-04T10:04:25.0296114+00:00" testType="13cdc9d9-ddb5-4fa4-a97d-d965ccfc6d4b" outcome="Passed" testListId="8c84fa94-04c1-424b-9868-57a2d4851a1d" relativeResultsDirectory="049d1fde-8443-4cf9-87cb-1cca006e092a" />
    <UnitTestResult executionId="d761360e-e86c-422d-ac59-3bac23fdb420" testId="119be01a-db36-5a44-00f1-a176f0e5e0ce" testName="Haven.Infrastructure.Tests.ProviderEndpointSecurityTests.Loopback_http_and_remote_https_are_allowed(endpoint: &quot;https://example.com/v1&quot;)" computerName="5f26f397bc73" duration="00:00:00.0001611" startTime="2026-10-04T10:04:25.0291902+00:00" endTime="2026-10-04T10:04:25.0292884+00:00" testType="13cdc9d9-ddb5-4fa4-a97d-d965ccfc6d4b" outcome="Passed" testListId="8c84fa94-04c1-424b-9868-57a2d4851a1d" relativeResultsDirectory="d761360e-e86c-422d-ac59-3bac23fdb420" />
    <UnitTestResult executionId="ec90a92f-aeb0-4b54-907c-c6c884b6cbbf" testId="81df337f-2271-2c74-ba81-84fc84ff666b" testName="Haven.Infrastructure.Tests.ProviderEndpointSecurityTests.Ollama_locality_uses_actual_transport_not_configuration_claim(endpoint: &quot;ftp://localhost/&quot;, expected: False)" computerName="5f26f397bc73" duration="00:00:00.0093554" startTime="2026-10-04T10:04:24.9734086+00:00" endTime="2026-10-04T10:04:24.9899869+00:00" testType="13cdc9d9-ddb5-4fa4-a97d-d965ccfc6d4b" outcome="Passed" testListId="8c84fa94-04c1-424b-9868-57a2d4851a1d" relativeResultsDirectory="ec90a92f-aeb0-4b54-907c-c6c884b6cbbf" />
    <UnitTestResult executionId="878e8ba9-6002-405a-869b-cf94c16a9854" testId="f90ba24b-f841-7eeb-abe1-c3d22cab78bf" testName="Haven.Infrastructure.Tests.CloudflareWorkersAiMetadataTests.Unconfirmed_or_invalid_native_catalogue_is_not_healthy(body: &quot;{\&quot;success\&quot;:true,\&quot;result\&quot;:[{\&quot;id\&quot;:\&quot;wrong-iden&quot;···)" computerName="5f26f397bc73" duration="00:00:00.0000908" startTime="2026-10-04T10:04:25.0369942+00:00" endTime="2026-10-04T10:04:25.0370379+00:00" testType="13cdc9d9-ddb5-4fa4-a97d-d965ccfc6d4b" outcome="Passed" testListId="8c84fa94-04c1-424b-9868-57a2d4851a1d" relativeResultsDirectory="878e8ba9-6002-405a-869b-cf94c16a9854" />
    <UnitTestResult executionId="d20b10ca-50a4-4124-b71a-3eb33d190439" testId="1b9d3524-04e7-a869-3e17-42cfeed734df" testName="Haven.Infrastructure.Tests.CloudflareWorkersAiMetadataTests.Other_endpoints_keep_original_OpenAI_discovery(endpoint: &quot;https://api.cloudflare.com/client/v4/accounts/8aea&quot;···)" computerName="5f26f397bc73" duration="00:00:00.0204614" startTime="2026-10-04T10:04:24.9745363+00:00" endTime="2026-10-04T10:04:25.0311417+00:00" testType="13cdc9d9-ddb5-4fa4-a97d-d965ccfc6d4b" outcome="Passed" testListId="8c84fa94-04c1-424b-9868-57a2d4851a1d" relativeResultsDirectory="d20b10ca-50a4-4124-b71a-3eb33d190439" />
  </Results>
  <TestDefinitions>
    <UnitTest name="Haven.Infrastructure.Tests.ProviderEndpointSecurityTests.Ollama_locality_uses_actual_transport_not_configuration_claim(endpoint: &quot;http://127.0.0.1.remote.example/&quot;, expected: False)" storage="/workspace/team-c/evidence/c5/workers-ai/owner-rebase/final/bin/debug/net10.0/c5.provider.tests.dll" id="beebc952-9273-ca67-4924-f88040e14e0e">
      <Execution id="6f5c0cad-1382-4c9d-a332-b68ed2cf595a" />
      <TestMethod codeBase="/workspace/team-c/evidence/c5/workers-ai/owner-rebase/final/bin/Debug/net10.0/C5.Provider.Tests.dll" adapterTypeName="executor://xunit/VsTestRunner3/netcore/" className="Haven.Infrastructure.Tests.ProviderEndpointSecurityTests" name="Ollama_locality_uses_actual_transport_not_configuration_claim" />
    </UnitTest>
    <UnitTest name="Haven.Infrastructure.Tests.ProviderEndpointSecurityTests.Ollama_locality_uses_actual_transport_not_configuration_claim(endpoint: &quot;http://[::1]:11434/&quot;, expected: True)" storage="/workspace/team-c/evidence/c5/workers-ai/owner-rebase/final/bin/debug/net10.0/c5.provider.tests.dll" id="3d1cc3f9-7fb7-a7e4-e0d4-61fa7f2e8f04">
      <Execution id="5114c8c9-2adc-4b89-8b3e-0684d2bf5ae8" />
      <TestMethod codeBase="/workspace/team-c/evidence/c5/workers-ai/owner-rebase/final/bin/Debug/net10.0/C5.Provider.Tests.dll" adapterTypeName="executor://xunit/VsTestRunner3/netcore/" className="Haven.Infrastructure.Tests.ProviderEndpointSecurityTests" name="Ollama_locality_uses_actual_transport_not_configuration_claim" />
    </UnitTest>
    <UnitTest name="Haven.Infrastructure.Tests.ProviderEndpointSecurityTests.Remote_or_invalid_insecure_endpoints_are_rejected_at_transport_boundary(endpoint: &quot;ftp://example.com/v1&quot;)" storage="/workspace/team-c/evidence/c5/workers-ai/owner-rebase/final/bin/debug/net10.0/c5.provider.tests.dll" id="ae4417ce-9f61-7140-3b91-afc7217e2f79">
      <Execution id="2650b167-3964-4ff5-950e-f908c6bfd04f" />
      <TestMethod codeBase="/workspace/team-c/evidence/c5/workers-ai/owner-rebase/final/bin/Debug/net10.0/C5.Provider.Tests.dll" adapterTypeName="executor://xunit/VsTestRunner3/netcore/" className="Haven.Infrastructure.Tests.ProviderEndpointSecurityTests" name="Remote_or_invalid_insecure_endpoints_are_rejected_at_transport_boundary" />
    </UnitTest>
    <UnitTest name="Haven.Infrastructure.Tests.CloudflareWorkersAiMetadataTests.Other_endpoints_keep_original_OpenAI_discovery(endpoint: &quot;https://api.cloudflare.com.evil.example/client/v4/&quot;···)" storage="/workspace/team-c/evidence/c5/workers-ai/owner-rebase/final/bin/debug/net10.0/c5.provider.tests.dll" id="44c8a429-005d-95bc-4033-fcd00dadbfb1">
      <Execution id="050f76d1-02b4-4ec9-9dc1-cfd7fb466414" />
      <TestMethod codeBase="/workspace/team-c/evidence/c5/workers-ai/owner-rebase/final/bin/Debug/net10.0/C5.Provider.Tests.dll" adapterTypeName="executor://xunit/VsTestRunner3/netcore/" className="Haven.Infrastructure.Tests.CloudflareWorkersAiMetadataTests" name="Other_endpoints_keep_original_OpenAI_discovery" />
    </UnitTest>
    <UnitTest name="Haven.Infrastructure.Tests.CloudflareWorkersAiMetadataTests.HTTP_denial_and_malformed_JSON_do_not_become_healthy" storage="/workspace/team-c/evidence/c5/workers-ai/owner-rebase/final/bin/debug/net10.0/c5.provider.tests.dll" id="48893136-9274-84f0-e5a7-ef31c3680fb1">
      <Execution id="c2ac4dd1-bce0-428f-9f0f-858579dea9c6" />
      <TestMethod codeBase="/workspace/team-c/evidence/c5/workers-ai/owner-rebase/final/bin/Debug/net10.0/C5.Provider.Tests.dll" adapterTypeName="executor://xunit/VsTestRunner3/netcore/" className="Haven.Infrastructure.Tests.CloudflareWorkersAiMetadataTests" name="HTTP_denial_and_malformed_JSON_do_not_become_healthy" />
    </UnitTest>
    <UnitTest name="Haven.Infrastructure.Tests.CloudflareWorkersAiMetadataTests.Unconfirmed_or_invalid_native_catalogue_is_not_healthy(body: &quot;{\&quot;data\&quot;:[]}&quot;)" storage="/workspace/team-c/evidence/c5/workers-ai/owner-rebase/final/bin/debug/net10.0/c5.provider.tests.dll" id="02a32fba-2895-b7c5-7af3-99f6f5d4cd76">
      <Execution id="e2c0a1a9-810e-4710-ba91-c004d86a01b9" />
      <TestMethod codeBase="/workspace/team-c/evidence/c5/workers-ai/owner-rebase/final/bin/Debug/net10.0/C5.Provider.Tests.dll" adapterTypeName="executor://xunit/VsTestRunner3/netcore/" className="Haven.Infrastructure.Tests.CloudflareWorkersAiMetadataTests" name="Unconfirmed_or_invalid_native_catalogue_is_not_healthy" />
    </UnitTest>
    <UnitTest name="Haven.Infrastructure.Tests.CloudflareWorkersAiMetadataTests.Unconfirmed_or_invalid_native_catalogue_is_not_healthy(body: &quot;{\&quot;success\&quot;:true,\&quot;result\&quot;:{}}&quot;)" storage="/workspace/team-c/evidence/c5/workers-ai/owner-rebase/final/bin/debug/net10.0/c5.provider.tests.dll" id="7962d873-64eb-a031-1bf7-eab7eb6345ca">
      <Execution id="52098c55-02cf-4898-8c3f-fcfadccd7f3f" />
      <TestMethod codeBase="/workspace/team-c/evidence/c5/workers-ai/owner-rebase/final/bin/Debug/net10.0/C5.Provider.Tests.dll" adapterTypeName="executor://xunit/VsTestRunner3/netcore/" className="Haven.Infrastructure.Tests.CloudflareWorkersAiMetadataTests" name="Unconfirmed_or_invalid_native_catalogue_is_not_healthy" />
    </UnitTest>
    <UnitTest name="Haven.Infrastructure.Tests.CloudflareWorkersAiMetadataTests.Actual_catalogue_preserves_provider_model_identity_and_context_without_granting_capabilities" storage="/workspace/team-c/evidence/c5/workers-ai/owner-rebase/final/bin/debug/net10.0/c5.provider.tests.dll" id="42b8d80c-8e3c-aeb0-fddc-e6cff6b77587">
      <Execution id="80211284-1223-4195-9c03-c761f256b249" />
      <TestMethod codeBase="/workspace/team-c/evidence/c5/workers-ai/owner-rebase/final/bin/Debug/net10.0/C5.Provider.Tests.dll" adapterTypeName="executor://xunit/VsTestRunner3/netcore/" className="Haven.Infrastructure.Tests.CloudflareWorkersAiMetadataTests" name="Actual_catalogue_preserves_provider_model_identity_and_context_without_granting_capabilities" />
    </UnitTest>
    <UnitTest name="Haven.Infrastructure.Tests.CloudflareWorkersAiMetadataTests.Other_endpoints_keep_original_OpenAI_discovery(endpoint: &quot;https://api.cloudflare.com/client/v4/accounts/8aea&quot;···)" storage="/workspace/team-c/evidence/c5/workers-ai/owner-rebase/final/bin/debug/net10.0/c5.provider.tests.dll" id="325a18d0-e2ea-67da-318c-4d6ceb8fa290">
      <Execution id="ddc40b54-ebad-4554-875b-9b5764a74991" />
      <TestMethod codeBase="/workspace/team-c/evidence/c5/workers-ai/owner-rebase/final/bin/Debug/net10.0/C5.Provider.Tests.dll" adapterTypeName="executor://xunit/VsTestRunner3/netcore/" className="Haven.Infrastructure.Tests.CloudflareWorkersAiMetadataTests" name="Other_endpoints_keep_original_OpenAI_discovery" />
    </UnitTest>
    <UnitTest name="Haven.Infrastructure.Tests.CloudflareWorkersAiMetadataTests.Unconfirmed_or_invalid_native_catalogue_is_not_healthy(body: &quot;{\&quot;success\&quot;:false,\&quot;result\&quot;:[]}&quot;)" storage="/workspace/team-c/evidence/c5/workers-ai/owner-rebase/final/bin/debug/net10.0/c5.provider.tests.dll" id="c89c5d16-b186-c9b7-5626-d69fb17bbf00">
      <Execution id="e6b0fbca-a209-4362-b37f-0639ecc1544f" />
      <TestMethod codeBase="/workspace/team-c/evidence/c5/workers-ai/owner-rebase/final/bin/Debug/net10.0/C5.Provider.Tests.dll" adapterTypeName="executor://xunit/VsTestRunner3/netcore/" className="Haven.Infrastructure.Tests.CloudflareWorkersAiMetadataTests" name="Unconfirmed_or_invalid_native_catalogue_is_not_healthy" />
    </UnitTest>
    <UnitTest name="Haven.Infrastructure.Tests.ProviderEndpointSecurityTests.Ollama_locality_uses_actual_transport_not_configuration_claim(endpoint: &quot;https://remote.example/&quot;, expected: False)" storage="/workspace/team-c/evidence/c5/workers-ai/owner-rebase/final/bin/debug/net10.0/c5.provider.tests.dll" id="41acd1ca-e662-3956-5fe2-ccbeb6074361">
      <Execution id="9b14b9a8-feac-41e6-b85b-21185d1f631c" />
      <TestMethod codeBase="/workspace/team-c/evidence/c5/workers-ai/owner-rebase/final/bin/Debug/net10.0/C5.Provider.Tests.dll" adapterTypeName="executor://xunit/VsTestRunner3/netcore/" className="Haven.Infrastructure.Tests.ProviderEndpointSecurityTests" name="Ollama_locality_uses_actual_transport_not_configuration_claim" />
    </UnitTest>
    <UnitTest name="Haven.Infrastructure.Tests.ProviderEndpointSecurityTests.Loopback_http_and_remote_https_are_allowed(endpoint: &quot;https://example.com/v1&quot;)" storage="/workspace/team-c/evidence/c5/workers-ai/owner-rebase/final/bin/debug/net10.0/c5.provider.tests.dll" id="119be01a-db36-5a44-00f1-a176f0e5e0ce">
      <Execution id="d761360e-e86c-422d-ac59-3bac23fdb420" />
      <TestMethod codeBase="/workspace/team-c/evidence/c5/workers-ai/owner-rebase/final/bin/Debug/net10.0/C5.Provider.Tests.dll" adapterTypeName="executor://xunit/VsTestRunner3/netcore/" className="Haven.Infrastructure.Tests.ProviderEndpointSecurityTests" name="Loopback_http_and_remote_https_are_allowed" />
    </UnitTest>
    <UnitTest name="Haven.Infrastructure.Tests.CloudflareWorkersAiMetadataTests.Cancellation_and_disabled_configuration_prevent_transport" storage="/workspace/team-c/evidence/c5/workers-ai/owner-rebase/final/bin/debug/net10.0/c5.provider.tests.dll" id="871e9313-e696-d179-439d-907b9ab7795c">
      <Execution id="03bd7e26-7996-450e-910e-b64adf62d852" />
      <TestMethod codeBase="/workspace/team-c/evidence/c5/workers-ai/owner-rebase/final/bin/Debug/net10.0/C5.Provider.Tests.dll" adapterTypeName="executor://xunit/VsTestRunner3/netcore/" className="Haven.Infrastructure.Tests.CloudflareWorkersAiMetadataTests" name="Cancellation_and_disabled_configuration_prevent_transport" />
    </UnitTest>
    <UnitTest name="Haven.Infrastructure.Tests.ProviderEndpointSecurityTests.Remote_or_invalid_insecure_endpoints_are_rejected_at_transport_boundary(endpoint: &quot;http://example.com/v1&quot;)" storage="/workspace/team-c/evidence/c5/workers-ai/owner-rebase/final/bin/debug/net10.0/c5.provider.tests.dll" id="584eb04e-0054-c5d6-2d57-0919ff92ccb5">
      <Execution id="28e2ab6b-a41c-4790-8af5-c9e7df1ead42" />
      <TestMethod codeBase="/workspace/team-c/evidence/c5/workers-ai/owner-rebase/final/bin/Debug/net10.0/C5.Provider.Tests.dll" adapterTypeName="executor://xunit/VsTestRunner3/netcore/" className="Haven.Infrastructure.Tests.ProviderEndpointSecurityTests" name="Remote_or_invalid_insecure_endpoints_are_rejected_at_transport_boundary" />
    </UnitTest>
    <UnitTest name="Haven.Infrastructure.Tests.CloudflareWorkersAiMetadataTests.Other_endpoints_keep_original_OpenAI_discovery(endpoint: &quot;https://api.cloudflare.com/client/v4/accounts/8aea&quot;···)" storage="/workspace/team-c/evidence/c5/workers-ai/owner-rebase/final/bin/debug/net10.0/c5.provider.tests.dll" id="1b9d3524-04e7-a869-3e17-42cfeed734df">
      <Execution id="d20b10ca-50a4-4124-b71a-3eb33d190439" />
      <TestMethod codeBase="/workspace/team-c/evidence/c5/workers-ai/owner-rebase/final/bin/Debug/net10.0/C5.Provider.Tests.dll" adapterTypeName="executor://xunit/VsTestRunner3/netcore/" className="Haven.Infrastructure.Tests.CloudflareWorkersAiMetadataTests" name="Other_endpoints_keep_original_OpenAI_discovery" />
    </UnitTest>
    <UnitTest name="Haven.Infrastructure.Tests.CloudflareWorkersAiMetadataTests.Repeated_full_pages_refuse_partial_catalogue_at_bound" storage="/workspace/team-c/evidence/c5/workers-ai/owner-rebase/final/bin/debug/net10.0/c5.provider.tests.dll" id="def9a8d4-a7ab-d01e-b2c0-4baed7f3f1bb">
      <Execution id="b02e5d8b-fb4e-456d-9bae-04a3c6c16e9a" />
      <TestMethod codeBase="/workspace/team-c/evidence/c5/workers-ai/owner-rebase/final/bin/Debug/net10.0/C5.Provider.Tests.dll" adapterTypeName="executor://xunit/VsTestRunner3/netcore/" className="Haven.Infrastructure.Tests.CloudflareWorkersAiMetadataTests" name="Repeated_full_pages_refuse_partial_catalogue_at_bound" />
    </UnitTest>
    <UnitTest name="Haven.Infrastructure.Tests.CloudflareWorkersAiMetadataTests.Oversized_provider_page_refuses_catalogue_and_health_without_followup_requests" storage="/workspace/team-c/evidence/c5/workers-ai/owner-rebase/final/bin/debug/net10.0/c5.provider.tests.dll" id="1521dd45-8f80-2e78-e33a-6888a9fbf4ec">
      <Execution id="2e4b29c8-4e85-4cfb-ba4c-da5b72cfd311" />
      <TestMethod codeBase="/workspace/team-c/evidence/c5/workers-ai/owner-rebase/final/bin/Debug/net10.0/C5.Provider.Tests.dll" adapterTypeName="executor://xunit/VsTestRunner3/netcore/" className="Haven.Infrastructure.Tests.CloudflareWorkersAiMetadataTests" name="Oversized_provider_page_refuses_catalogue_and_health_without_followup_requests" />
    </UnitTest>
    <UnitTest name="Haven.Infrastructure.Tests.CloudflareWorkersAiMetadataTests.Actual_catalogue_health_is_read_only_metadata_not_inference" storage="/workspace/team-c/evidence/c5/workers-ai/owner-rebase/final/bin/debug/net10.0/c5.provider.tests.dll" id="ec36f226-e99f-aa54-43c0-c305bf32cf33">
      <Execution id="b0765221-9763-4b30-bd5e-5196c674c534" />
      <TestMethod codeBase="/workspace/team-c/evidence/c5/workers-ai/owner-rebase/final/bin/Debug/net10.0/C5.Provider.Tests.dll" adapterTypeName="executor://xunit/VsTestRunner3/netcore/" className="Haven.Infrastructure.Tests.CloudflareWorkersAiMetadataTests" name="Actual_catalogue_health_is_read_only_metadata_not_inference" />
    </UnitTest>
    <UnitTest name="Haven.Infrastructure.Tests.ProviderEndpointSecurityTests.Loopback_http_and_remote_https_are_allowed(endpoint: &quot;http://127.0.0.1:11434/v1&quot;)" storage="/workspace/team-c/evidence/c5/workers-ai/owner-rebase/final/bin/debug/net10.0/c5.provider.tests.dll" id="b80bbb0b-80f0-a35b-e08b-8ac4f88c3229">
      <Execution id="049d1fde-8443-4cf9-87cb-1cca006e092a" />
      <TestMethod codeBase="/workspace/team-c/evidence/c5/workers-ai/owner-rebase/final/bin/Debug/net10.0/C5.Provider.Tests.dll" adapterTypeName="executor://xunit/VsTestRunner3/netcore/" className="Haven.Infrastructure.Tests.ProviderEndpointSecurityTests" name="Loopback_http_and_remote_https_are_allowed" />
    </UnitTest>
    <UnitTest name="Haven.Infrastructure.Tests.CloudflareWorkersAiMetadataTests.Other_endpoints_keep_original_OpenAI_discovery(endpoint: &quot;https://api.cloudflare.com:8443/client/v4/accounts&quot;···)" storage="/workspace/team-c/evidence/c5/workers-ai/owner-rebase/final/bin/debug/net10.0/c5.provider.tests.dll" id="6b700072-ac71-296d-2bfa-7b625b235ba3">
      <Execution id="4c828d5f-e7ff-4e44-a537-e3ae61bfd392" />
      <TestMethod codeBase="/workspace/team-c/evidence/c5/workers-ai/owner-rebase/final/bin/Debug/net10.0/C5.Provider.Tests.dll" adapterTypeName="executor://xunit/VsTestRunner3/netcore/" className="Haven.Infrastructure.Tests.CloudflareWorkersAiMetadataTests" name="Other_endpoints_keep_original_OpenAI_discovery" />
    </UnitTest>
    <UnitTest name="Haven.Infrastructure.Tests.ProviderEndpointSecurityTests.Ollama_locality_uses_actual_transport_not_configuration_claim(endpoint: &quot;ftp://localhost/&quot;, expected: False)" storage="/workspace/team-c/evidence/c5/workers-ai/owner-rebase/final/bin/debug/net10.0/c5.provider.tests.dll" id="81df337f-2271-2c74-ba81-84fc84ff666b">
      <Execution id="ec90a92f-aeb0-4b54-907c-c6c884b6cbbf" />
      <TestMethod codeBase="/workspace/team-c/evidence/c5/workers-ai/owner-rebase/final/bin/Debug/net10.0/C5.Provider.Tests.dll" adapterTypeName="executor://xunit/VsTestRunner3/netcore/" className="Haven.Infrastructure.Tests.ProviderEndpointSecurityTests" name="Ollama_locality_uses_actual_transport_not_configuration_claim" />
    </UnitTest>
    <UnitTest name="Haven.Infrastructure.Tests.ProviderEndpointSecurityTests.Ollama_locality_uses_actual_transport_not_configuration_claim(endpoint: &quot;http://user@localhost/&quot;, expected: False)" storage="/workspace/team-c/evidence/c5/workers-ai/owner-rebase/final/bin/debug/net10.0/c5.provider.tests.dll" id="1990db82-daec-2b58-de85-9b6dc2459ada">
      <Execution id="51e56905-7588-4aee-a668-8d089ccbb1ed" />
      <TestMethod codeBase="/workspace/team-c/evidence/c5/workers-ai/owner-rebase/final/bin/Debug/net10.0/C5.Provider.Tests.dll" adapterTypeName="executor://xunit/VsTestRunner3/netcore/" className="Haven.Infrastructure.Tests.ProviderEndpointSecurityTests" name="Ollama_locality_uses_actual_transport_not_configuration_claim" />
    </UnitTest>
    <UnitTest name="Haven.Infrastructure.Tests.ProviderEndpointSecurityTests.Loopback_http_and_remote_https_are_allowed(endpoint: &quot;http://localhost:11434/v1&quot;)" storage="/workspace/team-c/evidence/c5/workers-ai/owner-rebase/final/bin/debug/net10.0/c5.provider.tests.dll" id="d5edf3e7-d242-662e-7c34-2c03806f11d3">
      <Execution id="9b1634df-3a39-4c30-a40e-2e547af8a33d" />
      <TestMethod codeBase="/workspace/team-c/evidence/c5/workers-ai/owner-rebase/final/bin/Debug/net10.0/C5.Provider.Tests.dll" adapterTypeName="executor://xunit/VsTestRunner3/netcore/" className="Haven.Infrastructure.Tests.ProviderEndpointSecurityTests" name="Loopback_http_and_remote_https_are_allowed" />
    </UnitTest>
    <UnitTest name="Haven.Infrastructure.Tests.CloudflareWorkersAiMetadataTests.Pagination_uses_actual_page_length_and_deduplicates_stable_names" storage="/workspace/team-c/evidence/c5/workers-ai/owner-rebase/final/bin/debug/net10.0/c5.provider.tests.dll" id="73ade372-1117-3ef5-e509-bd3ceed6e123">
      <Execution id="315da57c-0edf-4fff-ab50-1e3f26923910" />
      <TestMethod codeBase="/workspace/team-c/evidence/c5/workers-ai/owner-rebase/final/bin/Debug/net10.0/C5.Provider.Tests.dll" adapterTypeName="executor://xunit/VsTestRunner3/netcore/" className="Haven.Infrastructure.Tests.CloudflareWorkersAiMetadataTests" name="Pagination_uses_actual_page_length_and_deduplicates_stable_names" />
    </UnitTest>
    <UnitTest name="Haven.Infrastructure.Tests.CloudflareWorkersAiMetadataTests.Other_endpoints_keep_original_OpenAI_discovery(endpoint: &quot;https://example.com/client/v4/accounts/8aea00ca3c4&quot;···)" storage="/workspace/team-c/evidence/c5/workers-ai/owner-rebase/final/bin/debug/net10.0/c5.provider.tests.dll" id="897e301e-6e2e-b7b9-9dfe-b5a4310171cc">
      <Execution id="73262a29-6c9e-49cc-a61a-2d721ac4cea7" />
      <TestMethod codeBase="/workspace/team-c/evidence/c5/workers-ai/owner-rebase/final/bin/Debug/net10.0/C5.Provider.Tests.dll" adapterTypeName="executor://xunit/VsTestRunner3/netcore/" className="Haven.Infrastructure.Tests.CloudflareWorkersAiMetadataTests" name="Other_endpoints_keep_original_OpenAI_discovery" />
    </UnitTest>
    <UnitTest name="Haven.Infrastructure.Tests.ProviderEndpointSecurityTests.Ollama_locality_uses_actual_transport_not_configuration_claim(endpoint: &quot;http://127.0.0.1:11434/&quot;, expected: True)" storage="/workspace/team-c/evidence/c5/workers-ai/owner-rebase/final/bin/debug/net10.0/c5.provider.tests.dll" id="bcd2b854-712e-aa73-f161-10b6646b1b6b">
      <Execution id="f4c67ddb-9c6b-4df8-9093-dc1f1a5e82be" />
      <TestMethod codeBase="/workspace/team-c/evidence/c5/workers-ai/owner-rebase/final/bin/Debug/net10.0/C5.Provider.Tests.dll" adapterTypeName="executor://xunit/VsTestRunner3/netcore/" className="Haven.Infrastructure.Tests.ProviderEndpointSecurityTests" name="Ollama_locality_uses_actual_transport_not_configuration_claim" />
    </UnitTest>
    <UnitTest name="Haven.Infrastructure.Tests.CloudflareWorkersAiMetadataTests.Unconfirmed_or_invalid_native_catalogue_is_not_healthy(body: &quot;{\&quot;success\&quot;:true,\&quot;result\&quot;:[{\&quot;id\&quot;:\&quot;wrong-iden&quot;···)" storage="/workspace/team-c/evidence/c5/workers-ai/owner-rebase/final/bin/debug/net10.0/c5.provider.tests.dll" id="f90ba24b-f841-7eeb-abe1-c3d22cab78bf">
      <Execution id="878e8ba9-6002-405a-869b-cf94c16a9854" />
      <TestMethod codeBase="/workspace/team-c/evidence/c5/workers-ai/owner-rebase/final/bin/Debug/net10.0/C5.Provider.Tests.dll" adapterTypeName="executor://xunit/VsTestRunner3/netcore/" className="Haven.Infrastructure.Tests.CloudflareWorkersAiMetadataTests" name="Unconfirmed_or_invalid_native_catalogue_is_not_healthy" />
    </UnitTest>
    <UnitTest name="Haven.Infrastructure.Tests.CloudflareWorkersAiMetadataTests.Unknown_context_is_not_fabricated_and_price_does_not_grant_routing_capabilities" storage="/workspace/team-c/evidence/c5/workers-ai/owner-rebase/final/bin/debug/net10.0/c5.provider.tests.dll" id="4bf5262e-2689-e91e-7748-8c69789a0980">
      <Execution id="78d24702-5189-45d7-9251-090809383c91" />
      <TestMethod codeBase="/workspace/team-c/evidence/c5/workers-ai/owner-rebase/final/bin/Debug/net10.0/C5.Provider.Tests.dll" adapterTypeName="executor://xunit/VsTestRunner3/netcore/" className="Haven.Infrastructure.Tests.CloudflareWorkersAiMetadataTests" name="Unknown_context_is_not_fabricated_and_price_does_not_grant_routing_capabilities" />
    </UnitTest>
    <UnitTest name="Haven.Infrastructure.Tests.CloudflareWorkersAiMetadataTests.Other_endpoints_keep_original_OpenAI_discovery(endpoint: &quot;https://api.cloudflare.com/client/v4/accounts/not-&quot;···)" storage="/workspace/team-c/evidence/c5/workers-ai/owner-rebase/final/bin/debug/net10.0/c5.provider.tests.dll" id="b3dfa174-7996-44a3-067a-8147544e66d0">
      <Execution id="3cc1c722-4722-4a06-a9bd-5079d6415573" />
      <TestMethod codeBase="/workspace/team-c/evidence/c5/workers-ai/owner-rebase/final/bin/Debug/net10.0/C5.Provider.Tests.dll" adapterTypeName="executor://xunit/VsTestRunner3/netcore/" className="Haven.Infrastructure.Tests.CloudflareWorkersAiMetadataTests" name="Other_endpoints_keep_original_OpenAI_discovery" />
    </UnitTest>
    <UnitTest name="Haven.Infrastructure.Tests.ProviderEndpointSecurityTests.Remote_or_invalid_insecure_endpoints_are_rejected_at_transport_boundary(endpoint: &quot;relative/path&quot;)" storage="/workspace/team-c/evidence/c5/workers-ai/owner-rebase/final/bin/debug/net10.0/c5.provider.tests.dll" id="1030a14a-f807-e6d9-d86c-8f0c567132ba">
      <Execution id="12e4e0fc-5531-436c-8adf-2782911b5bd9" />
      <TestMethod codeBase="/workspace/team-c/evidence/c5/workers-ai/owner-rebase/final/bin/Debug/net10.0/C5.Provider.Tests.dll" adapterTypeName="executor://xunit/VsTestRunner3/netcore/" className="Haven.Infrastructure.Tests.ProviderEndpointSecurityTests" name="Remote_or_invalid_insecure_endpoints_are_rejected_at_transport_boundary" />
    </UnitTest>
    <UnitTest name="Haven.Infrastructure.Tests.ProviderEndpointSecurityTests.Ollama_locality_uses_actual_transport_not_configuration_claim(endpoint: &quot;http://localhost:11434/&quot;, expected: True)" storage="/workspace/team-c/evidence/c5/workers-ai/owner-rebase/final/bin/debug/net10.0/c5.provider.tests.dll" id="932000e3-b6a5-f3fb-3cb6-3c3f5f770aab">
      <Execution id="00d6edcf-e4aa-4398-9dc4-abf134e8976d" />
      <TestMethod codeBase="/workspace/team-c/evidence/c5/workers-ai/owner-rebase/final/bin/Debug/net10.0/C5.Provider.Tests.dll" adapterTypeName="executor://xunit/VsTestRunner3/netcore/" className="Haven.Infrastructure.Tests.ProviderEndpointSecurityTests" name="Ollama_locality_uses_actual_transport_not_configuration_claim" />
    </UnitTest>
  </TestDefinitions>
  <TestEntries>
    <TestEntry testId="73ade372-1117-3ef5-e509-bd3ceed6e123" executionId="315da57c-0edf-4fff-ab50-1e3f26923910" testListId="8c84fa94-04c1-424b-9868-57a2d4851a1d" />
    <TestEntry testId="d5edf3e7-d242-662e-7c34-2c03806f11d3" executionId="9b1634df-3a39-4c30-a40e-2e547af8a33d" testListId="8c84fa94-04c1-424b-9868-57a2d4851a1d" />
    <TestEntry testId="4bf5262e-2689-e91e-7748-8c69789a0980" executionId="78d24702-5189-45d7-9251-090809383c91" testListId="8c84fa94-04c1-424b-9868-57a2d4851a1d" />
    <TestEntry testId="584eb04e-0054-c5d6-2d57-0919ff92ccb5" executionId="28e2ab6b-a41c-4790-8af5-c9e7df1ead42" testListId="8c84fa94-04c1-424b-9868-57a2d4851a1d" />
    <TestEntry testId="ae4417ce-9f61-7140-3b91-afc7217e2f79" executionId="2650b167-3964-4ff5-950e-f908c6bfd04f" testListId="8c84fa94-04c1-424b-9868-57a2d4851a1d" />
    <TestEntry testId="44c8a429-005d-95bc-4033-fcd00dadbfb1" executionId="050f76d1-02b4-4ec9-9dc1-cfd7fb466414" testListId="8c84fa94-04c1-424b-9868-57a2d4851a1d" />
    <TestEntry testId="3d1cc3f9-7fb7-a7e4-e0d4-61fa7f2e8f04" executionId="5114c8c9-2adc-4b89-8b3e-0684d2bf5ae8" testListId="8c84fa94-04c1-424b-9868-57a2d4851a1d" />
    <TestEntry testId="897e301e-6e2e-b7b9-9dfe-b5a4310171cc" executionId="73262a29-6c9e-49cc-a61a-2d721ac4cea7" testListId="8c84fa94-04c1-424b-9868-57a2d4851a1d" />
    <TestEntry testId="871e9313-e696-d179-439d-907b9ab7795c" executionId="03bd7e26-7996-450e-910e-b64adf62d852" testListId="8c84fa94-04c1-424b-9868-57a2d4851a1d" />
    <TestEntry testId="02a32fba-2895-b7c5-7af3-99f6f5d4cd76" executionId="e2c0a1a9-810e-4710-ba91-c004d86a01b9" testListId="8c84fa94-04c1-424b-9868-57a2d4851a1d" />
    <TestEntry testId="41acd1ca-e662-3956-5fe2-ccbeb6074361" executionId="9b14b9a8-feac-41e6-b85b-21185d1f631c" testListId="8c84fa94-04c1-424b-9868-57a2d4851a1d" />
    <TestEntry testId="6b700072-ac71-296d-2bfa-7b625b235ba3" executionId="4c828d5f-e7ff-4e44-a537-e3ae61bfd392" testListId="8c84fa94-04c1-424b-9868-57a2d4851a1d" />
    <TestEntry testId="b3dfa174-7996-44a3-067a-8147544e66d0" executionId="3cc1c722-4722-4a06-a9bd-5079d6415573" testListId="8c84fa94-04c1-424b-9868-57a2d4851a1d" />
    <TestEntry testId="7962d873-64eb-a031-1bf7-eab7eb6345ca" executionId="52098c55-02cf-4898-8c3f-fcfadccd7f3f" testListId="8c84fa94-04c1-424b-9868-57a2d4851a1d" />
    <TestEntry testId="ec36f226-e99f-aa54-43c0-c305bf32cf33" executionId="b0765221-9763-4b30-bd5e-5196c674c534" testListId="8c84fa94-04c1-424b-9868-57a2d4851a1d" />
    <TestEntry testId="48893136-9274-84f0-e5a7-ef31c3680fb1" executionId="c2ac4dd1-bce0-428f-9f0f-858579dea9c6" testListId="8c84fa94-04c1-424b-9868-57a2d4851a1d" />
    <TestEntry testId="1030a14a-f807-e6d9-d86c-8f0c567132ba" executionId="12e4e0fc-5531-436c-8adf-2782911b5bd9" testListId="8c84fa94-04c1-424b-9868-57a2d4851a1d" />
    <TestEntry testId="42b8d80c-8e3c-aeb0-fddc-e6cff6b77587" executionId="80211284-1223-4195-9c03-c761f256b249" testListId="8c84fa94-04c1-424b-9868-57a2d4851a1d" />
    <TestEntry testId="1521dd45-8f80-2e78-e33a-6888a9fbf4ec" executionId="2e4b29c8-4e85-4cfb-ba4c-da5b72cfd311" testListId="8c84fa94-04c1-424b-9868-57a2d4851a1d" />
    <TestEntry testId="1990db82-daec-2b58-de85-9b6dc2459ada" executionId="51e56905-7588-4aee-a668-8d089ccbb1ed" testListId="8c84fa94-04c1-424b-9868-57a2d4851a1d" />
    <TestEntry testId="c89c5d16-b186-c9b7-5626-d69fb17bbf00" executionId="e6b0fbca-a209-4362-b37f-0639ecc1544f" testListId="8c84fa94-04c1-424b-9868-57a2d4851a1d" />
    <TestEntry testId="932000e3-b6a5-f3fb-3cb6-3c3f5f770aab" executionId="00d6edcf-e4aa-4398-9dc4-abf134e8976d" testListId="8c84fa94-04c1-424b-9868-57a2d4851a1d" />
    <TestEntry testId="beebc952-9273-ca67-4924-f88040e14e0e" executionId="6f5c0cad-1382-4c9d-a332-b68ed2cf595a" testListId="8c84fa94-04c1-424b-9868-57a2d4851a1d" />
    <TestEntry testId="def9a8d4-a7ab-d01e-b2c0-4baed7f3f1bb" executionId="b02e5d8b-fb4e-456d-9bae-04a3c6c16e9a" testListId="8c84fa94-04c1-424b-9868-57a2d4851a1d" />
    <TestEntry testId="325a18d0-e2ea-67da-318c-4d6ceb8fa290" executionId="ddc40b54-ebad-4554-875b-9b5764a74991" testListId="8c84fa94-04c1-424b-9868-57a2d4851a1d" />
    <TestEntry testId="bcd2b854-712e-aa73-f161-10b6646b1b6b" executionId="f4c67ddb-9c6b-4df8-9093-dc1f1a5e82be" testListId="8c84fa94-04c1-424b-9868-57a2d4851a1d" />
    <TestEntry testId="b80bbb0b-80f0-a35b-e08b-8ac4f88c3229" executionId="049d1fde-8443-4cf9-87cb-1cca006e092a" testListId="8c84fa94-04c1-424b-9868-57a2d4851a1d" />
    <TestEntry testId="119be01a-db36-5a44-00f1-a176f0e5e0ce" executionId="d761360e-e86c-422d-ac59-3bac23fdb420" testListId="8c84fa94-04c1-424b-9868-57a2d4851a1d" />
    <TestEntry testId="81df337f-2271-2c74-ba81-84fc84ff666b" executionId="ec90a92f-aeb0-4b54-907c-c6c884b6cbbf" testListId="8c84fa94-04c1-424b-9868-57a2d4851a1d" />
    <TestEntry testId="f90ba24b-f841-7eeb-abe1-c3d22cab78bf" executionId="878e8ba9-6002-405a-869b-cf94c16a9854" testListId="8c84fa94-04c1-424b-9868-57a2d4851a1d" />
    <TestEntry testId="1b9d3524-04e7-a869-3e17-42cfeed734df" executionId="d20b10ca-50a4-4124-b71a-3eb33d190439" testListId="8c84fa94-04c1-424b-9868-57a2d4851a1d" />
  </TestEntries>
  <TestLists>
    <TestList name="Results Not in a List" id="8c84fa94-04c1-424b-9868-57a2d4851a1d" />
    <TestList name="All Loaded Results" id="19431567-8539-422a-85d7-44ee4e166bda" />
  </TestLists>
  <ResultSummary outcome="Completed">
    <Counters total="31" executed="31" passed="31" failed="0" error="0" timeout="0" aborted="0" inconclusive="0" passedButRunAborted="0" notRunnable="0" notExecuted="0" disconnected="0" warning="0" completed="0" inProgress="0" pending="0" />
    <Output>
      <StdOut>[xUnit.net 00:00:00.00] xUnit.net VSTest Adapter v3.1.5+1b188a7b0a (64-bit .NET 10.0.12)
[xUnit.net 00:00:00.08]   Discovering: C5.Provider.Tests
[xUnit.net 00:00:00.14]   Discovered:  C5.Provider.Tests
[xUnit.net 00:00:00.17]   Starting:    C5.Provider.Tests
[xUnit.net 00:00:00.27]   Finished:    C5.Provider.Tests
</StdOut>
    </Output>
  </ResultSummary>
</TestRun>